Command line invocation:
    /Applications/Xcode.app/Contents/Developer/usr/bin/xcodebuild -project Gym_API.xcodeproj -scheme Gym_API -destination id=E25999F3-8778-44D8-81DA-0A6E2A0BBA39 clean build

Resolve Package Graph


Resolved source packages:
  OneSignalFramework: https://github.com/OneSignal/OneSignal-iOS-SDK @ 5.2.14
  JWTDecode: https://github.com/auth0/JWTDecode.swift @ 3.3.0
  StreamChat: https://github.com/GetStream/stream-chat-swift @ 4.84.0
  Auth0: https://github.com/auth0/Auth0.swift @ 2.13.0
  SimpleKeychain: https://github.com/auth0/SimpleKeychain.git @ 1.3.0

--- xcodebuild: WARNING: Using the first of multiple matching destinations:
{ platform:iOS Simulator, arch:arm64, id:E25999F3-8778-44D8-81DA-0A6E2A0BBA39, OS:17.0.1, name:iPhone 15 Pro }
{ platform:iOS Simulator, arch:x86_64, id:E25999F3-8778-44D8-81DA-0A6E2A0BBA39, OS:17.0.1, name:iPhone 15 Pro }
ComputePackagePrebuildTargetDependencyGraph

CreateBuildRequest

SendProjectDescription

CreateBuildOperation

** CLEAN SUCCEEDED **

--- xcodebuild: WARNING: Using the first of multiple matching destinations:
{ platform:iOS Simulator, arch:arm64, id:E25999F3-8778-44D8-81DA-0A6E2A0BBA39, OS:17.0.1, name:iPhone 15 Pro }
{ platform:iOS Simulator, arch:x86_64, id:E25999F3-8778-44D8-81DA-0A6E2A0BBA39, OS:17.0.1, name:iPhone 15 Pro }
ComputePackagePrebuildTargetDependencyGraph

Prepare packages

CreateBuildRequest

SendProjectDescription

CreateBuildOperation

ComputeTargetDependencyGraph
note: Building targets in dependency order
note: Target dependency graph (16 targets)
    Target 'Gym_API' in project 'Gym_API'
        ➜ Explicit dependency on target 'StreamChat' in project 'StreamChat'
        ➜ Explicit dependency on target 'JWTDecode' in project 'JWTDecode'
        ➜ Explicit dependency on target 'StreamChatUI' in project 'StreamChat'
        ➜ Explicit dependency on target 'Auth0' in project 'Auth0'
        ➜ Explicit dependency on target 'OneSignalFramework' in project 'OneSignalFramework'
    Target 'OneSignalFramework' in project 'OneSignalFramework'
        ➜ Explicit dependency on target 'OneSignalFrameworkWrapper' in project 'OneSignalFramework'
    Target 'OneSignalFrameworkWrapper' in project 'OneSignalFramework' (no dependencies)
    Target 'Auth0' in project 'Auth0'
        ➜ Explicit dependency on target 'Auth0' in project 'Auth0'
        ➜ Explicit dependency on target 'Auth0_Auth0' in project 'Auth0'
        ➜ Explicit dependency on target 'SimpleKeychain' in project 'SimpleKeychain'
        ➜ Explicit dependency on target 'JWTDecode' in project 'JWTDecode'
    Target 'Auth0' in project 'Auth0'
        ➜ Explicit dependency on target 'Auth0_Auth0' in project 'Auth0'
        ➜ Explicit dependency on target 'SimpleKeychain' in project 'SimpleKeychain'
        ➜ Explicit dependency on target 'JWTDecode' in project 'JWTDecode'
    Target 'SimpleKeychain' in project 'SimpleKeychain'
        ➜ Explicit dependency on target 'SimpleKeychain' in project 'SimpleKeychain'
    Target 'SimpleKeychain' in project 'SimpleKeychain' (no dependencies)
    Target 'Auth0_Auth0' in project 'Auth0' (no dependencies)
    Target 'StreamChatUI' in project 'StreamChat'
        ➜ Explicit dependency on target 'StreamChatUI' in project 'StreamChat'
        ➜ Explicit dependency on target 'StreamChat_StreamChatUI' in project 'StreamChat'
        ➜ Explicit dependency on target 'StreamChat' in project 'StreamChat'
    Target 'StreamChatUI' in project 'StreamChat'
        ➜ Explicit dependency on target 'StreamChat_StreamChatUI' in project 'StreamChat'
        ➜ Explicit dependency on target 'StreamChat' in project 'StreamChat'
    Target 'StreamChat_StreamChatUI' in project 'StreamChat' (no dependencies)
    Target 'JWTDecode' in project 'JWTDecode'
        ➜ Explicit dependency on target 'JWTDecode' in project 'JWTDecode'
    Target 'JWTDecode' in project 'JWTDecode' (no dependencies)
    Target 'StreamChat' in project 'StreamChat'
        ➜ Explicit dependency on target 'StreamChat' in project 'StreamChat'
        ➜ Explicit dependency on target 'StreamChat_StreamChat' in project 'StreamChat'
    Target 'StreamChat' in project 'StreamChat'
        ➜ Explicit dependency on target 'StreamChat_StreamChat' in project 'StreamChat'
    Target 'StreamChat_StreamChat' in project 'StreamChat' (no dependencies)

GatherProvisioningInputs

CreateBuildDescription

ExecuteExternalTool /Applications/Xcode.app/Contents/Developer/Toolchains/XcodeDefault.xctoolchain/usr/bin/swiftc --version

ExecuteExternalTool /Applications/Xcode.app/Contents/Developer/usr/bin/actool --version --output-format xml1

ExecuteExternalTool /Applications/Xcode.app/Contents/Developer/Toolchains/XcodeDefault.xctoolchain/usr/bin/clang -v -E -dM -arch arm64 -isysroot /Applications/Xcode.app/Contents/Developer/Platforms/iPhoneSimulator.platform/Developer/SDKs/iPhoneSimulator18.5.sdk -x objective-c -c /dev/null

ExecuteExternalTool /Applications/Xcode.app/Contents/Developer/Toolchains/XcodeDefault.xctoolchain/usr/bin/clang -v -E -dM -isysroot /Applications/Xcode.app/Contents/Developer/Platforms/iPhoneSimulator.platform/Developer/SDKs/iPhoneSimulator18.5.sdk -x c -c /dev/null

ExecuteExternalTool /Applications/Xcode.app/Contents/Developer/usr/bin/actool --print-asset-tag-combinations --output-format xml1 /Users/alexmontesino/Documents/GYM-API-IOS/Gym_API/Gym_API/Assets.xcassets

ExecuteExternalTool /Applications/Xcode.app/Contents/Developer/usr/bin/momc --dry-run --action generate --swift-version 5 --sdkroot /Applications/Xcode.app/Contents/Developer/Platforms/iPhoneSimulator.platform/Developer/SDKs/iPhoneSimulator18.5.sdk --iphonesimulator-deployment-target 13.0 --module StreamChat /Users/alexmontesino/Library/Developer/Xcode/DerivedData/Gym_API-gttvbppsiybwtpahvrbhortrptkr/SourcePackages/checkouts/stream-chat-swift/Sources/StreamChat/Database/StreamChatModel.xcdatamodeld /Users/alexmontesino/Library/Developer/Xcode/DerivedData/Gym_API-gttvbppsiybwtpahvrbhortrptkr/Build/Intermediates.noindex/StreamChat.build/Debug-iphonesimulator/StreamChat.build/DerivedSources/CoreDataGenerated/StreamChatModel

ExecuteExternalTool /Applications/Xcode.app/Contents/Developer/Toolchains/XcodeDefault.xctoolchain/usr/bin/ld -version_details

ExecuteExternalTool /Applications/Xcode.app/Contents/Developer/Toolchains/XcodeDefault.xctoolchain/usr/bin/clang -v -E -dM -arch arm64 -isysroot /Applications/Xcode.app/Contents/Developer/Platforms/iPhoneSimulator.platform/Developer/SDKs/iPhoneSimulator18.5.sdk -x c -c /dev/null

Build description signature: 166eca84c13b0534cb3660091400d80c
Build description path: /Users/alexmontesino/Library/Developer/Xcode/DerivedData/Gym_API-gttvbppsiybwtpahvrbhortrptkr/Build/Intermediates.noindex/XCBuildData/166eca84c13b0534cb3660091400d80c.xcbuilddata
ClangStatCache /Applications/Xcode.app/Contents/Developer/Toolchains/XcodeDefault.xctoolchain/usr/bin/clang-stat-cache /Applications/Xcode.app/Contents/Developer/Platforms/iPhoneSimulator.platform/Developer/SDKs/iPhoneSimulator18.5.sdk /Users/alexmontesino/Library/Developer/Xcode/DerivedData/SDKStatCaches.noindex/iphonesimulator18.5-22F76-d5fc8ad4295d2ef488fb7d0f804ce0c4.sdkstatcache
    cd /Users/alexmontesino/Documents/GYM-API-IOS/Gym_API/Gym_API.xcodeproj
    /Applications/Xcode.app/Contents/Developer/Toolchains/XcodeDefault.xctoolchain/usr/bin/clang-stat-cache /Applications/Xcode.app/Contents/Developer/Platforms/iPhoneSimulator.platform/Developer/SDKs/iPhoneSimulator18.5.sdk -o /Users/alexmontesino/Library/Developer/Xcode/DerivedData/SDKStatCaches.noindex/iphonesimulator18.5-22F76-d5fc8ad4295d2ef488fb7d0f804ce0c4.sdkstatcache

CreateBuildDirectory /Users/alexmontesino/Library/Developer/Xcode/DerivedData/Gym_API-gttvbppsiybwtpahvrbhortrptkr/Build/Products
    cd /Users/alexmontesino/Documents/GYM-API-IOS/Gym_API/Gym_API.xcodeproj
    builtin-create-build-directory /Users/alexmontesino/Library/Developer/Xcode/DerivedData/Gym_API-gttvbppsiybwtpahvrbhortrptkr/Build/Products

CreateBuildDirectory /Users/alexmontesino/Library/Developer/Xcode/DerivedData/Gym_API-gttvbppsiybwtpahvrbhortrptkr/Build/Intermediates.noindex
    cd /Users/alexmontesino/Documents/GYM-API-IOS/Gym_API/Gym_API.xcodeproj
    builtin-create-build-directory /Users/alexmontesino/Library/Developer/Xcode/DerivedData/Gym_API-gttvbppsiybwtpahvrbhortrptkr/Build/Intermediates.noindex

CreateBuildDirectory /Users/alexmontesino/Library/Developer/Xcode/DerivedData/Gym_API-gttvbppsiybwtpahvrbhortrptkr/Build/Products/Debug-iphonesimulator
    cd /Users/alexmontesino/Documents/GYM-API-IOS/Gym_API/Gym_API.xcodeproj
    builtin-create-build-directory /Users/alexmontesino/Library/Developer/Xcode/DerivedData/Gym_API-gttvbppsiybwtpahvrbhortrptkr/Build/Products/Debug-iphonesimulator

CreateBuildDirectory /Users/alexmontesino/Library/Developer/Xcode/DerivedData/Gym_API-gttvbppsiybwtpahvrbhortrptkr/Build/Intermediates.noindex/EagerLinkingTBDs/Debug-iphonesimulator
    cd /Users/alexmontesino/Documents/GYM-API-IOS/Gym_API/Gym_API.xcodeproj
    builtin-create-build-directory /Users/alexmontesino/Library/Developer/Xcode/DerivedData/Gym_API-gttvbppsiybwtpahvrbhortrptkr/Build/Intermediates.noindex/EagerLinkingTBDs/Debug-iphonesimulator

WriteAuxiliaryFile /Users/alexmontesino/Library/Developer/Xcode/DerivedData/Gym_API-gttvbppsiybwtpahvrbhortrptkr/Build/Intermediates.noindex/Gym_API.build/Debug-iphonesimulator/Gym_API-53347c6b55c8bacecf41c7425e043650-VFS-iphonesimulator/all-product-headers.yaml
    cd /Users/alexmontesino/Documents/GYM-API-IOS/Gym_API/Gym_API.xcodeproj
    write-file /Users/alexmontesino/Library/Developer/Xcode/DerivedData/Gym_API-gttvbppsiybwtpahvrbhortrptkr/Build/Intermediates.noindex/Gym_API.build/Debug-iphonesimulator/Gym_API-53347c6b55c8bacecf41c7425e043650-VFS-iphonesimulator/all-product-headers.yaml

CreateBuildDirectory /Users/alexmontesino/Library/Developer/Xcode/DerivedData/Gym_API-gttvbppsiybwtpahvrbhortrptkr/Build/Products/Debug-iphonesimulator/PackageFrameworks
    cd /Users/alexmontesino/Documents/GYM-API-IOS/Gym_API/Gym_API.xcodeproj
    builtin-create-build-directory /Users/alexmontesino/Library/Developer/Xcode/DerivedData/Gym_API-gttvbppsiybwtpahvrbhortrptkr/Build/Products/Debug-iphonesimulator/PackageFrameworks

WriteAuxiliaryFile /Users/alexmontesino/Library/Developer/Xcode/DerivedData/Gym_API-gttvbppsiybwtpahvrbhortrptkr/Build/Intermediates.noindex/StreamChat.build/Debug-iphonesimulator/StreamChat_StreamChatUI.build/StreamChat_StreamChatUI.DependencyStaticMetadataFileList (in target 'StreamChat_StreamChatUI' from project 'StreamChat')
    cd /Users/alexmontesino/Library/Developer/Xcode/DerivedData/Gym_API-gttvbppsiybwtpahvrbhortrptkr/SourcePackages/checkouts/stream-chat-swift
    write-file /Users/alexmontesino/Library/Developer/Xcode/DerivedData/Gym_API-gttvbppsiybwtpahvrbhortrptkr/Build/Intermediates.noindex/StreamChat.build/Debug-iphonesimulator/StreamChat_StreamChatUI.build/StreamChat_StreamChatUI.DependencyStaticMetadataFileList

WriteAuxiliaryFile /Users/alexmontesino/Library/Developer/Xcode/DerivedData/Gym_API-gttvbppsiybwtpahvrbhortrptkr/Build/Intermediates.noindex/StreamChat.build/Debug-iphonesimulator/StreamChat_StreamChatUI.build/empty-StreamChat_StreamChatUI.plist (in target 'StreamChat_StreamChatUI' from project 'StreamChat')
    cd /Users/alexmontesino/Library/Developer/Xcode/DerivedData/Gym_API-gttvbppsiybwtpahvrbhortrptkr/SourcePackages/checkouts/stream-chat-swift
    write-file /Users/alexmontesino/Library/Developer/Xcode/DerivedData/Gym_API-gttvbppsiybwtpahvrbhortrptkr/Build/Intermediates.noindex/StreamChat.build/Debug-iphonesimulator/StreamChat_StreamChatUI.build/empty-StreamChat_StreamChatUI.plist

WriteAuxiliaryFile /Users/alexmontesino/Library/Developer/Xcode/DerivedData/Gym_API-gttvbppsiybwtpahvrbhortrptkr/Build/Intermediates.noindex/StreamChat.build/Debug-iphonesimulator/StreamChat_StreamChat.build/StreamChat_StreamChat.DependencyStaticMetadataFileList (in target 'StreamChat_StreamChat' from project 'StreamChat')
    cd /Users/alexmontesino/Library/Developer/Xcode/DerivedData/Gym_API-gttvbppsiybwtpahvrbhortrptkr/SourcePackages/checkouts/stream-chat-swift
    write-file /Users/alexmontesino/Library/Developer/Xcode/DerivedData/Gym_API-gttvbppsiybwtpahvrbhortrptkr/Build/Intermediates.noindex/StreamChat.build/Debug-iphonesimulator/StreamChat_StreamChat.build/StreamChat_StreamChat.DependencyStaticMetadataFileList

WriteAuxiliaryFile /Users/alexmontesino/Library/Developer/Xcode/DerivedData/Gym_API-gttvbppsiybwtpahvrbhortrptkr/Build/Intermediates.noindex/StreamChat.build/Debug-iphonesimulator/StreamChat_StreamChatUI.build/StreamChat_StreamChatUI.DependencyMetadataFileList (in target 'StreamChat_StreamChatUI' from project 'StreamChat')
    cd /Users/alexmontesino/Library/Developer/Xcode/DerivedData/Gym_API-gttvbppsiybwtpahvrbhortrptkr/SourcePackages/checkouts/stream-chat-swift
    write-file /Users/alexmontesino/Library/Developer/Xcode/DerivedData/Gym_API-gttvbppsiybwtpahvrbhortrptkr/Build/Intermediates.noindex/StreamChat.build/Debug-iphonesimulator/StreamChat_StreamChatUI.build/StreamChat_StreamChatUI.DependencyMetadataFileList

WriteAuxiliaryFile /Users/alexmontesino/Library/Developer/Xcode/DerivedData/Gym_API-gttvbppsiybwtpahvrbhortrptkr/Build/Intermediates.noindex/StreamChat.build/Debug-iphonesimulator/StreamChat_StreamChat.build/StreamChat_StreamChat.DependencyMetadataFileList (in target 'StreamChat_StreamChat' from project 'StreamChat')
    cd /Users/alexmontesino/Library/Developer/Xcode/DerivedData/Gym_API-gttvbppsiybwtpahvrbhortrptkr/SourcePackages/checkouts/stream-chat-swift
    write-file /Users/alexmontesino/Library/Developer/Xcode/DerivedData/Gym_API-gttvbppsiybwtpahvrbhortrptkr/Build/Intermediates.noindex/StreamChat.build/Debug-iphonesimulator/StreamChat_StreamChat.build/StreamChat_StreamChat.DependencyMetadataFileList

WriteAuxiliaryFile /Users/alexmontesino/Library/Developer/Xcode/DerivedData/Gym_API-gttvbppsiybwtpahvrbhortrptkr/Build/Intermediates.noindex/StreamChat.build/Debug-iphonesimulator/StreamChat_StreamChat.build/empty-StreamChat_StreamChat.plist (in target 'StreamChat_StreamChat' from project 'StreamChat')
    cd /Users/alexmontesino/Library/Developer/Xcode/DerivedData/Gym_API-gttvbppsiybwtpahvrbhortrptkr/SourcePackages/checkouts/stream-chat-swift
    write-file /Users/alexmontesino/Library/Developer/Xcode/DerivedData/Gym_API-gttvbppsiybwtpahvrbhortrptkr/Build/Intermediates.noindex/StreamChat.build/Debug-iphonesimulator/StreamChat_StreamChat.build/empty-StreamChat_StreamChat.plist

WriteAuxiliaryFile /Users/alexmontesino/Library/Developer/Xcode/DerivedData/Gym_API-gttvbppsiybwtpahvrbhortrptkr/Build/Intermediates.noindex/StreamChat.build/Debug-iphonesimulator/StreamChatUI.build/StreamChatUI.DependencyStaticMetadataFileList (in target 'StreamChatUI' from project 'StreamChat')
    cd /Users/alexmontesino/Library/Developer/Xcode/DerivedData/Gym_API-gttvbppsiybwtpahvrbhortrptkr/SourcePackages/checkouts/stream-chat-swift
    write-file /Users/alexmontesino/Library/Developer/Xcode/DerivedData/Gym_API-gttvbppsiybwtpahvrbhortrptkr/Build/Intermediates.noindex/StreamChat.build/Debug-iphonesimulator/StreamChatUI.build/StreamChatUI.DependencyStaticMetadataFileList

WriteAuxiliaryFile /Users/alexmontesino/Library/Developer/Xcode/DerivedData/Gym_API-gttvbppsiybwtpahvrbhortrptkr/Build/Intermediates.noindex/StreamChat.build/Debug-iphonesimulator/StreamChatUI.build/StreamChatUI.DependencyMetadataFileList (in target 'StreamChatUI' from project 'StreamChat')
    cd /Users/alexmontesino/Library/Developer/Xcode/DerivedData/Gym_API-gttvbppsiybwtpahvrbhortrptkr/SourcePackages/checkouts/stream-chat-swift
    write-file /Users/alexmontesino/Library/Developer/Xcode/DerivedData/Gym_API-gttvbppsiybwtpahvrbhortrptkr/Build/Intermediates.noindex/StreamChat.build/Debug-iphonesimulator/StreamChatUI.build/StreamChatUI.DependencyMetadataFileList

WriteAuxiliaryFile /Users/alexmontesino/Library/Developer/Xcode/DerivedData/Gym_API-gttvbppsiybwtpahvrbhortrptkr/Build/Intermediates.noindex/StreamChat.build/Debug-iphonesimulator/StreamChatUI.build/StreamChatUI.modulemap (in target 'StreamChatUI' from project 'StreamChat')
    cd /Users/alexmontesino/Library/Developer/Xcode/DerivedData/Gym_API-gttvbppsiybwtpahvrbhortrptkr/SourcePackages/checkouts/stream-chat-swift
    write-file /Users/alexmontesino/Library/Developer/Xcode/DerivedData/Gym_API-gttvbppsiybwtpahvrbhortrptkr/Build/Intermediates.noindex/StreamChat.build/Debug-iphonesimulator/StreamChatUI.build/StreamChatUI.modulemap

WriteAuxiliaryFile /Users/alexmontesino/Library/Developer/Xcode/DerivedData/Gym_API-gttvbppsiybwtpahvrbhortrptkr/Build/Intermediates.noindex/StreamChat.build/Debug-iphonesimulator/StreamChatUI.build/Objects-normal/arm64/StreamChatUI.SwiftConstValuesFileList (in target 'StreamChatUI' from project 'StreamChat')
    cd /Users/alexmontesino/Library/Developer/Xcode/DerivedData/Gym_API-gttvbppsiybwtpahvrbhortrptkr/SourcePackages/checkouts/stream-chat-swift
    write-file /Users/alexmontesino/Library/Developer/Xcode/DerivedData/Gym_API-gttvbppsiybwtpahvrbhortrptkr/Build/Intermediates.noindex/StreamChat.build/Debug-iphonesimulator/StreamChatUI.build/Objects-normal/arm64/StreamChatUI.SwiftConstValuesFileList

WriteAuxiliaryFile /Users/alexmontesino/Library/Developer/Xcode/DerivedData/Gym_API-gttvbppsiybwtpahvrbhortrptkr/Build/Intermediates.noindex/StreamChat.build/Debug-iphonesimulator/StreamChatUI.build/Objects-normal/arm64/StreamChatUI_const_extract_protocols.json (in target 'StreamChatUI' from project 'StreamChat')
    cd /Users/alexmontesino/Library/Developer/Xcode/DerivedData/Gym_API-gttvbppsiybwtpahvrbhortrptkr/SourcePackages/checkouts/stream-chat-swift
    write-file /Users/alexmontesino/Library/Developer/Xcode/DerivedData/Gym_API-gttvbppsiybwtpahvrbhortrptkr/Build/Intermediates.noindex/StreamChat.build/Debug-iphonesimulator/StreamChatUI.build/Objects-normal/arm64/StreamChatUI_const_extract_protocols.json

WriteAuxiliaryFile /Users/alexmontesino/Library/Developer/Xcode/DerivedData/Gym_API-gttvbppsiybwtpahvrbhortrptkr/Build/Intermediates.noindex/StreamChat.build/Debug-iphonesimulator/StreamChatUI.build/Objects-normal/arm64/StreamChatUI.SwiftFileList (in target 'StreamChatUI' from project 'StreamChat')
    cd /Users/alexmontesino/Library/Developer/Xcode/DerivedData/Gym_API-gttvbppsiybwtpahvrbhortrptkr/SourcePackages/checkouts/stream-chat-swift
    write-file /Users/alexmontesino/Library/Developer/Xcode/DerivedData/Gym_API-gttvbppsiybwtpahvrbhortrptkr/Build/Intermediates.noindex/StreamChat.build/Debug-iphonesimulator/StreamChatUI.build/Objects-normal/arm64/StreamChatUI.SwiftFileList

WriteAuxiliaryFile /Users/alexmontesino/Library/Developer/Xcode/DerivedData/Gym_API-gttvbppsiybwtpahvrbhortrptkr/Build/Intermediates.noindex/StreamChat.build/Debug-iphonesimulator/StreamChatUI.build/Objects-normal/arm64/StreamChatUI.LinkFileList (in target 'StreamChatUI' from project 'StreamChat')
    cd /Users/alexmontesino/Library/Developer/Xcode/DerivedData/Gym_API-gttvbppsiybwtpahvrbhortrptkr/SourcePackages/checkouts/stream-chat-swift
    write-file /Users/alexmontesino/Library/Developer/Xcode/DerivedData/Gym_API-gttvbppsiybwtpahvrbhortrptkr/Build/Intermediates.noindex/StreamChat.build/Debug-iphonesimulator/StreamChatUI.build/Objects-normal/arm64/StreamChatUI.LinkFileList

WriteAuxiliaryFile /Users/alexmontesino/Library/Developer/Xcode/DerivedData/Gym_API-gttvbppsiybwtpahvrbhortrptkr/Build/Intermediates.noindex/StreamChat.build/Debug-iphonesimulator/StreamChatUI.build/Objects-normal/arm64/StreamChatUI-OutputFileMap.json (in target 'StreamChatUI' from project 'StreamChat')
    cd /Users/alexmontesino/Library/Developer/Xcode/DerivedData/Gym_API-gttvbppsiybwtpahvrbhortrptkr/SourcePackages/checkouts/stream-chat-swift
    write-file /Users/alexmontesino/Library/Developer/Xcode/DerivedData/Gym_API-gttvbppsiybwtpahvrbhortrptkr/Build/Intermediates.noindex/StreamChat.build/Debug-iphonesimulator/StreamChatUI.build/Objects-normal/arm64/StreamChatUI-OutputFileMap.json

WriteAuxiliaryFile /Users/alexmontesino/Library/Developer/Xcode/DerivedData/Gym_API-gttvbppsiybwtpahvrbhortrptkr/Build/Intermediates.noindex/StreamChat.build/Debug-iphonesimulator/StreamChatUI.build/DerivedSources/resource_bundle_accessor.swift (in target 'StreamChatUI' from project 'StreamChat')
    cd /Users/alexmontesino/Library/Developer/Xcode/DerivedData/Gym_API-gttvbppsiybwtpahvrbhortrptkr/SourcePackages/checkouts/stream-chat-swift
    write-file /Users/alexmontesino/Library/Developer/Xcode/DerivedData/Gym_API-gttvbppsiybwtpahvrbhortrptkr/Build/Intermediates.noindex/StreamChat.build/Debug-iphonesimulator/StreamChatUI.build/DerivedSources/resource_bundle_accessor.swift

WriteAuxiliaryFile /Users/alexmontesino/Library/Developer/Xcode/DerivedData/Gym_API-gttvbppsiybwtpahvrbhortrptkr/Build/Intermediates.noindex/StreamChat.build/Debug-iphonesimulator/StreamChat.build/StreamChat.DependencyStaticMetadataFileList (in target 'StreamChat' from project 'StreamChat')
    cd /Users/alexmontesino/Library/Developer/Xcode/DerivedData/Gym_API-gttvbppsiybwtpahvrbhortrptkr/SourcePackages/checkouts/stream-chat-swift
    write-file /Users/alexmontesino/Library/Developer/Xcode/DerivedData/Gym_API-gttvbppsiybwtpahvrbhortrptkr/Build/Intermediates.noindex/StreamChat.build/Debug-iphonesimulator/StreamChat.build/StreamChat.DependencyStaticMetadataFileList

WriteAuxiliaryFile /Users/alexmontesino/Library/Developer/Xcode/DerivedData/Gym_API-gttvbppsiybwtpahvrbhortrptkr/Build/Intermediates.noindex/StreamChat.build/Debug-iphonesimulator/StreamChat.build/StreamChat.modulemap (in target 'StreamChat' from project 'StreamChat')
    cd /Users/alexmontesino/Library/Developer/Xcode/DerivedData/Gym_API-gttvbppsiybwtpahvrbhortrptkr/SourcePackages/checkouts/stream-chat-swift
    write-file /Users/alexmontesino/Library/Developer/Xcode/DerivedData/Gym_API-gttvbppsiybwtpahvrbhortrptkr/Build/Intermediates.noindex/StreamChat.build/Debug-iphonesimulator/StreamChat.build/StreamChat.modulemap

WriteAuxiliaryFile /Users/alexmontesino/Library/Developer/Xcode/DerivedData/Gym_API-gttvbppsiybwtpahvrbhortrptkr/Build/Intermediates.noindex/StreamChat.build/Debug-iphonesimulator/StreamChat.build/StreamChat.DependencyMetadataFileList (in target 'StreamChat' from project 'StreamChat')
    cd /Users/alexmontesino/Library/Developer/Xcode/DerivedData/Gym_API-gttvbppsiybwtpahvrbhortrptkr/SourcePackages/checkouts/stream-chat-swift
    write-file /Users/alexmontesino/Library/Developer/Xcode/DerivedData/Gym_API-gttvbppsiybwtpahvrbhortrptkr/Build/Intermediates.noindex/StreamChat.build/Debug-iphonesimulator/StreamChat.build/StreamChat.DependencyMetadataFileList

WriteAuxiliaryFile /Users/alexmontesino/Library/Developer/Xcode/DerivedData/Gym_API-gttvbppsiybwtpahvrbhortrptkr/Build/Intermediates.noindex/StreamChat.build/Debug-iphonesimulator/StreamChat.build/Objects-normal/arm64/StreamChat_const_extract_protocols.json (in target 'StreamChat' from project 'StreamChat')
    cd /Users/alexmontesino/Library/Developer/Xcode/DerivedData/Gym_API-gttvbppsiybwtpahvrbhortrptkr/SourcePackages/checkouts/stream-chat-swift
    write-file /Users/alexmontesino/Library/Developer/Xcode/DerivedData/Gym_API-gttvbppsiybwtpahvrbhortrptkr/Build/Intermediates.noindex/StreamChat.build/Debug-iphonesimulator/StreamChat.build/Objects-normal/arm64/StreamChat_const_extract_protocols.json

WriteAuxiliaryFile /Users/alexmontesino/Library/Developer/Xcode/DerivedData/Gym_API-gttvbppsiybwtpahvrbhortrptkr/Build/Intermediates.noindex/StreamChat.build/Debug-iphonesimulator/StreamChat.build/Objects-normal/arm64/StreamChat.SwiftFileList (in target 'StreamChat' from project 'StreamChat')
    cd /Users/alexmontesino/Library/Developer/Xcode/DerivedData/Gym_API-gttvbppsiybwtpahvrbhortrptkr/SourcePackages/checkouts/stream-chat-swift
    write-file /Users/alexmontesino/Library/Developer/Xcode/DerivedData/Gym_API-gttvbppsiybwtpahvrbhortrptkr/Build/Intermediates.noindex/StreamChat.build/Debug-iphonesimulator/StreamChat.build/Objects-normal/arm64/StreamChat.SwiftFileList

WriteAuxiliaryFile /Users/alexmontesino/Library/Developer/Xcode/DerivedData/Gym_API-gttvbppsiybwtpahvrbhortrptkr/Build/Intermediates.noindex/StreamChat.build/Debug-iphonesimulator/StreamChat.build/Objects-normal/arm64/StreamChat.SwiftConstValuesFileList (in target 'StreamChat' from project 'StreamChat')
    cd /Users/alexmontesino/Library/Developer/Xcode/DerivedData/Gym_API-gttvbppsiybwtpahvrbhortrptkr/SourcePackages/checkouts/stream-chat-swift
    write-file /Users/alexmontesino/Library/Developer/Xcode/DerivedData/Gym_API-gttvbppsiybwtpahvrbhortrptkr/Build/Intermediates.noindex/StreamChat.build/Debug-iphonesimulator/StreamChat.build/Objects-normal/arm64/StreamChat.SwiftConstValuesFileList

WriteAuxiliaryFile /Users/alexmontesino/Library/Developer/Xcode/DerivedData/Gym_API-gttvbppsiybwtpahvrbhortrptkr/Build/Intermediates.noindex/StreamChat.build/Debug-iphonesimulator/StreamChat.build/Objects-normal/arm64/StreamChat.LinkFileList (in target 'StreamChat' from project 'StreamChat')
    cd /Users/alexmontesino/Library/Developer/Xcode/DerivedData/Gym_API-gttvbppsiybwtpahvrbhortrptkr/SourcePackages/checkouts/stream-chat-swift
    write-file /Users/alexmontesino/Library/Developer/Xcode/DerivedData/Gym_API-gttvbppsiybwtpahvrbhortrptkr/Build/Intermediates.noindex/StreamChat.build/Debug-iphonesimulator/StreamChat.build/Objects-normal/arm64/StreamChat.LinkFileList

WriteAuxiliaryFile /Users/alexmontesino/Library/Developer/Xcode/DerivedData/Gym_API-gttvbppsiybwtpahvrbhortrptkr/Build/Intermediates.noindex/StreamChat.build/Debug-iphonesimulator/StreamChat.build/Objects-normal/arm64/StreamChat-OutputFileMap.json (in target 'StreamChat' from project 'StreamChat')
    cd /Users/alexmontesino/Library/Developer/Xcode/DerivedData/Gym_API-gttvbppsiybwtpahvrbhortrptkr/SourcePackages/checkouts/stream-chat-swift
    write-file /Users/alexmontesino/Library/Developer/Xcode/DerivedData/Gym_API-gttvbppsiybwtpahvrbhortrptkr/Build/Intermediates.noindex/StreamChat.build/Debug-iphonesimulator/StreamChat.build/Objects-normal/arm64/StreamChat-OutputFileMap.json

WriteAuxiliaryFile /Users/alexmontesino/Library/Developer/Xcode/DerivedData/Gym_API-gttvbppsiybwtpahvrbhortrptkr/Build/Intermediates.noindex/StreamChat.build/Debug-iphonesimulator/StreamChat.build/DerivedSources/resource_bundle_accessor.swift (in target 'StreamChat' from project 'StreamChat')
    cd /Users/alexmontesino/Library/Developer/Xcode/DerivedData/Gym_API-gttvbppsiybwtpahvrbhortrptkr/SourcePackages/checkouts/stream-chat-swift
    write-file /Users/alexmontesino/Library/Developer/Xcode/DerivedData/Gym_API-gttvbppsiybwtpahvrbhortrptkr/Build/Intermediates.noindex/StreamChat.build/Debug-iphonesimulator/StreamChat.build/DerivedSources/resource_bundle_accessor.swift

WriteAuxiliaryFile /Users/alexmontesino/Library/Developer/Xcode/DerivedData/Gym_API-gttvbppsiybwtpahvrbhortrptkr/Build/Intermediates.noindex/SimpleKeychain.build/Debug-iphonesimulator/SimpleKeychain.build/SimpleKeychain.modulemap (in target 'SimpleKeychain' from project 'SimpleKeychain')
    cd /Users/alexmontesino/Library/Developer/Xcode/DerivedData/Gym_API-gttvbppsiybwtpahvrbhortrptkr/SourcePackages/checkouts/SimpleKeychain
    write-file /Users/alexmontesino/Library/Developer/Xcode/DerivedData/Gym_API-gttvbppsiybwtpahvrbhortrptkr/Build/Intermediates.noindex/SimpleKeychain.build/Debug-iphonesimulator/SimpleKeychain.build/SimpleKeychain.modulemap

WriteAuxiliaryFile /Users/alexmontesino/Library/Developer/Xcode/DerivedData/Gym_API-gttvbppsiybwtpahvrbhortrptkr/Build/Intermediates.noindex/SimpleKeychain.build/Debug-iphonesimulator/SimpleKeychain.build/SimpleKeychain.DependencyStaticMetadataFileList (in target 'SimpleKeychain' from project 'SimpleKeychain')
    cd /Users/alexmontesino/Library/Developer/Xcode/DerivedData/Gym_API-gttvbppsiybwtpahvrbhortrptkr/SourcePackages/checkouts/SimpleKeychain
    write-file /Users/alexmontesino/Library/Developer/Xcode/DerivedData/Gym_API-gttvbppsiybwtpahvrbhortrptkr/Build/Intermediates.noindex/SimpleKeychain.build/Debug-iphonesimulator/SimpleKeychain.build/SimpleKeychain.DependencyStaticMetadataFileList

WriteAuxiliaryFile /Users/alexmontesino/Library/Developer/Xcode/DerivedData/Gym_API-gttvbppsiybwtpahvrbhortrptkr/Build/Intermediates.noindex/SimpleKeychain.build/Debug-iphonesimulator/SimpleKeychain.build/SimpleKeychain.DependencyMetadataFileList (in target 'SimpleKeychain' from project 'SimpleKeychain')
    cd /Users/alexmontesino/Library/Developer/Xcode/DerivedData/Gym_API-gttvbppsiybwtpahvrbhortrptkr/SourcePackages/checkouts/SimpleKeychain
    write-file /Users/alexmontesino/Library/Developer/Xcode/DerivedData/Gym_API-gttvbppsiybwtpahvrbhortrptkr/Build/Intermediates.noindex/SimpleKeychain.build/Debug-iphonesimulator/SimpleKeychain.build/SimpleKeychain.DependencyMetadataFileList

WriteAuxiliaryFile /Users/alexmontesino/Library/Developer/Xcode/DerivedData/Gym_API-gttvbppsiybwtpahvrbhortrptkr/Build/Intermediates.noindex/SimpleKeychain.build/Debug-iphonesimulator/SimpleKeychain.build/Objects-normal/arm64/SimpleKeychain.SwiftConstValuesFileList (in target 'SimpleKeychain' from project 'SimpleKeychain')
    cd /Users/alexmontesino/Library/Developer/Xcode/DerivedData/Gym_API-gttvbppsiybwtpahvrbhortrptkr/SourcePackages/checkouts/SimpleKeychain
    write-file /Users/alexmontesino/Library/Developer/Xcode/DerivedData/Gym_API-gttvbppsiybwtpahvrbhortrptkr/Build/Intermediates.noindex/SimpleKeychain.build/Debug-iphonesimulator/SimpleKeychain.build/Objects-normal/arm64/SimpleKeychain.SwiftConstValuesFileList

WriteAuxiliaryFile /Users/alexmontesino/Library/Developer/Xcode/DerivedData/Gym_API-gttvbppsiybwtpahvrbhortrptkr/Build/Intermediates.noindex/SimpleKeychain.build/Debug-iphonesimulator/SimpleKeychain.build/Objects-normal/arm64/SimpleKeychain_const_extract_protocols.json (in target 'SimpleKeychain' from project 'SimpleKeychain')
    cd /Users/alexmontesino/Library/Developer/Xcode/DerivedData/Gym_API-gttvbppsiybwtpahvrbhortrptkr/SourcePackages/checkouts/SimpleKeychain
    write-file /Users/alexmontesino/Library/Developer/Xcode/DerivedData/Gym_API-gttvbppsiybwtpahvrbhortrptkr/Build/Intermediates.noindex/SimpleKeychain.build/Debug-iphonesimulator/SimpleKeychain.build/Objects-normal/arm64/SimpleKeychain_const_extract_protocols.json

WriteAuxiliaryFile /Users/alexmontesino/Library/Developer/Xcode/DerivedData/Gym_API-gttvbppsiybwtpahvrbhortrptkr/Build/Intermediates.noindex/SimpleKeychain.build/Debug-iphonesimulator/SimpleKeychain.build/Objects-normal/arm64/SimpleKeychain.SwiftFileList (in target 'SimpleKeychain' from project 'SimpleKeychain')
    cd /Users/alexmontesino/Library/Developer/Xcode/DerivedData/Gym_API-gttvbppsiybwtpahvrbhortrptkr/SourcePackages/checkouts/SimpleKeychain
    write-file /Users/alexmontesino/Library/Developer/Xcode/DerivedData/Gym_API-gttvbppsiybwtpahvrbhortrptkr/Build/Intermediates.noindex/SimpleKeychain.build/Debug-iphonesimulator/SimpleKeychain.build/Objects-normal/arm64/SimpleKeychain.SwiftFileList

WriteAuxiliaryFile /Users/alexmontesino/Library/Developer/Xcode/DerivedData/Gym_API-gttvbppsiybwtpahvrbhortrptkr/Build/Intermediates.noindex/SimpleKeychain.build/Debug-iphonesimulator/SimpleKeychain.build/Objects-normal/arm64/SimpleKeychain.LinkFileList (in target 'SimpleKeychain' from project 'SimpleKeychain')
    cd /Users/alexmontesino/Library/Developer/Xcode/DerivedData/Gym_API-gttvbppsiybwtpahvrbhortrptkr/SourcePackages/checkouts/SimpleKeychain
    write-file /Users/alexmontesino/Library/Developer/Xcode/DerivedData/Gym_API-gttvbppsiybwtpahvrbhortrptkr/Build/Intermediates.noindex/SimpleKeychain.build/Debug-iphonesimulator/SimpleKeychain.build/Objects-normal/arm64/SimpleKeychain.LinkFileList

WriteAuxiliaryFile /Users/alexmontesino/Library/Developer/Xcode/DerivedData/Gym_API-gttvbppsiybwtpahvrbhortrptkr/Build/Intermediates.noindex/SimpleKeychain.build/Debug-iphonesimulator/SimpleKeychain.build/Objects-normal/arm64/SimpleKeychain-OutputFileMap.json (in target 'SimpleKeychain' from project 'SimpleKeychain')
    cd /Users/alexmontesino/Library/Developer/Xcode/DerivedData/Gym_API-gttvbppsiybwtpahvrbhortrptkr/SourcePackages/checkouts/SimpleKeychain
    write-file /Users/alexmontesino/Library/Developer/Xcode/DerivedData/Gym_API-gttvbppsiybwtpahvrbhortrptkr/Build/Intermediates.noindex/SimpleKeychain.build/Debug-iphonesimulator/SimpleKeychain.build/Objects-normal/arm64/SimpleKeychain-OutputFileMap.json

WriteAuxiliaryFile /Users/alexmontesino/Library/Developer/Xcode/DerivedData/Gym_API-gttvbppsiybwtpahvrbhortrptkr/Build/Intermediates.noindex/JWTDecode.build/Debug-iphonesimulator/JWTDecode.build/Objects-normal/arm64/JWTDecode.SwiftFileList (in target 'JWTDecode' from project 'JWTDecode')
    cd /Users/alexmontesino/Library/Developer/Xcode/DerivedData/Gym_API-gttvbppsiybwtpahvrbhortrptkr/SourcePackages/checkouts/JWTDecode.swift
    write-file /Users/alexmontesino/Library/Developer/Xcode/DerivedData/Gym_API-gttvbppsiybwtpahvrbhortrptkr/Build/Intermediates.noindex/JWTDecode.build/Debug-iphonesimulator/JWTDecode.build/Objects-normal/arm64/JWTDecode.SwiftFileList

WriteAuxiliaryFile /Users/alexmontesino/Library/Developer/Xcode/DerivedData/Gym_API-gttvbppsiybwtpahvrbhortrptkr/Build/Intermediates.noindex/JWTDecode.build/Debug-iphonesimulator/JWTDecode.build/Objects-normal/arm64/JWTDecode.SwiftConstValuesFileList (in target 'JWTDecode' from project 'JWTDecode')
    cd /Users/alexmontesino/Library/Developer/Xcode/DerivedData/Gym_API-gttvbppsiybwtpahvrbhortrptkr/SourcePackages/checkouts/JWTDecode.swift
    write-file /Users/alexmontesino/Library/Developer/Xcode/DerivedData/Gym_API-gttvbppsiybwtpahvrbhortrptkr/Build/Intermediates.noindex/JWTDecode.build/Debug-iphonesimulator/JWTDecode.build/Objects-normal/arm64/JWTDecode.SwiftConstValuesFileList

WriteAuxiliaryFile /Users/alexmontesino/Library/Developer/Xcode/DerivedData/Gym_API-gttvbppsiybwtpahvrbhortrptkr/Build/Intermediates.noindex/JWTDecode.build/Debug-iphonesimulator/JWTDecode.build/Objects-normal/arm64/JWTDecode_const_extract_protocols.json (in target 'JWTDecode' from project 'JWTDecode')
    cd /Users/alexmontesino/Library/Developer/Xcode/DerivedData/Gym_API-gttvbppsiybwtpahvrbhortrptkr/SourcePackages/checkouts/JWTDecode.swift
    write-file /Users/alexmontesino/Library/Developer/Xcode/DerivedData/Gym_API-gttvbppsiybwtpahvrbhortrptkr/Build/Intermediates.noindex/JWTDecode.build/Debug-iphonesimulator/JWTDecode.build/Objects-normal/arm64/JWTDecode_const_extract_protocols.json

WriteAuxiliaryFile /Users/alexmontesino/Library/Developer/Xcode/DerivedData/Gym_API-gttvbppsiybwtpahvrbhortrptkr/Build/Intermediates.noindex/JWTDecode.build/Debug-iphonesimulator/JWTDecode.build/Objects-normal/arm64/JWTDecode.LinkFileList (in target 'JWTDecode' from project 'JWTDecode')
    cd /Users/alexmontesino/Library/Developer/Xcode/DerivedData/Gym_API-gttvbppsiybwtpahvrbhortrptkr/SourcePackages/checkouts/JWTDecode.swift
    write-file /Users/alexmontesino/Library/Developer/Xcode/DerivedData/Gym_API-gttvbppsiybwtpahvrbhortrptkr/Build/Intermediates.noindex/JWTDecode.build/Debug-iphonesimulator/JWTDecode.build/Objects-normal/arm64/JWTDecode.LinkFileList

WriteAuxiliaryFile /Users/alexmontesino/Library/Developer/Xcode/DerivedData/Gym_API-gttvbppsiybwtpahvrbhortrptkr/Build/Intermediates.noindex/JWTDecode.build/Debug-iphonesimulator/JWTDecode.build/Objects-normal/arm64/JWTDecode-OutputFileMap.json (in target 'JWTDecode' from project 'JWTDecode')
    cd /Users/alexmontesino/Library/Developer/Xcode/DerivedData/Gym_API-gttvbppsiybwtpahvrbhortrptkr/SourcePackages/checkouts/JWTDecode.swift
    write-file /Users/alexmontesino/Library/Developer/Xcode/DerivedData/Gym_API-gttvbppsiybwtpahvrbhortrptkr/Build/Intermediates.noindex/JWTDecode.build/Debug-iphonesimulator/JWTDecode.build/Objects-normal/arm64/JWTDecode-OutputFileMap.json

WriteAuxiliaryFile /Users/alexmontesino/Library/Developer/Xcode/DerivedData/Gym_API-gttvbppsiybwtpahvrbhortrptkr/Build/Intermediates.noindex/JWTDecode.build/Debug-iphonesimulator/JWTDecode.build/JWTDecode.modulemap (in target 'JWTDecode' from project 'JWTDecode')
    cd /Users/alexmontesino/Library/Developer/Xcode/DerivedData/Gym_API-gttvbppsiybwtpahvrbhortrptkr/SourcePackages/checkouts/JWTDecode.swift
    write-file /Users/alexmontesino/Library/Developer/Xcode/DerivedData/Gym_API-gttvbppsiybwtpahvrbhortrptkr/Build/Intermediates.noindex/JWTDecode.build/Debug-iphonesimulator/JWTDecode.build/JWTDecode.modulemap

WriteAuxiliaryFile /Users/alexmontesino/Library/Developer/Xcode/DerivedData/Gym_API-gttvbppsiybwtpahvrbhortrptkr/Build/Intermediates.noindex/JWTDecode.build/Debug-iphonesimulator/JWTDecode.build/JWTDecode.DependencyStaticMetadataFileList (in target 'JWTDecode' from project 'JWTDecode')
    cd /Users/alexmontesino/Library/Developer/Xcode/DerivedData/Gym_API-gttvbppsiybwtpahvrbhortrptkr/SourcePackages/checkouts/JWTDecode.swift
    write-file /Users/alexmontesino/Library/Developer/Xcode/DerivedData/Gym_API-gttvbppsiybwtpahvrbhortrptkr/Build/Intermediates.noindex/JWTDecode.build/Debug-iphonesimulator/JWTDecode.build/JWTDecode.DependencyStaticMetadataFileList

WriteAuxiliaryFile /Users/alexmontesino/Library/Developer/Xcode/DerivedData/Gym_API-gttvbppsiybwtpahvrbhortrptkr/Build/Intermediates.noindex/JWTDecode.build/Debug-iphonesimulator/JWTDecode.build/JWTDecode.DependencyMetadataFileList (in target 'JWTDecode' from project 'JWTDecode')
    cd /Users/alexmontesino/Library/Developer/Xcode/DerivedData/Gym_API-gttvbppsiybwtpahvrbhortrptkr/SourcePackages/checkouts/JWTDecode.swift
    write-file /Users/alexmontesino/Library/Developer/Xcode/DerivedData/Gym_API-gttvbppsiybwtpahvrbhortrptkr/Build/Intermediates.noindex/JWTDecode.build/Debug-iphonesimulator/JWTDecode.build/JWTDecode.DependencyMetadataFileList

WriteAuxiliaryFile /Users/alexmontesino/Library/Developer/Xcode/DerivedData/Gym_API-gttvbppsiybwtpahvrbhortrptkr/Build/Intermediates.noindex/Auth0.build/Debug-iphonesimulator/Auth0_Auth0.build/Auth0_Auth0.DependencyMetadataFileList (in target 'Auth0_Auth0' from project 'Auth0')
    cd /Users/alexmontesino/Library/Developer/Xcode/DerivedData/Gym_API-gttvbppsiybwtpahvrbhortrptkr/SourcePackages/checkouts/Auth0.swift
    write-file /Users/alexmontesino/Library/Developer/Xcode/DerivedData/Gym_API-gttvbppsiybwtpahvrbhortrptkr/Build/Intermediates.noindex/Auth0.build/Debug-iphonesimulator/Auth0_Auth0.build/Auth0_Auth0.DependencyMetadataFileList

WriteAuxiliaryFile /Users/alexmontesino/Library/Developer/Xcode/DerivedData/Gym_API-gttvbppsiybwtpahvrbhortrptkr/Build/Intermediates.noindex/Auth0.build/Debug-iphonesimulator/Auth0_Auth0.build/Auth0_Auth0.DependencyStaticMetadataFileList (in target 'Auth0_Auth0' from project 'Auth0')
    cd /Users/alexmontesino/Library/Developer/Xcode/DerivedData/Gym_API-gttvbppsiybwtpahvrbhortrptkr/SourcePackages/checkouts/Auth0.swift
    write-file /Users/alexmontesino/Library/Developer/Xcode/DerivedData/Gym_API-gttvbppsiybwtpahvrbhortrptkr/Build/Intermediates.noindex/Auth0.build/Debug-iphonesimulator/Auth0_Auth0.build/Auth0_Auth0.DependencyStaticMetadataFileList

WriteAuxiliaryFile /Users/alexmontesino/Library/Developer/Xcode/DerivedData/Gym_API-gttvbppsiybwtpahvrbhortrptkr/Build/Intermediates.noindex/Auth0.build/Debug-iphonesimulator/Auth0_Auth0.build/empty-Auth0_Auth0.plist (in target 'Auth0_Auth0' from project 'Auth0')
    cd /Users/alexmontesino/Library/Developer/Xcode/DerivedData/Gym_API-gttvbppsiybwtpahvrbhortrptkr/SourcePackages/checkouts/Auth0.swift
    write-file /Users/alexmontesino/Library/Developer/Xcode/DerivedData/Gym_API-gttvbppsiybwtpahvrbhortrptkr/Build/Intermediates.noindex/Auth0.build/Debug-iphonesimulator/Auth0_Auth0.build/empty-Auth0_Auth0.plist

WriteAuxiliaryFile /Users/alexmontesino/Library/Developer/Xcode/DerivedData/Gym_API-gttvbppsiybwtpahvrbhortrptkr/Build/Intermediates.noindex/Auth0.build/Debug-iphonesimulator/Auth0.build/Objects-normal/arm64/Auth0.SwiftFileList (in target 'Auth0' from project 'Auth0')
    cd /Users/alexmontesino/Library/Developer/Xcode/DerivedData/Gym_API-gttvbppsiybwtpahvrbhortrptkr/SourcePackages/checkouts/Auth0.swift
    write-file /Users/alexmontesino/Library/Developer/Xcode/DerivedData/Gym_API-gttvbppsiybwtpahvrbhortrptkr/Build/Intermediates.noindex/Auth0.build/Debug-iphonesimulator/Auth0.build/Objects-normal/arm64/Auth0.SwiftFileList

WriteAuxiliaryFile /Users/alexmontesino/Library/Developer/Xcode/DerivedData/Gym_API-gttvbppsiybwtpahvrbhortrptkr/Build/Intermediates.noindex/Auth0.build/Debug-iphonesimulator/Auth0.build/Objects-normal/arm64/Auth0_const_extract_protocols.json (in target 'Auth0' from project 'Auth0')
    cd /Users/alexmontesino/Library/Developer/Xcode/DerivedData/Gym_API-gttvbppsiybwtpahvrbhortrptkr/SourcePackages/checkouts/Auth0.swift
    write-file /Users/alexmontesino/Library/Developer/Xcode/DerivedData/Gym_API-gttvbppsiybwtpahvrbhortrptkr/Build/Intermediates.noindex/Auth0.build/Debug-iphonesimulator/Auth0.build/Objects-normal/arm64/Auth0_const_extract_protocols.json

WriteAuxiliaryFile /Users/alexmontesino/Library/Developer/Xcode/DerivedData/Gym_API-gttvbppsiybwtpahvrbhortrptkr/Build/Intermediates.noindex/Auth0.build/Debug-iphonesimulator/Auth0.build/Objects-normal/arm64/Auth0.SwiftConstValuesFileList (in target 'Auth0' from project 'Auth0')
    cd /Users/alexmontesino/Library/Developer/Xcode/DerivedData/Gym_API-gttvbppsiybwtpahvrbhortrptkr/SourcePackages/checkouts/Auth0.swift
    write-file /Users/alexmontesino/Library/Developer/Xcode/DerivedData/Gym_API-gttvbppsiybwtpahvrbhortrptkr/Build/Intermediates.noindex/Auth0.build/Debug-iphonesimulator/Auth0.build/Objects-normal/arm64/Auth0.SwiftConstValuesFileList

WriteAuxiliaryFile /Users/alexmontesino/Library/Developer/Xcode/DerivedData/Gym_API-gttvbppsiybwtpahvrbhortrptkr/Build/Intermediates.noindex/Auth0.build/Debug-iphonesimulator/Auth0.build/Objects-normal/arm64/Auth0.LinkFileList (in target 'Auth0' from project 'Auth0')
    cd /Users/alexmontesino/Library/Developer/Xcode/DerivedData/Gym_API-gttvbppsiybwtpahvrbhortrptkr/SourcePackages/checkouts/Auth0.swift
    write-file /Users/alexmontesino/Library/Developer/Xcode/DerivedData/Gym_API-gttvbppsiybwtpahvrbhortrptkr/Build/Intermediates.noindex/Auth0.build/Debug-iphonesimulator/Auth0.build/Objects-normal/arm64/Auth0.LinkFileList

WriteAuxiliaryFile /Users/alexmontesino/Library/Developer/Xcode/DerivedData/Gym_API-gttvbppsiybwtpahvrbhortrptkr/Build/Intermediates.noindex/Auth0.build/Debug-iphonesimulator/Auth0.build/Objects-normal/arm64/Auth0-OutputFileMap.json (in target 'Auth0' from project 'Auth0')
    cd /Users/alexmontesino/Library/Developer/Xcode/DerivedData/Gym_API-gttvbppsiybwtpahvrbhortrptkr/SourcePackages/checkouts/Auth0.swift
    write-file /Users/alexmontesino/Library/Developer/Xcode/DerivedData/Gym_API-gttvbppsiybwtpahvrbhortrptkr/Build/Intermediates.noindex/Auth0.build/Debug-iphonesimulator/Auth0.build/Objects-normal/arm64/Auth0-OutputFileMap.json

WriteAuxiliaryFile /Users/alexmontesino/Library/Developer/Xcode/DerivedData/Gym_API-gttvbppsiybwtpahvrbhortrptkr/Build/Intermediates.noindex/Auth0.build/Debug-iphonesimulator/Auth0.build/DerivedSources/resource_bundle_accessor.swift (in target 'Auth0' from project 'Auth0')
    cd /Users/alexmontesino/Library/Developer/Xcode/DerivedData/Gym_API-gttvbppsiybwtpahvrbhortrptkr/SourcePackages/checkouts/Auth0.swift
    write-file /Users/alexmontesino/Library/Developer/Xcode/DerivedData/Gym_API-gttvbppsiybwtpahvrbhortrptkr/Build/Intermediates.noindex/Auth0.build/Debug-iphonesimulator/Auth0.build/DerivedSources/resource_bundle_accessor.swift

WriteAuxiliaryFile /Users/alexmontesino/Library/Developer/Xcode/DerivedData/Gym_API-gttvbppsiybwtpahvrbhortrptkr/Build/Intermediates.noindex/Auth0.build/Debug-iphonesimulator/Auth0.build/Auth0.modulemap (in target 'Auth0' from project 'Auth0')
    cd /Users/alexmontesino/Library/Developer/Xcode/DerivedData/Gym_API-gttvbppsiybwtpahvrbhortrptkr/SourcePackages/checkouts/Auth0.swift
    write-file /Users/alexmontesino/Library/Developer/Xcode/DerivedData/Gym_API-gttvbppsiybwtpahvrbhortrptkr/Build/Intermediates.noindex/Auth0.build/Debug-iphonesimulator/Auth0.build/Auth0.modulemap

WriteAuxiliaryFile /Users/alexmontesino/Library/Developer/Xcode/DerivedData/Gym_API-gttvbppsiybwtpahvrbhortrptkr/Build/Intermediates.noindex/Auth0.build/Debug-iphonesimulator/Auth0.build/Auth0.DependencyStaticMetadataFileList (in target 'Auth0' from project 'Auth0')
    cd /Users/alexmontesino/Library/Developer/Xcode/DerivedData/Gym_API-gttvbppsiybwtpahvrbhortrptkr/SourcePackages/checkouts/Auth0.swift
    write-file /Users/alexmontesino/Library/Developer/Xcode/DerivedData/Gym_API-gttvbppsiybwtpahvrbhortrptkr/Build/Intermediates.noindex/Auth0.build/Debug-iphonesimulator/Auth0.build/Auth0.DependencyStaticMetadataFileList

WriteAuxiliaryFile /Users/alexmontesino/Library/Developer/Xcode/DerivedData/Gym_API-gttvbppsiybwtpahvrbhortrptkr/Build/Intermediates.noindex/Auth0.build/Debug-iphonesimulator/Auth0.build/Auth0.DependencyMetadataFileList (in target 'Auth0' from project 'Auth0')
    cd /Users/alexmontesino/Library/Developer/Xcode/DerivedData/Gym_API-gttvbppsiybwtpahvrbhortrptkr/SourcePackages/checkouts/Auth0.swift
    write-file /Users/alexmontesino/Library/Developer/Xcode/DerivedData/Gym_API-gttvbppsiybwtpahvrbhortrptkr/Build/Intermediates.noindex/Auth0.build/Debug-iphonesimulator/Auth0.build/Auth0.DependencyMetadataFileList

MkDir /Users/alexmontesino/Library/Developer/Xcode/DerivedData/Gym_API-gttvbppsiybwtpahvrbhortrptkr/Build/Products/Debug-iphonesimulator/StreamChat_StreamChatUI.bundle (in target 'StreamChat_StreamChatUI' from project 'StreamChat')
    cd /Users/alexmontesino/Library/Developer/Xcode/DerivedData/Gym_API-gttvbppsiybwtpahvrbhortrptkr/SourcePackages/checkouts/stream-chat-swift
    /bin/mkdir -p /Users/alexmontesino/Library/Developer/Xcode/DerivedData/Gym_API-gttvbppsiybwtpahvrbhortrptkr/Build/Products/Debug-iphonesimulator/StreamChat_StreamChatUI.bundle

MkDir /Users/alexmontesino/Library/Developer/Xcode/DerivedData/Gym_API-gttvbppsiybwtpahvrbhortrptkr/Build/Products/Debug-iphonesimulator/StreamChat_StreamChat.bundle (in target 'StreamChat_StreamChat' from project 'StreamChat')
    cd /Users/alexmontesino/Library/Developer/Xcode/DerivedData/Gym_API-gttvbppsiybwtpahvrbhortrptkr/SourcePackages/checkouts/stream-chat-swift
    /bin/mkdir -p /Users/alexmontesino/Library/Developer/Xcode/DerivedData/Gym_API-gttvbppsiybwtpahvrbhortrptkr/Build/Products/Debug-iphonesimulator/StreamChat_StreamChat.bundle

MkDir /Users/alexmontesino/Library/Developer/Xcode/DerivedData/Gym_API-gttvbppsiybwtpahvrbhortrptkr/Build/Products/Debug-iphonesimulator/Auth0_Auth0.bundle (in target 'Auth0_Auth0' from project 'Auth0')
    cd /Users/alexmontesino/Library/Developer/Xcode/DerivedData/Gym_API-gttvbppsiybwtpahvrbhortrptkr/SourcePackages/checkouts/Auth0.swift
    /bin/mkdir -p /Users/alexmontesino/Library/Developer/Xcode/DerivedData/Gym_API-gttvbppsiybwtpahvrbhortrptkr/Build/Products/Debug-iphonesimulator/Auth0_Auth0.bundle

Copy /Users/alexmontesino/Library/Developer/Xcode/DerivedData/Gym_API-gttvbppsiybwtpahvrbhortrptkr/Build/Intermediates.noindex/GeneratedModuleMaps-iphonesimulator/JWTDecode.modulemap /Users/alexmontesino/Library/Developer/Xcode/DerivedData/Gym_API-gttvbppsiybwtpahvrbhortrptkr/Build/Intermediates.noindex/JWTDecode.build/Debug-iphonesimulator/JWTDecode.build/JWTDecode.modulemap (in target 'JWTDecode' from project 'JWTDecode')
    cd /Users/alexmontesino/Library/Developer/Xcode/DerivedData/Gym_API-gttvbppsiybwtpahvrbhortrptkr/SourcePackages/checkouts/JWTDecode.swift
    builtin-copy -exclude .DS_Store -exclude CVS -exclude .svn -exclude .git -exclude .hg -resolve-src-symlinks /Users/alexmontesino/Library/Developer/Xcode/DerivedData/Gym_API-gttvbppsiybwtpahvrbhortrptkr/Build/Intermediates.noindex/JWTDecode.build/Debug-iphonesimulator/JWTDecode.build/JWTDecode.modulemap /Users/alexmontesino/Library/Developer/Xcode/DerivedData/Gym_API-gttvbppsiybwtpahvrbhortrptkr/Build/Intermediates.noindex/GeneratedModuleMaps-iphonesimulator

Copy /Users/alexmontesino/Library/Developer/Xcode/DerivedData/Gym_API-gttvbppsiybwtpahvrbhortrptkr/Build/Intermediates.noindex/GeneratedModuleMaps-iphonesimulator/Auth0.modulemap /Users/alexmontesino/Library/Developer/Xcode/DerivedData/Gym_API-gttvbppsiybwtpahvrbhortrptkr/Build/Intermediates.noindex/Auth0.build/Debug-iphonesimulator/Auth0.build/Auth0.modulemap (in target 'Auth0' from project 'Auth0')
    cd /Users/alexmontesino/Library/Developer/Xcode/DerivedData/Gym_API-gttvbppsiybwtpahvrbhortrptkr/SourcePackages/checkouts/Auth0.swift
    builtin-copy -exclude .DS_Store -exclude CVS -exclude .svn -exclude .git -exclude .hg -resolve-src-symlinks /Users/alexmontesino/Library/Developer/Xcode/DerivedData/Gym_API-gttvbppsiybwtpahvrbhortrptkr/Build/Intermediates.noindex/Auth0.build/Debug-iphonesimulator/Auth0.build/Auth0.modulemap /Users/alexmontesino/Library/Developer/Xcode/DerivedData/Gym_API-gttvbppsiybwtpahvrbhortrptkr/Build/Intermediates.noindex/GeneratedModuleMaps-iphonesimulator

Copy /Users/alexmontesino/Library/Developer/Xcode/DerivedData/Gym_API-gttvbppsiybwtpahvrbhortrptkr/Build/Intermediates.noindex/GeneratedModuleMaps-iphonesimulator/StreamChatUI.modulemap /Users/alexmontesino/Library/Developer/Xcode/DerivedData/Gym_API-gttvbppsiybwtpahvrbhortrptkr/Build/Intermediates.noindex/StreamChat.build/Debug-iphonesimulator/StreamChatUI.build/StreamChatUI.modulemap (in target 'StreamChatUI' from project 'StreamChat')
    cd /Users/alexmontesino/Library/Developer/Xcode/DerivedData/Gym_API-gttvbppsiybwtpahvrbhortrptkr/SourcePackages/checkouts/stream-chat-swift
    builtin-copy -exclude .DS_Store -exclude CVS -exclude .svn -exclude .git -exclude .hg -resolve-src-symlinks /Users/alexmontesino/Library/Developer/Xcode/DerivedData/Gym_API-gttvbppsiybwtpahvrbhortrptkr/Build/Intermediates.noindex/StreamChat.build/Debug-iphonesimulator/StreamChatUI.build/StreamChatUI.modulemap /Users/alexmontesino/Library/Developer/Xcode/DerivedData/Gym_API-gttvbppsiybwtpahvrbhortrptkr/Build/Intermediates.noindex/GeneratedModuleMaps-iphonesimulator

Copy /Users/alexmontesino/Library/Developer/Xcode/DerivedData/Gym_API-gttvbppsiybwtpahvrbhortrptkr/Build/Intermediates.noindex/GeneratedModuleMaps-iphonesimulator/StreamChat.modulemap /Users/alexmontesino/Library/Developer/Xcode/DerivedData/Gym_API-gttvbppsiybwtpahvrbhortrptkr/Build/Intermediates.noindex/StreamChat.build/Debug-iphonesimulator/StreamChat.build/StreamChat.modulemap (in target 'StreamChat' from project 'StreamChat')
    cd /Users/alexmontesino/Library/Developer/Xcode/DerivedData/Gym_API-gttvbppsiybwtpahvrbhortrptkr/SourcePackages/checkouts/stream-chat-swift
    builtin-copy -exclude .DS_Store -exclude CVS -exclude .svn -exclude .git -exclude .hg -resolve-src-symlinks /Users/alexmontesino/Library/Developer/Xcode/DerivedData/Gym_API-gttvbppsiybwtpahvrbhortrptkr/Build/Intermediates.noindex/StreamChat.build/Debug-iphonesimulator/StreamChat.build/StreamChat.modulemap /Users/alexmontesino/Library/Developer/Xcode/DerivedData/Gym_API-gttvbppsiybwtpahvrbhortrptkr/Build/Intermediates.noindex/GeneratedModuleMaps-iphonesimulator

Copy /Users/alexmontesino/Library/Developer/Xcode/DerivedData/Gym_API-gttvbppsiybwtpahvrbhortrptkr/Build/Intermediates.noindex/GeneratedModuleMaps-iphonesimulator/SimpleKeychain.modulemap /Users/alexmontesino/Library/Developer/Xcode/DerivedData/Gym_API-gttvbppsiybwtpahvrbhortrptkr/Build/Intermediates.noindex/SimpleKeychain.build/Debug-iphonesimulator/SimpleKeychain.build/SimpleKeychain.modulemap (in target 'SimpleKeychain' from project 'SimpleKeychain')
    cd /Users/alexmontesino/Library/Developer/Xcode/DerivedData/Gym_API-gttvbppsiybwtpahvrbhortrptkr/SourcePackages/checkouts/SimpleKeychain
    builtin-copy -exclude .DS_Store -exclude CVS -exclude .svn -exclude .git -exclude .hg -resolve-src-symlinks /Users/alexmontesino/Library/Developer/Xcode/DerivedData/Gym_API-gttvbppsiybwtpahvrbhortrptkr/Build/Intermediates.noindex/SimpleKeychain.build/Debug-iphonesimulator/SimpleKeychain.build/SimpleKeychain.modulemap /Users/alexmontesino/Library/Developer/Xcode/DerivedData/Gym_API-gttvbppsiybwtpahvrbhortrptkr/Build/Intermediates.noindex/GeneratedModuleMaps-iphonesimulator

MkDir /Users/alexmontesino/Library/Developer/Xcode/DerivedData/Gym_API-gttvbppsiybwtpahvrbhortrptkr/Build/Intermediates.noindex/StreamChat.build/Debug-iphonesimulator/StreamChat_StreamChatUI.build/assetcatalog_output/thinned (in target 'StreamChat_StreamChatUI' from project 'StreamChat')
    cd /Users/alexmontesino/Library/Developer/Xcode/DerivedData/Gym_API-gttvbppsiybwtpahvrbhortrptkr/SourcePackages/checkouts/stream-chat-swift
    /bin/mkdir -p /Users/alexmontesino/Library/Developer/Xcode/DerivedData/Gym_API-gttvbppsiybwtpahvrbhortrptkr/Build/Intermediates.noindex/StreamChat.build/Debug-iphonesimulator/StreamChat_StreamChatUI.build/assetcatalog_output/thinned

MkDir /Users/alexmontesino/Library/Developer/Xcode/DerivedData/Gym_API-gttvbppsiybwtpahvrbhortrptkr/Build/Intermediates.noindex/StreamChat.build/Debug-iphonesimulator/StreamChat_StreamChatUI.build/assetcatalog_output/unthinned (in target 'StreamChat_StreamChatUI' from project 'StreamChat')
    cd /Users/alexmontesino/Library/Developer/Xcode/DerivedData/Gym_API-gttvbppsiybwtpahvrbhortrptkr/SourcePackages/checkouts/stream-chat-swift
    /bin/mkdir -p /Users/alexmontesino/Library/Developer/Xcode/DerivedData/Gym_API-gttvbppsiybwtpahvrbhortrptkr/Build/Intermediates.noindex/StreamChat.build/Debug-iphonesimulator/StreamChat_StreamChatUI.build/assetcatalog_output/unthinned

ProcessInfoPlistFile /Users/alexmontesino/Library/Developer/Xcode/DerivedData/Gym_API-gttvbppsiybwtpahvrbhortrptkr/Build/Products/Debug-iphonesimulator/StreamChat_StreamChat.bundle/Info.plist /Users/alexmontesino/Library/Developer/Xcode/DerivedData/Gym_API-gttvbppsiybwtpahvrbhortrptkr/Build/Intermediates.noindex/StreamChat.build/Debug-iphonesimulator/StreamChat_StreamChat.build/empty-StreamChat_StreamChat.plist (in target 'StreamChat_StreamChat' from project 'StreamChat')
    cd /Users/alexmontesino/Library/Developer/Xcode/DerivedData/Gym_API-gttvbppsiybwtpahvrbhortrptkr/SourcePackages/checkouts/stream-chat-swift
    builtin-infoPlistUtility /Users/alexmontesino/Library/Developer/Xcode/DerivedData/Gym_API-gttvbppsiybwtpahvrbhortrptkr/Build/Intermediates.noindex/StreamChat.build/Debug-iphonesimulator/StreamChat_StreamChat.build/empty-StreamChat_StreamChat.plist -producttype com.apple.product-type.bundle -expandbuildsettings -format binary -platform iphonesimulator -o /Users/alexmontesino/Library/Developer/Xcode/DerivedData/Gym_API-gttvbppsiybwtpahvrbhortrptkr/Build/Products/Debug-iphonesimulator/StreamChat_StreamChat.bundle/Info.plist

CpResource /Users/alexmontesino/Library/Developer/Xcode/DerivedData/Gym_API-gttvbppsiybwtpahvrbhortrptkr/Build/Products/Debug-iphonesimulator/StreamChat_StreamChatUI.bundle/en.lproj/Localizable.strings /Users/alexmontesino/Library/Developer/Xcode/DerivedData/Gym_API-gttvbppsiybwtpahvrbhortrptkr/SourcePackages/checkouts/stream-chat-swift/Sources/StreamChatUI/Resources/en.lproj/Localizable.strings (in target 'StreamChat_StreamChatUI' from project 'StreamChat')
    cd /Users/alexmontesino/Library/Developer/Xcode/DerivedData/Gym_API-gttvbppsiybwtpahvrbhortrptkr/SourcePackages/checkouts/stream-chat-swift
    builtin-copy -exclude .DS_Store -exclude CVS -exclude .svn -exclude .git -exclude .hg -resolve-src-symlinks /Users/alexmontesino/Library/Developer/Xcode/DerivedData/Gym_API-gttvbppsiybwtpahvrbhortrptkr/SourcePackages/checkouts/stream-chat-swift/Sources/StreamChatUI/Resources/en.lproj/Localizable.strings /Users/alexmontesino/Library/Developer/Xcode/DerivedData/Gym_API-gttvbppsiybwtpahvrbhortrptkr/Build/Products/Debug-iphonesimulator/StreamChat_StreamChatUI.bundle/en.lproj

CpResource /Users/alexmontesino/Library/Developer/Xcode/DerivedData/Gym_API-gttvbppsiybwtpahvrbhortrptkr/Build/Products/Debug-iphonesimulator/StreamChat_StreamChatUI.bundle/en.lproj/Localizable.stringsdict /Users/alexmontesino/Library/Developer/Xcode/DerivedData/Gym_API-gttvbppsiybwtpahvrbhortrptkr/SourcePackages/checkouts/stream-chat-swift/Sources/StreamChatUI/Resources/en.lproj/Localizable.stringsdict (in target 'StreamChat_StreamChatUI' from project 'StreamChat')
    cd /Users/alexmontesino/Library/Developer/Xcode/DerivedData/Gym_API-gttvbppsiybwtpahvrbhortrptkr/SourcePackages/checkouts/stream-chat-swift
    builtin-copy -exclude .DS_Store -exclude CVS -exclude .svn -exclude .git -exclude .hg -resolve-src-symlinks /Users/alexmontesino/Library/Developer/Xcode/DerivedData/Gym_API-gttvbppsiybwtpahvrbhortrptkr/SourcePackages/checkouts/stream-chat-swift/Sources/StreamChatUI/Resources/en.lproj/Localizable.stringsdict /Users/alexmontesino/Library/Developer/Xcode/DerivedData/Gym_API-gttvbppsiybwtpahvrbhortrptkr/Build/Products/Debug-iphonesimulator/StreamChat_StreamChatUI.bundle/en.lproj

DataModelCompile /Users/alexmontesino/Library/Developer/Xcode/DerivedData/Gym_API-gttvbppsiybwtpahvrbhortrptkr/Build/Products/Debug-iphonesimulator/StreamChat_StreamChat.bundle/ /Users/alexmontesino/Library/Developer/Xcode/DerivedData/Gym_API-gttvbppsiybwtpahvrbhortrptkr/SourcePackages/checkouts/stream-chat-swift/Sources/StreamChat/Database/StreamChatModel.xcdatamodeld (in target 'StreamChat_StreamChat' from project 'StreamChat')
    cd /Users/alexmontesino/Library/Developer/Xcode/DerivedData/Gym_API-gttvbppsiybwtpahvrbhortrptkr/SourcePackages/checkouts/stream-chat-swift
    /Applications/Xcode.app/Contents/Developer/usr/bin/momc --sdkroot /Applications/Xcode.app/Contents/Developer/Platforms/iPhoneSimulator.platform/Developer/SDKs/iPhoneSimulator18.5.sdk --iphonesimulator-deployment-target 13.0 --module StreamChat_StreamChat /Users/alexmontesino/Library/Developer/Xcode/DerivedData/Gym_API-gttvbppsiybwtpahvrbhortrptkr/SourcePackages/checkouts/stream-chat-swift/Sources/StreamChat/Database/StreamChatModel.xcdatamodeld /Users/alexmontesino/Library/Developer/Xcode/DerivedData/Gym_API-gttvbppsiybwtpahvrbhortrptkr/Build/Products/Debug-iphonesimulator/StreamChat_StreamChat.bundle/
StreamChatModel.xcdatamodel: note: Model StreamChatModel version checksum: W4+ceqrg5VHEPkWQBVG+tBHn6pwgWgWcEM3HWKap6WE=

ProcessInfoPlistFile /Users/alexmontesino/Library/Developer/Xcode/DerivedData/Gym_API-gttvbppsiybwtpahvrbhortrptkr/Build/Products/Debug-iphonesimulator/Auth0_Auth0.bundle/Info.plist /Users/alexmontesino/Library/Developer/Xcode/DerivedData/Gym_API-gttvbppsiybwtpahvrbhortrptkr/Build/Intermediates.noindex/Auth0.build/Debug-iphonesimulator/Auth0_Auth0.build/empty-Auth0_Auth0.plist (in target 'Auth0_Auth0' from project 'Auth0')
    cd /Users/alexmontesino/Library/Developer/Xcode/DerivedData/Gym_API-gttvbppsiybwtpahvrbhortrptkr/SourcePackages/checkouts/Auth0.swift
    builtin-infoPlistUtility /Users/alexmontesino/Library/Developer/Xcode/DerivedData/Gym_API-gttvbppsiybwtpahvrbhortrptkr/Build/Intermediates.noindex/Auth0.build/Debug-iphonesimulator/Auth0_Auth0.build/empty-Auth0_Auth0.plist -producttype com.apple.product-type.bundle -expandbuildsettings -format binary -platform iphonesimulator -o /Users/alexmontesino/Library/Developer/Xcode/DerivedData/Gym_API-gttvbppsiybwtpahvrbhortrptkr/Build/Products/Debug-iphonesimulator/Auth0_Auth0.bundle/Info.plist

CpResource /Users/alexmontesino/Library/Developer/Xcode/DerivedData/Gym_API-gttvbppsiybwtpahvrbhortrptkr/Build/Products/Debug-iphonesimulator/Auth0_Auth0.bundle/PrivacyInfo.xcprivacy /Users/alexmontesino/Library/Developer/Xcode/DerivedData/Gym_API-gttvbppsiybwtpahvrbhortrptkr/SourcePackages/checkouts/Auth0.swift/Auth0/PrivacyInfo.xcprivacy (in target 'Auth0_Auth0' from project 'Auth0')
    cd /Users/alexmontesino/Library/Developer/Xcode/DerivedData/Gym_API-gttvbppsiybwtpahvrbhortrptkr/SourcePackages/checkouts/Auth0.swift
    builtin-copy -exclude .DS_Store -exclude CVS -exclude .svn -exclude .git -exclude .hg -resolve-src-symlinks /Users/alexmontesino/Library/Developer/Xcode/DerivedData/Gym_API-gttvbppsiybwtpahvrbhortrptkr/SourcePackages/checkouts/Auth0.swift/Auth0/PrivacyInfo.xcprivacy /Users/alexmontesino/Library/Developer/Xcode/DerivedData/Gym_API-gttvbppsiybwtpahvrbhortrptkr/Build/Products/Debug-iphonesimulator/Auth0_Auth0.bundle

CompileAssetCatalogVariant thinned /Users/alexmontesino/Library/Developer/Xcode/DerivedData/Gym_API-gttvbppsiybwtpahvrbhortrptkr/Build/Products/Debug-iphonesimulator/StreamChat_StreamChatUI.bundle /Users/alexmontesino/Library/Developer/Xcode/DerivedData/Gym_API-gttvbppsiybwtpahvrbhortrptkr/SourcePackages/checkouts/stream-chat-swift/Sources/StreamChatUI/Resources/Assets.xcassets (in target 'StreamChat_StreamChatUI' from project 'StreamChat')
    cd /Users/alexmontesino/Library/Developer/Xcode/DerivedData/Gym_API-gttvbppsiybwtpahvrbhortrptkr/SourcePackages/checkouts/stream-chat-swift
    /Applications/Xcode.app/Contents/Developer/usr/bin/actool /Users/alexmontesino/Library/Developer/Xcode/DerivedData/Gym_API-gttvbppsiybwtpahvrbhortrptkr/SourcePackages/checkouts/stream-chat-swift/Sources/StreamChatUI/Resources/Assets.xcassets --compile /Users/alexmontesino/Library/Developer/Xcode/DerivedData/Gym_API-gttvbppsiybwtpahvrbhortrptkr/Build/Intermediates.noindex/StreamChat.build/Debug-iphonesimulator/StreamChat_StreamChatUI.build/assetcatalog_output/thinned --output-format human-readable-text --notices --warnings --export-dependency-info /Users/alexmontesino/Library/Developer/Xcode/DerivedData/Gym_API-gttvbppsiybwtpahvrbhortrptkr/Build/Intermediates.noindex/StreamChat.build/Debug-iphonesimulator/StreamChat_StreamChatUI.build/assetcatalog_dependencies_thinned --output-partial-info-plist /Users/alexmontesino/Library/Developer/Xcode/DerivedData/Gym_API-gttvbppsiybwtpahvrbhortrptkr/Build/Intermediates.noindex/StreamChat.build/Debug-iphonesimulator/StreamChat_StreamChatUI.build/assetcatalog_generated_info.plist_thinned --compress-pngs --enable-on-demand-resources NO --filter-for-thinning-device-configuration iPhone16,1 --filter-for-device-os-version 17.0.1 --development-region en --target-device iphone --target-device ipad --minimum-deployment-target 13.0 --platform iphonesimulator
/* com.apple.actool.compilation-results */
/Users/alexmontesino/Library/Developer/Xcode/DerivedData/Gym_API-gttvbppsiybwtpahvrbhortrptkr/Build/Intermediates.noindex/StreamChat.build/Debug-iphonesimulator/StreamChat_StreamChatUI.build/assetcatalog_generated_info.plist_thinned
/Users/alexmontesino/Library/Developer/Xcode/DerivedData/Gym_API-gttvbppsiybwtpahvrbhortrptkr/Build/Intermediates.noindex/StreamChat.build/Debug-iphonesimulator/StreamChat_StreamChatUI.build/assetcatalog_output/thinned/Assets.car


ProcessXCFramework /Users/alexmontesino/Library/Developer/Xcode/DerivedData/Gym_API-gttvbppsiybwtpahvrbhortrptkr/SourcePackages/artifacts/onesignal-ios-sdk/OneSignalUser/OneSignalUser.xcframework /Users/alexmontesino/Library/Developer/Xcode/DerivedData/Gym_API-gttvbppsiybwtpahvrbhortrptkr/Build/Products/Debug-iphonesimulator/OneSignalUser.framework ios simulator
    cd /Users/alexmontesino/Documents/GYM-API-IOS/Gym_API/Gym_API.xcodeproj
    builtin-process-xcframework --xcframework /Users/alexmontesino/Library/Developer/Xcode/DerivedData/Gym_API-gttvbppsiybwtpahvrbhortrptkr/SourcePackages/artifacts/onesignal-ios-sdk/OneSignalUser/OneSignalUser.xcframework --platform ios --environment simulator --target-path /Users/alexmontesino/Library/Developer/Xcode/DerivedData/Gym_API-gttvbppsiybwtpahvrbhortrptkr/Build/Products/Debug-iphonesimulator
/Users/alexmontesino/Library/Developer/Xcode/DerivedData/Gym_API-gttvbppsiybwtpahvrbhortrptkr/SourcePackages/artifacts/onesignal-ios-sdk/OneSignalUser/OneSignalUser.xcframework:1:1: note: The identity of “OneSignalUser.xcframework” is not recorded in your project.

ProcessXCFramework /Users/alexmontesino/Library/Developer/Xcode/DerivedData/Gym_API-gttvbppsiybwtpahvrbhortrptkr/SourcePackages/artifacts/onesignal-ios-sdk/OneSignalOutcomes/OneSignalOutcomes.xcframework /Users/alexmontesino/Library/Developer/Xcode/DerivedData/Gym_API-gttvbppsiybwtpahvrbhortrptkr/Build/Products/Debug-iphonesimulator/OneSignalOutcomes.framework ios simulator
    cd /Users/alexmontesino/Documents/GYM-API-IOS/Gym_API/Gym_API.xcodeproj
    builtin-process-xcframework --xcframework /Users/alexmontesino/Library/Developer/Xcode/DerivedData/Gym_API-gttvbppsiybwtpahvrbhortrptkr/SourcePackages/artifacts/onesignal-ios-sdk/OneSignalOutcomes/OneSignalOutcomes.xcframework --platform ios --environment simulator --target-path /Users/alexmontesino/Library/Developer/Xcode/DerivedData/Gym_API-gttvbppsiybwtpahvrbhortrptkr/Build/Products/Debug-iphonesimulator
/Users/alexmontesino/Library/Developer/Xcode/DerivedData/Gym_API-gttvbppsiybwtpahvrbhortrptkr/SourcePackages/artifacts/onesignal-ios-sdk/OneSignalOutcomes/OneSignalOutcomes.xcframework:1:1: note: The identity of “OneSignalOutcomes.xcframework” is not recorded in your project.

ProcessXCFramework /Users/alexmontesino/Library/Developer/Xcode/DerivedData/Gym_API-gttvbppsiybwtpahvrbhortrptkr/SourcePackages/artifacts/onesignal-ios-sdk/OneSignalNotifications/OneSignalNotifications.xcframework /Users/alexmontesino/Library/Developer/Xcode/DerivedData/Gym_API-gttvbppsiybwtpahvrbhortrptkr/Build/Products/Debug-iphonesimulator/OneSignalNotifications.framework ios simulator
    cd /Users/alexmontesino/Documents/GYM-API-IOS/Gym_API/Gym_API.xcodeproj
    builtin-process-xcframework --xcframework /Users/alexmontesino/Library/Developer/Xcode/DerivedData/Gym_API-gttvbppsiybwtpahvrbhortrptkr/SourcePackages/artifacts/onesignal-ios-sdk/OneSignalNotifications/OneSignalNotifications.xcframework --platform ios --environment simulator --target-path /Users/alexmontesino/Library/Developer/Xcode/DerivedData/Gym_API-gttvbppsiybwtpahvrbhortrptkr/Build/Products/Debug-iphonesimulator
/Users/alexmontesino/Library/Developer/Xcode/DerivedData/Gym_API-gttvbppsiybwtpahvrbhortrptkr/SourcePackages/artifacts/onesignal-ios-sdk/OneSignalNotifications/OneSignalNotifications.xcframework:1:1: note: The identity of “OneSignalNotifications.xcframework” is not recorded in your project.

ProcessXCFramework /Users/alexmontesino/Library/Developer/Xcode/DerivedData/Gym_API-gttvbppsiybwtpahvrbhortrptkr/SourcePackages/artifacts/onesignal-ios-sdk/OneSignalLiveActivities/OneSignalLiveActivities.xcframework /Users/alexmontesino/Library/Developer/Xcode/DerivedData/Gym_API-gttvbppsiybwtpahvrbhortrptkr/Build/Products/Debug-iphonesimulator/OneSignalLiveActivities.framework ios simulator
    cd /Users/alexmontesino/Documents/GYM-API-IOS/Gym_API/Gym_API.xcodeproj
    builtin-process-xcframework --xcframework /Users/alexmontesino/Library/Developer/Xcode/DerivedData/Gym_API-gttvbppsiybwtpahvrbhortrptkr/SourcePackages/artifacts/onesignal-ios-sdk/OneSignalLiveActivities/OneSignalLiveActivities.xcframework --platform ios --environment simulator --target-path /Users/alexmontesino/Library/Developer/Xcode/DerivedData/Gym_API-gttvbppsiybwtpahvrbhortrptkr/Build/Products/Debug-iphonesimulator
/Users/alexmontesino/Library/Developer/Xcode/DerivedData/Gym_API-gttvbppsiybwtpahvrbhortrptkr/SourcePackages/artifacts/onesignal-ios-sdk/OneSignalLiveActivities/OneSignalLiveActivities.xcframework:1:1: note: The identity of “OneSignalLiveActivities.xcframework” is not recorded in your project.

ProcessXCFramework /Users/alexmontesino/Library/Developer/Xcode/DerivedData/Gym_API-gttvbppsiybwtpahvrbhortrptkr/SourcePackages/artifacts/onesignal-ios-sdk/OneSignalOSCore/OneSignalOSCore.xcframework /Users/alexmontesino/Library/Developer/Xcode/DerivedData/Gym_API-gttvbppsiybwtpahvrbhortrptkr/Build/Products/Debug-iphonesimulator/OneSignalOSCore.framework ios simulator
    cd /Users/alexmontesino/Documents/GYM-API-IOS/Gym_API/Gym_API.xcodeproj
    builtin-process-xcframework --xcframework /Users/alexmontesino/Library/Developer/Xcode/DerivedData/Gym_API-gttvbppsiybwtpahvrbhortrptkr/SourcePackages/artifacts/onesignal-ios-sdk/OneSignalOSCore/OneSignalOSCore.xcframework --platform ios --environment simulator --target-path /Users/alexmontesino/Library/Developer/Xcode/DerivedData/Gym_API-gttvbppsiybwtpahvrbhortrptkr/Build/Products/Debug-iphonesimulator
/Users/alexmontesino/Library/Developer/Xcode/DerivedData/Gym_API-gttvbppsiybwtpahvrbhortrptkr/SourcePackages/artifacts/onesignal-ios-sdk/OneSignalOSCore/OneSignalOSCore.xcframework:1:1: note: The identity of “OneSignalOSCore.xcframework” is not recorded in your project.

ProcessXCFramework /Users/alexmontesino/Library/Developer/Xcode/DerivedData/Gym_API-gttvbppsiybwtpahvrbhortrptkr/SourcePackages/artifacts/onesignal-ios-sdk/OneSignalFramework/OneSignalFramework.xcframework /Users/alexmontesino/Library/Developer/Xcode/DerivedData/Gym_API-gttvbppsiybwtpahvrbhortrptkr/Build/Products/Debug-iphonesimulator/OneSignalFramework.framework ios simulator
    cd /Users/alexmontesino/Documents/GYM-API-IOS/Gym_API/Gym_API.xcodeproj
    builtin-process-xcframework --xcframework /Users/alexmontesino/Library/Developer/Xcode/DerivedData/Gym_API-gttvbppsiybwtpahvrbhortrptkr/SourcePackages/artifacts/onesignal-ios-sdk/OneSignalFramework/OneSignalFramework.xcframework --platform ios --environment simulator --target-path /Users/alexmontesino/Library/Developer/Xcode/DerivedData/Gym_API-gttvbppsiybwtpahvrbhortrptkr/Build/Products/Debug-iphonesimulator
/Users/alexmontesino/Library/Developer/Xcode/DerivedData/Gym_API-gttvbppsiybwtpahvrbhortrptkr/SourcePackages/artifacts/onesignal-ios-sdk/OneSignalFramework/OneSignalFramework.xcframework:1:1: note: The identity of “OneSignalFramework.xcframework” is not recorded in your project.

ProcessXCFramework /Users/alexmontesino/Library/Developer/Xcode/DerivedData/Gym_API-gttvbppsiybwtpahvrbhortrptkr/SourcePackages/artifacts/onesignal-ios-sdk/OneSignalExtension/OneSignalExtension.xcframework /Users/alexmontesino/Library/Developer/Xcode/DerivedData/Gym_API-gttvbppsiybwtpahvrbhortrptkr/Build/Products/Debug-iphonesimulator/OneSignalExtension.framework ios simulator
    cd /Users/alexmontesino/Documents/GYM-API-IOS/Gym_API/Gym_API.xcodeproj
    builtin-process-xcframework --xcframework /Users/alexmontesino/Library/Developer/Xcode/DerivedData/Gym_API-gttvbppsiybwtpahvrbhortrptkr/SourcePackages/artifacts/onesignal-ios-sdk/OneSignalExtension/OneSignalExtension.xcframework --platform ios --environment simulator --target-path /Users/alexmontesino/Library/Developer/Xcode/DerivedData/Gym_API-gttvbppsiybwtpahvrbhortrptkr/Build/Products/Debug-iphonesimulator
/Users/alexmontesino/Library/Developer/Xcode/DerivedData/Gym_API-gttvbppsiybwtpahvrbhortrptkr/SourcePackages/artifacts/onesignal-ios-sdk/OneSignalExtension/OneSignalExtension.xcframework:1:1: note: The identity of “OneSignalExtension.xcframework” is not recorded in your project.

ProcessXCFramework /Users/alexmontesino/Library/Developer/Xcode/DerivedData/Gym_API-gttvbppsiybwtpahvrbhortrptkr/SourcePackages/artifacts/onesignal-ios-sdk/OneSignalCore/OneSignalCore.xcframework /Users/alexmontesino/Library/Developer/Xcode/DerivedData/Gym_API-gttvbppsiybwtpahvrbhortrptkr/Build/Products/Debug-iphonesimulator/OneSignalCore.framework ios simulator
    cd /Users/alexmontesino/Documents/GYM-API-IOS/Gym_API/Gym_API.xcodeproj
    builtin-process-xcframework --xcframework /Users/alexmontesino/Library/Developer/Xcode/DerivedData/Gym_API-gttvbppsiybwtpahvrbhortrptkr/SourcePackages/artifacts/onesignal-ios-sdk/OneSignalCore/OneSignalCore.xcframework --platform ios --environment simulator --target-path /Users/alexmontesino/Library/Developer/Xcode/DerivedData/Gym_API-gttvbppsiybwtpahvrbhortrptkr/Build/Products/Debug-iphonesimulator
/Users/alexmontesino/Library/Developer/Xcode/DerivedData/Gym_API-gttvbppsiybwtpahvrbhortrptkr/SourcePackages/artifacts/onesignal-ios-sdk/OneSignalCore/OneSignalCore.xcframework:1:1: note: The identity of “OneSignalCore.xcframework” is not recorded in your project.

CodeSign /Users/alexmontesino/Library/Developer/Xcode/DerivedData/Gym_API-gttvbppsiybwtpahvrbhortrptkr/Build/Products/Debug-iphonesimulator/Auth0_Auth0.bundle (in target 'Auth0_Auth0' from project 'Auth0')
    cd /Users/alexmontesino/Library/Developer/Xcode/DerivedData/Gym_API-gttvbppsiybwtpahvrbhortrptkr/SourcePackages/checkouts/Auth0.swift
    
    Signing Identity:     "Sign to Run Locally"
    
    /usr/bin/codesign --force --sign - --timestamp\=none --generate-entitlement-der /Users/alexmontesino/Library/Developer/Xcode/DerivedData/Gym_API-gttvbppsiybwtpahvrbhortrptkr/Build/Products/Debug-iphonesimulator/Auth0_Auth0.bundle

RegisterExecutionPolicyException /Users/alexmontesino/Library/Developer/Xcode/DerivedData/Gym_API-gttvbppsiybwtpahvrbhortrptkr/Build/Products/Debug-iphonesimulator/Auth0_Auth0.bundle (in target 'Auth0_Auth0' from project 'Auth0')
    cd /Users/alexmontesino/Library/Developer/Xcode/DerivedData/Gym_API-gttvbppsiybwtpahvrbhortrptkr/SourcePackages/checkouts/Auth0.swift
    builtin-RegisterExecutionPolicyException /Users/alexmontesino/Library/Developer/Xcode/DerivedData/Gym_API-gttvbppsiybwtpahvrbhortrptkr/Build/Products/Debug-iphonesimulator/Auth0_Auth0.bundle

Touch /Users/alexmontesino/Library/Developer/Xcode/DerivedData/Gym_API-gttvbppsiybwtpahvrbhortrptkr/Build/Products/Debug-iphonesimulator/Auth0_Auth0.bundle (in target 'Auth0_Auth0' from project 'Auth0')
    cd /Users/alexmontesino/Library/Developer/Xcode/DerivedData/Gym_API-gttvbppsiybwtpahvrbhortrptkr/SourcePackages/checkouts/Auth0.swift
    /usr/bin/touch -c /Users/alexmontesino/Library/Developer/Xcode/DerivedData/Gym_API-gttvbppsiybwtpahvrbhortrptkr/Build/Products/Debug-iphonesimulator/Auth0_Auth0.bundle

SwiftDriver SimpleKeychain normal arm64 com.apple.xcode.tools.swift.compiler (in target 'SimpleKeychain' from project 'SimpleKeychain')
    cd /Users/alexmontesino/Documents/GYM-API-IOS/Gym_API/Gym_API.xcodeproj
    builtin-SwiftDriver -- /Applications/Xcode.app/Contents/Developer/Toolchains/XcodeDefault.xctoolchain/usr/bin/swiftc -module-name SimpleKeychain -Onone -enforce-exclusivity\=checked @/Users/alexmontesino/Library/Developer/Xcode/DerivedData/Gym_API-gttvbppsiybwtpahvrbhortrptkr/Build/Intermediates.noindex/SimpleKeychain.build/Debug-iphonesimulator/SimpleKeychain.build/Objects-normal/arm64/SimpleKeychain.SwiftFileList -DSWIFT_PACKAGE -DDEBUG -DXcode -plugin-path /Applications/Xcode.app/Contents/Developer/Toolchains/XcodeDefault.xctoolchain/usr/lib/swift/host/plugins/testing -enable-experimental-feature DebugDescriptionMacro -sdk /Applications/Xcode.app/Contents/Developer/Platforms/iPhoneSimulator.platform/Developer/SDKs/iPhoneSimulator18.5.sdk -target arm64-apple-ios14.0-simulator -g -module-cache-path /Users/alexmontesino/Library/Developer/Xcode/DerivedData/ModuleCache.noindex -Xfrontend -serialize-debugging-options -profile-coverage-mapping -profile-generate -enable-testing -suppress-warnings -index-store-path /Users/alexmontesino/Library/Developer/Xcode/DerivedData/Gym_API-gttvbppsiybwtpahvrbhortrptkr/Index.noindex/DataStore -swift-version 5 -I /Users/alexmontesino/Library/Developer/Xcode/DerivedData/Gym_API-gttvbppsiybwtpahvrbhortrptkr/Build/Products/Debug-iphonesimulator -I /Applications/Xcode.app/Contents/Developer/Platforms/iPhoneSimulator.platform/Developer/usr/lib -F /Users/alexmontesino/Library/Developer/Xcode/DerivedData/Gym_API-gttvbppsiybwtpahvrbhortrptkr/Build/Products/Debug-iphonesimulator -F /Applications/Xcode.app/Contents/Developer/Platforms/iPhoneSimulator.platform/Developer/Library/Frameworks -F /Applications/Xcode.app/Contents/Developer/Platforms/iPhoneSimulator.platform/Developer/SDKs/iPhoneSimulator18.5.sdk/Developer/Library/Frameworks -c -j10 -enable-batch-mode -incremental -Xcc -ivfsstatcache -Xcc /Users/alexmontesino/Library/Developer/Xcode/DerivedData/SDKStatCaches.noindex/iphonesimulator18.5-22F76-d5fc8ad4295d2ef488fb7d0f804ce0c4.sdkstatcache -output-file-map /Users/alexmontesino/Library/Developer/Xcode/DerivedData/Gym_API-gttvbppsiybwtpahvrbhortrptkr/Build/Intermediates.noindex/SimpleKeychain.build/Debug-iphonesimulator/SimpleKeychain.build/Objects-normal/arm64/SimpleKeychain-OutputFileMap.json -use-frontend-parseable-output -save-temps -no-color-diagnostics -serialize-diagnostics -emit-dependencies -emit-module -emit-module-path /Users/alexmontesino/Library/Developer/Xcode/DerivedData/Gym_API-gttvbppsiybwtpahvrbhortrptkr/Build/Intermediates.noindex/SimpleKeychain.build/Debug-iphonesimulator/SimpleKeychain.build/Objects-normal/arm64/SimpleKeychain.swiftmodule -validate-clang-modules-once -clang-build-session-file /Users/alexmontesino/Library/Developer/Xcode/DerivedData/ModuleCache.noindex/Session.modulevalidation -package-name simplekeychain -Xcc -I/Users/alexmontesino/Library/Developer/Xcode/DerivedData/Gym_API-gttvbppsiybwtpahvrbhortrptkr/Build/Intermediates.noindex/SimpleKeychain.build/Debug-iphonesimulator/SimpleKeychain.build/swift-overrides.hmap -emit-const-values -Xfrontend -const-gather-protocols-file -Xfrontend /Users/alexmontesino/Library/Developer/Xcode/DerivedData/Gym_API-gttvbppsiybwtpahvrbhortrptkr/Build/Intermediates.noindex/SimpleKeychain.build/Debug-iphonesimulator/SimpleKeychain.build/Objects-normal/arm64/SimpleKeychain_const_extract_protocols.json -Xcc -I/Users/alexmontesino/Library/Developer/Xcode/DerivedData/Gym_API-gttvbppsiybwtpahvrbhortrptkr/Build/Products/Debug-iphonesimulator/include -Xcc -I/Users/alexmontesino/Library/Developer/Xcode/DerivedData/Gym_API-gttvbppsiybwtpahvrbhortrptkr/Build/Intermediates.noindex/SimpleKeychain.build/Debug-iphonesimulator/SimpleKeychain.build/DerivedSources-normal/arm64 -Xcc -I/Users/alexmontesino/Library/Developer/Xcode/DerivedData/Gym_API-gttvbppsiybwtpahvrbhortrptkr/Build/Intermediates.noindex/SimpleKeychain.build/Debug-iphonesimulator/SimpleKeychain.build/DerivedSources/arm64 -Xcc -I/Users/alexmontesino/Library/Developer/Xcode/DerivedData/Gym_API-gttvbppsiybwtpahvrbhortrptkr/Build/Intermediates.noindex/SimpleKeychain.build/Debug-iphonesimulator/SimpleKeychain.build/DerivedSources -Xcc -DSWIFT_PACKAGE -Xcc -DDEBUG\=1 -emit-objc-header -emit-objc-header-path /Users/alexmontesino/Library/Developer/Xcode/DerivedData/Gym_API-gttvbppsiybwtpahvrbhortrptkr/Build/Intermediates.noindex/SimpleKeychain.build/Debug-iphonesimulator/SimpleKeychain.build/Objects-normal/arm64/SimpleKeychain-Swift.h -working-directory /Users/alexmontesino/Documents/GYM-API-IOS/Gym_API/Gym_API.xcodeproj -experimental-emit-module-separately -disable-cmo

SwiftDriver StreamChat normal arm64 com.apple.xcode.tools.swift.compiler (in target 'StreamChat' from project 'StreamChat')
    cd /Users/alexmontesino/Documents/GYM-API-IOS/Gym_API/Gym_API.xcodeproj
    builtin-SwiftDriver -- /Applications/Xcode.app/Contents/Developer/Toolchains/XcodeDefault.xctoolchain/usr/bin/swiftc -module-name StreamChat -Onone -enforce-exclusivity\=checked @/Users/alexmontesino/Library/Developer/Xcode/DerivedData/Gym_API-gttvbppsiybwtpahvrbhortrptkr/Build/Intermediates.noindex/StreamChat.build/Debug-iphonesimulator/StreamChat.build/Objects-normal/arm64/StreamChat.SwiftFileList -DSWIFT_PACKAGE -DDEBUG -DXcode -plugin-path /Applications/Xcode.app/Contents/Developer/Toolchains/XcodeDefault.xctoolchain/usr/lib/swift/host/plugins/testing -enable-experimental-feature DebugDescriptionMacro -sdk /Applications/Xcode.app/Contents/Developer/Platforms/iPhoneSimulator.platform/Developer/SDKs/iPhoneSimulator18.5.sdk -target arm64-apple-ios13.0-simulator -g -module-cache-path /Users/alexmontesino/Library/Developer/Xcode/DerivedData/ModuleCache.noindex -Xfrontend -serialize-debugging-options -profile-coverage-mapping -profile-generate -enable-testing -suppress-warnings -index-store-path /Users/alexmontesino/Library/Developer/Xcode/DerivedData/Gym_API-gttvbppsiybwtpahvrbhortrptkr/Index.noindex/DataStore -swift-version 5 -I /Users/alexmontesino/Library/Developer/Xcode/DerivedData/Gym_API-gttvbppsiybwtpahvrbhortrptkr/Build/Products/Debug-iphonesimulator -I /Applications/Xcode.app/Contents/Developer/Platforms/iPhoneSimulator.platform/Developer/usr/lib -F /Users/alexmontesino/Library/Developer/Xcode/DerivedData/Gym_API-gttvbppsiybwtpahvrbhortrptkr/Build/Products/Debug-iphonesimulator -F /Applications/Xcode.app/Contents/Developer/Platforms/iPhoneSimulator.platform/Developer/Library/Frameworks -F /Applications/Xcode.app/Contents/Developer/Platforms/iPhoneSimulator.platform/Developer/SDKs/iPhoneSimulator18.5.sdk/Developer/Library/Frameworks -emit-localized-strings -emit-localized-strings-path /Users/alexmontesino/Library/Developer/Xcode/DerivedData/Gym_API-gttvbppsiybwtpahvrbhortrptkr/Build/Intermediates.noindex/StreamChat.build/Debug-iphonesimulator/StreamChat.build/Objects-normal/arm64 -c -j10 -enable-batch-mode -incremental -Xcc -ivfsstatcache -Xcc /Users/alexmontesino/Library/Developer/Xcode/DerivedData/SDKStatCaches.noindex/iphonesimulator18.5-22F76-d5fc8ad4295d2ef488fb7d0f804ce0c4.sdkstatcache -output-file-map /Users/alexmontesino/Library/Developer/Xcode/DerivedData/Gym_API-gttvbppsiybwtpahvrbhortrptkr/Build/Intermediates.noindex/StreamChat.build/Debug-iphonesimulator/StreamChat.build/Objects-normal/arm64/StreamChat-OutputFileMap.json -use-frontend-parseable-output -save-temps -no-color-diagnostics -serialize-diagnostics -emit-dependencies -emit-module -emit-module-path /Users/alexmontesino/Library/Developer/Xcode/DerivedData/Gym_API-gttvbppsiybwtpahvrbhortrptkr/Build/Intermediates.noindex/StreamChat.build/Debug-iphonesimulator/StreamChat.build/Objects-normal/arm64/StreamChat.swiftmodule -validate-clang-modules-once -clang-build-session-file /Users/alexmontesino/Library/Developer/Xcode/DerivedData/ModuleCache.noindex/Session.modulevalidation -Xcc -I/Users/alexmontesino/Library/Developer/Xcode/DerivedData/Gym_API-gttvbppsiybwtpahvrbhortrptkr/Build/Intermediates.noindex/StreamChat.build/Debug-iphonesimulator/StreamChat.build/swift-overrides.hmap -emit-const-values -Xfrontend -const-gather-protocols-file -Xfrontend /Users/alexmontesino/Library/Developer/Xcode/DerivedData/Gym_API-gttvbppsiybwtpahvrbhortrptkr/Build/Intermediates.noindex/StreamChat.build/Debug-iphonesimulator/StreamChat.build/Objects-normal/arm64/StreamChat_const_extract_protocols.json -Xcc -I/Users/alexmontesino/Library/Developer/Xcode/DerivedData/Gym_API-gttvbppsiybwtpahvrbhortrptkr/Build/Products/Debug-iphonesimulator/include -Xcc -I/Users/alexmontesino/Library/Developer/Xcode/DerivedData/Gym_API-gttvbppsiybwtpahvrbhortrptkr/Build/Intermediates.noindex/StreamChat.build/Debug-iphonesimulator/StreamChat.build/DerivedSources-normal/arm64 -Xcc -I/Users/alexmontesino/Library/Developer/Xcode/DerivedData/Gym_API-gttvbppsiybwtpahvrbhortrptkr/Build/Intermediates.noindex/StreamChat.build/Debug-iphonesimulator/StreamChat.build/DerivedSources/arm64 -Xcc -I/Users/alexmontesino/Library/Developer/Xcode/DerivedData/Gym_API-gttvbppsiybwtpahvrbhortrptkr/Build/Intermediates.noindex/StreamChat.build/Debug-iphonesimulator/StreamChat.build/DerivedSources -Xcc -DSWIFT_PACKAGE -Xcc -DDEBUG\=1 -emit-objc-header -emit-objc-header-path /Users/alexmontesino/Library/Developer/Xcode/DerivedData/Gym_API-gttvbppsiybwtpahvrbhortrptkr/Build/Intermediates.noindex/StreamChat.build/Debug-iphonesimulator/StreamChat.build/Objects-normal/arm64/StreamChat-Swift.h -working-directory /Users/alexmontesino/Documents/GYM-API-IOS/Gym_API/Gym_API.xcodeproj -experimental-emit-module-separately -disable-cmo

SwiftDriver JWTDecode normal arm64 com.apple.xcode.tools.swift.compiler (in target 'JWTDecode' from project 'JWTDecode')
    cd /Users/alexmontesino/Documents/GYM-API-IOS/Gym_API/Gym_API.xcodeproj
    builtin-SwiftDriver -- /Applications/Xcode.app/Contents/Developer/Toolchains/XcodeDefault.xctoolchain/usr/bin/swiftc -module-name JWTDecode -Onone -enforce-exclusivity\=checked @/Users/alexmontesino/Library/Developer/Xcode/DerivedData/Gym_API-gttvbppsiybwtpahvrbhortrptkr/Build/Intermediates.noindex/JWTDecode.build/Debug-iphonesimulator/JWTDecode.build/Objects-normal/arm64/JWTDecode.SwiftFileList -DSWIFT_PACKAGE -DDEBUG -DXcode -plugin-path /Applications/Xcode.app/Contents/Developer/Toolchains/XcodeDefault.xctoolchain/usr/lib/swift/host/plugins/testing -enable-experimental-feature DebugDescriptionMacro -sdk /Applications/Xcode.app/Contents/Developer/Platforms/iPhoneSimulator.platform/Developer/SDKs/iPhoneSimulator18.5.sdk -target arm64-apple-ios14.0-simulator -g -module-cache-path /Users/alexmontesino/Library/Developer/Xcode/DerivedData/ModuleCache.noindex -Xfrontend -serialize-debugging-options -profile-coverage-mapping -profile-generate -enable-testing -suppress-warnings -index-store-path /Users/alexmontesino/Library/Developer/Xcode/DerivedData/Gym_API-gttvbppsiybwtpahvrbhortrptkr/Index.noindex/DataStore -swift-version 5 -I /Users/alexmontesino/Library/Developer/Xcode/DerivedData/Gym_API-gttvbppsiybwtpahvrbhortrptkr/Build/Products/Debug-iphonesimulator -I /Applications/Xcode.app/Contents/Developer/Platforms/iPhoneSimulator.platform/Developer/usr/lib -F /Users/alexmontesino/Library/Developer/Xcode/DerivedData/Gym_API-gttvbppsiybwtpahvrbhortrptkr/Build/Products/Debug-iphonesimulator -F /Applications/Xcode.app/Contents/Developer/Platforms/iPhoneSimulator.platform/Developer/Library/Frameworks -F /Applications/Xcode.app/Contents/Developer/Platforms/iPhoneSimulator.platform/Developer/SDKs/iPhoneSimulator18.5.sdk/Developer/Library/Frameworks -c -j10 -enable-batch-mode -incremental -Xcc -ivfsstatcache -Xcc /Users/alexmontesino/Library/Developer/Xcode/DerivedData/SDKStatCaches.noindex/iphonesimulator18.5-22F76-d5fc8ad4295d2ef488fb7d0f804ce0c4.sdkstatcache -output-file-map /Users/alexmontesino/Library/Developer/Xcode/DerivedData/Gym_API-gttvbppsiybwtpahvrbhortrptkr/Build/Intermediates.noindex/JWTDecode.build/Debug-iphonesimulator/JWTDecode.build/Objects-normal/arm64/JWTDecode-OutputFileMap.json -use-frontend-parseable-output -save-temps -no-color-diagnostics -serialize-diagnostics -emit-dependencies -emit-module -emit-module-path /Users/alexmontesino/Library/Developer/Xcode/DerivedData/Gym_API-gttvbppsiybwtpahvrbhortrptkr/Build/Intermediates.noindex/JWTDecode.build/Debug-iphonesimulator/JWTDecode.build/Objects-normal/arm64/JWTDecode.swiftmodule -validate-clang-modules-once -clang-build-session-file /Users/alexmontesino/Library/Developer/Xcode/DerivedData/ModuleCache.noindex/Session.modulevalidation -package-name jwtdecode_swift -Xcc -I/Users/alexmontesino/Library/Developer/Xcode/DerivedData/Gym_API-gttvbppsiybwtpahvrbhortrptkr/Build/Intermediates.noindex/JWTDecode.build/Debug-iphonesimulator/JWTDecode.build/swift-overrides.hmap -emit-const-values -Xfrontend -const-gather-protocols-file -Xfrontend /Users/alexmontesino/Library/Developer/Xcode/DerivedData/Gym_API-gttvbppsiybwtpahvrbhortrptkr/Build/Intermediates.noindex/JWTDecode.build/Debug-iphonesimulator/JWTDecode.build/Objects-normal/arm64/JWTDecode_const_extract_protocols.json -Xcc -I/Users/alexmontesino/Library/Developer/Xcode/DerivedData/Gym_API-gttvbppsiybwtpahvrbhortrptkr/Build/Products/Debug-iphonesimulator/include -Xcc -I/Users/alexmontesino/Library/Developer/Xcode/DerivedData/Gym_API-gttvbppsiybwtpahvrbhortrptkr/Build/Intermediates.noindex/JWTDecode.build/Debug-iphonesimulator/JWTDecode.build/DerivedSources-normal/arm64 -Xcc -I/Users/alexmontesino/Library/Developer/Xcode/DerivedData/Gym_API-gttvbppsiybwtpahvrbhortrptkr/Build/Intermediates.noindex/JWTDecode.build/Debug-iphonesimulator/JWTDecode.build/DerivedSources/arm64 -Xcc -I/Users/alexmontesino/Library/Developer/Xcode/DerivedData/Gym_API-gttvbppsiybwtpahvrbhortrptkr/Build/Intermediates.noindex/JWTDecode.build/Debug-iphonesimulator/JWTDecode.build/DerivedSources -Xcc -DSWIFT_PACKAGE -Xcc -DDEBUG\=1 -emit-objc-header -emit-objc-header-path /Users/alexmontesino/Library/Developer/Xcode/DerivedData/Gym_API-gttvbppsiybwtpahvrbhortrptkr/Build/Intermediates.noindex/JWTDecode.build/Debug-iphonesimulator/JWTDecode.build/Objects-normal/arm64/JWTDecode-Swift.h -working-directory /Users/alexmontesino/Documents/GYM-API-IOS/Gym_API/Gym_API.xcodeproj -experimental-emit-module-separately -disable-cmo

SwiftCompile normal arm64 Compiling\ JWTDecode.swift /Users/alexmontesino/Library/Developer/Xcode/DerivedData/Gym_API-gttvbppsiybwtpahvrbhortrptkr/SourcePackages/checkouts/JWTDecode.swift/JWTDecode/JWTDecode.swift (in target 'JWTDecode' from project 'JWTDecode')

SwiftCompile normal arm64 /Users/alexmontesino/Library/Developer/Xcode/DerivedData/Gym_API-gttvbppsiybwtpahvrbhortrptkr/SourcePackages/checkouts/JWTDecode.swift/JWTDecode/JWTDecode.swift (in target 'JWTDecode' from project 'JWTDecode')
    cd /Users/alexmontesino/Documents/GYM-API-IOS/Gym_API/Gym_API.xcodeproj
    

SwiftCompile normal arm64 Compiling\ JWTDecodeError.swift /Users/alexmontesino/Library/Developer/Xcode/DerivedData/Gym_API-gttvbppsiybwtpahvrbhortrptkr/SourcePackages/checkouts/JWTDecode.swift/JWTDecode/JWTDecodeError.swift (in target 'JWTDecode' from project 'JWTDecode')

SwiftCompile normal arm64 /Users/alexmontesino/Library/Developer/Xcode/DerivedData/Gym_API-gttvbppsiybwtpahvrbhortrptkr/SourcePackages/checkouts/JWTDecode.swift/JWTDecode/JWTDecodeError.swift (in target 'JWTDecode' from project 'JWTDecode')
    cd /Users/alexmontesino/Documents/GYM-API-IOS/Gym_API/Gym_API.xcodeproj
    

SwiftCompile normal arm64 Compiling\ JWT.swift /Users/alexmontesino/Library/Developer/Xcode/DerivedData/Gym_API-gttvbppsiybwtpahvrbhortrptkr/SourcePackages/checkouts/JWTDecode.swift/JWTDecode/JWT.swift (in target 'JWTDecode' from project 'JWTDecode')

SwiftCompile normal arm64 /Users/alexmontesino/Library/Developer/Xcode/DerivedData/Gym_API-gttvbppsiybwtpahvrbhortrptkr/SourcePackages/checkouts/JWTDecode.swift/JWTDecode/JWT.swift (in target 'JWTDecode' from project 'JWTDecode')
    cd /Users/alexmontesino/Documents/GYM-API-IOS/Gym_API/Gym_API.xcodeproj
    

SwiftEmitModule normal arm64 Emitting\ module\ for\ SimpleKeychain (in target 'SimpleKeychain' from project 'SimpleKeychain')

EmitSwiftModule normal arm64 (in target 'SimpleKeychain' from project 'SimpleKeychain')
    cd /Users/alexmontesino/Documents/GYM-API-IOS/Gym_API/Gym_API.xcodeproj
    

SwiftEmitModule normal arm64 Emitting\ module\ for\ JWTDecode (in target 'JWTDecode' from project 'JWTDecode')

EmitSwiftModule normal arm64 (in target 'JWTDecode' from project 'JWTDecode')
    cd /Users/alexmontesino/Documents/GYM-API-IOS/Gym_API/Gym_API.xcodeproj
    

SwiftCompile normal arm64 Compiling\ SimpleKeychain.swift /Users/alexmontesino/Library/Developer/Xcode/DerivedData/Gym_API-gttvbppsiybwtpahvrbhortrptkr/SourcePackages/checkouts/SimpleKeychain/SimpleKeychain/SimpleKeychain.swift (in target 'SimpleKeychain' from project 'SimpleKeychain')

SwiftCompile normal arm64 /Users/alexmontesino/Library/Developer/Xcode/DerivedData/Gym_API-gttvbppsiybwtpahvrbhortrptkr/SourcePackages/checkouts/SimpleKeychain/SimpleKeychain/SimpleKeychain.swift (in target 'SimpleKeychain' from project 'SimpleKeychain')
    cd /Users/alexmontesino/Documents/GYM-API-IOS/Gym_API/Gym_API.xcodeproj
    

SwiftCompile normal arm64 Compiling\ Accessibility.swift /Users/alexmontesino/Library/Developer/Xcode/DerivedData/Gym_API-gttvbppsiybwtpahvrbhortrptkr/SourcePackages/checkouts/SimpleKeychain/SimpleKeychain/Accessibility.swift (in target 'SimpleKeychain' from project 'SimpleKeychain')

SwiftCompile normal arm64 /Users/alexmontesino/Library/Developer/Xcode/DerivedData/Gym_API-gttvbppsiybwtpahvrbhortrptkr/SourcePackages/checkouts/SimpleKeychain/SimpleKeychain/Accessibility.swift (in target 'SimpleKeychain' from project 'SimpleKeychain')
    cd /Users/alexmontesino/Documents/GYM-API-IOS/Gym_API/Gym_API.xcodeproj
    

SwiftCompile normal arm64 Compiling\ SimpleKeychainError.swift /Users/alexmontesino/Library/Developer/Xcode/DerivedData/Gym_API-gttvbppsiybwtpahvrbhortrptkr/SourcePackages/checkouts/SimpleKeychain/SimpleKeychain/SimpleKeychainError.swift (in target 'SimpleKeychain' from project 'SimpleKeychain')

SwiftCompile normal arm64 /Users/alexmontesino/Library/Developer/Xcode/DerivedData/Gym_API-gttvbppsiybwtpahvrbhortrptkr/SourcePackages/checkouts/SimpleKeychain/SimpleKeychain/SimpleKeychainError.swift (in target 'SimpleKeychain' from project 'SimpleKeychain')
    cd /Users/alexmontesino/Documents/GYM-API-IOS/Gym_API/Gym_API.xcodeproj
    

SwiftEmitModule normal arm64 Emitting\ module\ for\ StreamChat (in target 'StreamChat' from project 'StreamChat')

EmitSwiftModule normal arm64 (in target 'StreamChat' from project 'StreamChat')
    cd /Users/alexmontesino/Documents/GYM-API-IOS/Gym_API/Gym_API.xcodeproj
    

SwiftDriverJobDiscovery normal arm64 Emitting module for JWTDecode (in target 'JWTDecode' from project 'JWTDecode')

SwiftDriver\ Compilation\ Requirements JWTDecode normal arm64 com.apple.xcode.tools.swift.compiler (in target 'JWTDecode' from project 'JWTDecode')
    cd /Users/alexmontesino/Documents/GYM-API-IOS/Gym_API/Gym_API.xcodeproj
    builtin-Swift-Compilation-Requirements -- /Applications/Xcode.app/Contents/Developer/Toolchains/XcodeDefault.xctoolchain/usr/bin/swiftc -module-name JWTDecode -Onone -enforce-exclusivity\=checked @/Users/alexmontesino/Library/Developer/Xcode/DerivedData/Gym_API-gttvbppsiybwtpahvrbhortrptkr/Build/Intermediates.noindex/JWTDecode.build/Debug-iphonesimulator/JWTDecode.build/Objects-normal/arm64/JWTDecode.SwiftFileList -DSWIFT_PACKAGE -DDEBUG -DXcode -plugin-path /Applications/Xcode.app/Contents/Developer/Toolchains/XcodeDefault.xctoolchain/usr/lib/swift/host/plugins/testing -enable-experimental-feature DebugDescriptionMacro -sdk /Applications/Xcode.app/Contents/Developer/Platforms/iPhoneSimulator.platform/Developer/SDKs/iPhoneSimulator18.5.sdk -target arm64-apple-ios14.0-simulator -g -module-cache-path /Users/alexmontesino/Library/Developer/Xcode/DerivedData/ModuleCache.noindex -Xfrontend -serialize-debugging-options -profile-coverage-mapping -profile-generate -enable-testing -suppress-warnings -index-store-path /Users/alexmontesino/Library/Developer/Xcode/DerivedData/Gym_API-gttvbppsiybwtpahvrbhortrptkr/Index.noindex/DataStore -swift-version 5 -I /Users/alexmontesino/Library/Developer/Xcode/DerivedData/Gym_API-gttvbppsiybwtpahvrbhortrptkr/Build/Products/Debug-iphonesimulator -I /Applications/Xcode.app/Contents/Developer/Platforms/iPhoneSimulator.platform/Developer/usr/lib -F /Users/alexmontesino/Library/Developer/Xcode/DerivedData/Gym_API-gttvbppsiybwtpahvrbhortrptkr/Build/Products/Debug-iphonesimulator -F /Applications/Xcode.app/Contents/Developer/Platforms/iPhoneSimulator.platform/Developer/Library/Frameworks -F /Applications/Xcode.app/Contents/Developer/Platforms/iPhoneSimulator.platform/Developer/SDKs/iPhoneSimulator18.5.sdk/Developer/Library/Frameworks -c -j10 -enable-batch-mode -incremental -Xcc -ivfsstatcache -Xcc /Users/alexmontesino/Library/Developer/Xcode/DerivedData/SDKStatCaches.noindex/iphonesimulator18.5-22F76-d5fc8ad4295d2ef488fb7d0f804ce0c4.sdkstatcache -output-file-map /Users/alexmontesino/Library/Developer/Xcode/DerivedData/Gym_API-gttvbppsiybwtpahvrbhortrptkr/Build/Intermediates.noindex/JWTDecode.build/Debug-iphonesimulator/JWTDecode.build/Objects-normal/arm64/JWTDecode-OutputFileMap.json -use-frontend-parseable-output -save-temps -no-color-diagnostics -serialize-diagnostics -emit-dependencies -emit-module -emit-module-path /Users/alexmontesino/Library/Developer/Xcode/DerivedData/Gym_API-gttvbppsiybwtpahvrbhortrptkr/Build/Intermediates.noindex/JWTDecode.build/Debug-iphonesimulator/JWTDecode.build/Objects-normal/arm64/JWTDecode.swiftmodule -validate-clang-modules-once -clang-build-session-file /Users/alexmontesino/Library/Developer/Xcode/DerivedData/ModuleCache.noindex/Session.modulevalidation -package-name jwtdecode_swift -Xcc -I/Users/alexmontesino/Library/Developer/Xcode/DerivedData/Gym_API-gttvbppsiybwtpahvrbhortrptkr/Build/Intermediates.noindex/JWTDecode.build/Debug-iphonesimulator/JWTDecode.build/swift-overrides.hmap -emit-const-values -Xfrontend -const-gather-protocols-file -Xfrontend /Users/alexmontesino/Library/Developer/Xcode/DerivedData/Gym_API-gttvbppsiybwtpahvrbhortrptkr/Build/Intermediates.noindex/JWTDecode.build/Debug-iphonesimulator/JWTDecode.build/Objects-normal/arm64/JWTDecode_const_extract_protocols.json -Xcc -I/Users/alexmontesino/Library/Developer/Xcode/DerivedData/Gym_API-gttvbppsiybwtpahvrbhortrptkr/Build/Products/Debug-iphonesimulator/include -Xcc -I/Users/alexmontesino/Library/Developer/Xcode/DerivedData/Gym_API-gttvbppsiybwtpahvrbhortrptkr/Build/Intermediates.noindex/JWTDecode.build/Debug-iphonesimulator/JWTDecode.build/DerivedSources-normal/arm64 -Xcc -I/Users/alexmontesino/Library/Developer/Xcode/DerivedData/Gym_API-gttvbppsiybwtpahvrbhortrptkr/Build/Intermediates.noindex/JWTDecode.build/Debug-iphonesimulator/JWTDecode.build/DerivedSources/arm64 -Xcc -I/Users/alexmontesino/Library/Developer/Xcode/DerivedData/Gym_API-gttvbppsiybwtpahvrbhortrptkr/Build/Intermediates.noindex/JWTDecode.build/Debug-iphonesimulator/JWTDecode.build/DerivedSources -Xcc -DSWIFT_PACKAGE -Xcc -DDEBUG\=1 -emit-objc-header -emit-objc-header-path /Users/alexmontesino/Library/Developer/Xcode/DerivedData/Gym_API-gttvbppsiybwtpahvrbhortrptkr/Build/Intermediates.noindex/JWTDecode.build/Debug-iphonesimulator/JWTDecode.build/Objects-normal/arm64/JWTDecode-Swift.h -working-directory /Users/alexmontesino/Documents/GYM-API-IOS/Gym_API/Gym_API.xcodeproj -experimental-emit-module-separately -disable-cmo

SwiftDriverJobDiscovery normal arm64 Emitting module for SimpleKeychain (in target 'SimpleKeychain' from project 'SimpleKeychain')

SwiftCompile normal arm64 Compiling\ MutedChannelPayload.swift,\ PollsPayloads.swift,\ RawJSON.swift,\ ReminderPayloads.swift,\ ThreadListPayload.swift,\ UnknownChannelEvent.swift,\ UnknownUserEvent.swift,\ UserListPayload.swift,\ UserPayloads.swift,\ PollsEndpoints.swift,\ ReactionEndpoints.swift,\ ReminderEndpoints.swift,\ AttachmentActionRequestBody.swift,\ CastPollVoteRequestBody.swift,\ ChannelMemberBanRequestPayload.swift,\ ChannelMemberUnbanRequestPayload.swift,\ ChannelTruncateRequestPayload.swift,\ CreateCallRequestBody.swift,\ CreatePollOptionRequestBody.swift,\ CreatePollRequestBody.swift,\ CustomEventRequestBody.swift,\ FlagRequestBody.swift,\ GuestUserTokenRequestPayload.swift,\ MessageReactionRequestPayload.swift /Users/alexmontesino/Library/Developer/Xcode/DerivedData/Gym_API-gttvbppsiybwtpahvrbhortrptkr/SourcePackages/checkouts/stream-chat-swift/Sources/StreamChat/APIClient/Endpoints/Payloads/MutedChannelPayload.swift /Users/alexmontesino/Library/Developer/Xcode/DerivedData/Gym_API-gttvbppsiybwtpahvrbhortrptkr/SourcePackages/checkouts/stream-chat-swift/Sources/StreamChat/APIClient/Endpoints/Payloads/PollsPayloads.swift /Users/alexmontesino/Library/Developer/Xcode/DerivedData/Gym_API-gttvbppsiybwtpahvrbhortrptkr/SourcePackages/checkouts/stream-chat-swift/Sources/StreamChat/APIClient/Endpoints/Payloads/RawJSON.swift /Users/alexmontesino/Library/Developer/Xcode/DerivedData/Gym_API-gttvbppsiybwtpahvrbhortrptkr/SourcePackages/checkouts/stream-chat-swift/Sources/StreamChat/APIClient/Endpoints/Payloads/ReminderPayloads.swift /Users/alexmontesino/Library/Developer/Xcode/DerivedData/Gym_API-gttvbppsiybwtpahvrbhortrptkr/SourcePackages/checkouts/stream-chat-swift/Sources/StreamChat/APIClient/Endpoints/Payloads/ThreadListPayload.swift /Users/alexmontesino/Library/Developer/Xcode/DerivedData/Gym_API-gttvbppsiybwtpahvrbhortrptkr/SourcePackages/checkouts/stream-chat-swift/Sources/StreamChat/APIClient/Endpoints/Payloads/UnknownChannelEvent.swift /Users/alexmontesino/Library/Developer/Xcode/DerivedData/Gym_API-gttvbppsiybwtpahvrbhortrptkr/SourcePackages/checkouts/stream-chat-swift/Sources/StreamChat/APIClient/Endpoints/Payloads/UnknownUserEvent.swift /Users/alexmontesino/Library/Developer/Xcode/DerivedData/Gym_API-gttvbppsiybwtpahvrbhortrptkr/SourcePackages/checkouts/stream-chat-swift/Sources/StreamChat/APIClient/Endpoints/Payloads/UserListPayload.swift /Users/alexmontesino/Library/Developer/Xcode/DerivedData/Gym_API-gttvbppsiybwtpahvrbhortrptkr/SourcePackages/checkouts/stream-chat-swift/Sources/StreamChat/APIClient/Endpoints/Payloads/UserPayloads.swift /Users/alexmontesino/Library/Developer/Xcode/DerivedData/Gym_API-gttvbppsiybwtpahvrbhortrptkr/SourcePackages/checkouts/stream-chat-swift/Sources/StreamChat/APIClient/Endpoints/PollsEndpoints.swift /Users/alexmontesino/Library/Developer/Xcode/DerivedData/Gym_API-gttvbppsiybwtpahvrbhortrptkr/SourcePackages/checkouts/stream-chat-swift/Sources/StreamChat/APIClient/Endpoints/ReactionEndpoints.swift /Users/alexmontesino/Library/Developer/Xcode/DerivedData/Gym_API-gttvbppsiybwtpahvrbhortrptkr/SourcePackages/checkouts/stream-chat-swift/Sources/StreamChat/APIClient/Endpoints/ReminderEndpoints.swift /Users/alexmontesino/Library/Developer/Xcode/DerivedData/Gym_API-gttvbppsiybwtpahvrbhortrptkr/SourcePackages/checkouts/stream-chat-swift/Sources/StreamChat/APIClient/Endpoints/Requests/AttachmentActionRequestBody.swift /Users/alexmontesino/Library/Developer/Xcode/DerivedData/Gym_API-gttvbppsiybwtpahvrbhortrptkr/SourcePackages/checkouts/stream-chat-swift/Sources/StreamChat/APIClient/Endpoints/Requests/CastPollVoteRequestBody.swift /Users/alexmontesino/Library/Developer/Xcode/DerivedData/Gym_API-gttvbppsiybwtpahvrbhortrptkr/SourcePackages/checkouts/stream-chat-swift/Sources/StreamChat/APIClient/Endpoints/Requests/ChannelMemberBanRequestPayload.swift /Users/alexmontesino/Library/Developer/Xcode/DerivedData/Gym_API-gttvbppsiybwtpahvrbhortrptkr/SourcePackages/checkouts/stream-chat-swift/Sources/StreamChat/APIClient/Endpoints/Requests/ChannelMemberUnbanRequestPayload.swift /Users/alexmontesino/Library/Developer/Xcode/DerivedData/Gym_API-gttvbppsiybwtpahvrbhortrptkr/SourcePackages/checkouts/stream-chat-swift/Sources/StreamChat/APIClient/Endpoints/Requests/ChannelTruncateRequestPayload.swift /Users/alexmontesino/Library/Developer/Xcode/DerivedData/Gym_API-gttvbppsiybwtpahvrbhortrptkr/SourcePackages/checkouts/stream-chat-swift/Sources/StreamChat/APIClient/Endpoints/Requests/CreateCallRequestBody.swift /Users/alexmontesino/Library/Developer/Xcode/DerivedData/Gym_API-gttvbppsiybwtpahvrbhortrptkr/SourcePackages/checkouts/stream-chat-swift/Sources/StreamChat/APIClient/Endpoints/Requests/CreatePollOptionRequestBody.swift /Users/alexmontesino/Library/Developer/Xcode/DerivedData/Gym_API-gttvbppsiybwtpahvrbhortrptkr/SourcePackages/checkouts/stream-chat-swift/Sources/StreamChat/APIClient/Endpoints/Requests/CreatePollRequestBody.swift /Users/alexmontesino/Library/Developer/Xcode/DerivedData/Gym_API-gttvbppsiybwtpahvrbhortrptkr/SourcePackages/checkouts/stream-chat-swift/Sources/StreamChat/APIClient/Endpoints/Requests/CustomEventRequestBody.swift /Users/alexmontesino/Library/Developer/Xcode/DerivedData/Gym_API-gttvbppsiybwtpahvrbhortrptkr/SourcePackages/checkouts/stream-chat-swift/Sources/StreamChat/APIClient/Endpoints/Requests/FlagRequestBody.swift /Users/alexmontesino/Library/Developer/Xcode/DerivedData/Gym_API-gttvbppsiybwtpahvrbhortrptkr/SourcePackages/checkouts/stream-chat-swift/Sources/StreamChat/APIClient/Endpoints/Requests/GuestUserTokenRequestPayload.swift /Users/alexmontesino/Library/Developer/Xcode/DerivedData/Gym_API-gttvbppsiybwtpahvrbhortrptkr/SourcePackages/checkouts/stream-chat-swift/Sources/StreamChat/APIClient/Endpoints/Requests/MessageReactionRequestPayload.swift (in target 'StreamChat' from project 'StreamChat')

SwiftCompile normal arm64 /Users/alexmontesino/Library/Developer/Xcode/DerivedData/Gym_API-gttvbppsiybwtpahvrbhortrptkr/SourcePackages/checkouts/stream-chat-swift/Sources/StreamChat/APIClient/Endpoints/Payloads/MutedChannelPayload.swift (in target 'StreamChat' from project 'StreamChat')
    cd /Users/alexmontesino/Documents/GYM-API-IOS/Gym_API/Gym_API.xcodeproj
    

SwiftCompile normal arm64 /Users/alexmontesino/Library/Developer/Xcode/DerivedData/Gym_API-gttvbppsiybwtpahvrbhortrptkr/SourcePackages/checkouts/stream-chat-swift/Sources/StreamChat/APIClient/Endpoints/Payloads/PollsPayloads.swift (in target 'StreamChat' from project 'StreamChat')
    cd /Users/alexmontesino/Documents/GYM-API-IOS/Gym_API/Gym_API.xcodeproj
    

SwiftCompile normal arm64 /Users/alexmontesino/Library/Developer/Xcode/DerivedData/Gym_API-gttvbppsiybwtpahvrbhortrptkr/SourcePackages/checkouts/stream-chat-swift/Sources/StreamChat/APIClient/Endpoints/Payloads/RawJSON.swift (in target 'StreamChat' from project 'StreamChat')
    cd /Users/alexmontesino/Documents/GYM-API-IOS/Gym_API/Gym_API.xcodeproj
    

SwiftCompile normal arm64 /Users/alexmontesino/Library/Developer/Xcode/DerivedData/Gym_API-gttvbppsiybwtpahvrbhortrptkr/SourcePackages/checkouts/stream-chat-swift/Sources/StreamChat/APIClient/Endpoints/Payloads/ReminderPayloads.swift (in target 'StreamChat' from project 'StreamChat')
    cd /Users/alexmontesino/Documents/GYM-API-IOS/Gym_API/Gym_API.xcodeproj
    

SwiftCompile normal arm64 /Users/alexmontesino/Library/Developer/Xcode/DerivedData/Gym_API-gttvbppsiybwtpahvrbhortrptkr/SourcePackages/checkouts/stream-chat-swift/Sources/StreamChat/APIClient/Endpoints/Payloads/ThreadListPayload.swift (in target 'StreamChat' from project 'StreamChat')
    cd /Users/alexmontesino/Documents/GYM-API-IOS/Gym_API/Gym_API.xcodeproj
    

SwiftCompile normal arm64 /Users/alexmontesino/Library/Developer/Xcode/DerivedData/Gym_API-gttvbppsiybwtpahvrbhortrptkr/SourcePackages/checkouts/stream-chat-swift/Sources/StreamChat/APIClient/Endpoints/Payloads/UnknownChannelEvent.swift (in target 'StreamChat' from project 'StreamChat')
    cd /Users/alexmontesino/Documents/GYM-API-IOS/Gym_API/Gym_API.xcodeproj
    

SwiftCompile normal arm64 /Users/alexmontesino/Library/Developer/Xcode/DerivedData/Gym_API-gttvbppsiybwtpahvrbhortrptkr/SourcePackages/checkouts/stream-chat-swift/Sources/StreamChat/APIClient/Endpoints/Payloads/UnknownUserEvent.swift (in target 'StreamChat' from project 'StreamChat')
    cd /Users/alexmontesino/Documents/GYM-API-IOS/Gym_API/Gym_API.xcodeproj
    

SwiftCompile normal arm64 /Users/alexmontesino/Library/Developer/Xcode/DerivedData/Gym_API-gttvbppsiybwtpahvrbhortrptkr/SourcePackages/checkouts/stream-chat-swift/Sources/StreamChat/APIClient/Endpoints/Payloads/UserListPayload.swift (in target 'StreamChat' from project 'StreamChat')
    cd /Users/alexmontesino/Documents/GYM-API-IOS/Gym_API/Gym_API.xcodeproj
    

SwiftCompile normal arm64 /Users/alexmontesino/Library/Developer/Xcode/DerivedData/Gym_API-gttvbppsiybwtpahvrbhortrptkr/SourcePackages/checkouts/stream-chat-swift/Sources/StreamChat/APIClient/Endpoints/Payloads/UserPayloads.swift (in target 'StreamChat' from project 'StreamChat')
    cd /Users/alexmontesino/Documents/GYM-API-IOS/Gym_API/Gym_API.xcodeproj
    

SwiftCompile normal arm64 /Users/alexmontesino/Library/Developer/Xcode/DerivedData/Gym_API-gttvbppsiybwtpahvrbhortrptkr/SourcePackages/checkouts/stream-chat-swift/Sources/StreamChat/APIClient/Endpoints/PollsEndpoints.swift (in target 'StreamChat' from project 'StreamChat')
    cd /Users/alexmontesino/Documents/GYM-API-IOS/Gym_API/Gym_API.xcodeproj
    

SwiftCompile normal arm64 /Users/alexmontesino/Library/Developer/Xcode/DerivedData/Gym_API-gttvbppsiybwtpahvrbhortrptkr/SourcePackages/checkouts/stream-chat-swift/Sources/StreamChat/APIClient/Endpoints/ReactionEndpoints.swift (in target 'StreamChat' from project 'StreamChat')
    cd /Users/alexmontesino/Documents/GYM-API-IOS/Gym_API/Gym_API.xcodeproj
    

SwiftCompile normal arm64 /Users/alexmontesino/Library/Developer/Xcode/DerivedData/Gym_API-gttvbppsiybwtpahvrbhortrptkr/SourcePackages/checkouts/stream-chat-swift/Sources/StreamChat/APIClient/Endpoints/ReminderEndpoints.swift (in target 'StreamChat' from project 'StreamChat')
    cd /Users/alexmontesino/Documents/GYM-API-IOS/Gym_API/Gym_API.xcodeproj
    

SwiftCompile normal arm64 /Users/alexmontesino/Library/Developer/Xcode/DerivedData/Gym_API-gttvbppsiybwtpahvrbhortrptkr/SourcePackages/checkouts/stream-chat-swift/Sources/StreamChat/APIClient/Endpoints/Requests/AttachmentActionRequestBody.swift (in target 'StreamChat' from project 'StreamChat')
    cd /Users/alexmontesino/Documents/GYM-API-IOS/Gym_API/Gym_API.xcodeproj
    

SwiftCompile normal arm64 /Users/alexmontesino/Library/Developer/Xcode/DerivedData/Gym_API-gttvbppsiybwtpahvrbhortrptkr/SourcePackages/checkouts/stream-chat-swift/Sources/StreamChat/APIClient/Endpoints/Requests/CastPollVoteRequestBody.swift (in target 'StreamChat' from project 'StreamChat')
    cd /Users/alexmontesino/Documents/GYM-API-IOS/Gym_API/Gym_API.xcodeproj
    

SwiftCompile normal arm64 /Users/alexmontesino/Library/Developer/Xcode/DerivedData/Gym_API-gttvbppsiybwtpahvrbhortrptkr/SourcePackages/checkouts/stream-chat-swift/Sources/StreamChat/APIClient/Endpoints/Requests/ChannelMemberBanRequestPayload.swift (in target 'StreamChat' from project 'StreamChat')
    cd /Users/alexmontesino/Documents/GYM-API-IOS/Gym_API/Gym_API.xcodeproj
    

SwiftCompile normal arm64 /Users/alexmontesino/Library/Developer/Xcode/DerivedData/Gym_API-gttvbppsiybwtpahvrbhortrptkr/SourcePackages/checkouts/stream-chat-swift/Sources/StreamChat/APIClient/Endpoints/Requests/ChannelMemberUnbanRequestPayload.swift (in target 'StreamChat' from project 'StreamChat')
    cd /Users/alexmontesino/Documents/GYM-API-IOS/Gym_API/Gym_API.xcodeproj
    

SwiftCompile normal arm64 /Users/alexmontesino/Library/Developer/Xcode/DerivedData/Gym_API-gttvbppsiybwtpahvrbhortrptkr/SourcePackages/checkouts/stream-chat-swift/Sources/StreamChat/APIClient/Endpoints/Requests/ChannelTruncateRequestPayload.swift (in target 'StreamChat' from project 'StreamChat')
    cd /Users/alexmontesino/Documents/GYM-API-IOS/Gym_API/Gym_API.xcodeproj
    

SwiftCompile normal arm64 /Users/alexmontesino/Library/Developer/Xcode/DerivedData/Gym_API-gttvbppsiybwtpahvrbhortrptkr/SourcePackages/checkouts/stream-chat-swift/Sources/StreamChat/APIClient/Endpoints/Requests/CreateCallRequestBody.swift (in target 'StreamChat' from project 'StreamChat')
    cd /Users/alexmontesino/Documents/GYM-API-IOS/Gym_API/Gym_API.xcodeproj
    

SwiftCompile normal arm64 /Users/alexmontesino/Library/Developer/Xcode/DerivedData/Gym_API-gttvbppsiybwtpahvrbhortrptkr/SourcePackages/checkouts/stream-chat-swift/Sources/StreamChat/APIClient/Endpoints/Requests/CreatePollOptionRequestBody.swift (in target 'StreamChat' from project 'StreamChat')
    cd /Users/alexmontesino/Documents/GYM-API-IOS/Gym_API/Gym_API.xcodeproj
    

SwiftCompile normal arm64 /Users/alexmontesino/Library/Developer/Xcode/DerivedData/Gym_API-gttvbppsiybwtpahvrbhortrptkr/SourcePackages/checkouts/stream-chat-swift/Sources/StreamChat/APIClient/Endpoints/Requests/CreatePollRequestBody.swift (in target 'StreamChat' from project 'StreamChat')
    cd /Users/alexmontesino/Documents/GYM-API-IOS/Gym_API/Gym_API.xcodeproj
    

SwiftCompile normal arm64 /Users/alexmontesino/Library/Developer/Xcode/DerivedData/Gym_API-gttvbppsiybwtpahvrbhortrptkr/SourcePackages/checkouts/stream-chat-swift/Sources/StreamChat/APIClient/Endpoints/Requests/CustomEventRequestBody.swift (in target 'StreamChat' from project 'StreamChat')
    cd /Users/alexmontesino/Documents/GYM-API-IOS/Gym_API/Gym_API.xcodeproj
    

SwiftCompile normal arm64 /Users/alexmontesino/Library/Developer/Xcode/DerivedData/Gym_API-gttvbppsiybwtpahvrbhortrptkr/SourcePackages/checkouts/stream-chat-swift/Sources/StreamChat/APIClient/Endpoints/Requests/FlagRequestBody.swift (in target 'StreamChat' from project 'StreamChat')
    cd /Users/alexmontesino/Documents/GYM-API-IOS/Gym_API/Gym_API.xcodeproj
    

SwiftCompile normal arm64 /Users/alexmontesino/Library/Developer/Xcode/DerivedData/Gym_API-gttvbppsiybwtpahvrbhortrptkr/SourcePackages/checkouts/stream-chat-swift/Sources/StreamChat/APIClient/Endpoints/Requests/GuestUserTokenRequestPayload.swift (in target 'StreamChat' from project 'StreamChat')
    cd /Users/alexmontesino/Documents/GYM-API-IOS/Gym_API/Gym_API.xcodeproj
    

SwiftCompile normal arm64 /Users/alexmontesino/Library/Developer/Xcode/DerivedData/Gym_API-gttvbppsiybwtpahvrbhortrptkr/SourcePackages/checkouts/stream-chat-swift/Sources/StreamChat/APIClient/Endpoints/Requests/MessageReactionRequestPayload.swift (in target 'StreamChat' from project 'StreamChat')
    cd /Users/alexmontesino/Documents/GYM-API-IOS/Gym_API/Gym_API.xcodeproj
    

SwiftDriver\ Compilation\ Requirements SimpleKeychain normal arm64 com.apple.xcode.tools.swift.compiler (in target 'SimpleKeychain' from project 'SimpleKeychain')
    cd /Users/alexmontesino/Documents/GYM-API-IOS/Gym_API/Gym_API.xcodeproj
    builtin-Swift-Compilation-Requirements -- /Applications/Xcode.app/Contents/Developer/Toolchains/XcodeDefault.xctoolchain/usr/bin/swiftc -module-name SimpleKeychain -Onone -enforce-exclusivity\=checked @/Users/alexmontesino/Library/Developer/Xcode/DerivedData/Gym_API-gttvbppsiybwtpahvrbhortrptkr/Build/Intermediates.noindex/SimpleKeychain.build/Debug-iphonesimulator/SimpleKeychain.build/Objects-normal/arm64/SimpleKeychain.SwiftFileList -DSWIFT_PACKAGE -DDEBUG -DXcode -plugin-path /Applications/Xcode.app/Contents/Developer/Toolchains/XcodeDefault.xctoolchain/usr/lib/swift/host/plugins/testing -enable-experimental-feature DebugDescriptionMacro -sdk /Applications/Xcode.app/Contents/Developer/Platforms/iPhoneSimulator.platform/Developer/SDKs/iPhoneSimulator18.5.sdk -target arm64-apple-ios14.0-simulator -g -module-cache-path /Users/alexmontesino/Library/Developer/Xcode/DerivedData/ModuleCache.noindex -Xfrontend -serialize-debugging-options -profile-coverage-mapping -profile-generate -enable-testing -suppress-warnings -index-store-path /Users/alexmontesino/Library/Developer/Xcode/DerivedData/Gym_API-gttvbppsiybwtpahvrbhortrptkr/Index.noindex/DataStore -swift-version 5 -I /Users/alexmontesino/Library/Developer/Xcode/DerivedData/Gym_API-gttvbppsiybwtpahvrbhortrptkr/Build/Products/Debug-iphonesimulator -I /Applications/Xcode.app/Contents/Developer/Platforms/iPhoneSimulator.platform/Developer/usr/lib -F /Users/alexmontesino/Library/Developer/Xcode/DerivedData/Gym_API-gttvbppsiybwtpahvrbhortrptkr/Build/Products/Debug-iphonesimulator -F /Applications/Xcode.app/Contents/Developer/Platforms/iPhoneSimulator.platform/Developer/Library/Frameworks -F /Applications/Xcode.app/Contents/Developer/Platforms/iPhoneSimulator.platform/Developer/SDKs/iPhoneSimulator18.5.sdk/Developer/Library/Frameworks -c -j10 -enable-batch-mode -incremental -Xcc -ivfsstatcache -Xcc /Users/alexmontesino/Library/Developer/Xcode/DerivedData/SDKStatCaches.noindex/iphonesimulator18.5-22F76-d5fc8ad4295d2ef488fb7d0f804ce0c4.sdkstatcache -output-file-map /Users/alexmontesino/Library/Developer/Xcode/DerivedData/Gym_API-gttvbppsiybwtpahvrbhortrptkr/Build/Intermediates.noindex/SimpleKeychain.build/Debug-iphonesimulator/SimpleKeychain.build/Objects-normal/arm64/SimpleKeychain-OutputFileMap.json -use-frontend-parseable-output -save-temps -no-color-diagnostics -serialize-diagnostics -emit-dependencies -emit-module -emit-module-path /Users/alexmontesino/Library/Developer/Xcode/DerivedData/Gym_API-gttvbppsiybwtpahvrbhortrptkr/Build/Intermediates.noindex/SimpleKeychain.build/Debug-iphonesimulator/SimpleKeychain.build/Objects-normal/arm64/SimpleKeychain.swiftmodule -validate-clang-modules-once -clang-build-session-file /Users/alexmontesino/Library/Developer/Xcode/DerivedData/ModuleCache.noindex/Session.modulevalidation -package-name simplekeychain -Xcc -I/Users/alexmontesino/Library/Developer/Xcode/DerivedData/Gym_API-gttvbppsiybwtpahvrbhortrptkr/Build/Intermediates.noindex/SimpleKeychain.build/Debug-iphonesimulator/SimpleKeychain.build/swift-overrides.hmap -emit-const-values -Xfrontend -const-gather-protocols-file -Xfrontend /Users/alexmontesino/Library/Developer/Xcode/DerivedData/Gym_API-gttvbppsiybwtpahvrbhortrptkr/Build/Intermediates.noindex/SimpleKeychain.build/Debug-iphonesimulator/SimpleKeychain.build/Objects-normal/arm64/SimpleKeychain_const_extract_protocols.json -Xcc -I/Users/alexmontesino/Library/Developer/Xcode/DerivedData/Gym_API-gttvbppsiybwtpahvrbhortrptkr/Build/Products/Debug-iphonesimulator/include -Xcc -I/Users/alexmontesino/Library/Developer/Xcode/DerivedData/Gym_API-gttvbppsiybwtpahvrbhortrptkr/Build/Intermediates.noindex/SimpleKeychain.build/Debug-iphonesimulator/SimpleKeychain.build/DerivedSources-normal/arm64 -Xcc -I/Users/alexmontesino/Library/Developer/Xcode/DerivedData/Gym_API-gttvbppsiybwtpahvrbhortrptkr/Build/Intermediates.noindex/SimpleKeychain.build/Debug-iphonesimulator/SimpleKeychain.build/DerivedSources/arm64 -Xcc -I/Users/alexmontesino/Library/Developer/Xcode/DerivedData/Gym_API-gttvbppsiybwtpahvrbhortrptkr/Build/Intermediates.noindex/SimpleKeychain.build/Debug-iphonesimulator/SimpleKeychain.build/DerivedSources -Xcc -DSWIFT_PACKAGE -Xcc -DDEBUG\=1 -emit-objc-header -emit-objc-header-path /Users/alexmontesino/Library/Developer/Xcode/DerivedData/Gym_API-gttvbppsiybwtpahvrbhortrptkr/Build/Intermediates.noindex/SimpleKeychain.build/Debug-iphonesimulator/SimpleKeychain.build/Objects-normal/arm64/SimpleKeychain-Swift.h -working-directory /Users/alexmontesino/Documents/GYM-API-IOS/Gym_API/Gym_API.xcodeproj -experimental-emit-module-separately -disable-cmo

SwiftDriverJobDiscovery normal arm64 Compiling Accessibility.swift (in target 'SimpleKeychain' from project 'SimpleKeychain')

SwiftMergeGeneratedHeaders /Users/alexmontesino/Library/Developer/Xcode/DerivedData/Gym_API-gttvbppsiybwtpahvrbhortrptkr/Build/Intermediates.noindex/GeneratedModuleMaps-iphonesimulator/JWTDecode-Swift.h /Users/alexmontesino/Library/Developer/Xcode/DerivedData/Gym_API-gttvbppsiybwtpahvrbhortrptkr/Build/Intermediates.noindex/JWTDecode.build/Debug-iphonesimulator/JWTDecode.build/Objects-normal/arm64/JWTDecode-Swift.h (in target 'JWTDecode' from project 'JWTDecode')
    cd /Users/alexmontesino/Library/Developer/Xcode/DerivedData/Gym_API-gttvbppsiybwtpahvrbhortrptkr/SourcePackages/checkouts/JWTDecode.swift
    builtin-swiftHeaderTool -arch arm64 /Users/alexmontesino/Library/Developer/Xcode/DerivedData/Gym_API-gttvbppsiybwtpahvrbhortrptkr/Build/Intermediates.noindex/JWTDecode.build/Debug-iphonesimulator/JWTDecode.build/Objects-normal/arm64/JWTDecode-Swift.h -o /Users/alexmontesino/Library/Developer/Xcode/DerivedData/Gym_API-gttvbppsiybwtpahvrbhortrptkr/Build/Intermediates.noindex/GeneratedModuleMaps-iphonesimulator/JWTDecode-Swift.h

Copy /Users/alexmontesino/Library/Developer/Xcode/DerivedData/Gym_API-gttvbppsiybwtpahvrbhortrptkr/Build/Products/Debug-iphonesimulator/JWTDecode.swiftmodule/arm64-apple-ios-simulator.swiftmodule /Users/alexmontesino/Library/Developer/Xcode/DerivedData/Gym_API-gttvbppsiybwtpahvrbhortrptkr/Build/Intermediates.noindex/JWTDecode.build/Debug-iphonesimulator/JWTDecode.build/Objects-normal/arm64/JWTDecode.swiftmodule (in target 'JWTDecode' from project 'JWTDecode')
    cd /Users/alexmontesino/Library/Developer/Xcode/DerivedData/Gym_API-gttvbppsiybwtpahvrbhortrptkr/SourcePackages/checkouts/JWTDecode.swift
    builtin-copy -exclude .DS_Store -exclude CVS -exclude .svn -exclude .git -exclude .hg -resolve-src-symlinks -rename /Users/alexmontesino/Library/Developer/Xcode/DerivedData/Gym_API-gttvbppsiybwtpahvrbhortrptkr/Build/Intermediates.noindex/JWTDecode.build/Debug-iphonesimulator/JWTDecode.build/Objects-normal/arm64/JWTDecode.swiftmodule /Users/alexmontesino/Library/Developer/Xcode/DerivedData/Gym_API-gttvbppsiybwtpahvrbhortrptkr/Build/Products/Debug-iphonesimulator/JWTDecode.swiftmodule/arm64-apple-ios-simulator.swiftmodule

SwiftDriverJobDiscovery normal arm64 Compiling JWT.swift (in target 'JWTDecode' from project 'JWTDecode')

Copy /Users/alexmontesino/Library/Developer/Xcode/DerivedData/Gym_API-gttvbppsiybwtpahvrbhortrptkr/Build/Products/Debug-iphonesimulator/JWTDecode.swiftmodule/arm64-apple-ios-simulator.swiftdoc /Users/alexmontesino/Library/Developer/Xcode/DerivedData/Gym_API-gttvbppsiybwtpahvrbhortrptkr/Build/Intermediates.noindex/JWTDecode.build/Debug-iphonesimulator/JWTDecode.build/Objects-normal/arm64/JWTDecode.swiftdoc (in target 'JWTDecode' from project 'JWTDecode')
    cd /Users/alexmontesino/Library/Developer/Xcode/DerivedData/Gym_API-gttvbppsiybwtpahvrbhortrptkr/SourcePackages/checkouts/JWTDecode.swift
    builtin-copy -exclude .DS_Store -exclude CVS -exclude .svn -exclude .git -exclude .hg -resolve-src-symlinks -rename /Users/alexmontesino/Library/Developer/Xcode/DerivedData/Gym_API-gttvbppsiybwtpahvrbhortrptkr/Build/Intermediates.noindex/JWTDecode.build/Debug-iphonesimulator/JWTDecode.build/Objects-normal/arm64/JWTDecode.swiftdoc /Users/alexmontesino/Library/Developer/Xcode/DerivedData/Gym_API-gttvbppsiybwtpahvrbhortrptkr/Build/Products/Debug-iphonesimulator/JWTDecode.swiftmodule/arm64-apple-ios-simulator.swiftdoc

Copy /Users/alexmontesino/Library/Developer/Xcode/DerivedData/Gym_API-gttvbppsiybwtpahvrbhortrptkr/Build/Products/Debug-iphonesimulator/JWTDecode.swiftmodule/arm64-apple-ios-simulator.abi.json /Users/alexmontesino/Library/Developer/Xcode/DerivedData/Gym_API-gttvbppsiybwtpahvrbhortrptkr/Build/Intermediates.noindex/JWTDecode.build/Debug-iphonesimulator/JWTDecode.build/Objects-normal/arm64/JWTDecode.abi.json (in target 'JWTDecode' from project 'JWTDecode')
    cd /Users/alexmontesino/Library/Developer/Xcode/DerivedData/Gym_API-gttvbppsiybwtpahvrbhortrptkr/SourcePackages/checkouts/JWTDecode.swift
    builtin-copy -exclude .DS_Store -exclude CVS -exclude .svn -exclude .git -exclude .hg -resolve-src-symlinks -rename /Users/alexmontesino/Library/Developer/Xcode/DerivedData/Gym_API-gttvbppsiybwtpahvrbhortrptkr/Build/Intermediates.noindex/JWTDecode.build/Debug-iphonesimulator/JWTDecode.build/Objects-normal/arm64/JWTDecode.abi.json /Users/alexmontesino/Library/Developer/Xcode/DerivedData/Gym_API-gttvbppsiybwtpahvrbhortrptkr/Build/Products/Debug-iphonesimulator/JWTDecode.swiftmodule/arm64-apple-ios-simulator.abi.json

SwiftMergeGeneratedHeaders /Users/alexmontesino/Library/Developer/Xcode/DerivedData/Gym_API-gttvbppsiybwtpahvrbhortrptkr/Build/Intermediates.noindex/GeneratedModuleMaps-iphonesimulator/SimpleKeychain-Swift.h /Users/alexmontesino/Library/Developer/Xcode/DerivedData/Gym_API-gttvbppsiybwtpahvrbhortrptkr/Build/Intermediates.noindex/SimpleKeychain.build/Debug-iphonesimulator/SimpleKeychain.build/Objects-normal/arm64/SimpleKeychain-Swift.h (in target 'SimpleKeychain' from project 'SimpleKeychain')
    cd /Users/alexmontesino/Library/Developer/Xcode/DerivedData/Gym_API-gttvbppsiybwtpahvrbhortrptkr/SourcePackages/checkouts/SimpleKeychain
    builtin-swiftHeaderTool -arch arm64 /Users/alexmontesino/Library/Developer/Xcode/DerivedData/Gym_API-gttvbppsiybwtpahvrbhortrptkr/Build/Intermediates.noindex/SimpleKeychain.build/Debug-iphonesimulator/SimpleKeychain.build/Objects-normal/arm64/SimpleKeychain-Swift.h -o /Users/alexmontesino/Library/Developer/Xcode/DerivedData/Gym_API-gttvbppsiybwtpahvrbhortrptkr/Build/Intermediates.noindex/GeneratedModuleMaps-iphonesimulator/SimpleKeychain-Swift.h

Copy /Users/alexmontesino/Library/Developer/Xcode/DerivedData/Gym_API-gttvbppsiybwtpahvrbhortrptkr/Build/Products/Debug-iphonesimulator/SimpleKeychain.swiftmodule/arm64-apple-ios-simulator.swiftmodule /Users/alexmontesino/Library/Developer/Xcode/DerivedData/Gym_API-gttvbppsiybwtpahvrbhortrptkr/Build/Intermediates.noindex/SimpleKeychain.build/Debug-iphonesimulator/SimpleKeychain.build/Objects-normal/arm64/SimpleKeychain.swiftmodule (in target 'SimpleKeychain' from project 'SimpleKeychain')
    cd /Users/alexmontesino/Library/Developer/Xcode/DerivedData/Gym_API-gttvbppsiybwtpahvrbhortrptkr/SourcePackages/checkouts/SimpleKeychain
    builtin-copy -exclude .DS_Store -exclude CVS -exclude .svn -exclude .git -exclude .hg -resolve-src-symlinks -rename /Users/alexmontesino/Library/Developer/Xcode/DerivedData/Gym_API-gttvbppsiybwtpahvrbhortrptkr/Build/Intermediates.noindex/SimpleKeychain.build/Debug-iphonesimulator/SimpleKeychain.build/Objects-normal/arm64/SimpleKeychain.swiftmodule /Users/alexmontesino/Library/Developer/Xcode/DerivedData/Gym_API-gttvbppsiybwtpahvrbhortrptkr/Build/Products/Debug-iphonesimulator/SimpleKeychain.swiftmodule/arm64-apple-ios-simulator.swiftmodule

Copy /Users/alexmontesino/Library/Developer/Xcode/DerivedData/Gym_API-gttvbppsiybwtpahvrbhortrptkr/Build/Products/Debug-iphonesimulator/SimpleKeychain.swiftmodule/arm64-apple-ios-simulator.swiftdoc /Users/alexmontesino/Library/Developer/Xcode/DerivedData/Gym_API-gttvbppsiybwtpahvrbhortrptkr/Build/Intermediates.noindex/SimpleKeychain.build/Debug-iphonesimulator/SimpleKeychain.build/Objects-normal/arm64/SimpleKeychain.swiftdoc (in target 'SimpleKeychain' from project 'SimpleKeychain')
    cd /Users/alexmontesino/Library/Developer/Xcode/DerivedData/Gym_API-gttvbppsiybwtpahvrbhortrptkr/SourcePackages/checkouts/SimpleKeychain
    builtin-copy -exclude .DS_Store -exclude CVS -exclude .svn -exclude .git -exclude .hg -resolve-src-symlinks -rename /Users/alexmontesino/Library/Developer/Xcode/DerivedData/Gym_API-gttvbppsiybwtpahvrbhortrptkr/Build/Intermediates.noindex/SimpleKeychain.build/Debug-iphonesimulator/SimpleKeychain.build/Objects-normal/arm64/SimpleKeychain.swiftdoc /Users/alexmontesino/Library/Developer/Xcode/DerivedData/Gym_API-gttvbppsiybwtpahvrbhortrptkr/Build/Products/Debug-iphonesimulator/SimpleKeychain.swiftmodule/arm64-apple-ios-simulator.swiftdoc

Copy /Users/alexmontesino/Library/Developer/Xcode/DerivedData/Gym_API-gttvbppsiybwtpahvrbhortrptkr/Build/Products/Debug-iphonesimulator/SimpleKeychain.swiftmodule/arm64-apple-ios-simulator.abi.json /Users/alexmontesino/Library/Developer/Xcode/DerivedData/Gym_API-gttvbppsiybwtpahvrbhortrptkr/Build/Intermediates.noindex/SimpleKeychain.build/Debug-iphonesimulator/SimpleKeychain.build/Objects-normal/arm64/SimpleKeychain.abi.json (in target 'SimpleKeychain' from project 'SimpleKeychain')
    cd /Users/alexmontesino/Library/Developer/Xcode/DerivedData/Gym_API-gttvbppsiybwtpahvrbhortrptkr/SourcePackages/checkouts/SimpleKeychain
    builtin-copy -exclude .DS_Store -exclude CVS -exclude .svn -exclude .git -exclude .hg -resolve-src-symlinks -rename /Users/alexmontesino/Library/Developer/Xcode/DerivedData/Gym_API-gttvbppsiybwtpahvrbhortrptkr/Build/Intermediates.noindex/SimpleKeychain.build/Debug-iphonesimulator/SimpleKeychain.build/Objects-normal/arm64/SimpleKeychain.abi.json /Users/alexmontesino/Library/Developer/Xcode/DerivedData/Gym_API-gttvbppsiybwtpahvrbhortrptkr/Build/Products/Debug-iphonesimulator/SimpleKeychain.swiftmodule/arm64-apple-ios-simulator.abi.json

Copy /Users/alexmontesino/Library/Developer/Xcode/DerivedData/Gym_API-gttvbppsiybwtpahvrbhortrptkr/Build/Products/Debug-iphonesimulator/SimpleKeychain.swiftmodule/Project/arm64-apple-ios-simulator.swiftsourceinfo /Users/alexmontesino/Library/Developer/Xcode/DerivedData/Gym_API-gttvbppsiybwtpahvrbhortrptkr/Build/Intermediates.noindex/SimpleKeychain.build/Debug-iphonesimulator/SimpleKeychain.build/Objects-normal/arm64/SimpleKeychain.swiftsourceinfo (in target 'SimpleKeychain' from project 'SimpleKeychain')
    cd /Users/alexmontesino/Library/Developer/Xcode/DerivedData/Gym_API-gttvbppsiybwtpahvrbhortrptkr/SourcePackages/checkouts/SimpleKeychain
    builtin-copy -exclude .DS_Store -exclude CVS -exclude .svn -exclude .git -exclude .hg -resolve-src-symlinks -rename /Users/alexmontesino/Library/Developer/Xcode/DerivedData/Gym_API-gttvbppsiybwtpahvrbhortrptkr/Build/Intermediates.noindex/SimpleKeychain.build/Debug-iphonesimulator/SimpleKeychain.build/Objects-normal/arm64/SimpleKeychain.swiftsourceinfo /Users/alexmontesino/Library/Developer/Xcode/DerivedData/Gym_API-gttvbppsiybwtpahvrbhortrptkr/Build/Products/Debug-iphonesimulator/SimpleKeychain.swiftmodule/Project/arm64-apple-ios-simulator.swiftsourceinfo

Copy /Users/alexmontesino/Library/Developer/Xcode/DerivedData/Gym_API-gttvbppsiybwtpahvrbhortrptkr/Build/Products/Debug-iphonesimulator/JWTDecode.swiftmodule/Project/arm64-apple-ios-simulator.swiftsourceinfo /Users/alexmontesino/Library/Developer/Xcode/DerivedData/Gym_API-gttvbppsiybwtpahvrbhortrptkr/Build/Intermediates.noindex/JWTDecode.build/Debug-iphonesimulator/JWTDecode.build/Objects-normal/arm64/JWTDecode.swiftsourceinfo (in target 'JWTDecode' from project 'JWTDecode')
    cd /Users/alexmontesino/Library/Developer/Xcode/DerivedData/Gym_API-gttvbppsiybwtpahvrbhortrptkr/SourcePackages/checkouts/JWTDecode.swift
    builtin-copy -exclude .DS_Store -exclude CVS -exclude .svn -exclude .git -exclude .hg -resolve-src-symlinks -rename /Users/alexmontesino/Library/Developer/Xcode/DerivedData/Gym_API-gttvbppsiybwtpahvrbhortrptkr/Build/Intermediates.noindex/JWTDecode.build/Debug-iphonesimulator/JWTDecode.build/Objects-normal/arm64/JWTDecode.swiftsourceinfo /Users/alexmontesino/Library/Developer/Xcode/DerivedData/Gym_API-gttvbppsiybwtpahvrbhortrptkr/Build/Products/Debug-iphonesimulator/JWTDecode.swiftmodule/Project/arm64-apple-ios-simulator.swiftsourceinfo

SwiftCompile normal arm64 Compiling\ DatabaseContainer.swift,\ DatabaseSession.swift,\ Deprecations.swift,\ ClientError.swift,\ ErrorPayload.swift,\ Collection+Extensions.swift,\ KeyPath+Extensions.swift,\ Task+Extensions.swift,\ URL+EnrichedURL.swift,\ URLRequest+cURL.swift,\ SystemEnvironment+Version.swift,\ AppSettings.swift,\ AnyAttachmentPayload.swift,\ AnyAttachmentUpdater.swift,\ AttachmentId.swift,\ AttachmentTypes.swift,\ ChatMessageAttachment.swift,\ ChatMessageAudioAttachment.swift,\ ChatMessageFileAttachment.swift,\ ChatMessageGiphyAttachment.swift,\ ChatMessageImageAttachment.swift,\ ChatMessageLinkAttachment.swift,\ ChatMessageVideoAttachment.swift,\ ChatMessageVoiceRecordingAttachment.swift /Users/alexmontesino/Library/Developer/Xcode/DerivedData/Gym_API-gttvbppsiybwtpahvrbhortrptkr/SourcePackages/checkouts/stream-chat-swift/Sources/StreamChat/Database/DatabaseContainer.swift /Users/alexmontesino/Library/Developer/Xcode/DerivedData/Gym_API-gttvbppsiybwtpahvrbhortrptkr/SourcePackages/checkouts/stream-chat-swift/Sources/StreamChat/Database/DatabaseSession.swift /Users/alexmontesino/Library/Developer/Xcode/DerivedData/Gym_API-gttvbppsiybwtpahvrbhortrptkr/SourcePackages/checkouts/stream-chat-swift/Sources/StreamChat/Deprecations.swift /Users/alexmontesino/Library/Developer/Xcode/DerivedData/Gym_API-gttvbppsiybwtpahvrbhortrptkr/SourcePackages/checkouts/stream-chat-swift/Sources/StreamChat/Errors/ClientError.swift /Users/alexmontesino/Library/Developer/Xcode/DerivedData/Gym_API-gttvbppsiybwtpahvrbhortrptkr/SourcePackages/checkouts/stream-chat-swift/Sources/StreamChat/Errors/ErrorPayload.swift /Users/alexmontesino/Library/Developer/Xcode/DerivedData/Gym_API-gttvbppsiybwtpahvrbhortrptkr/SourcePackages/checkouts/stream-chat-swift/Sources/StreamChat/Extensions/Collection+Extensions.swift /Users/alexmontesino/Library/Developer/Xcode/DerivedData/Gym_API-gttvbppsiybwtpahvrbhortrptkr/SourcePackages/checkouts/stream-chat-swift/Sources/StreamChat/Extensions/KeyPath+Extensions.swift /Users/alexmontesino/Library/Developer/Xcode/DerivedData/Gym_API-gttvbppsiybwtpahvrbhortrptkr/SourcePackages/checkouts/stream-chat-swift/Sources/StreamChat/Extensions/Task+Extensions.swift /Users/alexmontesino/Library/Developer/Xcode/DerivedData/Gym_API-gttvbppsiybwtpahvrbhortrptkr/SourcePackages/checkouts/stream-chat-swift/Sources/StreamChat/Extensions/URL+EnrichedURL.swift /Users/alexmontesino/Library/Developer/Xcode/DerivedData/Gym_API-gttvbppsiybwtpahvrbhortrptkr/SourcePackages/checkouts/stream-chat-swift/Sources/StreamChat/Extensions/URLRequest+cURL.swift /Users/alexmontesino/Library/Developer/Xcode/DerivedData/Gym_API-gttvbppsiybwtpahvrbhortrptkr/SourcePackages/checkouts/stream-chat-swift/Sources/StreamChat/Generated/SystemEnvironment+Version.swift /Users/alexmontesino/Library/Developer/Xcode/DerivedData/Gym_API-gttvbppsiybwtpahvrbhortrptkr/SourcePackages/checkouts/stream-chat-swift/Sources/StreamChat/Models/AppSettings.swift /Users/alexmontesino/Library/Developer/Xcode/DerivedData/Gym_API-gttvbppsiybwtpahvrbhortrptkr/SourcePackages/checkouts/stream-chat-swift/Sources/StreamChat/Models/Attachments/AnyAttachmentPayload.swift /Users/alexmontesino/Library/Developer/Xcode/DerivedData/Gym_API-gttvbppsiybwtpahvrbhortrptkr/SourcePackages/checkouts/stream-chat-swift/Sources/StreamChat/Models/Attachments/AnyAttachmentUpdater.swift /Users/alexmontesino/Library/Developer/Xcode/DerivedData/Gym_API-gttvbppsiybwtpahvrbhortrptkr/SourcePackages/checkouts/stream-chat-swift/Sources/StreamChat/Models/Attachments/AttachmentId.swift /Users/alexmontesino/Library/Developer/Xcode/DerivedData/Gym_API-gttvbppsiybwtpahvrbhortrptkr/SourcePackages/checkouts/stream-chat-swift/Sources/StreamChat/Models/Attachments/AttachmentTypes.swift /Users/alexmontesino/Library/Developer/Xcode/DerivedData/Gym_API-gttvbppsiybwtpahvrbhortrptkr/SourcePackages/checkouts/stream-chat-swift/Sources/StreamChat/Models/Attachments/ChatMessageAttachment.swift /Users/alexmontesino/Library/Developer/Xcode/DerivedData/Gym_API-gttvbppsiybwtpahvrbhortrptkr/SourcePackages/checkouts/stream-chat-swift/Sources/StreamChat/Models/Attachments/ChatMessageAudioAttachment.swift /Users/alexmontesino/Library/Developer/Xcode/DerivedData/Gym_API-gttvbppsiybwtpahvrbhortrptkr/SourcePackages/checkouts/stream-chat-swift/Sources/StreamChat/Models/Attachments/ChatMessageFileAttachment.swift /Users/alexmontesino/Library/Developer/Xcode/DerivedData/Gym_API-gttvbppsiybwtpahvrbhortrptkr/SourcePackages/checkouts/stream-chat-swift/Sources/StreamChat/Models/Attachments/ChatMessageGiphyAttachment.swift /Users/alexmontesino/Library/Developer/Xcode/DerivedData/Gym_API-gttvbppsiybwtpahvrbhortrptkr/SourcePackages/checkouts/stream-chat-swift/Sources/StreamChat/Models/Attachments/ChatMessageImageAttachment.swift /Users/alexmontesino/Library/Developer/Xcode/DerivedData/Gym_API-gttvbppsiybwtpahvrbhortrptkr/SourcePackages/checkouts/stream-chat-swift/Sources/StreamChat/Models/Attachments/ChatMessageLinkAttachment.swift /Users/alexmontesino/Library/Developer/Xcode/DerivedData/Gym_API-gttvbppsiybwtpahvrbhortrptkr/SourcePackages/checkouts/stream-chat-swift/Sources/StreamChat/Models/Attachments/ChatMessageVideoAttachment.swift /Users/alexmontesino/Library/Developer/Xcode/DerivedData/Gym_API-gttvbppsiybwtpahvrbhortrptkr/SourcePackages/checkouts/stream-chat-swift/Sources/StreamChat/Models/Attachments/ChatMessageVoiceRecordingAttachment.swift (in target 'StreamChat' from project 'StreamChat')

SwiftCompile normal arm64 /Users/alexmontesino/Library/Developer/Xcode/DerivedData/Gym_API-gttvbppsiybwtpahvrbhortrptkr/SourcePackages/checkouts/stream-chat-swift/Sources/StreamChat/Database/DatabaseContainer.swift (in target 'StreamChat' from project 'StreamChat')
    cd /Users/alexmontesino/Documents/GYM-API-IOS/Gym_API/Gym_API.xcodeproj
    

SwiftCompile normal arm64 /Users/alexmontesino/Library/Developer/Xcode/DerivedData/Gym_API-gttvbppsiybwtpahvrbhortrptkr/SourcePackages/checkouts/stream-chat-swift/Sources/StreamChat/Database/DatabaseSession.swift (in target 'StreamChat' from project 'StreamChat')
    cd /Users/alexmontesino/Documents/GYM-API-IOS/Gym_API/Gym_API.xcodeproj
    

SwiftCompile normal arm64 /Users/alexmontesino/Library/Developer/Xcode/DerivedData/Gym_API-gttvbppsiybwtpahvrbhortrptkr/SourcePackages/checkouts/stream-chat-swift/Sources/StreamChat/Deprecations.swift (in target 'StreamChat' from project 'StreamChat')
    cd /Users/alexmontesino/Documents/GYM-API-IOS/Gym_API/Gym_API.xcodeproj
    

SwiftCompile normal arm64 /Users/alexmontesino/Library/Developer/Xcode/DerivedData/Gym_API-gttvbppsiybwtpahvrbhortrptkr/SourcePackages/checkouts/stream-chat-swift/Sources/StreamChat/Errors/ClientError.swift (in target 'StreamChat' from project 'StreamChat')
    cd /Users/alexmontesino/Documents/GYM-API-IOS/Gym_API/Gym_API.xcodeproj
    

SwiftCompile normal arm64 /Users/alexmontesino/Library/Developer/Xcode/DerivedData/Gym_API-gttvbppsiybwtpahvrbhortrptkr/SourcePackages/checkouts/stream-chat-swift/Sources/StreamChat/Errors/ErrorPayload.swift (in target 'StreamChat' from project 'StreamChat')
    cd /Users/alexmontesino/Documents/GYM-API-IOS/Gym_API/Gym_API.xcodeproj
    

SwiftCompile normal arm64 /Users/alexmontesino/Library/Developer/Xcode/DerivedData/Gym_API-gttvbppsiybwtpahvrbhortrptkr/SourcePackages/checkouts/stream-chat-swift/Sources/StreamChat/Extensions/Collection+Extensions.swift (in target 'StreamChat' from project 'StreamChat')
    cd /Users/alexmontesino/Documents/GYM-API-IOS/Gym_API/Gym_API.xcodeproj
    

SwiftCompile normal arm64 /Users/alexmontesino/Library/Developer/Xcode/DerivedData/Gym_API-gttvbppsiybwtpahvrbhortrptkr/SourcePackages/checkouts/stream-chat-swift/Sources/StreamChat/Extensions/KeyPath+Extensions.swift (in target 'StreamChat' from project 'StreamChat')
    cd /Users/alexmontesino/Documents/GYM-API-IOS/Gym_API/Gym_API.xcodeproj
    

SwiftCompile normal arm64 /Users/alexmontesino/Library/Developer/Xcode/DerivedData/Gym_API-gttvbppsiybwtpahvrbhortrptkr/SourcePackages/checkouts/stream-chat-swift/Sources/StreamChat/Extensions/Task+Extensions.swift (in target 'StreamChat' from project 'StreamChat')
    cd /Users/alexmontesino/Documents/GYM-API-IOS/Gym_API/Gym_API.xcodeproj
    

SwiftCompile normal arm64 /Users/alexmontesino/Library/Developer/Xcode/DerivedData/Gym_API-gttvbppsiybwtpahvrbhortrptkr/SourcePackages/checkouts/stream-chat-swift/Sources/StreamChat/Extensions/URL+EnrichedURL.swift (in target 'StreamChat' from project 'StreamChat')
    cd /Users/alexmontesino/Documents/GYM-API-IOS/Gym_API/Gym_API.xcodeproj
    

SwiftCompile normal arm64 /Users/alexmontesino/Library/Developer/Xcode/DerivedData/Gym_API-gttvbppsiybwtpahvrbhortrptkr/SourcePackages/checkouts/stream-chat-swift/Sources/StreamChat/Extensions/URLRequest+cURL.swift (in target 'StreamChat' from project 'StreamChat')
    cd /Users/alexmontesino/Documents/GYM-API-IOS/Gym_API/Gym_API.xcodeproj
    

SwiftCompile normal arm64 /Users/alexmontesino/Library/Developer/Xcode/DerivedData/Gym_API-gttvbppsiybwtpahvrbhortrptkr/SourcePackages/checkouts/stream-chat-swift/Sources/StreamChat/Generated/SystemEnvironment+Version.swift (in target 'StreamChat' from project 'StreamChat')
    cd /Users/alexmontesino/Documents/GYM-API-IOS/Gym_API/Gym_API.xcodeproj
    

SwiftCompile normal arm64 /Users/alexmontesino/Library/Developer/Xcode/DerivedData/Gym_API-gttvbppsiybwtpahvrbhortrptkr/SourcePackages/checkouts/stream-chat-swift/Sources/StreamChat/Models/AppSettings.swift (in target 'StreamChat' from project 'StreamChat')
    cd /Users/alexmontesino/Documents/GYM-API-IOS/Gym_API/Gym_API.xcodeproj
    

SwiftCompile normal arm64 /Users/alexmontesino/Library/Developer/Xcode/DerivedData/Gym_API-gttvbppsiybwtpahvrbhortrptkr/SourcePackages/checkouts/stream-chat-swift/Sources/StreamChat/Models/Attachments/AnyAttachmentPayload.swift (in target 'StreamChat' from project 'StreamChat')
    cd /Users/alexmontesino/Documents/GYM-API-IOS/Gym_API/Gym_API.xcodeproj
    

SwiftCompile normal arm64 /Users/alexmontesino/Library/Developer/Xcode/DerivedData/Gym_API-gttvbppsiybwtpahvrbhortrptkr/SourcePackages/checkouts/stream-chat-swift/Sources/StreamChat/Models/Attachments/AnyAttachmentUpdater.swift (in target 'StreamChat' from project 'StreamChat')
    cd /Users/alexmontesino/Documents/GYM-API-IOS/Gym_API/Gym_API.xcodeproj
    

SwiftCompile normal arm64 /Users/alexmontesino/Library/Developer/Xcode/DerivedData/Gym_API-gttvbppsiybwtpahvrbhortrptkr/SourcePackages/checkouts/stream-chat-swift/Sources/StreamChat/Models/Attachments/AttachmentId.swift (in target 'StreamChat' from project 'StreamChat')
    cd /Users/alexmontesino/Documents/GYM-API-IOS/Gym_API/Gym_API.xcodeproj
    

SwiftCompile normal arm64 /Users/alexmontesino/Library/Developer/Xcode/DerivedData/Gym_API-gttvbppsiybwtpahvrbhortrptkr/SourcePackages/checkouts/stream-chat-swift/Sources/StreamChat/Models/Attachments/AttachmentTypes.swift (in target 'StreamChat' from project 'StreamChat')
    cd /Users/alexmontesino/Documents/GYM-API-IOS/Gym_API/Gym_API.xcodeproj
    

SwiftCompile normal arm64 /Users/alexmontesino/Library/Developer/Xcode/DerivedData/Gym_API-gttvbppsiybwtpahvrbhortrptkr/SourcePackages/checkouts/stream-chat-swift/Sources/StreamChat/Models/Attachments/ChatMessageAttachment.swift (in target 'StreamChat' from project 'StreamChat')
    cd /Users/alexmontesino/Documents/GYM-API-IOS/Gym_API/Gym_API.xcodeproj
    

SwiftCompile normal arm64 /Users/alexmontesino/Library/Developer/Xcode/DerivedData/Gym_API-gttvbppsiybwtpahvrbhortrptkr/SourcePackages/checkouts/stream-chat-swift/Sources/StreamChat/Models/Attachments/ChatMessageAudioAttachment.swift (in target 'StreamChat' from project 'StreamChat')
    cd /Users/alexmontesino/Documents/GYM-API-IOS/Gym_API/Gym_API.xcodeproj
    

SwiftCompile normal arm64 /Users/alexmontesino/Library/Developer/Xcode/DerivedData/Gym_API-gttvbppsiybwtpahvrbhortrptkr/SourcePackages/checkouts/stream-chat-swift/Sources/StreamChat/Models/Attachments/ChatMessageFileAttachment.swift (in target 'StreamChat' from project 'StreamChat')
    cd /Users/alexmontesino/Documents/GYM-API-IOS/Gym_API/Gym_API.xcodeproj
    

SwiftCompile normal arm64 /Users/alexmontesino/Library/Developer/Xcode/DerivedData/Gym_API-gttvbppsiybwtpahvrbhortrptkr/SourcePackages/checkouts/stream-chat-swift/Sources/StreamChat/Models/Attachments/ChatMessageGiphyAttachment.swift (in target 'StreamChat' from project 'StreamChat')
    cd /Users/alexmontesino/Documents/GYM-API-IOS/Gym_API/Gym_API.xcodeproj
    

SwiftCompile normal arm64 /Users/alexmontesino/Library/Developer/Xcode/DerivedData/Gym_API-gttvbppsiybwtpahvrbhortrptkr/SourcePackages/checkouts/stream-chat-swift/Sources/StreamChat/Models/Attachments/ChatMessageImageAttachment.swift (in target 'StreamChat' from project 'StreamChat')
    cd /Users/alexmontesino/Documents/GYM-API-IOS/Gym_API/Gym_API.xcodeproj
    

SwiftCompile normal arm64 /Users/alexmontesino/Library/Developer/Xcode/DerivedData/Gym_API-gttvbppsiybwtpahvrbhortrptkr/SourcePackages/checkouts/stream-chat-swift/Sources/StreamChat/Models/Attachments/ChatMessageLinkAttachment.swift (in target 'StreamChat' from project 'StreamChat')
    cd /Users/alexmontesino/Documents/GYM-API-IOS/Gym_API/Gym_API.xcodeproj
    

SwiftCompile normal arm64 /Users/alexmontesino/Library/Developer/Xcode/DerivedData/Gym_API-gttvbppsiybwtpahvrbhortrptkr/SourcePackages/checkouts/stream-chat-swift/Sources/StreamChat/Models/Attachments/ChatMessageVideoAttachment.swift (in target 'StreamChat' from project 'StreamChat')
    cd /Users/alexmontesino/Documents/GYM-API-IOS/Gym_API/Gym_API.xcodeproj
    

SwiftCompile normal arm64 /Users/alexmontesino/Library/Developer/Xcode/DerivedData/Gym_API-gttvbppsiybwtpahvrbhortrptkr/SourcePackages/checkouts/stream-chat-swift/Sources/StreamChat/Models/Attachments/ChatMessageVoiceRecordingAttachment.swift (in target 'StreamChat' from project 'StreamChat')
    cd /Users/alexmontesino/Documents/GYM-API-IOS/Gym_API/Gym_API.xcodeproj
    

SwiftCompile normal arm64 Compiling\ MissingEventsRequestBody.swift,\ QueryPollsRequestBody.swift,\ UpdatePartialRequestBody.swift,\ UpdatePollOptionRequestBody.swift,\ UpdatePollRequestBody.swift,\ SyncEndpoint.swift,\ ThreadEndpoints.swift,\ UserEndpoints.swift,\ WebSocketConnectEndpoint.swift,\ HTTPHeader.swift,\ RequestDecoder.swift,\ RequestEncoder.swift,\ AudioAnalysing.swift,\ AudioAnalysisContext.swift,\ AudioAnalysisEngine.swift,\ AudioSamplesExtractor.swift,\ AudioSamplesProcessor.swift,\ AudioValuePercentageNormaliser.swift,\ AppStateObserving.swift,\ AssetPropertyLoading.swift,\ AudioPlaybackContext.swift,\ AudioPlaybackContextAccessor.swift,\ AudioPlaybackRate.swift,\ AudioPlaybackState.swift /Users/alexmontesino/Library/Developer/Xcode/DerivedData/Gym_API-gttvbppsiybwtpahvrbhortrptkr/SourcePackages/checkouts/stream-chat-swift/Sources/StreamChat/APIClient/Endpoints/Requests/MissingEventsRequestBody.swift /Users/alexmontesino/Library/Developer/Xcode/DerivedData/Gym_API-gttvbppsiybwtpahvrbhortrptkr/SourcePackages/checkouts/stream-chat-swift/Sources/StreamChat/APIClient/Endpoints/Requests/QueryPollsRequestBody.swift /Users/alexmontesino/Library/Developer/Xcode/DerivedData/Gym_API-gttvbppsiybwtpahvrbhortrptkr/SourcePackages/checkouts/stream-chat-swift/Sources/StreamChat/APIClient/Endpoints/Requests/UpdatePartialRequestBody.swift /Users/alexmontesino/Library/Developer/Xcode/DerivedData/Gym_API-gttvbppsiybwtpahvrbhortrptkr/SourcePackages/checkouts/stream-chat-swift/Sources/StreamChat/APIClient/Endpoints/Requests/UpdatePollOptionRequestBody.swift /Users/alexmontesino/Library/Developer/Xcode/DerivedData/Gym_API-gttvbppsiybwtpahvrbhortrptkr/SourcePackages/checkouts/stream-chat-swift/Sources/StreamChat/APIClient/Endpoints/Requests/UpdatePollRequestBody.swift /Users/alexmontesino/Library/Developer/Xcode/DerivedData/Gym_API-gttvbppsiybwtpahvrbhortrptkr/SourcePackages/checkouts/stream-chat-swift/Sources/StreamChat/APIClient/Endpoints/SyncEndpoint.swift /Users/alexmontesino/Library/Developer/Xcode/DerivedData/Gym_API-gttvbppsiybwtpahvrbhortrptkr/SourcePackages/checkouts/stream-chat-swift/Sources/StreamChat/APIClient/Endpoints/ThreadEndpoints.swift /Users/alexmontesino/Library/Developer/Xcode/DerivedData/Gym_API-gttvbppsiybwtpahvrbhortrptkr/SourcePackages/checkouts/stream-chat-swift/Sources/StreamChat/APIClient/Endpoints/UserEndpoints.swift /Users/alexmontesino/Library/Developer/Xcode/DerivedData/Gym_API-gttvbppsiybwtpahvrbhortrptkr/SourcePackages/checkouts/stream-chat-swift/Sources/StreamChat/APIClient/Endpoints/WebSocketConnectEndpoint.swift /Users/alexmontesino/Library/Developer/Xcode/DerivedData/Gym_API-gttvbppsiybwtpahvrbhortrptkr/SourcePackages/checkouts/stream-chat-swift/Sources/StreamChat/APIClient/HTTPHeader.swift /Users/alexmontesino/Library/Developer/Xcode/DerivedData/Gym_API-gttvbppsiybwtpahvrbhortrptkr/SourcePackages/checkouts/stream-chat-swift/Sources/StreamChat/APIClient/RequestDecoder.swift /Users/alexmontesino/Library/Developer/Xcode/DerivedData/Gym_API-gttvbppsiybwtpahvrbhortrptkr/SourcePackages/checkouts/stream-chat-swift/Sources/StreamChat/APIClient/RequestEncoder.swift /Users/alexmontesino/Library/Developer/Xcode/DerivedData/Gym_API-gttvbppsiybwtpahvrbhortrptkr/SourcePackages/checkouts/stream-chat-swift/Sources/StreamChat/Audio/Analysis/AudioAnalysing.swift /Users/alexmontesino/Library/Developer/Xcode/DerivedData/Gym_API-gttvbppsiybwtpahvrbhortrptkr/SourcePackages/checkouts/stream-chat-swift/Sources/StreamChat/Audio/Analysis/AudioAnalysisContext.swift /Users/alexmontesino/Library/Developer/Xcode/DerivedData/Gym_API-gttvbppsiybwtpahvrbhortrptkr/SourcePackages/checkouts/stream-chat-swift/Sources/StreamChat/Audio/Analysis/AudioAnalysisEngine.swift /Users/alexmontesino/Library/Developer/Xcode/DerivedData/Gym_API-gttvbppsiybwtpahvrbhortrptkr/SourcePackages/checkouts/stream-chat-swift/Sources/StreamChat/Audio/Analysis/AudioSamplesExtractor.swift /Users/alexmontesino/Library/Developer/Xcode/DerivedData/Gym_API-gttvbppsiybwtpahvrbhortrptkr/SourcePackages/checkouts/stream-chat-swift/Sources/StreamChat/Audio/Analysis/AudioSamplesProcessor.swift /Users/alexmontesino/Library/Developer/Xcode/DerivedData/Gym_API-gttvbppsiybwtpahvrbhortrptkr/SourcePackages/checkouts/stream-chat-swift/Sources/StreamChat/Audio/Analysis/AudioValuePercentageNormaliser.swift /Users/alexmontesino/Library/Developer/Xcode/DerivedData/Gym_API-gttvbppsiybwtpahvrbhortrptkr/SourcePackages/checkouts/stream-chat-swift/Sources/StreamChat/Audio/AppStateObserving.swift /Users/alexmontesino/Library/Developer/Xcode/DerivedData/Gym_API-gttvbppsiybwtpahvrbhortrptkr/SourcePackages/checkouts/stream-chat-swift/Sources/StreamChat/Audio/AssetPropertyLoading.swift /Users/alexmontesino/Library/Developer/Xcode/DerivedData/Gym_API-gttvbppsiybwtpahvrbhortrptkr/SourcePackages/checkouts/stream-chat-swift/Sources/StreamChat/Audio/AudioPlayer/AudioPlaybackContext.swift /Users/alexmontesino/Library/Developer/Xcode/DerivedData/Gym_API-gttvbppsiybwtpahvrbhortrptkr/SourcePackages/checkouts/stream-chat-swift/Sources/StreamChat/Audio/AudioPlayer/AudioPlaybackContextAccessor.swift /Users/alexmontesino/Library/Developer/Xcode/DerivedData/Gym_API-gttvbppsiybwtpahvrbhortrptkr/SourcePackages/checkouts/stream-chat-swift/Sources/StreamChat/Audio/AudioPlayer/AudioPlaybackRate.swift /Users/alexmontesino/Library/Developer/Xcode/DerivedData/Gym_API-gttvbppsiybwtpahvrbhortrptkr/SourcePackages/checkouts/stream-chat-swift/Sources/StreamChat/Audio/AudioPlayer/AudioPlaybackState.swift (in target 'StreamChat' from project 'StreamChat')

SwiftCompile normal arm64 /Users/alexmontesino/Library/Developer/Xcode/DerivedData/Gym_API-gttvbppsiybwtpahvrbhortrptkr/SourcePackages/checkouts/stream-chat-swift/Sources/StreamChat/APIClient/Endpoints/Requests/MissingEventsRequestBody.swift (in target 'StreamChat' from project 'StreamChat')
    cd /Users/alexmontesino/Documents/GYM-API-IOS/Gym_API/Gym_API.xcodeproj
    

SwiftCompile normal arm64 /Users/alexmontesino/Library/Developer/Xcode/DerivedData/Gym_API-gttvbppsiybwtpahvrbhortrptkr/SourcePackages/checkouts/stream-chat-swift/Sources/StreamChat/APIClient/Endpoints/Requests/QueryPollsRequestBody.swift (in target 'StreamChat' from project 'StreamChat')
    cd /Users/alexmontesino/Documents/GYM-API-IOS/Gym_API/Gym_API.xcodeproj
    

SwiftCompile normal arm64 /Users/alexmontesino/Library/Developer/Xcode/DerivedData/Gym_API-gttvbppsiybwtpahvrbhortrptkr/SourcePackages/checkouts/stream-chat-swift/Sources/StreamChat/APIClient/Endpoints/Requests/UpdatePartialRequestBody.swift (in target 'StreamChat' from project 'StreamChat')
    cd /Users/alexmontesino/Documents/GYM-API-IOS/Gym_API/Gym_API.xcodeproj
    

SwiftCompile normal arm64 /Users/alexmontesino/Library/Developer/Xcode/DerivedData/Gym_API-gttvbppsiybwtpahvrbhortrptkr/SourcePackages/checkouts/stream-chat-swift/Sources/StreamChat/APIClient/Endpoints/Requests/UpdatePollOptionRequestBody.swift (in target 'StreamChat' from project 'StreamChat')
    cd /Users/alexmontesino/Documents/GYM-API-IOS/Gym_API/Gym_API.xcodeproj
    

SwiftCompile normal arm64 /Users/alexmontesino/Library/Developer/Xcode/DerivedData/Gym_API-gttvbppsiybwtpahvrbhortrptkr/SourcePackages/checkouts/stream-chat-swift/Sources/StreamChat/APIClient/Endpoints/Requests/UpdatePollRequestBody.swift (in target 'StreamChat' from project 'StreamChat')
    cd /Users/alexmontesino/Documents/GYM-API-IOS/Gym_API/Gym_API.xcodeproj
    

SwiftCompile normal arm64 /Users/alexmontesino/Library/Developer/Xcode/DerivedData/Gym_API-gttvbppsiybwtpahvrbhortrptkr/SourcePackages/checkouts/stream-chat-swift/Sources/StreamChat/APIClient/Endpoints/SyncEndpoint.swift (in target 'StreamChat' from project 'StreamChat')
    cd /Users/alexmontesino/Documents/GYM-API-IOS/Gym_API/Gym_API.xcodeproj
    

SwiftCompile normal arm64 /Users/alexmontesino/Library/Developer/Xcode/DerivedData/Gym_API-gttvbppsiybwtpahvrbhortrptkr/SourcePackages/checkouts/stream-chat-swift/Sources/StreamChat/APIClient/Endpoints/ThreadEndpoints.swift (in target 'StreamChat' from project 'StreamChat')
    cd /Users/alexmontesino/Documents/GYM-API-IOS/Gym_API/Gym_API.xcodeproj
    

SwiftCompile normal arm64 /Users/alexmontesino/Library/Developer/Xcode/DerivedData/Gym_API-gttvbppsiybwtpahvrbhortrptkr/SourcePackages/checkouts/stream-chat-swift/Sources/StreamChat/APIClient/Endpoints/UserEndpoints.swift (in target 'StreamChat' from project 'StreamChat')
    cd /Users/alexmontesino/Documents/GYM-API-IOS/Gym_API/Gym_API.xcodeproj
    

SwiftCompile normal arm64 /Users/alexmontesino/Library/Developer/Xcode/DerivedData/Gym_API-gttvbppsiybwtpahvrbhortrptkr/SourcePackages/checkouts/stream-chat-swift/Sources/StreamChat/APIClient/Endpoints/WebSocketConnectEndpoint.swift (in target 'StreamChat' from project 'StreamChat')
    cd /Users/alexmontesino/Documents/GYM-API-IOS/Gym_API/Gym_API.xcodeproj
    

SwiftCompile normal arm64 /Users/alexmontesino/Library/Developer/Xcode/DerivedData/Gym_API-gttvbppsiybwtpahvrbhortrptkr/SourcePackages/checkouts/stream-chat-swift/Sources/StreamChat/APIClient/HTTPHeader.swift (in target 'StreamChat' from project 'StreamChat')
    cd /Users/alexmontesino/Documents/GYM-API-IOS/Gym_API/Gym_API.xcodeproj
    

SwiftCompile normal arm64 /Users/alexmontesino/Library/Developer/Xcode/DerivedData/Gym_API-gttvbppsiybwtpahvrbhortrptkr/SourcePackages/checkouts/stream-chat-swift/Sources/StreamChat/APIClient/RequestDecoder.swift (in target 'StreamChat' from project 'StreamChat')
    cd /Users/alexmontesino/Documents/GYM-API-IOS/Gym_API/Gym_API.xcodeproj
    

SwiftCompile normal arm64 /Users/alexmontesino/Library/Developer/Xcode/DerivedData/Gym_API-gttvbppsiybwtpahvrbhortrptkr/SourcePackages/checkouts/stream-chat-swift/Sources/StreamChat/APIClient/RequestEncoder.swift (in target 'StreamChat' from project 'StreamChat')
    cd /Users/alexmontesino/Documents/GYM-API-IOS/Gym_API/Gym_API.xcodeproj
    

SwiftCompile normal arm64 /Users/alexmontesino/Library/Developer/Xcode/DerivedData/Gym_API-gttvbppsiybwtpahvrbhortrptkr/SourcePackages/checkouts/stream-chat-swift/Sources/StreamChat/Audio/Analysis/AudioAnalysing.swift (in target 'StreamChat' from project 'StreamChat')
    cd /Users/alexmontesino/Documents/GYM-API-IOS/Gym_API/Gym_API.xcodeproj
    

SwiftCompile normal arm64 /Users/alexmontesino/Library/Developer/Xcode/DerivedData/Gym_API-gttvbppsiybwtpahvrbhortrptkr/SourcePackages/checkouts/stream-chat-swift/Sources/StreamChat/Audio/Analysis/AudioAnalysisContext.swift (in target 'StreamChat' from project 'StreamChat')
    cd /Users/alexmontesino/Documents/GYM-API-IOS/Gym_API/Gym_API.xcodeproj
    

SwiftCompile normal arm64 /Users/alexmontesino/Library/Developer/Xcode/DerivedData/Gym_API-gttvbppsiybwtpahvrbhortrptkr/SourcePackages/checkouts/stream-chat-swift/Sources/StreamChat/Audio/Analysis/AudioAnalysisEngine.swift (in target 'StreamChat' from project 'StreamChat')
    cd /Users/alexmontesino/Documents/GYM-API-IOS/Gym_API/Gym_API.xcodeproj
    

SwiftCompile normal arm64 /Users/alexmontesino/Library/Developer/Xcode/DerivedData/Gym_API-gttvbppsiybwtpahvrbhortrptkr/SourcePackages/checkouts/stream-chat-swift/Sources/StreamChat/Audio/Analysis/AudioSamplesExtractor.swift (in target 'StreamChat' from project 'StreamChat')
    cd /Users/alexmontesino/Documents/GYM-API-IOS/Gym_API/Gym_API.xcodeproj
    

SwiftCompile normal arm64 /Users/alexmontesino/Library/Developer/Xcode/DerivedData/Gym_API-gttvbppsiybwtpahvrbhortrptkr/SourcePackages/checkouts/stream-chat-swift/Sources/StreamChat/Audio/Analysis/AudioSamplesProcessor.swift (in target 'StreamChat' from project 'StreamChat')
    cd /Users/alexmontesino/Documents/GYM-API-IOS/Gym_API/Gym_API.xcodeproj
    

SwiftCompile normal arm64 /Users/alexmontesino/Library/Developer/Xcode/DerivedData/Gym_API-gttvbppsiybwtpahvrbhortrptkr/SourcePackages/checkouts/stream-chat-swift/Sources/StreamChat/Audio/Analysis/AudioValuePercentageNormaliser.swift (in target 'StreamChat' from project 'StreamChat')
    cd /Users/alexmontesino/Documents/GYM-API-IOS/Gym_API/Gym_API.xcodeproj
    

SwiftCompile normal arm64 /Users/alexmontesino/Library/Developer/Xcode/DerivedData/Gym_API-gttvbppsiybwtpahvrbhortrptkr/SourcePackages/checkouts/stream-chat-swift/Sources/StreamChat/Audio/AppStateObserving.swift (in target 'StreamChat' from project 'StreamChat')
    cd /Users/alexmontesino/Documents/GYM-API-IOS/Gym_API/Gym_API.xcodeproj
    

SwiftCompile normal arm64 /Users/alexmontesino/Library/Developer/Xcode/DerivedData/Gym_API-gttvbppsiybwtpahvrbhortrptkr/SourcePackages/checkouts/stream-chat-swift/Sources/StreamChat/Audio/AssetPropertyLoading.swift (in target 'StreamChat' from project 'StreamChat')
    cd /Users/alexmontesino/Documents/GYM-API-IOS/Gym_API/Gym_API.xcodeproj
    

SwiftCompile normal arm64 /Users/alexmontesino/Library/Developer/Xcode/DerivedData/Gym_API-gttvbppsiybwtpahvrbhortrptkr/SourcePackages/checkouts/stream-chat-swift/Sources/StreamChat/Audio/AudioPlayer/AudioPlaybackContext.swift (in target 'StreamChat' from project 'StreamChat')
    cd /Users/alexmontesino/Documents/GYM-API-IOS/Gym_API/Gym_API.xcodeproj
    

SwiftCompile normal arm64 /Users/alexmontesino/Library/Developer/Xcode/DerivedData/Gym_API-gttvbppsiybwtpahvrbhortrptkr/SourcePackages/checkouts/stream-chat-swift/Sources/StreamChat/Audio/AudioPlayer/AudioPlaybackContextAccessor.swift (in target 'StreamChat' from project 'StreamChat')
    cd /Users/alexmontesino/Documents/GYM-API-IOS/Gym_API/Gym_API.xcodeproj
    

SwiftCompile normal arm64 /Users/alexmontesino/Library/Developer/Xcode/DerivedData/Gym_API-gttvbppsiybwtpahvrbhortrptkr/SourcePackages/checkouts/stream-chat-swift/Sources/StreamChat/Audio/AudioPlayer/AudioPlaybackRate.swift (in target 'StreamChat' from project 'StreamChat')
    cd /Users/alexmontesino/Documents/GYM-API-IOS/Gym_API/Gym_API.xcodeproj
    

SwiftCompile normal arm64 /Users/alexmontesino/Library/Developer/Xcode/DerivedData/Gym_API-gttvbppsiybwtpahvrbhortrptkr/SourcePackages/checkouts/stream-chat-swift/Sources/StreamChat/Audio/AudioPlayer/AudioPlaybackState.swift (in target 'StreamChat' from project 'StreamChat')
    cd /Users/alexmontesino/Documents/GYM-API-IOS/Gym_API/Gym_API.xcodeproj
    

SwiftCompile normal arm64 Compiling\ LogFormatter.swift,\ PrefixLogFormatter.swift,\ Logger.swift,\ StringInterpolation+Extensions.swift,\ MainQueue+Synchronous.swift,\ MarkdownParser.swift,\ MessagesPaginationState.swift,\ MessagesPaginationStateHandling.swift,\ MulticastDelegate.swift,\ MultipartFormData.swift,\ AsyncOperation.swift,\ OptionSet+Extensions.swift,\ OptionalDecodable.swift,\ Publisher+Extensions.swift,\ Result+Extensions.swift,\ Sequence+CompactMapLoggingError.swift,\ StateBuilder.swift,\ StreamCollection.swift,\ ScheduledStreamTimer.swift,\ StreamTimer.swift,\ SystemEnvironment+XStreamClient.swift,\ SystemEnvironment.swift,\ TextLinkDetector.swift /Users/alexmontesino/Library/Developer/Xcode/DerivedData/Gym_API-gttvbppsiybwtpahvrbhortrptkr/SourcePackages/checkouts/stream-chat-swift/Sources/StreamChat/Utils/Logger/Formatter/LogFormatter.swift /Users/alexmontesino/Library/Developer/Xcode/DerivedData/Gym_API-gttvbppsiybwtpahvrbhortrptkr/SourcePackages/checkouts/stream-chat-swift/Sources/StreamChat/Utils/Logger/Formatter/PrefixLogFormatter.swift /Users/alexmontesino/Library/Developer/Xcode/DerivedData/Gym_API-gttvbppsiybwtpahvrbhortrptkr/SourcePackages/checkouts/stream-chat-swift/Sources/StreamChat/Utils/Logger/Logger.swift /Users/alexmontesino/Library/Developer/Xcode/DerivedData/Gym_API-gttvbppsiybwtpahvrbhortrptkr/SourcePackages/checkouts/stream-chat-swift/Sources/StreamChat/Utils/Logger/StringInterpolation+Extensions.swift /Users/alexmontesino/Library/Developer/Xcode/DerivedData/Gym_API-gttvbppsiybwtpahvrbhortrptkr/SourcePackages/checkouts/stream-chat-swift/Sources/StreamChat/Utils/MainQueue+Synchronous.swift /Users/alexmontesino/Library/Developer/Xcode/DerivedData/Gym_API-gttvbppsiybwtpahvrbhortrptkr/SourcePackages/checkouts/stream-chat-swift/Sources/StreamChat/Utils/MarkdownParser.swift /Users/alexmontesino/Library/Developer/Xcode/DerivedData/Gym_API-gttvbppsiybwtpahvrbhortrptkr/SourcePackages/checkouts/stream-chat-swift/Sources/StreamChat/Utils/MessagesPaginationStateHandling/MessagesPaginationState.swift /Users/alexmontesino/Library/Developer/Xcode/DerivedData/Gym_API-gttvbppsiybwtpahvrbhortrptkr/SourcePackages/checkouts/stream-chat-swift/Sources/StreamChat/Utils/MessagesPaginationStateHandling/MessagesPaginationStateHandling.swift /Users/alexmontesino/Library/Developer/Xcode/DerivedData/Gym_API-gttvbppsiybwtpahvrbhortrptkr/SourcePackages/checkouts/stream-chat-swift/Sources/StreamChat/Utils/MulticastDelegate.swift /Users/alexmontesino/Library/Developer/Xcode/DerivedData/Gym_API-gttvbppsiybwtpahvrbhortrptkr/SourcePackages/checkouts/stream-chat-swift/Sources/StreamChat/Utils/MultipartFormData.swift /Users/alexmontesino/Library/Developer/Xcode/DerivedData/Gym_API-gttvbppsiybwtpahvrbhortrptkr/SourcePackages/checkouts/stream-chat-swift/Sources/StreamChat/Utils/Operations/AsyncOperation.swift /Users/alexmontesino/Library/Developer/Xcode/DerivedData/Gym_API-gttvbppsiybwtpahvrbhortrptkr/SourcePackages/checkouts/stream-chat-swift/Sources/StreamChat/Utils/OptionSet+Extensions.swift /Users/alexmontesino/Library/Developer/Xcode/DerivedData/Gym_API-gttvbppsiybwtpahvrbhortrptkr/SourcePackages/checkouts/stream-chat-swift/Sources/StreamChat/Utils/OptionalDecodable.swift /Users/alexmontesino/Library/Developer/Xcode/DerivedData/Gym_API-gttvbppsiybwtpahvrbhortrptkr/SourcePackages/checkouts/stream-chat-swift/Sources/StreamChat/Utils/Publisher+Extensions.swift /Users/alexmontesino/Library/Developer/Xcode/DerivedData/Gym_API-gttvbppsiybwtpahvrbhortrptkr/SourcePackages/checkouts/stream-chat-swift/Sources/StreamChat/Utils/Result+Extensions.swift /Users/alexmontesino/Library/Developer/Xcode/DerivedData/Gym_API-gttvbppsiybwtpahvrbhortrptkr/SourcePackages/checkouts/stream-chat-swift/Sources/StreamChat/Utils/Sequence+CompactMapLoggingError.swift /Users/alexmontesino/Library/Developer/Xcode/DerivedData/Gym_API-gttvbppsiybwtpahvrbhortrptkr/SourcePackages/checkouts/stream-chat-swift/Sources/StreamChat/Utils/StateBuilder.swift /Users/alexmontesino/Library/Developer/Xcode/DerivedData/Gym_API-gttvbppsiybwtpahvrbhortrptkr/SourcePackages/checkouts/stream-chat-swift/Sources/StreamChat/Utils/StreamCollection.swift /Users/alexmontesino/Library/Developer/Xcode/DerivedData/Gym_API-gttvbppsiybwtpahvrbhortrptkr/SourcePackages/checkouts/stream-chat-swift/Sources/StreamChat/Utils/StreamTimer/ScheduledStreamTimer.swift /Users/alexmontesino/Library/Developer/Xcode/DerivedData/Gym_API-gttvbppsiybwtpahvrbhortrptkr/SourcePackages/checkouts/stream-chat-swift/Sources/StreamChat/Utils/StreamTimer/StreamTimer.swift /Users/alexmontesino/Library/Developer/Xcode/DerivedData/Gym_API-gttvbppsiybwtpahvrbhortrptkr/SourcePackages/checkouts/stream-chat-swift/Sources/StreamChat/Utils/SystemEnvironment+XStreamClient.swift /Users/alexmontesino/Library/Developer/Xcode/DerivedData/Gym_API-gttvbppsiybwtpahvrbhortrptkr/SourcePackages/checkouts/stream-chat-swift/Sources/StreamChat/Utils/SystemEnvironment.swift /Users/alexmontesino/Library/Developer/Xcode/DerivedData/Gym_API-gttvbppsiybwtpahvrbhortrptkr/SourcePackages/checkouts/stream-chat-swift/Sources/StreamChat/Utils/TextLinkDetector.swift (in target 'StreamChat' from project 'StreamChat')

SwiftCompile normal arm64 /Users/alexmontesino/Library/Developer/Xcode/DerivedData/Gym_API-gttvbppsiybwtpahvrbhortrptkr/SourcePackages/checkouts/stream-chat-swift/Sources/StreamChat/Utils/Logger/Formatter/LogFormatter.swift (in target 'StreamChat' from project 'StreamChat')
    cd /Users/alexmontesino/Documents/GYM-API-IOS/Gym_API/Gym_API.xcodeproj
    

SwiftCompile normal arm64 /Users/alexmontesino/Library/Developer/Xcode/DerivedData/Gym_API-gttvbppsiybwtpahvrbhortrptkr/SourcePackages/checkouts/stream-chat-swift/Sources/StreamChat/Utils/Logger/Formatter/PrefixLogFormatter.swift (in target 'StreamChat' from project 'StreamChat')
    cd /Users/alexmontesino/Documents/GYM-API-IOS/Gym_API/Gym_API.xcodeproj
    

SwiftCompile normal arm64 /Users/alexmontesino/Library/Developer/Xcode/DerivedData/Gym_API-gttvbppsiybwtpahvrbhortrptkr/SourcePackages/checkouts/stream-chat-swift/Sources/StreamChat/Utils/Logger/Logger.swift (in target 'StreamChat' from project 'StreamChat')
    cd /Users/alexmontesino/Documents/GYM-API-IOS/Gym_API/Gym_API.xcodeproj
    

SwiftCompile normal arm64 /Users/alexmontesino/Library/Developer/Xcode/DerivedData/Gym_API-gttvbppsiybwtpahvrbhortrptkr/SourcePackages/checkouts/stream-chat-swift/Sources/StreamChat/Utils/Logger/StringInterpolation+Extensions.swift (in target 'StreamChat' from project 'StreamChat')
    cd /Users/alexmontesino/Documents/GYM-API-IOS/Gym_API/Gym_API.xcodeproj
    

SwiftCompile normal arm64 /Users/alexmontesino/Library/Developer/Xcode/DerivedData/Gym_API-gttvbppsiybwtpahvrbhortrptkr/SourcePackages/checkouts/stream-chat-swift/Sources/StreamChat/Utils/MainQueue+Synchronous.swift (in target 'StreamChat' from project 'StreamChat')
    cd /Users/alexmontesino/Documents/GYM-API-IOS/Gym_API/Gym_API.xcodeproj
    

SwiftCompile normal arm64 /Users/alexmontesino/Library/Developer/Xcode/DerivedData/Gym_API-gttvbppsiybwtpahvrbhortrptkr/SourcePackages/checkouts/stream-chat-swift/Sources/StreamChat/Utils/MarkdownParser.swift (in target 'StreamChat' from project 'StreamChat')
    cd /Users/alexmontesino/Documents/GYM-API-IOS/Gym_API/Gym_API.xcodeproj
    

SwiftCompile normal arm64 /Users/alexmontesino/Library/Developer/Xcode/DerivedData/Gym_API-gttvbppsiybwtpahvrbhortrptkr/SourcePackages/checkouts/stream-chat-swift/Sources/StreamChat/Utils/MessagesPaginationStateHandling/MessagesPaginationState.swift (in target 'StreamChat' from project 'StreamChat')
    cd /Users/alexmontesino/Documents/GYM-API-IOS/Gym_API/Gym_API.xcodeproj
    

SwiftCompile normal arm64 /Users/alexmontesino/Library/Developer/Xcode/DerivedData/Gym_API-gttvbppsiybwtpahvrbhortrptkr/SourcePackages/checkouts/stream-chat-swift/Sources/StreamChat/Utils/MessagesPaginationStateHandling/MessagesPaginationStateHandling.swift (in target 'StreamChat' from project 'StreamChat')
    cd /Users/alexmontesino/Documents/GYM-API-IOS/Gym_API/Gym_API.xcodeproj
    

SwiftCompile normal arm64 /Users/alexmontesino/Library/Developer/Xcode/DerivedData/Gym_API-gttvbppsiybwtpahvrbhortrptkr/SourcePackages/checkouts/stream-chat-swift/Sources/StreamChat/Utils/MulticastDelegate.swift (in target 'StreamChat' from project 'StreamChat')
    cd /Users/alexmontesino/Documents/GYM-API-IOS/Gym_API/Gym_API.xcodeproj
    

SwiftCompile normal arm64 /Users/alexmontesino/Library/Developer/Xcode/DerivedData/Gym_API-gttvbppsiybwtpahvrbhortrptkr/SourcePackages/checkouts/stream-chat-swift/Sources/StreamChat/Utils/MultipartFormData.swift (in target 'StreamChat' from project 'StreamChat')
    cd /Users/alexmontesino/Documents/GYM-API-IOS/Gym_API/Gym_API.xcodeproj
    

SwiftCompile normal arm64 /Users/alexmontesino/Library/Developer/Xcode/DerivedData/Gym_API-gttvbppsiybwtpahvrbhortrptkr/SourcePackages/checkouts/stream-chat-swift/Sources/StreamChat/Utils/Operations/AsyncOperation.swift (in target 'StreamChat' from project 'StreamChat')
    cd /Users/alexmontesino/Documents/GYM-API-IOS/Gym_API/Gym_API.xcodeproj
    

SwiftCompile normal arm64 /Users/alexmontesino/Library/Developer/Xcode/DerivedData/Gym_API-gttvbppsiybwtpahvrbhortrptkr/SourcePackages/checkouts/stream-chat-swift/Sources/StreamChat/Utils/OptionSet+Extensions.swift (in target 'StreamChat' from project 'StreamChat')
    cd /Users/alexmontesino/Documents/GYM-API-IOS/Gym_API/Gym_API.xcodeproj
    

SwiftCompile normal arm64 /Users/alexmontesino/Library/Developer/Xcode/DerivedData/Gym_API-gttvbppsiybwtpahvrbhortrptkr/SourcePackages/checkouts/stream-chat-swift/Sources/StreamChat/Utils/OptionalDecodable.swift (in target 'StreamChat' from project 'StreamChat')
    cd /Users/alexmontesino/Documents/GYM-API-IOS/Gym_API/Gym_API.xcodeproj
    

SwiftCompile normal arm64 /Users/alexmontesino/Library/Developer/Xcode/DerivedData/Gym_API-gttvbppsiybwtpahvrbhortrptkr/SourcePackages/checkouts/stream-chat-swift/Sources/StreamChat/Utils/Publisher+Extensions.swift (in target 'StreamChat' from project 'StreamChat')
    cd /Users/alexmontesino/Documents/GYM-API-IOS/Gym_API/Gym_API.xcodeproj
    

SwiftCompile normal arm64 /Users/alexmontesino/Library/Developer/Xcode/DerivedData/Gym_API-gttvbppsiybwtpahvrbhortrptkr/SourcePackages/checkouts/stream-chat-swift/Sources/StreamChat/Utils/Result+Extensions.swift (in target 'StreamChat' from project 'StreamChat')
    cd /Users/alexmontesino/Documents/GYM-API-IOS/Gym_API/Gym_API.xcodeproj
    

SwiftCompile normal arm64 /Users/alexmontesino/Library/Developer/Xcode/DerivedData/Gym_API-gttvbppsiybwtpahvrbhortrptkr/SourcePackages/checkouts/stream-chat-swift/Sources/StreamChat/Utils/Sequence+CompactMapLoggingError.swift (in target 'StreamChat' from project 'StreamChat')
    cd /Users/alexmontesino/Documents/GYM-API-IOS/Gym_API/Gym_API.xcodeproj
    

SwiftCompile normal arm64 /Users/alexmontesino/Library/Developer/Xcode/DerivedData/Gym_API-gttvbppsiybwtpahvrbhortrptkr/SourcePackages/checkouts/stream-chat-swift/Sources/StreamChat/Utils/StateBuilder.swift (in target 'StreamChat' from project 'StreamChat')
    cd /Users/alexmontesino/Documents/GYM-API-IOS/Gym_API/Gym_API.xcodeproj
    

SwiftCompile normal arm64 /Users/alexmontesino/Library/Developer/Xcode/DerivedData/Gym_API-gttvbppsiybwtpahvrbhortrptkr/SourcePackages/checkouts/stream-chat-swift/Sources/StreamChat/Utils/StreamCollection.swift (in target 'StreamChat' from project 'StreamChat')
    cd /Users/alexmontesino/Documents/GYM-API-IOS/Gym_API/Gym_API.xcodeproj
    

SwiftCompile normal arm64 /Users/alexmontesino/Library/Developer/Xcode/DerivedData/Gym_API-gttvbppsiybwtpahvrbhortrptkr/SourcePackages/checkouts/stream-chat-swift/Sources/StreamChat/Utils/StreamTimer/ScheduledStreamTimer.swift (in target 'StreamChat' from project 'StreamChat')
    cd /Users/alexmontesino/Documents/GYM-API-IOS/Gym_API/Gym_API.xcodeproj
    

SwiftCompile normal arm64 /Users/alexmontesino/Library/Developer/Xcode/DerivedData/Gym_API-gttvbppsiybwtpahvrbhortrptkr/SourcePackages/checkouts/stream-chat-swift/Sources/StreamChat/Utils/StreamTimer/StreamTimer.swift (in target 'StreamChat' from project 'StreamChat')
    cd /Users/alexmontesino/Documents/GYM-API-IOS/Gym_API/Gym_API.xcodeproj
    

SwiftCompile normal arm64 /Users/alexmontesino/Library/Developer/Xcode/DerivedData/Gym_API-gttvbppsiybwtpahvrbhortrptkr/SourcePackages/checkouts/stream-chat-swift/Sources/StreamChat/Utils/SystemEnvironment+XStreamClient.swift (in target 'StreamChat' from project 'StreamChat')
    cd /Users/alexmontesino/Documents/GYM-API-IOS/Gym_API/Gym_API.xcodeproj
    

SwiftCompile normal arm64 /Users/alexmontesino/Library/Developer/Xcode/DerivedData/Gym_API-gttvbppsiybwtpahvrbhortrptkr/SourcePackages/checkouts/stream-chat-swift/Sources/StreamChat/Utils/SystemEnvironment.swift (in target 'StreamChat' from project 'StreamChat')
    cd /Users/alexmontesino/Documents/GYM-API-IOS/Gym_API/Gym_API.xcodeproj
    

SwiftCompile normal arm64 /Users/alexmontesino/Library/Developer/Xcode/DerivedData/Gym_API-gttvbppsiybwtpahvrbhortrptkr/SourcePackages/checkouts/stream-chat-swift/Sources/StreamChat/Utils/TextLinkDetector.swift (in target 'StreamChat' from project 'StreamChat')
    cd /Users/alexmontesino/Documents/GYM-API-IOS/Gym_API/Gym_API.xcodeproj
    

SwiftDriverJobDiscovery normal arm64 Compiling JWTDecodeError.swift (in target 'JWTDecode' from project 'JWTDecode')

SwiftCompile normal arm64 Compiling\ ChannelControllerDelegate.swift,\ ChatClient+ChannelController.swift,\ LivestreamChannelController+Combine.swift,\ LivestreamChannelController.swift,\ ChannelListController+Combine.swift,\ ChannelListController+SwiftUI.swift,\ ChannelListController.swift,\ ChatChannelWatcherListController+Combine.swift,\ ChatChannelWatcherListController+SwiftUI.swift,\ ChatChannelWatcherListController.swift,\ ConnectionController+Combine.swift,\ ConnectionController+SwiftUI.swift,\ ConnectionController.swift,\ Controller.swift,\ CurrentUserController+Combine.swift,\ CurrentUserController+SwiftUI.swift,\ CurrentUserController.swift,\ DataController.swift,\ BackgroundDatabaseObserver.swift,\ BackgroundEntityDatabaseObserver.swift,\ BackgroundListDatabaseObserver.swift,\ EntityChange.swift,\ ListChange.swift,\ ChannelEventsController.swift /Users/alexmontesino/Library/Developer/Xcode/DerivedData/Gym_API-gttvbppsiybwtpahvrbhortrptkr/SourcePackages/checkouts/stream-chat-swift/Sources/StreamChat/Controllers/ChannelController/ChannelControllerDelegate.swift /Users/alexmontesino/Library/Developer/Xcode/DerivedData/Gym_API-gttvbppsiybwtpahvrbhortrptkr/SourcePackages/checkouts/stream-chat-swift/Sources/StreamChat/Controllers/ChannelController/ChatClient+ChannelController.swift /Users/alexmontesino/Library/Developer/Xcode/DerivedData/Gym_API-gttvbppsiybwtpahvrbhortrptkr/SourcePackages/checkouts/stream-chat-swift/Sources/StreamChat/Controllers/ChannelController/LivestreamChannelController+Combine.swift /Users/alexmontesino/Library/Developer/Xcode/DerivedData/Gym_API-gttvbppsiybwtpahvrbhortrptkr/SourcePackages/checkouts/stream-chat-swift/Sources/StreamChat/Controllers/ChannelController/LivestreamChannelController.swift /Users/alexmontesino/Library/Developer/Xcode/DerivedData/Gym_API-gttvbppsiybwtpahvrbhortrptkr/SourcePackages/checkouts/stream-chat-swift/Sources/StreamChat/Controllers/ChannelListController/ChannelListController+Combine.swift /Users/alexmontesino/Library/Developer/Xcode/DerivedData/Gym_API-gttvbppsiybwtpahvrbhortrptkr/SourcePackages/checkouts/stream-chat-swift/Sources/StreamChat/Controllers/ChannelListController/ChannelListController+SwiftUI.swift /Users/alexmontesino/Library/Developer/Xcode/DerivedData/Gym_API-gttvbppsiybwtpahvrbhortrptkr/SourcePackages/checkouts/stream-chat-swift/Sources/StreamChat/Controllers/ChannelListController/ChannelListController.swift /Users/alexmontesino/Library/Developer/Xcode/DerivedData/Gym_API-gttvbppsiybwtpahvrbhortrptkr/SourcePackages/checkouts/stream-chat-swift/Sources/StreamChat/Controllers/ChannelWatcherListController/ChatChannelWatcherListController+Combine.swift /Users/alexmontesino/Library/Developer/Xcode/DerivedData/Gym_API-gttvbppsiybwtpahvrbhortrptkr/SourcePackages/checkouts/stream-chat-swift/Sources/StreamChat/Controllers/ChannelWatcherListController/ChatChannelWatcherListController+SwiftUI.swift /Users/alexmontesino/Library/Developer/Xcode/DerivedData/Gym_API-gttvbppsiybwtpahvrbhortrptkr/SourcePackages/checkouts/stream-chat-swift/Sources/StreamChat/Controllers/ChannelWatcherListController/ChatChannelWatcherListController.swift /Users/alexmontesino/Library/Developer/Xcode/DerivedData/Gym_API-gttvbppsiybwtpahvrbhortrptkr/SourcePackages/checkouts/stream-chat-swift/Sources/StreamChat/Controllers/ConnectionController/ConnectionController+Combine.swift /Users/alexmontesino/Library/Developer/Xcode/DerivedData/Gym_API-gttvbppsiybwtpahvrbhortrptkr/SourcePackages/checkouts/stream-chat-swift/Sources/StreamChat/Controllers/ConnectionController/ConnectionController+SwiftUI.swift /Users/alexmontesino/Library/Developer/Xcode/DerivedData/Gym_API-gttvbppsiybwtpahvrbhortrptkr/SourcePackages/checkouts/stream-chat-swift/Sources/StreamChat/Controllers/ConnectionController/ConnectionController.swift /Users/alexmontesino/Library/Developer/Xcode/DerivedData/Gym_API-gttvbppsiybwtpahvrbhortrptkr/SourcePackages/checkouts/stream-chat-swift/Sources/StreamChat/Controllers/Controller.swift /Users/alexmontesino/Library/Developer/Xcode/DerivedData/Gym_API-gttvbppsiybwtpahvrbhortrptkr/SourcePackages/checkouts/stream-chat-swift/Sources/StreamChat/Controllers/CurrentUserController/CurrentUserController+Combine.swift /Users/alexmontesino/Library/Developer/Xcode/DerivedData/Gym_API-gttvbppsiybwtpahvrbhortrptkr/SourcePackages/checkouts/stream-chat-swift/Sources/StreamChat/Controllers/CurrentUserController/CurrentUserController+SwiftUI.swift /Users/alexmontesino/Library/Developer/Xcode/DerivedData/Gym_API-gttvbppsiybwtpahvrbhortrptkr/SourcePackages/checkouts/stream-chat-swift/Sources/StreamChat/Controllers/CurrentUserController/CurrentUserController.swift /Users/alexmontesino/Library/Developer/Xcode/DerivedData/Gym_API-gttvbppsiybwtpahvrbhortrptkr/SourcePackages/checkouts/stream-chat-swift/Sources/StreamChat/Controllers/DataController.swift /Users/alexmontesino/Library/Developer/Xcode/DerivedData/Gym_API-gttvbppsiybwtpahvrbhortrptkr/SourcePackages/checkouts/stream-chat-swift/Sources/StreamChat/Controllers/DatabaseObserver/BackgroundDatabaseObserver.swift /Users/alexmontesino/Library/Developer/Xcode/DerivedData/Gym_API-gttvbppsiybwtpahvrbhortrptkr/SourcePackages/checkouts/stream-chat-swift/Sources/StreamChat/Controllers/DatabaseObserver/BackgroundEntityDatabaseObserver.swift /Users/alexmontesino/Library/Developer/Xcode/DerivedData/Gym_API-gttvbppsiybwtpahvrbhortrptkr/SourcePackages/checkouts/stream-chat-swift/Sources/StreamChat/Controllers/DatabaseObserver/BackgroundListDatabaseObserver.swift /Users/alexmontesino/Library/Developer/Xcode/DerivedData/Gym_API-gttvbppsiybwtpahvrbhortrptkr/SourcePackages/checkouts/stream-chat-swift/Sources/StreamChat/Controllers/DatabaseObserver/EntityChange.swift /Users/alexmontesino/Library/Developer/Xcode/DerivedData/Gym_API-gttvbppsiybwtpahvrbhortrptkr/SourcePackages/checkouts/stream-chat-swift/Sources/StreamChat/Controllers/DatabaseObserver/ListChange.swift /Users/alexmontesino/Library/Developer/Xcode/DerivedData/Gym_API-gttvbppsiybwtpahvrbhortrptkr/SourcePackages/checkouts/stream-chat-swift/Sources/StreamChat/Controllers/EventsController/ChannelEventsController.swift (in target 'StreamChat' from project 'StreamChat')

SwiftCompile normal arm64 /Users/alexmontesino/Library/Developer/Xcode/DerivedData/Gym_API-gttvbppsiybwtpahvrbhortrptkr/SourcePackages/checkouts/stream-chat-swift/Sources/StreamChat/Controllers/ChannelController/ChannelControllerDelegate.swift (in target 'StreamChat' from project 'StreamChat')
    cd /Users/alexmontesino/Documents/GYM-API-IOS/Gym_API/Gym_API.xcodeproj
    

SwiftCompile normal arm64 /Users/alexmontesino/Library/Developer/Xcode/DerivedData/Gym_API-gttvbppsiybwtpahvrbhortrptkr/SourcePackages/checkouts/stream-chat-swift/Sources/StreamChat/Controllers/ChannelController/ChatClient+ChannelController.swift (in target 'StreamChat' from project 'StreamChat')
    cd /Users/alexmontesino/Documents/GYM-API-IOS/Gym_API/Gym_API.xcodeproj
    

SwiftCompile normal arm64 /Users/alexmontesino/Library/Developer/Xcode/DerivedData/Gym_API-gttvbppsiybwtpahvrbhortrptkr/SourcePackages/checkouts/stream-chat-swift/Sources/StreamChat/Controllers/ChannelController/LivestreamChannelController+Combine.swift (in target 'StreamChat' from project 'StreamChat')
    cd /Users/alexmontesino/Documents/GYM-API-IOS/Gym_API/Gym_API.xcodeproj
    

SwiftCompile normal arm64 /Users/alexmontesino/Library/Developer/Xcode/DerivedData/Gym_API-gttvbppsiybwtpahvrbhortrptkr/SourcePackages/checkouts/stream-chat-swift/Sources/StreamChat/Controllers/ChannelController/LivestreamChannelController.swift (in target 'StreamChat' from project 'StreamChat')
    cd /Users/alexmontesino/Documents/GYM-API-IOS/Gym_API/Gym_API.xcodeproj
    

SwiftCompile normal arm64 /Users/alexmontesino/Library/Developer/Xcode/DerivedData/Gym_API-gttvbppsiybwtpahvrbhortrptkr/SourcePackages/checkouts/stream-chat-swift/Sources/StreamChat/Controllers/ChannelListController/ChannelListController+Combine.swift (in target 'StreamChat' from project 'StreamChat')
    cd /Users/alexmontesino/Documents/GYM-API-IOS/Gym_API/Gym_API.xcodeproj
    

SwiftCompile normal arm64 /Users/alexmontesino/Library/Developer/Xcode/DerivedData/Gym_API-gttvbppsiybwtpahvrbhortrptkr/SourcePackages/checkouts/stream-chat-swift/Sources/StreamChat/Controllers/ChannelListController/ChannelListController+SwiftUI.swift (in target 'StreamChat' from project 'StreamChat')
    cd /Users/alexmontesino/Documents/GYM-API-IOS/Gym_API/Gym_API.xcodeproj
    

SwiftCompile normal arm64 /Users/alexmontesino/Library/Developer/Xcode/DerivedData/Gym_API-gttvbppsiybwtpahvrbhortrptkr/SourcePackages/checkouts/stream-chat-swift/Sources/StreamChat/Controllers/ChannelListController/ChannelListController.swift (in target 'StreamChat' from project 'StreamChat')
    cd /Users/alexmontesino/Documents/GYM-API-IOS/Gym_API/Gym_API.xcodeproj
    

SwiftCompile normal arm64 /Users/alexmontesino/Library/Developer/Xcode/DerivedData/Gym_API-gttvbppsiybwtpahvrbhortrptkr/SourcePackages/checkouts/stream-chat-swift/Sources/StreamChat/Controllers/ChannelWatcherListController/ChatChannelWatcherListController+Combine.swift (in target 'StreamChat' from project 'StreamChat')
    cd /Users/alexmontesino/Documents/GYM-API-IOS/Gym_API/Gym_API.xcodeproj
    

SwiftCompile normal arm64 /Users/alexmontesino/Library/Developer/Xcode/DerivedData/Gym_API-gttvbppsiybwtpahvrbhortrptkr/SourcePackages/checkouts/stream-chat-swift/Sources/StreamChat/Controllers/ChannelWatcherListController/ChatChannelWatcherListController+SwiftUI.swift (in target 'StreamChat' from project 'StreamChat')
    cd /Users/alexmontesino/Documents/GYM-API-IOS/Gym_API/Gym_API.xcodeproj
    

SwiftCompile normal arm64 /Users/alexmontesino/Library/Developer/Xcode/DerivedData/Gym_API-gttvbppsiybwtpahvrbhortrptkr/SourcePackages/checkouts/stream-chat-swift/Sources/StreamChat/Controllers/ChannelWatcherListController/ChatChannelWatcherListController.swift (in target 'StreamChat' from project 'StreamChat')
    cd /Users/alexmontesino/Documents/GYM-API-IOS/Gym_API/Gym_API.xcodeproj
    

SwiftCompile normal arm64 /Users/alexmontesino/Library/Developer/Xcode/DerivedData/Gym_API-gttvbppsiybwtpahvrbhortrptkr/SourcePackages/checkouts/stream-chat-swift/Sources/StreamChat/Controllers/ConnectionController/ConnectionController+Combine.swift (in target 'StreamChat' from project 'StreamChat')
    cd /Users/alexmontesino/Documents/GYM-API-IOS/Gym_API/Gym_API.xcodeproj
    

SwiftCompile normal arm64 /Users/alexmontesino/Library/Developer/Xcode/DerivedData/Gym_API-gttvbppsiybwtpahvrbhortrptkr/SourcePackages/checkouts/stream-chat-swift/Sources/StreamChat/Controllers/ConnectionController/ConnectionController+SwiftUI.swift (in target 'StreamChat' from project 'StreamChat')
    cd /Users/alexmontesino/Documents/GYM-API-IOS/Gym_API/Gym_API.xcodeproj
    

SwiftCompile normal arm64 /Users/alexmontesino/Library/Developer/Xcode/DerivedData/Gym_API-gttvbppsiybwtpahvrbhortrptkr/SourcePackages/checkouts/stream-chat-swift/Sources/StreamChat/Controllers/ConnectionController/ConnectionController.swift (in target 'StreamChat' from project 'StreamChat')
    cd /Users/alexmontesino/Documents/GYM-API-IOS/Gym_API/Gym_API.xcodeproj
    

SwiftCompile normal arm64 /Users/alexmontesino/Library/Developer/Xcode/DerivedData/Gym_API-gttvbppsiybwtpahvrbhortrptkr/SourcePackages/checkouts/stream-chat-swift/Sources/StreamChat/Controllers/Controller.swift (in target 'StreamChat' from project 'StreamChat')
    cd /Users/alexmontesino/Documents/GYM-API-IOS/Gym_API/Gym_API.xcodeproj
    

SwiftCompile normal arm64 /Users/alexmontesino/Library/Developer/Xcode/DerivedData/Gym_API-gttvbppsiybwtpahvrbhortrptkr/SourcePackages/checkouts/stream-chat-swift/Sources/StreamChat/Controllers/CurrentUserController/CurrentUserController+Combine.swift (in target 'StreamChat' from project 'StreamChat')
    cd /Users/alexmontesino/Documents/GYM-API-IOS/Gym_API/Gym_API.xcodeproj
    

SwiftCompile normal arm64 /Users/alexmontesino/Library/Developer/Xcode/DerivedData/Gym_API-gttvbppsiybwtpahvrbhortrptkr/SourcePackages/checkouts/stream-chat-swift/Sources/StreamChat/Controllers/CurrentUserController/CurrentUserController+SwiftUI.swift (in target 'StreamChat' from project 'StreamChat')
    cd /Users/alexmontesino/Documents/GYM-API-IOS/Gym_API/Gym_API.xcodeproj
    

SwiftCompile normal arm64 /Users/alexmontesino/Library/Developer/Xcode/DerivedData/Gym_API-gttvbppsiybwtpahvrbhortrptkr/SourcePackages/checkouts/stream-chat-swift/Sources/StreamChat/Controllers/CurrentUserController/CurrentUserController.swift (in target 'StreamChat' from project 'StreamChat')
    cd /Users/alexmontesino/Documents/GYM-API-IOS/Gym_API/Gym_API.xcodeproj
    

SwiftCompile normal arm64 /Users/alexmontesino/Library/Developer/Xcode/DerivedData/Gym_API-gttvbppsiybwtpahvrbhortrptkr/SourcePackages/checkouts/stream-chat-swift/Sources/StreamChat/Controllers/DataController.swift (in target 'StreamChat' from project 'StreamChat')
    cd /Users/alexmontesino/Documents/GYM-API-IOS/Gym_API/Gym_API.xcodeproj
    

SwiftCompile normal arm64 /Users/alexmontesino/Library/Developer/Xcode/DerivedData/Gym_API-gttvbppsiybwtpahvrbhortrptkr/SourcePackages/checkouts/stream-chat-swift/Sources/StreamChat/Controllers/DatabaseObserver/BackgroundDatabaseObserver.swift (in target 'StreamChat' from project 'StreamChat')
    cd /Users/alexmontesino/Documents/GYM-API-IOS/Gym_API/Gym_API.xcodeproj
    

SwiftCompile normal arm64 /Users/alexmontesino/Library/Developer/Xcode/DerivedData/Gym_API-gttvbppsiybwtpahvrbhortrptkr/SourcePackages/checkouts/stream-chat-swift/Sources/StreamChat/Controllers/DatabaseObserver/BackgroundEntityDatabaseObserver.swift (in target 'StreamChat' from project 'StreamChat')
    cd /Users/alexmontesino/Documents/GYM-API-IOS/Gym_API/Gym_API.xcodeproj
    

SwiftCompile normal arm64 /Users/alexmontesino/Library/Developer/Xcode/DerivedData/Gym_API-gttvbppsiybwtpahvrbhortrptkr/SourcePackages/checkouts/stream-chat-swift/Sources/StreamChat/Controllers/DatabaseObserver/BackgroundListDatabaseObserver.swift (in target 'StreamChat' from project 'StreamChat')
    cd /Users/alexmontesino/Documents/GYM-API-IOS/Gym_API/Gym_API.xcodeproj
    

SwiftCompile normal arm64 /Users/alexmontesino/Library/Developer/Xcode/DerivedData/Gym_API-gttvbppsiybwtpahvrbhortrptkr/SourcePackages/checkouts/stream-chat-swift/Sources/StreamChat/Controllers/DatabaseObserver/EntityChange.swift (in target 'StreamChat' from project 'StreamChat')
    cd /Users/alexmontesino/Documents/GYM-API-IOS/Gym_API/Gym_API.xcodeproj
    

SwiftCompile normal arm64 /Users/alexmontesino/Library/Developer/Xcode/DerivedData/Gym_API-gttvbppsiybwtpahvrbhortrptkr/SourcePackages/checkouts/stream-chat-swift/Sources/StreamChat/Controllers/DatabaseObserver/ListChange.swift (in target 'StreamChat' from project 'StreamChat')
    cd /Users/alexmontesino/Documents/GYM-API-IOS/Gym_API/Gym_API.xcodeproj
    

SwiftCompile normal arm64 /Users/alexmontesino/Library/Developer/Xcode/DerivedData/Gym_API-gttvbppsiybwtpahvrbhortrptkr/SourcePackages/checkouts/stream-chat-swift/Sources/StreamChat/Controllers/EventsController/ChannelEventsController.swift (in target 'StreamChat' from project 'StreamChat')
    cd /Users/alexmontesino/Documents/GYM-API-IOS/Gym_API/Gym_API.xcodeproj
    

SwiftDriverJobDiscovery normal arm64 Compiling SimpleKeychainError.swift (in target 'SimpleKeychain' from project 'SimpleKeychain')

SwiftCompile normal arm64 Compiling\ resource_bundle_accessor.swift,\ APIClient.swift,\ APIPathConvertible.swift,\ AttachmentDownloader.swift,\ AttachmentUploader.swift,\ UploadedAttachment.swift,\ UploadedAttachmentPostProcessor.swift,\ CDNClient.swift,\ ChatRemoteNotificationHandler.swift,\ AppEndpoints.swift,\ AttachmentEndpoints.swift,\ BlockedUserPayload.swift,\ ChannelEndpoints.swift,\ DeviceEndpoints.swift,\ DraftEndpoints.swift,\ Endpoint.swift,\ EndpointPath+OfflineRequest.swift,\ EndpointPath.swift,\ FilesEndpoints.swift,\ GuestEndpoints.swift,\ LocationEndpoints.swift,\ MemberEndpoints.swift,\ MessageEndpoints.swift,\ ModerationEndpoints.swift /Users/alexmontesino/Library/Developer/Xcode/DerivedData/Gym_API-gttvbppsiybwtpahvrbhortrptkr/Build/Intermediates.noindex/StreamChat.build/Debug-iphonesimulator/StreamChat.build/DerivedSources/resource_bundle_accessor.swift /Users/alexmontesino/Library/Developer/Xcode/DerivedData/Gym_API-gttvbppsiybwtpahvrbhortrptkr/SourcePackages/checkouts/stream-chat-swift/Sources/StreamChat/APIClient/APIClient.swift /Users/alexmontesino/Library/Developer/Xcode/DerivedData/Gym_API-gttvbppsiybwtpahvrbhortrptkr/SourcePackages/checkouts/stream-chat-swift/Sources/StreamChat/APIClient/APIPathConvertible.swift /Users/alexmontesino/Library/Developer/Xcode/DerivedData/Gym_API-gttvbppsiybwtpahvrbhortrptkr/SourcePackages/checkouts/stream-chat-swift/Sources/StreamChat/APIClient/AttachmentDownloader/AttachmentDownloader.swift /Users/alexmontesino/Library/Developer/Xcode/DerivedData/Gym_API-gttvbppsiybwtpahvrbhortrptkr/SourcePackages/checkouts/stream-chat-swift/Sources/StreamChat/APIClient/AttachmentUploader/AttachmentUploader.swift /Users/alexmontesino/Library/Developer/Xcode/DerivedData/Gym_API-gttvbppsiybwtpahvrbhortrptkr/SourcePackages/checkouts/stream-chat-swift/Sources/StreamChat/APIClient/AttachmentUploader/UploadedAttachment.swift /Users/alexmontesino/Library/Developer/Xcode/DerivedData/Gym_API-gttvbppsiybwtpahvrbhortrptkr/SourcePackages/checkouts/stream-chat-swift/Sources/StreamChat/APIClient/AttachmentUploader/UploadedAttachmentPostProcessor.swift /Users/alexmontesino/Library/Developer/Xcode/DerivedData/Gym_API-gttvbppsiybwtpahvrbhortrptkr/SourcePackages/checkouts/stream-chat-swift/Sources/StreamChat/APIClient/CDNClient/CDNClient.swift /Users/alexmontesino/Library/Developer/Xcode/DerivedData/Gym_API-gttvbppsiybwtpahvrbhortrptkr/SourcePackages/checkouts/stream-chat-swift/Sources/StreamChat/APIClient/ChatRemoteNotificationHandler.swift /Users/alexmontesino/Library/Developer/Xcode/DerivedData/Gym_API-gttvbppsiybwtpahvrbhortrptkr/SourcePackages/checkouts/stream-chat-swift/Sources/StreamChat/APIClient/Endpoints/AppEndpoints.swift /Users/alexmontesino/Library/Developer/Xcode/DerivedData/Gym_API-gttvbppsiybwtpahvrbhortrptkr/SourcePackages/checkouts/stream-chat-swift/Sources/StreamChat/APIClient/Endpoints/AttachmentEndpoints.swift /Users/alexmontesino/Library/Developer/Xcode/DerivedData/Gym_API-gttvbppsiybwtpahvrbhortrptkr/SourcePackages/checkouts/stream-chat-swift/Sources/StreamChat/APIClient/Endpoints/BlockedUserPayload.swift /Users/alexmontesino/Library/Developer/Xcode/DerivedData/Gym_API-gttvbppsiybwtpahvrbhortrptkr/SourcePackages/checkouts/stream-chat-swift/Sources/StreamChat/APIClient/Endpoints/ChannelEndpoints.swift /Users/alexmontesino/Library/Developer/Xcode/DerivedData/Gym_API-gttvbppsiybwtpahvrbhortrptkr/SourcePackages/checkouts/stream-chat-swift/Sources/StreamChat/APIClient/Endpoints/DeviceEndpoints.swift /Users/alexmontesino/Library/Developer/Xcode/DerivedData/Gym_API-gttvbppsiybwtpahvrbhortrptkr/SourcePackages/checkouts/stream-chat-swift/Sources/StreamChat/APIClient/Endpoints/DraftEndpoints.swift /Users/alexmontesino/Library/Developer/Xcode/DerivedData/Gym_API-gttvbppsiybwtpahvrbhortrptkr/SourcePackages/checkouts/stream-chat-swift/Sources/StreamChat/APIClient/Endpoints/Endpoint.swift /Users/alexmontesino/Library/Developer/Xcode/DerivedData/Gym_API-gttvbppsiybwtpahvrbhortrptkr/SourcePackages/checkouts/stream-chat-swift/Sources/StreamChat/APIClient/Endpoints/EndpointPath+OfflineRequest.swift /Users/alexmontesino/Library/Developer/Xcode/DerivedData/Gym_API-gttvbppsiybwtpahvrbhortrptkr/SourcePackages/checkouts/stream-chat-swift/Sources/StreamChat/APIClient/Endpoints/EndpointPath.swift /Users/alexmontesino/Library/Developer/Xcode/DerivedData/Gym_API-gttvbppsiybwtpahvrbhortrptkr/SourcePackages/checkouts/stream-chat-swift/Sources/StreamChat/APIClient/Endpoints/FilesEndpoints.swift /Users/alexmontesino/Library/Developer/Xcode/DerivedData/Gym_API-gttvbppsiybwtpahvrbhortrptkr/SourcePackages/checkouts/stream-chat-swift/Sources/StreamChat/APIClient/Endpoints/GuestEndpoints.swift /Users/alexmontesino/Library/Developer/Xcode/DerivedData/Gym_API-gttvbppsiybwtpahvrbhortrptkr/SourcePackages/checkouts/stream-chat-swift/Sources/StreamChat/APIClient/Endpoints/LocationEndpoints.swift /Users/alexmontesino/Library/Developer/Xcode/DerivedData/Gym_API-gttvbppsiybwtpahvrbhortrptkr/SourcePackages/checkouts/stream-chat-swift/Sources/StreamChat/APIClient/Endpoints/MemberEndpoints.swift /Users/alexmontesino/Library/Developer/Xcode/DerivedData/Gym_API-gttvbppsiybwtpahvrbhortrptkr/SourcePackages/checkouts/stream-chat-swift/Sources/StreamChat/APIClient/Endpoints/MessageEndpoints.swift /Users/alexmontesino/Library/Developer/Xcode/DerivedData/Gym_API-gttvbppsiybwtpahvrbhortrptkr/SourcePackages/checkouts/stream-chat-swift/Sources/StreamChat/APIClient/Endpoints/ModerationEndpoints.swift (in target 'StreamChat' from project 'StreamChat')

SwiftCompile normal arm64 /Users/alexmontesino/Library/Developer/Xcode/DerivedData/Gym_API-gttvbppsiybwtpahvrbhortrptkr/Build/Intermediates.noindex/StreamChat.build/Debug-iphonesimulator/StreamChat.build/DerivedSources/resource_bundle_accessor.swift (in target 'StreamChat' from project 'StreamChat')
    cd /Users/alexmontesino/Documents/GYM-API-IOS/Gym_API/Gym_API.xcodeproj
    

SwiftCompile normal arm64 /Users/alexmontesino/Library/Developer/Xcode/DerivedData/Gym_API-gttvbppsiybwtpahvrbhortrptkr/SourcePackages/checkouts/stream-chat-swift/Sources/StreamChat/APIClient/APIClient.swift (in target 'StreamChat' from project 'StreamChat')
    cd /Users/alexmontesino/Documents/GYM-API-IOS/Gym_API/Gym_API.xcodeproj
    

SwiftCompile normal arm64 /Users/alexmontesino/Library/Developer/Xcode/DerivedData/Gym_API-gttvbppsiybwtpahvrbhortrptkr/SourcePackages/checkouts/stream-chat-swift/Sources/StreamChat/APIClient/APIPathConvertible.swift (in target 'StreamChat' from project 'StreamChat')
    cd /Users/alexmontesino/Documents/GYM-API-IOS/Gym_API/Gym_API.xcodeproj
    

SwiftCompile normal arm64 /Users/alexmontesino/Library/Developer/Xcode/DerivedData/Gym_API-gttvbppsiybwtpahvrbhortrptkr/SourcePackages/checkouts/stream-chat-swift/Sources/StreamChat/APIClient/AttachmentDownloader/AttachmentDownloader.swift (in target 'StreamChat' from project 'StreamChat')
    cd /Users/alexmontesino/Documents/GYM-API-IOS/Gym_API/Gym_API.xcodeproj
    

SwiftCompile normal arm64 /Users/alexmontesino/Library/Developer/Xcode/DerivedData/Gym_API-gttvbppsiybwtpahvrbhortrptkr/SourcePackages/checkouts/stream-chat-swift/Sources/StreamChat/APIClient/AttachmentUploader/AttachmentUploader.swift (in target 'StreamChat' from project 'StreamChat')
    cd /Users/alexmontesino/Documents/GYM-API-IOS/Gym_API/Gym_API.xcodeproj
    

SwiftCompile normal arm64 /Users/alexmontesino/Library/Developer/Xcode/DerivedData/Gym_API-gttvbppsiybwtpahvrbhortrptkr/SourcePackages/checkouts/stream-chat-swift/Sources/StreamChat/APIClient/AttachmentUploader/UploadedAttachment.swift (in target 'StreamChat' from project 'StreamChat')
    cd /Users/alexmontesino/Documents/GYM-API-IOS/Gym_API/Gym_API.xcodeproj
    

SwiftCompile normal arm64 /Users/alexmontesino/Library/Developer/Xcode/DerivedData/Gym_API-gttvbppsiybwtpahvrbhortrptkr/SourcePackages/checkouts/stream-chat-swift/Sources/StreamChat/APIClient/AttachmentUploader/UploadedAttachmentPostProcessor.swift (in target 'StreamChat' from project 'StreamChat')
    cd /Users/alexmontesino/Documents/GYM-API-IOS/Gym_API/Gym_API.xcodeproj
    

SwiftCompile normal arm64 /Users/alexmontesino/Library/Developer/Xcode/DerivedData/Gym_API-gttvbppsiybwtpahvrbhortrptkr/SourcePackages/checkouts/stream-chat-swift/Sources/StreamChat/APIClient/CDNClient/CDNClient.swift (in target 'StreamChat' from project 'StreamChat')
    cd /Users/alexmontesino/Documents/GYM-API-IOS/Gym_API/Gym_API.xcodeproj
    

SwiftCompile normal arm64 /Users/alexmontesino/Library/Developer/Xcode/DerivedData/Gym_API-gttvbppsiybwtpahvrbhortrptkr/SourcePackages/checkouts/stream-chat-swift/Sources/StreamChat/APIClient/ChatRemoteNotificationHandler.swift (in target 'StreamChat' from project 'StreamChat')
    cd /Users/alexmontesino/Documents/GYM-API-IOS/Gym_API/Gym_API.xcodeproj
    

SwiftCompile normal arm64 /Users/alexmontesino/Library/Developer/Xcode/DerivedData/Gym_API-gttvbppsiybwtpahvrbhortrptkr/SourcePackages/checkouts/stream-chat-swift/Sources/StreamChat/APIClient/Endpoints/AppEndpoints.swift (in target 'StreamChat' from project 'StreamChat')
    cd /Users/alexmontesino/Documents/GYM-API-IOS/Gym_API/Gym_API.xcodeproj
    

SwiftCompile normal arm64 /Users/alexmontesino/Library/Developer/Xcode/DerivedData/Gym_API-gttvbppsiybwtpahvrbhortrptkr/SourcePackages/checkouts/stream-chat-swift/Sources/StreamChat/APIClient/Endpoints/AttachmentEndpoints.swift (in target 'StreamChat' from project 'StreamChat')
    cd /Users/alexmontesino/Documents/GYM-API-IOS/Gym_API/Gym_API.xcodeproj
    

SwiftCompile normal arm64 /Users/alexmontesino/Library/Developer/Xcode/DerivedData/Gym_API-gttvbppsiybwtpahvrbhortrptkr/SourcePackages/checkouts/stream-chat-swift/Sources/StreamChat/APIClient/Endpoints/BlockedUserPayload.swift (in target 'StreamChat' from project 'StreamChat')
    cd /Users/alexmontesino/Documents/GYM-API-IOS/Gym_API/Gym_API.xcodeproj
    

SwiftCompile normal arm64 /Users/alexmontesino/Library/Developer/Xcode/DerivedData/Gym_API-gttvbppsiybwtpahvrbhortrptkr/SourcePackages/checkouts/stream-chat-swift/Sources/StreamChat/APIClient/Endpoints/ChannelEndpoints.swift (in target 'StreamChat' from project 'StreamChat')
    cd /Users/alexmontesino/Documents/GYM-API-IOS/Gym_API/Gym_API.xcodeproj
    

SwiftCompile normal arm64 /Users/alexmontesino/Library/Developer/Xcode/DerivedData/Gym_API-gttvbppsiybwtpahvrbhortrptkr/SourcePackages/checkouts/stream-chat-swift/Sources/StreamChat/APIClient/Endpoints/DeviceEndpoints.swift (in target 'StreamChat' from project 'StreamChat')
    cd /Users/alexmontesino/Documents/GYM-API-IOS/Gym_API/Gym_API.xcodeproj
    

SwiftCompile normal arm64 /Users/alexmontesino/Library/Developer/Xcode/DerivedData/Gym_API-gttvbppsiybwtpahvrbhortrptkr/SourcePackages/checkouts/stream-chat-swift/Sources/StreamChat/APIClient/Endpoints/DraftEndpoints.swift (in target 'StreamChat' from project 'StreamChat')
    cd /Users/alexmontesino/Documents/GYM-API-IOS/Gym_API/Gym_API.xcodeproj
    

SwiftCompile normal arm64 /Users/alexmontesino/Library/Developer/Xcode/DerivedData/Gym_API-gttvbppsiybwtpahvrbhortrptkr/SourcePackages/checkouts/stream-chat-swift/Sources/StreamChat/APIClient/Endpoints/Endpoint.swift (in target 'StreamChat' from project 'StreamChat')
    cd /Users/alexmontesino/Documents/GYM-API-IOS/Gym_API/Gym_API.xcodeproj
    

SwiftCompile normal arm64 /Users/alexmontesino/Library/Developer/Xcode/DerivedData/Gym_API-gttvbppsiybwtpahvrbhortrptkr/SourcePackages/checkouts/stream-chat-swift/Sources/StreamChat/APIClient/Endpoints/EndpointPath+OfflineRequest.swift (in target 'StreamChat' from project 'StreamChat')
    cd /Users/alexmontesino/Documents/GYM-API-IOS/Gym_API/Gym_API.xcodeproj
    

SwiftCompile normal arm64 /Users/alexmontesino/Library/Developer/Xcode/DerivedData/Gym_API-gttvbppsiybwtpahvrbhortrptkr/SourcePackages/checkouts/stream-chat-swift/Sources/StreamChat/APIClient/Endpoints/EndpointPath.swift (in target 'StreamChat' from project 'StreamChat')
    cd /Users/alexmontesino/Documents/GYM-API-IOS/Gym_API/Gym_API.xcodeproj
    

SwiftCompile normal arm64 /Users/alexmontesino/Library/Developer/Xcode/DerivedData/Gym_API-gttvbppsiybwtpahvrbhortrptkr/SourcePackages/checkouts/stream-chat-swift/Sources/StreamChat/APIClient/Endpoints/FilesEndpoints.swift (in target 'StreamChat' from project 'StreamChat')
    cd /Users/alexmontesino/Documents/GYM-API-IOS/Gym_API/Gym_API.xcodeproj
    

SwiftCompile normal arm64 /Users/alexmontesino/Library/Developer/Xcode/DerivedData/Gym_API-gttvbppsiybwtpahvrbhortrptkr/SourcePackages/checkouts/stream-chat-swift/Sources/StreamChat/APIClient/Endpoints/GuestEndpoints.swift (in target 'StreamChat' from project 'StreamChat')
    cd /Users/alexmontesino/Documents/GYM-API-IOS/Gym_API/Gym_API.xcodeproj
    

SwiftCompile normal arm64 /Users/alexmontesino/Library/Developer/Xcode/DerivedData/Gym_API-gttvbppsiybwtpahvrbhortrptkr/SourcePackages/checkouts/stream-chat-swift/Sources/StreamChat/APIClient/Endpoints/LocationEndpoints.swift (in target 'StreamChat' from project 'StreamChat')
    cd /Users/alexmontesino/Documents/GYM-API-IOS/Gym_API/Gym_API.xcodeproj
    

SwiftCompile normal arm64 /Users/alexmontesino/Library/Developer/Xcode/DerivedData/Gym_API-gttvbppsiybwtpahvrbhortrptkr/SourcePackages/checkouts/stream-chat-swift/Sources/StreamChat/APIClient/Endpoints/MemberEndpoints.swift (in target 'StreamChat' from project 'StreamChat')
    cd /Users/alexmontesino/Documents/GYM-API-IOS/Gym_API/Gym_API.xcodeproj
    

SwiftCompile normal arm64 /Users/alexmontesino/Library/Developer/Xcode/DerivedData/Gym_API-gttvbppsiybwtpahvrbhortrptkr/SourcePackages/checkouts/stream-chat-swift/Sources/StreamChat/APIClient/Endpoints/MessageEndpoints.swift (in target 'StreamChat' from project 'StreamChat')
    cd /Users/alexmontesino/Documents/GYM-API-IOS/Gym_API/Gym_API.xcodeproj
    

SwiftCompile normal arm64 /Users/alexmontesino/Library/Developer/Xcode/DerivedData/Gym_API-gttvbppsiybwtpahvrbhortrptkr/SourcePackages/checkouts/stream-chat-swift/Sources/StreamChat/APIClient/Endpoints/ModerationEndpoints.swift (in target 'StreamChat' from project 'StreamChat')
    cd /Users/alexmontesino/Documents/GYM-API-IOS/Gym_API/Gym_API.xcodeproj
    

SwiftDriverJobDiscovery normal arm64 Compiling SimpleKeychain.swift (in target 'SimpleKeychain' from project 'SimpleKeychain')

SwiftCompile normal arm64 Compiling\ AudioPlayerObserving.swift,\ AudioPlaying.swift,\ AudioPlayingDelegate.swift,\ AudioQueuePlayer.swift,\ AudioRecording.swift,\ AudioRecordingContext.swift,\ AudioRecordingContextAccessor.swift,\ AudioRecordingDelegate.swift,\ AudioRecordingState.swift,\ AudioSessionConfiguring.swift,\ AudioSessionProtocol.swift,\ AVAsset+TotalAudioSamples.swift,\ ChatClient+Environment.swift,\ ChatClient.swift,\ ChatClientFactory.swift,\ BaseURL.swift,\ ChatClientConfig.swift,\ SendMessageInterceptor.swift,\ StreamModelsTransformer.swift,\ StreamRuntimeCheck.swift,\ Token.swift,\ ChannelController+Combine.swift,\ ChannelController+SwiftUI.swift,\ ChannelController.swift /Users/alexmontesino/Library/Developer/Xcode/DerivedData/Gym_API-gttvbppsiybwtpahvrbhortrptkr/SourcePackages/checkouts/stream-chat-swift/Sources/StreamChat/Audio/AudioPlayer/AudioPlayerObserving.swift /Users/alexmontesino/Library/Developer/Xcode/DerivedData/Gym_API-gttvbppsiybwtpahvrbhortrptkr/SourcePackages/checkouts/stream-chat-swift/Sources/StreamChat/Audio/AudioPlayer/AudioPlaying.swift /Users/alexmontesino/Library/Developer/Xcode/DerivedData/Gym_API-gttvbppsiybwtpahvrbhortrptkr/SourcePackages/checkouts/stream-chat-swift/Sources/StreamChat/Audio/AudioPlayer/AudioPlayingDelegate.swift /Users/alexmontesino/Library/Developer/Xcode/DerivedData/Gym_API-gttvbppsiybwtpahvrbhortrptkr/SourcePackages/checkouts/stream-chat-swift/Sources/StreamChat/Audio/AudioPlayer/AudioQueuePlayer.swift /Users/alexmontesino/Library/Developer/Xcode/DerivedData/Gym_API-gttvbppsiybwtpahvrbhortrptkr/SourcePackages/checkouts/stream-chat-swift/Sources/StreamChat/Audio/AudioRecorder/AudioRecording.swift /Users/alexmontesino/Library/Developer/Xcode/DerivedData/Gym_API-gttvbppsiybwtpahvrbhortrptkr/SourcePackages/checkouts/stream-chat-swift/Sources/StreamChat/Audio/AudioRecorder/AudioRecordingContext.swift /Users/alexmontesino/Library/Developer/Xcode/DerivedData/Gym_API-gttvbppsiybwtpahvrbhortrptkr/SourcePackages/checkouts/stream-chat-swift/Sources/StreamChat/Audio/AudioRecorder/AudioRecordingContextAccessor.swift /Users/alexmontesino/Library/Developer/Xcode/DerivedData/Gym_API-gttvbppsiybwtpahvrbhortrptkr/SourcePackages/checkouts/stream-chat-swift/Sources/StreamChat/Audio/AudioRecorder/AudioRecordingDelegate.swift /Users/alexmontesino/Library/Developer/Xcode/DerivedData/Gym_API-gttvbppsiybwtpahvrbhortrptkr/SourcePackages/checkouts/stream-chat-swift/Sources/StreamChat/Audio/AudioRecorder/AudioRecordingState.swift /Users/alexmontesino/Library/Developer/Xcode/DerivedData/Gym_API-gttvbppsiybwtpahvrbhortrptkr/SourcePackages/checkouts/stream-chat-swift/Sources/StreamChat/Audio/AudioSessionConfiguring.swift /Users/alexmontesino/Library/Developer/Xcode/DerivedData/Gym_API-gttvbppsiybwtpahvrbhortrptkr/SourcePackages/checkouts/stream-chat-swift/Sources/StreamChat/Audio/AudioSessionProtocol.swift /Users/alexmontesino/Library/Developer/Xcode/DerivedData/Gym_API-gttvbppsiybwtpahvrbhortrptkr/SourcePackages/checkouts/stream-chat-swift/Sources/StreamChat/Audio/Extensions/AVAsset+TotalAudioSamples.swift /Users/alexmontesino/Library/Developer/Xcode/DerivedData/Gym_API-gttvbppsiybwtpahvrbhortrptkr/SourcePackages/checkouts/stream-chat-swift/Sources/StreamChat/ChatClient+Environment.swift /Users/alexmontesino/Library/Developer/Xcode/DerivedData/Gym_API-gttvbppsiybwtpahvrbhortrptkr/SourcePackages/checkouts/stream-chat-swift/Sources/StreamChat/ChatClient.swift /Users/alexmontesino/Library/Developer/Xcode/DerivedData/Gym_API-gttvbppsiybwtpahvrbhortrptkr/SourcePackages/checkouts/stream-chat-swift/Sources/StreamChat/ChatClientFactory.swift /Users/alexmontesino/Library/Developer/Xcode/DerivedData/Gym_API-gttvbppsiybwtpahvrbhortrptkr/SourcePackages/checkouts/stream-chat-swift/Sources/StreamChat/Config/BaseURL.swift /Users/alexmontesino/Library/Developer/Xcode/DerivedData/Gym_API-gttvbppsiybwtpahvrbhortrptkr/SourcePackages/checkouts/stream-chat-swift/Sources/StreamChat/Config/ChatClientConfig.swift /Users/alexmontesino/Library/Developer/Xcode/DerivedData/Gym_API-gttvbppsiybwtpahvrbhortrptkr/SourcePackages/checkouts/stream-chat-swift/Sources/StreamChat/Config/SendMessageInterceptor.swift /Users/alexmontesino/Library/Developer/Xcode/DerivedData/Gym_API-gttvbppsiybwtpahvrbhortrptkr/SourcePackages/checkouts/stream-chat-swift/Sources/StreamChat/Config/StreamModelsTransformer.swift /Users/alexmontesino/Library/Developer/Xcode/DerivedData/Gym_API-gttvbppsiybwtpahvrbhortrptkr/SourcePackages/checkouts/stream-chat-swift/Sources/StreamChat/Config/StreamRuntimeCheck.swift /Users/alexmontesino/Library/Developer/Xcode/DerivedData/Gym_API-gttvbppsiybwtpahvrbhortrptkr/SourcePackages/checkouts/stream-chat-swift/Sources/StreamChat/Config/Token.swift /Users/alexmontesino/Library/Developer/Xcode/DerivedData/Gym_API-gttvbppsiybwtpahvrbhortrptkr/SourcePackages/checkouts/stream-chat-swift/Sources/StreamChat/Controllers/ChannelController/ChannelController+Combine.swift /Users/alexmontesino/Library/Developer/Xcode/DerivedData/Gym_API-gttvbppsiybwtpahvrbhortrptkr/SourcePackages/checkouts/stream-chat-swift/Sources/StreamChat/Controllers/ChannelController/ChannelController+SwiftUI.swift /Users/alexmontesino/Library/Developer/Xcode/DerivedData/Gym_API-gttvbppsiybwtpahvrbhortrptkr/SourcePackages/checkouts/stream-chat-swift/Sources/StreamChat/Controllers/ChannelController/ChannelController.swift (in target 'StreamChat' from project 'StreamChat')

SwiftCompile normal arm64 /Users/alexmontesino/Library/Developer/Xcode/DerivedData/Gym_API-gttvbppsiybwtpahvrbhortrptkr/SourcePackages/checkouts/stream-chat-swift/Sources/StreamChat/Audio/AudioPlayer/AudioPlayerObserving.swift (in target 'StreamChat' from project 'StreamChat')
    cd /Users/alexmontesino/Documents/GYM-API-IOS/Gym_API/Gym_API.xcodeproj
    

SwiftCompile normal arm64 /Users/alexmontesino/Library/Developer/Xcode/DerivedData/Gym_API-gttvbppsiybwtpahvrbhortrptkr/SourcePackages/checkouts/stream-chat-swift/Sources/StreamChat/Audio/AudioPlayer/AudioPlaying.swift (in target 'StreamChat' from project 'StreamChat')
    cd /Users/alexmontesino/Documents/GYM-API-IOS/Gym_API/Gym_API.xcodeproj
    

SwiftCompile normal arm64 /Users/alexmontesino/Library/Developer/Xcode/DerivedData/Gym_API-gttvbppsiybwtpahvrbhortrptkr/SourcePackages/checkouts/stream-chat-swift/Sources/StreamChat/Audio/AudioPlayer/AudioPlayingDelegate.swift (in target 'StreamChat' from project 'StreamChat')
    cd /Users/alexmontesino/Documents/GYM-API-IOS/Gym_API/Gym_API.xcodeproj
    

SwiftCompile normal arm64 /Users/alexmontesino/Library/Developer/Xcode/DerivedData/Gym_API-gttvbppsiybwtpahvrbhortrptkr/SourcePackages/checkouts/stream-chat-swift/Sources/StreamChat/Audio/AudioPlayer/AudioQueuePlayer.swift (in target 'StreamChat' from project 'StreamChat')
    cd /Users/alexmontesino/Documents/GYM-API-IOS/Gym_API/Gym_API.xcodeproj
    

SwiftCompile normal arm64 /Users/alexmontesino/Library/Developer/Xcode/DerivedData/Gym_API-gttvbppsiybwtpahvrbhortrptkr/SourcePackages/checkouts/stream-chat-swift/Sources/StreamChat/Audio/AudioRecorder/AudioRecording.swift (in target 'StreamChat' from project 'StreamChat')
    cd /Users/alexmontesino/Documents/GYM-API-IOS/Gym_API/Gym_API.xcodeproj
    

SwiftCompile normal arm64 /Users/alexmontesino/Library/Developer/Xcode/DerivedData/Gym_API-gttvbppsiybwtpahvrbhortrptkr/SourcePackages/checkouts/stream-chat-swift/Sources/StreamChat/Audio/AudioRecorder/AudioRecordingContext.swift (in target 'StreamChat' from project 'StreamChat')
    cd /Users/alexmontesino/Documents/GYM-API-IOS/Gym_API/Gym_API.xcodeproj
    

SwiftCompile normal arm64 /Users/alexmontesino/Library/Developer/Xcode/DerivedData/Gym_API-gttvbppsiybwtpahvrbhortrptkr/SourcePackages/checkouts/stream-chat-swift/Sources/StreamChat/Audio/AudioRecorder/AudioRecordingContextAccessor.swift (in target 'StreamChat' from project 'StreamChat')
    cd /Users/alexmontesino/Documents/GYM-API-IOS/Gym_API/Gym_API.xcodeproj
    

SwiftCompile normal arm64 /Users/alexmontesino/Library/Developer/Xcode/DerivedData/Gym_API-gttvbppsiybwtpahvrbhortrptkr/SourcePackages/checkouts/stream-chat-swift/Sources/StreamChat/Audio/AudioRecorder/AudioRecordingDelegate.swift (in target 'StreamChat' from project 'StreamChat')
    cd /Users/alexmontesino/Documents/GYM-API-IOS/Gym_API/Gym_API.xcodeproj
    

SwiftCompile normal arm64 /Users/alexmontesino/Library/Developer/Xcode/DerivedData/Gym_API-gttvbppsiybwtpahvrbhortrptkr/SourcePackages/checkouts/stream-chat-swift/Sources/StreamChat/Audio/AudioRecorder/AudioRecordingState.swift (in target 'StreamChat' from project 'StreamChat')
    cd /Users/alexmontesino/Documents/GYM-API-IOS/Gym_API/Gym_API.xcodeproj
    

SwiftCompile normal arm64 /Users/alexmontesino/Library/Developer/Xcode/DerivedData/Gym_API-gttvbppsiybwtpahvrbhortrptkr/SourcePackages/checkouts/stream-chat-swift/Sources/StreamChat/Audio/AudioSessionConfiguring.swift (in target 'StreamChat' from project 'StreamChat')
    cd /Users/alexmontesino/Documents/GYM-API-IOS/Gym_API/Gym_API.xcodeproj
    

SwiftCompile normal arm64 /Users/alexmontesino/Library/Developer/Xcode/DerivedData/Gym_API-gttvbppsiybwtpahvrbhortrptkr/SourcePackages/checkouts/stream-chat-swift/Sources/StreamChat/Audio/AudioSessionProtocol.swift (in target 'StreamChat' from project 'StreamChat')
    cd /Users/alexmontesino/Documents/GYM-API-IOS/Gym_API/Gym_API.xcodeproj
    

SwiftCompile normal arm64 /Users/alexmontesino/Library/Developer/Xcode/DerivedData/Gym_API-gttvbppsiybwtpahvrbhortrptkr/SourcePackages/checkouts/stream-chat-swift/Sources/StreamChat/Audio/Extensions/AVAsset+TotalAudioSamples.swift (in target 'StreamChat' from project 'StreamChat')
    cd /Users/alexmontesino/Documents/GYM-API-IOS/Gym_API/Gym_API.xcodeproj
    

SwiftCompile normal arm64 /Users/alexmontesino/Library/Developer/Xcode/DerivedData/Gym_API-gttvbppsiybwtpahvrbhortrptkr/SourcePackages/checkouts/stream-chat-swift/Sources/StreamChat/ChatClient+Environment.swift (in target 'StreamChat' from project 'StreamChat')
    cd /Users/alexmontesino/Documents/GYM-API-IOS/Gym_API/Gym_API.xcodeproj
    

SwiftCompile normal arm64 /Users/alexmontesino/Library/Developer/Xcode/DerivedData/Gym_API-gttvbppsiybwtpahvrbhortrptkr/SourcePackages/checkouts/stream-chat-swift/Sources/StreamChat/ChatClient.swift (in target 'StreamChat' from project 'StreamChat')
    cd /Users/alexmontesino/Documents/GYM-API-IOS/Gym_API/Gym_API.xcodeproj
    

SwiftCompile normal arm64 /Users/alexmontesino/Library/Developer/Xcode/DerivedData/Gym_API-gttvbppsiybwtpahvrbhortrptkr/SourcePackages/checkouts/stream-chat-swift/Sources/StreamChat/ChatClientFactory.swift (in target 'StreamChat' from project 'StreamChat')
    cd /Users/alexmontesino/Documents/GYM-API-IOS/Gym_API/Gym_API.xcodeproj
    

SwiftCompile normal arm64 /Users/alexmontesino/Library/Developer/Xcode/DerivedData/Gym_API-gttvbppsiybwtpahvrbhortrptkr/SourcePackages/checkouts/stream-chat-swift/Sources/StreamChat/Config/BaseURL.swift (in target 'StreamChat' from project 'StreamChat')
    cd /Users/alexmontesino/Documents/GYM-API-IOS/Gym_API/Gym_API.xcodeproj
    

SwiftCompile normal arm64 /Users/alexmontesino/Library/Developer/Xcode/DerivedData/Gym_API-gttvbppsiybwtpahvrbhortrptkr/SourcePackages/checkouts/stream-chat-swift/Sources/StreamChat/Config/ChatClientConfig.swift (in target 'StreamChat' from project 'StreamChat')
    cd /Users/alexmontesino/Documents/GYM-API-IOS/Gym_API/Gym_API.xcodeproj
    

SwiftCompile normal arm64 /Users/alexmontesino/Library/Developer/Xcode/DerivedData/Gym_API-gttvbppsiybwtpahvrbhortrptkr/SourcePackages/checkouts/stream-chat-swift/Sources/StreamChat/Config/SendMessageInterceptor.swift (in target 'StreamChat' from project 'StreamChat')
    cd /Users/alexmontesino/Documents/GYM-API-IOS/Gym_API/Gym_API.xcodeproj
    

SwiftCompile normal arm64 /Users/alexmontesino/Library/Developer/Xcode/DerivedData/Gym_API-gttvbppsiybwtpahvrbhortrptkr/SourcePackages/checkouts/stream-chat-swift/Sources/StreamChat/Config/StreamModelsTransformer.swift (in target 'StreamChat' from project 'StreamChat')
    cd /Users/alexmontesino/Documents/GYM-API-IOS/Gym_API/Gym_API.xcodeproj
    

SwiftCompile normal arm64 /Users/alexmontesino/Library/Developer/Xcode/DerivedData/Gym_API-gttvbppsiybwtpahvrbhortrptkr/SourcePackages/checkouts/stream-chat-swift/Sources/StreamChat/Config/StreamRuntimeCheck.swift (in target 'StreamChat' from project 'StreamChat')
    cd /Users/alexmontesino/Documents/GYM-API-IOS/Gym_API/Gym_API.xcodeproj
    

SwiftCompile normal arm64 /Users/alexmontesino/Library/Developer/Xcode/DerivedData/Gym_API-gttvbppsiybwtpahvrbhortrptkr/SourcePackages/checkouts/stream-chat-swift/Sources/StreamChat/Config/Token.swift (in target 'StreamChat' from project 'StreamChat')
    cd /Users/alexmontesino/Documents/GYM-API-IOS/Gym_API/Gym_API.xcodeproj
    

SwiftCompile normal arm64 /Users/alexmontesino/Library/Developer/Xcode/DerivedData/Gym_API-gttvbppsiybwtpahvrbhortrptkr/SourcePackages/checkouts/stream-chat-swift/Sources/StreamChat/Controllers/ChannelController/ChannelController+Combine.swift (in target 'StreamChat' from project 'StreamChat')
    cd /Users/alexmontesino/Documents/GYM-API-IOS/Gym_API/Gym_API.xcodeproj
    

SwiftCompile normal arm64 /Users/alexmontesino/Library/Developer/Xcode/DerivedData/Gym_API-gttvbppsiybwtpahvrbhortrptkr/SourcePackages/checkouts/stream-chat-swift/Sources/StreamChat/Controllers/ChannelController/ChannelController+SwiftUI.swift (in target 'StreamChat' from project 'StreamChat')
    cd /Users/alexmontesino/Documents/GYM-API-IOS/Gym_API/Gym_API.xcodeproj
    

SwiftCompile normal arm64 /Users/alexmontesino/Library/Developer/Xcode/DerivedData/Gym_API-gttvbppsiybwtpahvrbhortrptkr/SourcePackages/checkouts/stream-chat-swift/Sources/StreamChat/Controllers/ChannelController/ChannelController.swift (in target 'StreamChat' from project 'StreamChat')
    cd /Users/alexmontesino/Documents/GYM-API-IOS/Gym_API/Gym_API.xcodeproj
    

SwiftDriverJobDiscovery normal arm64 Compiling JWTDecode.swift (in target 'JWTDecode' from project 'JWTDecode')

SwiftCompile normal arm64 Compiling\ ReactionListController.swift,\ MessageSearchController+Combine.swift,\ MessageSearchController+SwiftUI.swift,\ MessageSearchController.swift,\ UserSearchController.swift,\ ChatClient+ThreadListController.swift,\ ThreadListController+Combine.swift,\ ThreadListController+SwiftUI.swift,\ ThreadListController.swift,\ UserController+Combine.swift,\ UserController+SwiftUI.swift,\ UserController.swift,\ UserListController+Combine.swift,\ UserListController+SwiftUI.swift,\ UserListController.swift,\ AttachmentDTO.swift,\ ChannelConfigDTO.swift,\ ChannelDTO.swift,\ ChannelListQueryDTO.swift,\ ChannelMemberListQueryDTO.swift,\ ChannelMuteDTO.swift,\ ChannelReadDTO.swift,\ CommandDTO.swift,\ CurrentUserDTO.swift /Users/alexmontesino/Library/Developer/Xcode/DerivedData/Gym_API-gttvbppsiybwtpahvrbhortrptkr/SourcePackages/checkouts/stream-chat-swift/Sources/StreamChat/Controllers/ReactionListController/ReactionListController.swift /Users/alexmontesino/Library/Developer/Xcode/DerivedData/Gym_API-gttvbppsiybwtpahvrbhortrptkr/SourcePackages/checkouts/stream-chat-swift/Sources/StreamChat/Controllers/SearchControllers/MessageSearchController/MessageSearchController+Combine.swift /Users/alexmontesino/Library/Developer/Xcode/DerivedData/Gym_API-gttvbppsiybwtpahvrbhortrptkr/SourcePackages/checkouts/stream-chat-swift/Sources/StreamChat/Controllers/SearchControllers/MessageSearchController/MessageSearchController+SwiftUI.swift /Users/alexmontesino/Library/Developer/Xcode/DerivedData/Gym_API-gttvbppsiybwtpahvrbhortrptkr/SourcePackages/checkouts/stream-chat-swift/Sources/StreamChat/Controllers/SearchControllers/MessageSearchController/MessageSearchController.swift /Users/alexmontesino/Library/Developer/Xcode/DerivedData/Gym_API-gttvbppsiybwtpahvrbhortrptkr/SourcePackages/checkouts/stream-chat-swift/Sources/StreamChat/Controllers/SearchControllers/UserSearchController/UserSearchController.swift /Users/alexmontesino/Library/Developer/Xcode/DerivedData/Gym_API-gttvbppsiybwtpahvrbhortrptkr/SourcePackages/checkouts/stream-chat-swift/Sources/StreamChat/Controllers/ThreadListController/ChatClient+ThreadListController.swift /Users/alexmontesino/Library/Developer/Xcode/DerivedData/Gym_API-gttvbppsiybwtpahvrbhortrptkr/SourcePackages/checkouts/stream-chat-swift/Sources/StreamChat/Controllers/ThreadListController/ThreadListController+Combine.swift /Users/alexmontesino/Library/Developer/Xcode/DerivedData/Gym_API-gttvbppsiybwtpahvrbhortrptkr/SourcePackages/checkouts/stream-chat-swift/Sources/StreamChat/Controllers/ThreadListController/ThreadListController+SwiftUI.swift /Users/alexmontesino/Library/Developer/Xcode/DerivedData/Gym_API-gttvbppsiybwtpahvrbhortrptkr/SourcePackages/checkouts/stream-chat-swift/Sources/StreamChat/Controllers/ThreadListController/ThreadListController.swift /Users/alexmontesino/Library/Developer/Xcode/DerivedData/Gym_API-gttvbppsiybwtpahvrbhortrptkr/SourcePackages/checkouts/stream-chat-swift/Sources/StreamChat/Controllers/UserController/UserController+Combine.swift /Users/alexmontesino/Library/Developer/Xcode/DerivedData/Gym_API-gttvbppsiybwtpahvrbhortrptkr/SourcePackages/checkouts/stream-chat-swift/Sources/StreamChat/Controllers/UserController/UserController+SwiftUI.swift /Users/alexmontesino/Library/Developer/Xcode/DerivedData/Gym_API-gttvbppsiybwtpahvrbhortrptkr/SourcePackages/checkouts/stream-chat-swift/Sources/StreamChat/Controllers/UserController/UserController.swift /Users/alexmontesino/Library/Developer/Xcode/DerivedData/Gym_API-gttvbppsiybwtpahvrbhortrptkr/SourcePackages/checkouts/stream-chat-swift/Sources/StreamChat/Controllers/UserListController/UserListController+Combine.swift /Users/alexmontesino/Library/Developer/Xcode/DerivedData/Gym_API-gttvbppsiybwtpahvrbhortrptkr/SourcePackages/checkouts/stream-chat-swift/Sources/StreamChat/Controllers/UserListController/UserListController+SwiftUI.swift /Users/alexmontesino/Library/Developer/Xcode/DerivedData/Gym_API-gttvbppsiybwtpahvrbhortrptkr/SourcePackages/checkouts/stream-chat-swift/Sources/StreamChat/Controllers/UserListController/UserListController.swift /Users/alexmontesino/Library/Developer/Xcode/DerivedData/Gym_API-gttvbppsiybwtpahvrbhortrptkr/SourcePackages/checkouts/stream-chat-swift/Sources/StreamChat/Database/DTOs/AttachmentDTO.swift /Users/alexmontesino/Library/Developer/Xcode/DerivedData/Gym_API-gttvbppsiybwtpahvrbhortrptkr/SourcePackages/checkouts/stream-chat-swift/Sources/StreamChat/Database/DTOs/ChannelConfigDTO.swift /Users/alexmontesino/Library/Developer/Xcode/DerivedData/Gym_API-gttvbppsiybwtpahvrbhortrptkr/SourcePackages/checkouts/stream-chat-swift/Sources/StreamChat/Database/DTOs/ChannelDTO.swift /Users/alexmontesino/Library/Developer/Xcode/DerivedData/Gym_API-gttvbppsiybwtpahvrbhortrptkr/SourcePackages/checkouts/stream-chat-swift/Sources/StreamChat/Database/DTOs/ChannelListQueryDTO.swift /Users/alexmontesino/Library/Developer/Xcode/DerivedData/Gym_API-gttvbppsiybwtpahvrbhortrptkr/SourcePackages/checkouts/stream-chat-swift/Sources/StreamChat/Database/DTOs/ChannelMemberListQueryDTO.swift /Users/alexmontesino/Library/Developer/Xcode/DerivedData/Gym_API-gttvbppsiybwtpahvrbhortrptkr/SourcePackages/checkouts/stream-chat-swift/Sources/StreamChat/Database/DTOs/ChannelMuteDTO.swift /Users/alexmontesino/Library/Developer/Xcode/DerivedData/Gym_API-gttvbppsiybwtpahvrbhortrptkr/SourcePackages/checkouts/stream-chat-swift/Sources/StreamChat/Database/DTOs/ChannelReadDTO.swift /Users/alexmontesino/Library/Developer/Xcode/DerivedData/Gym_API-gttvbppsiybwtpahvrbhortrptkr/SourcePackages/checkouts/stream-chat-swift/Sources/StreamChat/Database/DTOs/CommandDTO.swift /Users/alexmontesino/Library/Developer/Xcode/DerivedData/Gym_API-gttvbppsiybwtpahvrbhortrptkr/SourcePackages/checkouts/stream-chat-swift/Sources/StreamChat/Database/DTOs/CurrentUserDTO.swift (in target 'StreamChat' from project 'StreamChat')

SwiftCompile normal arm64 /Users/alexmontesino/Library/Developer/Xcode/DerivedData/Gym_API-gttvbppsiybwtpahvrbhortrptkr/SourcePackages/checkouts/stream-chat-swift/Sources/StreamChat/Controllers/ReactionListController/ReactionListController.swift (in target 'StreamChat' from project 'StreamChat')
    cd /Users/alexmontesino/Documents/GYM-API-IOS/Gym_API/Gym_API.xcodeproj
    

SwiftCompile normal arm64 /Users/alexmontesino/Library/Developer/Xcode/DerivedData/Gym_API-gttvbppsiybwtpahvrbhortrptkr/SourcePackages/checkouts/stream-chat-swift/Sources/StreamChat/Controllers/SearchControllers/MessageSearchController/MessageSearchController+Combine.swift (in target 'StreamChat' from project 'StreamChat')
    cd /Users/alexmontesino/Documents/GYM-API-IOS/Gym_API/Gym_API.xcodeproj
    

SwiftCompile normal arm64 /Users/alexmontesino/Library/Developer/Xcode/DerivedData/Gym_API-gttvbppsiybwtpahvrbhortrptkr/SourcePackages/checkouts/stream-chat-swift/Sources/StreamChat/Controllers/SearchControllers/MessageSearchController/MessageSearchController+SwiftUI.swift (in target 'StreamChat' from project 'StreamChat')
    cd /Users/alexmontesino/Documents/GYM-API-IOS/Gym_API/Gym_API.xcodeproj
    

SwiftCompile normal arm64 /Users/alexmontesino/Library/Developer/Xcode/DerivedData/Gym_API-gttvbppsiybwtpahvrbhortrptkr/SourcePackages/checkouts/stream-chat-swift/Sources/StreamChat/Controllers/SearchControllers/MessageSearchController/MessageSearchController.swift (in target 'StreamChat' from project 'StreamChat')
    cd /Users/alexmontesino/Documents/GYM-API-IOS/Gym_API/Gym_API.xcodeproj
    

SwiftCompile normal arm64 /Users/alexmontesino/Library/Developer/Xcode/DerivedData/Gym_API-gttvbppsiybwtpahvrbhortrptkr/SourcePackages/checkouts/stream-chat-swift/Sources/StreamChat/Controllers/SearchControllers/UserSearchController/UserSearchController.swift (in target 'StreamChat' from project 'StreamChat')
    cd /Users/alexmontesino/Documents/GYM-API-IOS/Gym_API/Gym_API.xcodeproj
    

SwiftCompile normal arm64 /Users/alexmontesino/Library/Developer/Xcode/DerivedData/Gym_API-gttvbppsiybwtpahvrbhortrptkr/SourcePackages/checkouts/stream-chat-swift/Sources/StreamChat/Controllers/ThreadListController/ChatClient+ThreadListController.swift (in target 'StreamChat' from project 'StreamChat')
    cd /Users/alexmontesino/Documents/GYM-API-IOS/Gym_API/Gym_API.xcodeproj
    

SwiftCompile normal arm64 /Users/alexmontesino/Library/Developer/Xcode/DerivedData/Gym_API-gttvbppsiybwtpahvrbhortrptkr/SourcePackages/checkouts/stream-chat-swift/Sources/StreamChat/Controllers/ThreadListController/ThreadListController+Combine.swift (in target 'StreamChat' from project 'StreamChat')
    cd /Users/alexmontesino/Documents/GYM-API-IOS/Gym_API/Gym_API.xcodeproj
    

SwiftCompile normal arm64 /Users/alexmontesino/Library/Developer/Xcode/DerivedData/Gym_API-gttvbppsiybwtpahvrbhortrptkr/SourcePackages/checkouts/stream-chat-swift/Sources/StreamChat/Controllers/ThreadListController/ThreadListController+SwiftUI.swift (in target 'StreamChat' from project 'StreamChat')
    cd /Users/alexmontesino/Documents/GYM-API-IOS/Gym_API/Gym_API.xcodeproj
    

SwiftCompile normal arm64 /Users/alexmontesino/Library/Developer/Xcode/DerivedData/Gym_API-gttvbppsiybwtpahvrbhortrptkr/SourcePackages/checkouts/stream-chat-swift/Sources/StreamChat/Controllers/ThreadListController/ThreadListController.swift (in target 'StreamChat' from project 'StreamChat')
    cd /Users/alexmontesino/Documents/GYM-API-IOS/Gym_API/Gym_API.xcodeproj
    

SwiftCompile normal arm64 /Users/alexmontesino/Library/Developer/Xcode/DerivedData/Gym_API-gttvbppsiybwtpahvrbhortrptkr/SourcePackages/checkouts/stream-chat-swift/Sources/StreamChat/Controllers/UserController/UserController+Combine.swift (in target 'StreamChat' from project 'StreamChat')
    cd /Users/alexmontesino/Documents/GYM-API-IOS/Gym_API/Gym_API.xcodeproj
    

SwiftCompile normal arm64 /Users/alexmontesino/Library/Developer/Xcode/DerivedData/Gym_API-gttvbppsiybwtpahvrbhortrptkr/SourcePackages/checkouts/stream-chat-swift/Sources/StreamChat/Controllers/UserController/UserController+SwiftUI.swift (in target 'StreamChat' from project 'StreamChat')
    cd /Users/alexmontesino/Documents/GYM-API-IOS/Gym_API/Gym_API.xcodeproj
    

SwiftCompile normal arm64 /Users/alexmontesino/Library/Developer/Xcode/DerivedData/Gym_API-gttvbppsiybwtpahvrbhortrptkr/SourcePackages/checkouts/stream-chat-swift/Sources/StreamChat/Controllers/UserController/UserController.swift (in target 'StreamChat' from project 'StreamChat')
    cd /Users/alexmontesino/Documents/GYM-API-IOS/Gym_API/Gym_API.xcodeproj
    

SwiftCompile normal arm64 /Users/alexmontesino/Library/Developer/Xcode/DerivedData/Gym_API-gttvbppsiybwtpahvrbhortrptkr/SourcePackages/checkouts/stream-chat-swift/Sources/StreamChat/Controllers/UserListController/UserListController+Combine.swift (in target 'StreamChat' from project 'StreamChat')
    cd /Users/alexmontesino/Documents/GYM-API-IOS/Gym_API/Gym_API.xcodeproj
    

SwiftCompile normal arm64 /Users/alexmontesino/Library/Developer/Xcode/DerivedData/Gym_API-gttvbppsiybwtpahvrbhortrptkr/SourcePackages/checkouts/stream-chat-swift/Sources/StreamChat/Controllers/UserListController/UserListController+SwiftUI.swift (in target 'StreamChat' from project 'StreamChat')
    cd /Users/alexmontesino/Documents/GYM-API-IOS/Gym_API/Gym_API.xcodeproj
    

SwiftCompile normal arm64 /Users/alexmontesino/Library/Developer/Xcode/DerivedData/Gym_API-gttvbppsiybwtpahvrbhortrptkr/SourcePackages/checkouts/stream-chat-swift/Sources/StreamChat/Controllers/UserListController/UserListController.swift (in target 'StreamChat' from project 'StreamChat')
    cd /Users/alexmontesino/Documents/GYM-API-IOS/Gym_API/Gym_API.xcodeproj
    

SwiftCompile normal arm64 /Users/alexmontesino/Library/Developer/Xcode/DerivedData/Gym_API-gttvbppsiybwtpahvrbhortrptkr/SourcePackages/checkouts/stream-chat-swift/Sources/StreamChat/Database/DTOs/AttachmentDTO.swift (in target 'StreamChat' from project 'StreamChat')
    cd /Users/alexmontesino/Documents/GYM-API-IOS/Gym_API/Gym_API.xcodeproj
    

SwiftCompile normal arm64 /Users/alexmontesino/Library/Developer/Xcode/DerivedData/Gym_API-gttvbppsiybwtpahvrbhortrptkr/SourcePackages/checkouts/stream-chat-swift/Sources/StreamChat/Database/DTOs/ChannelConfigDTO.swift (in target 'StreamChat' from project 'StreamChat')
    cd /Users/alexmontesino/Documents/GYM-API-IOS/Gym_API/Gym_API.xcodeproj
    

SwiftCompile normal arm64 /Users/alexmontesino/Library/Developer/Xcode/DerivedData/Gym_API-gttvbppsiybwtpahvrbhortrptkr/SourcePackages/checkouts/stream-chat-swift/Sources/StreamChat/Database/DTOs/ChannelDTO.swift (in target 'StreamChat' from project 'StreamChat')
    cd /Users/alexmontesino/Documents/GYM-API-IOS/Gym_API/Gym_API.xcodeproj
    

SwiftCompile normal arm64 /Users/alexmontesino/Library/Developer/Xcode/DerivedData/Gym_API-gttvbppsiybwtpahvrbhortrptkr/SourcePackages/checkouts/stream-chat-swift/Sources/StreamChat/Database/DTOs/ChannelListQueryDTO.swift (in target 'StreamChat' from project 'StreamChat')
    cd /Users/alexmontesino/Documents/GYM-API-IOS/Gym_API/Gym_API.xcodeproj
    

SwiftCompile normal arm64 /Users/alexmontesino/Library/Developer/Xcode/DerivedData/Gym_API-gttvbppsiybwtpahvrbhortrptkr/SourcePackages/checkouts/stream-chat-swift/Sources/StreamChat/Database/DTOs/ChannelMemberListQueryDTO.swift (in target 'StreamChat' from project 'StreamChat')
    cd /Users/alexmontesino/Documents/GYM-API-IOS/Gym_API/Gym_API.xcodeproj
    

SwiftCompile normal arm64 /Users/alexmontesino/Library/Developer/Xcode/DerivedData/Gym_API-gttvbppsiybwtpahvrbhortrptkr/SourcePackages/checkouts/stream-chat-swift/Sources/StreamChat/Database/DTOs/ChannelMuteDTO.swift (in target 'StreamChat' from project 'StreamChat')
    cd /Users/alexmontesino/Documents/GYM-API-IOS/Gym_API/Gym_API.xcodeproj
    

SwiftCompile normal arm64 /Users/alexmontesino/Library/Developer/Xcode/DerivedData/Gym_API-gttvbppsiybwtpahvrbhortrptkr/SourcePackages/checkouts/stream-chat-swift/Sources/StreamChat/Database/DTOs/ChannelReadDTO.swift (in target 'StreamChat' from project 'StreamChat')
    cd /Users/alexmontesino/Documents/GYM-API-IOS/Gym_API/Gym_API.xcodeproj
    

SwiftCompile normal arm64 /Users/alexmontesino/Library/Developer/Xcode/DerivedData/Gym_API-gttvbppsiybwtpahvrbhortrptkr/SourcePackages/checkouts/stream-chat-swift/Sources/StreamChat/Database/DTOs/CommandDTO.swift (in target 'StreamChat' from project 'StreamChat')
    cd /Users/alexmontesino/Documents/GYM-API-IOS/Gym_API/Gym_API.xcodeproj
    

SwiftCompile normal arm64 /Users/alexmontesino/Library/Developer/Xcode/DerivedData/Gym_API-gttvbppsiybwtpahvrbhortrptkr/SourcePackages/checkouts/stream-chat-swift/Sources/StreamChat/Database/DTOs/CurrentUserDTO.swift (in target 'StreamChat' from project 'StreamChat')
    cd /Users/alexmontesino/Documents/GYM-API-IOS/Gym_API/Gym_API.xcodeproj
    

SwiftCompile normal arm64 Compiling\ BanEnabling.swift,\ BlockedUserDetails.swift,\ Channel.swift,\ ChannelArchivingScope.swift,\ ChannelId.swift,\ ChannelPinningScope.swift,\ ChannelRead.swift,\ ChannelType.swift,\ ChatMessage.swift,\ CurrentUser.swift,\ Device.swift,\ DraftMessage.swift,\ LocationInfo.swift,\ NewLocationInfo.swift,\ SharedLocation.swift,\ Member.swift,\ MessageModerationDetails.swift,\ MessagePinning.swift,\ MessageReaction.swift,\ MessageReactionGroup.swift,\ MessageReactionType.swift,\ MessageReminder.swift,\ MuteDetails.swift,\ ChannelPayload+asModel.swift /Users/alexmontesino/Library/Developer/Xcode/DerivedData/Gym_API-gttvbppsiybwtpahvrbhortrptkr/SourcePackages/checkouts/stream-chat-swift/Sources/StreamChat/Models/BanEnabling.swift /Users/alexmontesino/Library/Developer/Xcode/DerivedData/Gym_API-gttvbppsiybwtpahvrbhortrptkr/SourcePackages/checkouts/stream-chat-swift/Sources/StreamChat/Models/BlockedUserDetails.swift /Users/alexmontesino/Library/Developer/Xcode/DerivedData/Gym_API-gttvbppsiybwtpahvrbhortrptkr/SourcePackages/checkouts/stream-chat-swift/Sources/StreamChat/Models/Channel.swift /Users/alexmontesino/Library/Developer/Xcode/DerivedData/Gym_API-gttvbppsiybwtpahvrbhortrptkr/SourcePackages/checkouts/stream-chat-swift/Sources/StreamChat/Models/ChannelArchivingScope.swift /Users/alexmontesino/Library/Developer/Xcode/DerivedData/Gym_API-gttvbppsiybwtpahvrbhortrptkr/SourcePackages/checkouts/stream-chat-swift/Sources/StreamChat/Models/ChannelId.swift /Users/alexmontesino/Library/Developer/Xcode/DerivedData/Gym_API-gttvbppsiybwtpahvrbhortrptkr/SourcePackages/checkouts/stream-chat-swift/Sources/StreamChat/Models/ChannelPinningScope.swift /Users/alexmontesino/Library/Developer/Xcode/DerivedData/Gym_API-gttvbppsiybwtpahvrbhortrptkr/SourcePackages/checkouts/stream-chat-swift/Sources/StreamChat/Models/ChannelRead.swift /Users/alexmontesino/Library/Developer/Xcode/DerivedData/Gym_API-gttvbppsiybwtpahvrbhortrptkr/SourcePackages/checkouts/stream-chat-swift/Sources/StreamChat/Models/ChannelType.swift /Users/alexmontesino/Library/Developer/Xcode/DerivedData/Gym_API-gttvbppsiybwtpahvrbhortrptkr/SourcePackages/checkouts/stream-chat-swift/Sources/StreamChat/Models/ChatMessage.swift /Users/alexmontesino/Library/Developer/Xcode/DerivedData/Gym_API-gttvbppsiybwtpahvrbhortrptkr/SourcePackages/checkouts/stream-chat-swift/Sources/StreamChat/Models/CurrentUser.swift /Users/alexmontesino/Library/Developer/Xcode/DerivedData/Gym_API-gttvbppsiybwtpahvrbhortrptkr/SourcePackages/checkouts/stream-chat-swift/Sources/StreamChat/Models/Device.swift /Users/alexmontesino/Library/Developer/Xcode/DerivedData/Gym_API-gttvbppsiybwtpahvrbhortrptkr/SourcePackages/checkouts/stream-chat-swift/Sources/StreamChat/Models/DraftMessage.swift /Users/alexmontesino/Library/Developer/Xcode/DerivedData/Gym_API-gttvbppsiybwtpahvrbhortrptkr/SourcePackages/checkouts/stream-chat-swift/Sources/StreamChat/Models/Location/LocationInfo.swift /Users/alexmontesino/Library/Developer/Xcode/DerivedData/Gym_API-gttvbppsiybwtpahvrbhortrptkr/SourcePackages/checkouts/stream-chat-swift/Sources/StreamChat/Models/Location/NewLocationInfo.swift /Users/alexmontesino/Library/Developer/Xcode/DerivedData/Gym_API-gttvbppsiybwtpahvrbhortrptkr/SourcePackages/checkouts/stream-chat-swift/Sources/StreamChat/Models/Location/SharedLocation.swift /Users/alexmontesino/Library/Developer/Xcode/DerivedData/Gym_API-gttvbppsiybwtpahvrbhortrptkr/SourcePackages/checkouts/stream-chat-swift/Sources/StreamChat/Models/Member.swift /Users/alexmontesino/Library/Developer/Xcode/DerivedData/Gym_API-gttvbppsiybwtpahvrbhortrptkr/SourcePackages/checkouts/stream-chat-swift/Sources/StreamChat/Models/MessageModerationDetails.swift /Users/alexmontesino/Library/Developer/Xcode/DerivedData/Gym_API-gttvbppsiybwtpahvrbhortrptkr/SourcePackages/checkouts/stream-chat-swift/Sources/StreamChat/Models/MessagePinning.swift /Users/alexmontesino/Library/Developer/Xcode/DerivedData/Gym_API-gttvbppsiybwtpahvrbhortrptkr/SourcePackages/checkouts/stream-chat-swift/Sources/StreamChat/Models/MessageReaction.swift /Users/alexmontesino/Library/Developer/Xcode/DerivedData/Gym_API-gttvbppsiybwtpahvrbhortrptkr/SourcePackages/checkouts/stream-chat-swift/Sources/StreamChat/Models/MessageReactionGroup.swift /Users/alexmontesino/Library/Developer/Xcode/DerivedData/Gym_API-gttvbppsiybwtpahvrbhortrptkr/SourcePackages/checkouts/stream-chat-swift/Sources/StreamChat/Models/MessageReactionType.swift /Users/alexmontesino/Library/Developer/Xcode/DerivedData/Gym_API-gttvbppsiybwtpahvrbhortrptkr/SourcePackages/checkouts/stream-chat-swift/Sources/StreamChat/Models/MessageReminder.swift /Users/alexmontesino/Library/Developer/Xcode/DerivedData/Gym_API-gttvbppsiybwtpahvrbhortrptkr/SourcePackages/checkouts/stream-chat-swift/Sources/StreamChat/Models/MuteDetails.swift /Users/alexmontesino/Library/Developer/Xcode/DerivedData/Gym_API-gttvbppsiybwtpahvrbhortrptkr/SourcePackages/checkouts/stream-chat-swift/Sources/StreamChat/Models/Payload+asModel/ChannelPayload+asModel.swift (in target 'StreamChat' from project 'StreamChat')

SwiftCompile normal arm64 /Users/alexmontesino/Library/Developer/Xcode/DerivedData/Gym_API-gttvbppsiybwtpahvrbhortrptkr/SourcePackages/checkouts/stream-chat-swift/Sources/StreamChat/Models/BanEnabling.swift (in target 'StreamChat' from project 'StreamChat')
    cd /Users/alexmontesino/Documents/GYM-API-IOS/Gym_API/Gym_API.xcodeproj
    

SwiftCompile normal arm64 /Users/alexmontesino/Library/Developer/Xcode/DerivedData/Gym_API-gttvbppsiybwtpahvrbhortrptkr/SourcePackages/checkouts/stream-chat-swift/Sources/StreamChat/Models/BlockedUserDetails.swift (in target 'StreamChat' from project 'StreamChat')
    cd /Users/alexmontesino/Documents/GYM-API-IOS/Gym_API/Gym_API.xcodeproj
    

SwiftCompile normal arm64 /Users/alexmontesino/Library/Developer/Xcode/DerivedData/Gym_API-gttvbppsiybwtpahvrbhortrptkr/SourcePackages/checkouts/stream-chat-swift/Sources/StreamChat/Models/Channel.swift (in target 'StreamChat' from project 'StreamChat')
    cd /Users/alexmontesino/Documents/GYM-API-IOS/Gym_API/Gym_API.xcodeproj
    

SwiftCompile normal arm64 /Users/alexmontesino/Library/Developer/Xcode/DerivedData/Gym_API-gttvbppsiybwtpahvrbhortrptkr/SourcePackages/checkouts/stream-chat-swift/Sources/StreamChat/Models/ChannelArchivingScope.swift (in target 'StreamChat' from project 'StreamChat')
    cd /Users/alexmontesino/Documents/GYM-API-IOS/Gym_API/Gym_API.xcodeproj
    

SwiftCompile normal arm64 /Users/alexmontesino/Library/Developer/Xcode/DerivedData/Gym_API-gttvbppsiybwtpahvrbhortrptkr/SourcePackages/checkouts/stream-chat-swift/Sources/StreamChat/Models/ChannelId.swift (in target 'StreamChat' from project 'StreamChat')
    cd /Users/alexmontesino/Documents/GYM-API-IOS/Gym_API/Gym_API.xcodeproj
    

SwiftCompile normal arm64 /Users/alexmontesino/Library/Developer/Xcode/DerivedData/Gym_API-gttvbppsiybwtpahvrbhortrptkr/SourcePackages/checkouts/stream-chat-swift/Sources/StreamChat/Models/ChannelPinningScope.swift (in target 'StreamChat' from project 'StreamChat')
    cd /Users/alexmontesino/Documents/GYM-API-IOS/Gym_API/Gym_API.xcodeproj
    

SwiftCompile normal arm64 /Users/alexmontesino/Library/Developer/Xcode/DerivedData/Gym_API-gttvbppsiybwtpahvrbhortrptkr/SourcePackages/checkouts/stream-chat-swift/Sources/StreamChat/Models/ChannelRead.swift (in target 'StreamChat' from project 'StreamChat')
    cd /Users/alexmontesino/Documents/GYM-API-IOS/Gym_API/Gym_API.xcodeproj
    

SwiftCompile normal arm64 /Users/alexmontesino/Library/Developer/Xcode/DerivedData/Gym_API-gttvbppsiybwtpahvrbhortrptkr/SourcePackages/checkouts/stream-chat-swift/Sources/StreamChat/Models/ChannelType.swift (in target 'StreamChat' from project 'StreamChat')
    cd /Users/alexmontesino/Documents/GYM-API-IOS/Gym_API/Gym_API.xcodeproj
    

SwiftCompile normal arm64 /Users/alexmontesino/Library/Developer/Xcode/DerivedData/Gym_API-gttvbppsiybwtpahvrbhortrptkr/SourcePackages/checkouts/stream-chat-swift/Sources/StreamChat/Models/ChatMessage.swift (in target 'StreamChat' from project 'StreamChat')
    cd /Users/alexmontesino/Documents/GYM-API-IOS/Gym_API/Gym_API.xcodeproj
    

SwiftCompile normal arm64 /Users/alexmontesino/Library/Developer/Xcode/DerivedData/Gym_API-gttvbppsiybwtpahvrbhortrptkr/SourcePackages/checkouts/stream-chat-swift/Sources/StreamChat/Models/CurrentUser.swift (in target 'StreamChat' from project 'StreamChat')
    cd /Users/alexmontesino/Documents/GYM-API-IOS/Gym_API/Gym_API.xcodeproj
    

SwiftCompile normal arm64 /Users/alexmontesino/Library/Developer/Xcode/DerivedData/Gym_API-gttvbppsiybwtpahvrbhortrptkr/SourcePackages/checkouts/stream-chat-swift/Sources/StreamChat/Models/Device.swift (in target 'StreamChat' from project 'StreamChat')
    cd /Users/alexmontesino/Documents/GYM-API-IOS/Gym_API/Gym_API.xcodeproj
    

SwiftCompile normal arm64 /Users/alexmontesino/Library/Developer/Xcode/DerivedData/Gym_API-gttvbppsiybwtpahvrbhortrptkr/SourcePackages/checkouts/stream-chat-swift/Sources/StreamChat/Models/DraftMessage.swift (in target 'StreamChat' from project 'StreamChat')
    cd /Users/alexmontesino/Documents/GYM-API-IOS/Gym_API/Gym_API.xcodeproj
    

SwiftCompile normal arm64 /Users/alexmontesino/Library/Developer/Xcode/DerivedData/Gym_API-gttvbppsiybwtpahvrbhortrptkr/SourcePackages/checkouts/stream-chat-swift/Sources/StreamChat/Models/Location/LocationInfo.swift (in target 'StreamChat' from project 'StreamChat')
    cd /Users/alexmontesino/Documents/GYM-API-IOS/Gym_API/Gym_API.xcodeproj
    

SwiftCompile normal arm64 /Users/alexmontesino/Library/Developer/Xcode/DerivedData/Gym_API-gttvbppsiybwtpahvrbhortrptkr/SourcePackages/checkouts/stream-chat-swift/Sources/StreamChat/Models/Location/NewLocationInfo.swift (in target 'StreamChat' from project 'StreamChat')
    cd /Users/alexmontesino/Documents/GYM-API-IOS/Gym_API/Gym_API.xcodeproj
    

SwiftCompile normal arm64 /Users/alexmontesino/Library/Developer/Xcode/DerivedData/Gym_API-gttvbppsiybwtpahvrbhortrptkr/SourcePackages/checkouts/stream-chat-swift/Sources/StreamChat/Models/Location/SharedLocation.swift (in target 'StreamChat' from project 'StreamChat')
    cd /Users/alexmontesino/Documents/GYM-API-IOS/Gym_API/Gym_API.xcodeproj
    

SwiftCompile normal arm64 /Users/alexmontesino/Library/Developer/Xcode/DerivedData/Gym_API-gttvbppsiybwtpahvrbhortrptkr/SourcePackages/checkouts/stream-chat-swift/Sources/StreamChat/Models/Member.swift (in target 'StreamChat' from project 'StreamChat')
    cd /Users/alexmontesino/Documents/GYM-API-IOS/Gym_API/Gym_API.xcodeproj
    

SwiftCompile normal arm64 /Users/alexmontesino/Library/Developer/Xcode/DerivedData/Gym_API-gttvbppsiybwtpahvrbhortrptkr/SourcePackages/checkouts/stream-chat-swift/Sources/StreamChat/Models/MessageModerationDetails.swift (in target 'StreamChat' from project 'StreamChat')
    cd /Users/alexmontesino/Documents/GYM-API-IOS/Gym_API/Gym_API.xcodeproj
    

SwiftCompile normal arm64 /Users/alexmontesino/Library/Developer/Xcode/DerivedData/Gym_API-gttvbppsiybwtpahvrbhortrptkr/SourcePackages/checkouts/stream-chat-swift/Sources/StreamChat/Models/MessagePinning.swift (in target 'StreamChat' from project 'StreamChat')
    cd /Users/alexmontesino/Documents/GYM-API-IOS/Gym_API/Gym_API.xcodeproj
    

SwiftCompile normal arm64 /Users/alexmontesino/Library/Developer/Xcode/DerivedData/Gym_API-gttvbppsiybwtpahvrbhortrptkr/SourcePackages/checkouts/stream-chat-swift/Sources/StreamChat/Models/MessageReaction.swift (in target 'StreamChat' from project 'StreamChat')
    cd /Users/alexmontesino/Documents/GYM-API-IOS/Gym_API/Gym_API.xcodeproj
    

SwiftCompile normal arm64 /Users/alexmontesino/Library/Developer/Xcode/DerivedData/Gym_API-gttvbppsiybwtpahvrbhortrptkr/SourcePackages/checkouts/stream-chat-swift/Sources/StreamChat/Models/MessageReactionGroup.swift (in target 'StreamChat' from project 'StreamChat')
    cd /Users/alexmontesino/Documents/GYM-API-IOS/Gym_API/Gym_API.xcodeproj
    

SwiftCompile normal arm64 /Users/alexmontesino/Library/Developer/Xcode/DerivedData/Gym_API-gttvbppsiybwtpahvrbhortrptkr/SourcePackages/checkouts/stream-chat-swift/Sources/StreamChat/Models/MessageReactionType.swift (in target 'StreamChat' from project 'StreamChat')
    cd /Users/alexmontesino/Documents/GYM-API-IOS/Gym_API/Gym_API.xcodeproj
    

SwiftCompile normal arm64 /Users/alexmontesino/Library/Developer/Xcode/DerivedData/Gym_API-gttvbppsiybwtpahvrbhortrptkr/SourcePackages/checkouts/stream-chat-swift/Sources/StreamChat/Models/MessageReminder.swift (in target 'StreamChat' from project 'StreamChat')
    cd /Users/alexmontesino/Documents/GYM-API-IOS/Gym_API/Gym_API.xcodeproj
    

SwiftCompile normal arm64 /Users/alexmontesino/Library/Developer/Xcode/DerivedData/Gym_API-gttvbppsiybwtpahvrbhortrptkr/SourcePackages/checkouts/stream-chat-swift/Sources/StreamChat/Models/MuteDetails.swift (in target 'StreamChat' from project 'StreamChat')
    cd /Users/alexmontesino/Documents/GYM-API-IOS/Gym_API/Gym_API.xcodeproj
    

SwiftCompile normal arm64 /Users/alexmontesino/Library/Developer/Xcode/DerivedData/Gym_API-gttvbppsiybwtpahvrbhortrptkr/SourcePackages/checkouts/stream-chat-swift/Sources/StreamChat/Models/Payload+asModel/ChannelPayload+asModel.swift (in target 'StreamChat' from project 'StreamChat')
    cd /Users/alexmontesino/Documents/GYM-API-IOS/Gym_API/Gym_API.xcodeproj
    

SwiftDriverJobDiscovery normal arm64 Compiling LogFormatter.swift, PrefixLogFormatter.swift, Logger.swift, StringInterpolation+Extensions.swift, MainQueue+Synchronous.swift, MarkdownParser.swift, MessagesPaginationState.swift, MessagesPaginationStateHandling.swift, MulticastDelegate.swift, MultipartFormData.swift, AsyncOperation.swift, OptionSet+Extensions.swift, OptionalDecodable.swift, Publisher+Extensions.swift, Result+Extensions.swift, Sequence+CompactMapLoggingError.swift, StateBuilder.swift, StreamCollection.swift, ScheduledStreamTimer.swift, StreamTimer.swift, SystemEnvironment+XStreamClient.swift, SystemEnvironment.swift, TextLinkDetector.swift (in target 'StreamChat' from project 'StreamChat')

SwiftDriverJobDiscovery normal arm64 Compiling MissingEventsRequestBody.swift, QueryPollsRequestBody.swift, UpdatePartialRequestBody.swift, UpdatePollOptionRequestBody.swift, UpdatePollRequestBody.swift, SyncEndpoint.swift, ThreadEndpoints.swift, UserEndpoints.swift, WebSocketConnectEndpoint.swift, HTTPHeader.swift, RequestDecoder.swift, RequestEncoder.swift, AudioAnalysing.swift, AudioAnalysisContext.swift, AudioAnalysisEngine.swift, AudioSamplesExtractor.swift, AudioSamplesProcessor.swift, AudioValuePercentageNormaliser.swift, AppStateObserving.swift, AssetPropertyLoading.swift, AudioPlaybackContext.swift, AudioPlaybackContextAccessor.swift, AudioPlaybackRate.swift, AudioPlaybackState.swift (in target 'StreamChat' from project 'StreamChat')

SwiftCompile normal arm64 Compiling\ ActiveLiveLocationsEndTimeTracker.swift,\ AttachmentQueueUploader.swift,\ ConnectionRecoveryHandler.swift,\ MessageEditor.swift,\ MessageSender.swift,\ ChannelListLinker.swift,\ ChannelListUpdater.swift,\ ChannelMemberListUpdater.swift,\ ChannelMemberUpdater.swift,\ ChannelUpdater.swift,\ CurrentUserUpdater.swift,\ EventNotificationCenter.swift,\ EventObserver.swift,\ MemberEventObserver.swift,\ EventSender.swift,\ ManualEventHandler.swift,\ MessageUpdater.swift,\ ReactionListUpdater.swift,\ ReadStateHandler.swift,\ TypingEventsSender.swift,\ UserListUpdater.swift,\ UserUpdater.swift,\ Worker.swift /Users/alexmontesino/Library/Developer/Xcode/DerivedData/Gym_API-gttvbppsiybwtpahvrbhortrptkr/SourcePackages/checkouts/stream-chat-swift/Sources/StreamChat/Workers/Background/ActiveLiveLocationsEndTimeTracker.swift /Users/alexmontesino/Library/Developer/Xcode/DerivedData/Gym_API-gttvbppsiybwtpahvrbhortrptkr/SourcePackages/checkouts/stream-chat-swift/Sources/StreamChat/Workers/Background/AttachmentQueueUploader.swift /Users/alexmontesino/Library/Developer/Xcode/DerivedData/Gym_API-gttvbppsiybwtpahvrbhortrptkr/SourcePackages/checkouts/stream-chat-swift/Sources/StreamChat/Workers/Background/ConnectionRecoveryHandler.swift /Users/alexmontesino/Library/Developer/Xcode/DerivedData/Gym_API-gttvbppsiybwtpahvrbhortrptkr/SourcePackages/checkouts/stream-chat-swift/Sources/StreamChat/Workers/Background/MessageEditor.swift /Users/alexmontesino/Library/Developer/Xcode/DerivedData/Gym_API-gttvbppsiybwtpahvrbhortrptkr/SourcePackages/checkouts/stream-chat-swift/Sources/StreamChat/Workers/Background/MessageSender.swift /Users/alexmontesino/Library/Developer/Xcode/DerivedData/Gym_API-gttvbppsiybwtpahvrbhortrptkr/SourcePackages/checkouts/stream-chat-swift/Sources/StreamChat/Workers/ChannelListLinker.swift /Users/alexmontesino/Library/Developer/Xcode/DerivedData/Gym_API-gttvbppsiybwtpahvrbhortrptkr/SourcePackages/checkouts/stream-chat-swift/Sources/StreamChat/Workers/ChannelListUpdater.swift /Users/alexmontesino/Library/Developer/Xcode/DerivedData/Gym_API-gttvbppsiybwtpahvrbhortrptkr/SourcePackages/checkouts/stream-chat-swift/Sources/StreamChat/Workers/ChannelMemberListUpdater.swift /Users/alexmontesino/Library/Developer/Xcode/DerivedData/Gym_API-gttvbppsiybwtpahvrbhortrptkr/SourcePackages/checkouts/stream-chat-swift/Sources/StreamChat/Workers/ChannelMemberUpdater.swift /Users/alexmontesino/Library/Developer/Xcode/DerivedData/Gym_API-gttvbppsiybwtpahvrbhortrptkr/SourcePackages/checkouts/stream-chat-swift/Sources/StreamChat/Workers/ChannelUpdater.swift /Users/alexmontesino/Library/Developer/Xcode/DerivedData/Gym_API-gttvbppsiybwtpahvrbhortrptkr/SourcePackages/checkouts/stream-chat-swift/Sources/StreamChat/Workers/CurrentUserUpdater.swift /Users/alexmontesino/Library/Developer/Xcode/DerivedData/Gym_API-gttvbppsiybwtpahvrbhortrptkr/SourcePackages/checkouts/stream-chat-swift/Sources/StreamChat/Workers/EventNotificationCenter.swift /Users/alexmontesino/Library/Developer/Xcode/DerivedData/Gym_API-gttvbppsiybwtpahvrbhortrptkr/SourcePackages/checkouts/stream-chat-swift/Sources/StreamChat/Workers/EventObservers/EventObserver.swift /Users/alexmontesino/Library/Developer/Xcode/DerivedData/Gym_API-gttvbppsiybwtpahvrbhortrptkr/SourcePackages/checkouts/stream-chat-swift/Sources/StreamChat/Workers/EventObservers/MemberEventObserver.swift /Users/alexmontesino/Library/Developer/Xcode/DerivedData/Gym_API-gttvbppsiybwtpahvrbhortrptkr/SourcePackages/checkouts/stream-chat-swift/Sources/StreamChat/Workers/EventSender.swift /Users/alexmontesino/Library/Developer/Xcode/DerivedData/Gym_API-gttvbppsiybwtpahvrbhortrptkr/SourcePackages/checkouts/stream-chat-swift/Sources/StreamChat/Workers/ManualEventHandler.swift /Users/alexmontesino/Library/Developer/Xcode/DerivedData/Gym_API-gttvbppsiybwtpahvrbhortrptkr/SourcePackages/checkouts/stream-chat-swift/Sources/StreamChat/Workers/MessageUpdater.swift /Users/alexmontesino/Library/Developer/Xcode/DerivedData/Gym_API-gttvbppsiybwtpahvrbhortrptkr/SourcePackages/checkouts/stream-chat-swift/Sources/StreamChat/Workers/ReactionListUpdater.swift /Users/alexmontesino/Library/Developer/Xcode/DerivedData/Gym_API-gttvbppsiybwtpahvrbhortrptkr/SourcePackages/checkouts/stream-chat-swift/Sources/StreamChat/Workers/ReadStateHandler.swift /Users/alexmontesino/Library/Developer/Xcode/DerivedData/Gym_API-gttvbppsiybwtpahvrbhortrptkr/SourcePackages/checkouts/stream-chat-swift/Sources/StreamChat/Workers/TypingEventsSender.swift /Users/alexmontesino/Library/Developer/Xcode/DerivedData/Gym_API-gttvbppsiybwtpahvrbhortrptkr/SourcePackages/checkouts/stream-chat-swift/Sources/StreamChat/Workers/UserListUpdater.swift /Users/alexmontesino/Library/Developer/Xcode/DerivedData/Gym_API-gttvbppsiybwtpahvrbhortrptkr/SourcePackages/checkouts/stream-chat-swift/Sources/StreamChat/Workers/UserUpdater.swift /Users/alexmontesino/Library/Developer/Xcode/DerivedData/Gym_API-gttvbppsiybwtpahvrbhortrptkr/SourcePackages/checkouts/stream-chat-swift/Sources/StreamChat/Workers/Worker.swift (in target 'StreamChat' from project 'StreamChat')

SwiftCompile normal arm64 /Users/alexmontesino/Library/Developer/Xcode/DerivedData/Gym_API-gttvbppsiybwtpahvrbhortrptkr/SourcePackages/checkouts/stream-chat-swift/Sources/StreamChat/Workers/Background/ActiveLiveLocationsEndTimeTracker.swift (in target 'StreamChat' from project 'StreamChat')
    cd /Users/alexmontesino/Documents/GYM-API-IOS/Gym_API/Gym_API.xcodeproj
    

SwiftCompile normal arm64 /Users/alexmontesino/Library/Developer/Xcode/DerivedData/Gym_API-gttvbppsiybwtpahvrbhortrptkr/SourcePackages/checkouts/stream-chat-swift/Sources/StreamChat/Workers/Background/AttachmentQueueUploader.swift (in target 'StreamChat' from project 'StreamChat')
    cd /Users/alexmontesino/Documents/GYM-API-IOS/Gym_API/Gym_API.xcodeproj
    

SwiftCompile normal arm64 /Users/alexmontesino/Library/Developer/Xcode/DerivedData/Gym_API-gttvbppsiybwtpahvrbhortrptkr/SourcePackages/checkouts/stream-chat-swift/Sources/StreamChat/Workers/Background/ConnectionRecoveryHandler.swift (in target 'StreamChat' from project 'StreamChat')
    cd /Users/alexmontesino/Documents/GYM-API-IOS/Gym_API/Gym_API.xcodeproj
    

SwiftCompile normal arm64 /Users/alexmontesino/Library/Developer/Xcode/DerivedData/Gym_API-gttvbppsiybwtpahvrbhortrptkr/SourcePackages/checkouts/stream-chat-swift/Sources/StreamChat/Workers/Background/MessageEditor.swift (in target 'StreamChat' from project 'StreamChat')
    cd /Users/alexmontesino/Documents/GYM-API-IOS/Gym_API/Gym_API.xcodeproj
    

SwiftCompile normal arm64 /Users/alexmontesino/Library/Developer/Xcode/DerivedData/Gym_API-gttvbppsiybwtpahvrbhortrptkr/SourcePackages/checkouts/stream-chat-swift/Sources/StreamChat/Workers/Background/MessageSender.swift (in target 'StreamChat' from project 'StreamChat')
    cd /Users/alexmontesino/Documents/GYM-API-IOS/Gym_API/Gym_API.xcodeproj
    

SwiftCompile normal arm64 /Users/alexmontesino/Library/Developer/Xcode/DerivedData/Gym_API-gttvbppsiybwtpahvrbhortrptkr/SourcePackages/checkouts/stream-chat-swift/Sources/StreamChat/Workers/ChannelListLinker.swift (in target 'StreamChat' from project 'StreamChat')
    cd /Users/alexmontesino/Documents/GYM-API-IOS/Gym_API/Gym_API.xcodeproj
    

SwiftCompile normal arm64 /Users/alexmontesino/Library/Developer/Xcode/DerivedData/Gym_API-gttvbppsiybwtpahvrbhortrptkr/SourcePackages/checkouts/stream-chat-swift/Sources/StreamChat/Workers/ChannelListUpdater.swift (in target 'StreamChat' from project 'StreamChat')
    cd /Users/alexmontesino/Documents/GYM-API-IOS/Gym_API/Gym_API.xcodeproj
    

SwiftCompile normal arm64 /Users/alexmontesino/Library/Developer/Xcode/DerivedData/Gym_API-gttvbppsiybwtpahvrbhortrptkr/SourcePackages/checkouts/stream-chat-swift/Sources/StreamChat/Workers/ChannelMemberListUpdater.swift (in target 'StreamChat' from project 'StreamChat')
    cd /Users/alexmontesino/Documents/GYM-API-IOS/Gym_API/Gym_API.xcodeproj
    

SwiftCompile normal arm64 /Users/alexmontesino/Library/Developer/Xcode/DerivedData/Gym_API-gttvbppsiybwtpahvrbhortrptkr/SourcePackages/checkouts/stream-chat-swift/Sources/StreamChat/Workers/ChannelMemberUpdater.swift (in target 'StreamChat' from project 'StreamChat')
    cd /Users/alexmontesino/Documents/GYM-API-IOS/Gym_API/Gym_API.xcodeproj
    

SwiftCompile normal arm64 /Users/alexmontesino/Library/Developer/Xcode/DerivedData/Gym_API-gttvbppsiybwtpahvrbhortrptkr/SourcePackages/checkouts/stream-chat-swift/Sources/StreamChat/Workers/ChannelUpdater.swift (in target 'StreamChat' from project 'StreamChat')
    cd /Users/alexmontesino/Documents/GYM-API-IOS/Gym_API/Gym_API.xcodeproj
    

SwiftCompile normal arm64 /Users/alexmontesino/Library/Developer/Xcode/DerivedData/Gym_API-gttvbppsiybwtpahvrbhortrptkr/SourcePackages/checkouts/stream-chat-swift/Sources/StreamChat/Workers/CurrentUserUpdater.swift (in target 'StreamChat' from project 'StreamChat')
    cd /Users/alexmontesino/Documents/GYM-API-IOS/Gym_API/Gym_API.xcodeproj
    

SwiftCompile normal arm64 /Users/alexmontesino/Library/Developer/Xcode/DerivedData/Gym_API-gttvbppsiybwtpahvrbhortrptkr/SourcePackages/checkouts/stream-chat-swift/Sources/StreamChat/Workers/EventNotificationCenter.swift (in target 'StreamChat' from project 'StreamChat')
    cd /Users/alexmontesino/Documents/GYM-API-IOS/Gym_API/Gym_API.xcodeproj
    

SwiftCompile normal arm64 /Users/alexmontesino/Library/Developer/Xcode/DerivedData/Gym_API-gttvbppsiybwtpahvrbhortrptkr/SourcePackages/checkouts/stream-chat-swift/Sources/StreamChat/Workers/EventObservers/EventObserver.swift (in target 'StreamChat' from project 'StreamChat')
    cd /Users/alexmontesino/Documents/GYM-API-IOS/Gym_API/Gym_API.xcodeproj
    

SwiftCompile normal arm64 /Users/alexmontesino/Library/Developer/Xcode/DerivedData/Gym_API-gttvbppsiybwtpahvrbhortrptkr/SourcePackages/checkouts/stream-chat-swift/Sources/StreamChat/Workers/EventObservers/MemberEventObserver.swift (in target 'StreamChat' from project 'StreamChat')
    cd /Users/alexmontesino/Documents/GYM-API-IOS/Gym_API/Gym_API.xcodeproj
    

SwiftCompile normal arm64 /Users/alexmontesino/Library/Developer/Xcode/DerivedData/Gym_API-gttvbppsiybwtpahvrbhortrptkr/SourcePackages/checkouts/stream-chat-swift/Sources/StreamChat/Workers/EventSender.swift (in target 'StreamChat' from project 'StreamChat')
    cd /Users/alexmontesino/Documents/GYM-API-IOS/Gym_API/Gym_API.xcodeproj
    

SwiftCompile normal arm64 /Users/alexmontesino/Library/Developer/Xcode/DerivedData/Gym_API-gttvbppsiybwtpahvrbhortrptkr/SourcePackages/checkouts/stream-chat-swift/Sources/StreamChat/Workers/ManualEventHandler.swift (in target 'StreamChat' from project 'StreamChat')
    cd /Users/alexmontesino/Documents/GYM-API-IOS/Gym_API/Gym_API.xcodeproj
    

SwiftCompile normal arm64 /Users/alexmontesino/Library/Developer/Xcode/DerivedData/Gym_API-gttvbppsiybwtpahvrbhortrptkr/SourcePackages/checkouts/stream-chat-swift/Sources/StreamChat/Workers/MessageUpdater.swift (in target 'StreamChat' from project 'StreamChat')
    cd /Users/alexmontesino/Documents/GYM-API-IOS/Gym_API/Gym_API.xcodeproj
    

SwiftCompile normal arm64 /Users/alexmontesino/Library/Developer/Xcode/DerivedData/Gym_API-gttvbppsiybwtpahvrbhortrptkr/SourcePackages/checkouts/stream-chat-swift/Sources/StreamChat/Workers/ReactionListUpdater.swift (in target 'StreamChat' from project 'StreamChat')
    cd /Users/alexmontesino/Documents/GYM-API-IOS/Gym_API/Gym_API.xcodeproj
    

SwiftCompile normal arm64 /Users/alexmontesino/Library/Developer/Xcode/DerivedData/Gym_API-gttvbppsiybwtpahvrbhortrptkr/SourcePackages/checkouts/stream-chat-swift/Sources/StreamChat/Workers/ReadStateHandler.swift (in target 'StreamChat' from project 'StreamChat')
    cd /Users/alexmontesino/Documents/GYM-API-IOS/Gym_API/Gym_API.xcodeproj
    

SwiftCompile normal arm64 /Users/alexmontesino/Library/Developer/Xcode/DerivedData/Gym_API-gttvbppsiybwtpahvrbhortrptkr/SourcePackages/checkouts/stream-chat-swift/Sources/StreamChat/Workers/TypingEventsSender.swift (in target 'StreamChat' from project 'StreamChat')
    cd /Users/alexmontesino/Documents/GYM-API-IOS/Gym_API/Gym_API.xcodeproj
    

SwiftCompile normal arm64 /Users/alexmontesino/Library/Developer/Xcode/DerivedData/Gym_API-gttvbppsiybwtpahvrbhortrptkr/SourcePackages/checkouts/stream-chat-swift/Sources/StreamChat/Workers/UserListUpdater.swift (in target 'StreamChat' from project 'StreamChat')
    cd /Users/alexmontesino/Documents/GYM-API-IOS/Gym_API/Gym_API.xcodeproj
    

SwiftCompile normal arm64 /Users/alexmontesino/Library/Developer/Xcode/DerivedData/Gym_API-gttvbppsiybwtpahvrbhortrptkr/SourcePackages/checkouts/stream-chat-swift/Sources/StreamChat/Workers/UserUpdater.swift (in target 'StreamChat' from project 'StreamChat')
    cd /Users/alexmontesino/Documents/GYM-API-IOS/Gym_API/Gym_API.xcodeproj
    

SwiftCompile normal arm64 /Users/alexmontesino/Library/Developer/Xcode/DerivedData/Gym_API-gttvbppsiybwtpahvrbhortrptkr/SourcePackages/checkouts/stream-chat-swift/Sources/StreamChat/Workers/Worker.swift (in target 'StreamChat' from project 'StreamChat')
    cd /Users/alexmontesino/Documents/GYM-API-IOS/Gym_API/Gym_API.xcodeproj
    

SwiftCompile normal arm64 Compiling\ MessagePayload+asModel.swift,\ UserPayload+asModel.swift,\ Poll.swift,\ PollOption.swift,\ PollVote.swift,\ PushDevice.swift,\ PushProvider.swift,\ Thread.swift,\ ThreadParticipant.swift,\ ThreadRead.swift,\ UnreadCount.swift,\ User+SwiftUI.swift,\ User.swift,\ UserInfo.swift,\ ChannelListQuery.swift,\ ChannelMemberListQuery.swift,\ ChannelQuery.swift,\ ChannelWatcherListQuery.swift,\ DraftListQuery.swift,\ Filter+predicate.swift,\ Filter.swift,\ MessageReminderListQuery.swift,\ MessageSearchQuery.swift,\ Pagination.swift /Users/alexmontesino/Library/Developer/Xcode/DerivedData/Gym_API-gttvbppsiybwtpahvrbhortrptkr/SourcePackages/checkouts/stream-chat-swift/Sources/StreamChat/Models/Payload+asModel/MessagePayload+asModel.swift /Users/alexmontesino/Library/Developer/Xcode/DerivedData/Gym_API-gttvbppsiybwtpahvrbhortrptkr/SourcePackages/checkouts/stream-chat-swift/Sources/StreamChat/Models/Payload+asModel/UserPayload+asModel.swift /Users/alexmontesino/Library/Developer/Xcode/DerivedData/Gym_API-gttvbppsiybwtpahvrbhortrptkr/SourcePackages/checkouts/stream-chat-swift/Sources/StreamChat/Models/Poll.swift /Users/alexmontesino/Library/Developer/Xcode/DerivedData/Gym_API-gttvbppsiybwtpahvrbhortrptkr/SourcePackages/checkouts/stream-chat-swift/Sources/StreamChat/Models/PollOption.swift /Users/alexmontesino/Library/Developer/Xcode/DerivedData/Gym_API-gttvbppsiybwtpahvrbhortrptkr/SourcePackages/checkouts/stream-chat-swift/Sources/StreamChat/Models/PollVote.swift /Users/alexmontesino/Library/Developer/Xcode/DerivedData/Gym_API-gttvbppsiybwtpahvrbhortrptkr/SourcePackages/checkouts/stream-chat-swift/Sources/StreamChat/Models/PushDevice.swift /Users/alexmontesino/Library/Developer/Xcode/DerivedData/Gym_API-gttvbppsiybwtpahvrbhortrptkr/SourcePackages/checkouts/stream-chat-swift/Sources/StreamChat/Models/PushProvider.swift /Users/alexmontesino/Library/Developer/Xcode/DerivedData/Gym_API-gttvbppsiybwtpahvrbhortrptkr/SourcePackages/checkouts/stream-chat-swift/Sources/StreamChat/Models/Thread.swift /Users/alexmontesino/Library/Developer/Xcode/DerivedData/Gym_API-gttvbppsiybwtpahvrbhortrptkr/SourcePackages/checkouts/stream-chat-swift/Sources/StreamChat/Models/ThreadParticipant.swift /Users/alexmontesino/Library/Developer/Xcode/DerivedData/Gym_API-gttvbppsiybwtpahvrbhortrptkr/SourcePackages/checkouts/stream-chat-swift/Sources/StreamChat/Models/ThreadRead.swift /Users/alexmontesino/Library/Developer/Xcode/DerivedData/Gym_API-gttvbppsiybwtpahvrbhortrptkr/SourcePackages/checkouts/stream-chat-swift/Sources/StreamChat/Models/UnreadCount.swift /Users/alexmontesino/Library/Developer/Xcode/DerivedData/Gym_API-gttvbppsiybwtpahvrbhortrptkr/SourcePackages/checkouts/stream-chat-swift/Sources/StreamChat/Models/User+SwiftUI.swift /Users/alexmontesino/Library/Developer/Xcode/DerivedData/Gym_API-gttvbppsiybwtpahvrbhortrptkr/SourcePackages/checkouts/stream-chat-swift/Sources/StreamChat/Models/User.swift /Users/alexmontesino/Library/Developer/Xcode/DerivedData/Gym_API-gttvbppsiybwtpahvrbhortrptkr/SourcePackages/checkouts/stream-chat-swift/Sources/StreamChat/Models/UserInfo.swift /Users/alexmontesino/Library/Developer/Xcode/DerivedData/Gym_API-gttvbppsiybwtpahvrbhortrptkr/SourcePackages/checkouts/stream-chat-swift/Sources/StreamChat/Query/ChannelListQuery.swift /Users/alexmontesino/Library/Developer/Xcode/DerivedData/Gym_API-gttvbppsiybwtpahvrbhortrptkr/SourcePackages/checkouts/stream-chat-swift/Sources/StreamChat/Query/ChannelMemberListQuery.swift /Users/alexmontesino/Library/Developer/Xcode/DerivedData/Gym_API-gttvbppsiybwtpahvrbhortrptkr/SourcePackages/checkouts/stream-chat-swift/Sources/StreamChat/Query/ChannelQuery.swift /Users/alexmontesino/Library/Developer/Xcode/DerivedData/Gym_API-gttvbppsiybwtpahvrbhortrptkr/SourcePackages/checkouts/stream-chat-swift/Sources/StreamChat/Query/ChannelWatcherListQuery.swift /Users/alexmontesino/Library/Developer/Xcode/DerivedData/Gym_API-gttvbppsiybwtpahvrbhortrptkr/SourcePackages/checkouts/stream-chat-swift/Sources/StreamChat/Query/DraftListQuery.swift /Users/alexmontesino/Library/Developer/Xcode/DerivedData/Gym_API-gttvbppsiybwtpahvrbhortrptkr/SourcePackages/checkouts/stream-chat-swift/Sources/StreamChat/Query/Filter+predicate.swift /Users/alexmontesino/Library/Developer/Xcode/DerivedData/Gym_API-gttvbppsiybwtpahvrbhortrptkr/SourcePackages/checkouts/stream-chat-swift/Sources/StreamChat/Query/Filter.swift /Users/alexmontesino/Library/Developer/Xcode/DerivedData/Gym_API-gttvbppsiybwtpahvrbhortrptkr/SourcePackages/checkouts/stream-chat-swift/Sources/StreamChat/Query/MessageReminderListQuery.swift /Users/alexmontesino/Library/Developer/Xcode/DerivedData/Gym_API-gttvbppsiybwtpahvrbhortrptkr/SourcePackages/checkouts/stream-chat-swift/Sources/StreamChat/Query/MessageSearchQuery.swift /Users/alexmontesino/Library/Developer/Xcode/DerivedData/Gym_API-gttvbppsiybwtpahvrbhortrptkr/SourcePackages/checkouts/stream-chat-swift/Sources/StreamChat/Query/Pagination.swift (in target 'StreamChat' from project 'StreamChat')

SwiftCompile normal arm64 /Users/alexmontesino/Library/Developer/Xcode/DerivedData/Gym_API-gttvbppsiybwtpahvrbhortrptkr/SourcePackages/checkouts/stream-chat-swift/Sources/StreamChat/Models/Payload+asModel/MessagePayload+asModel.swift (in target 'StreamChat' from project 'StreamChat')
    cd /Users/alexmontesino/Documents/GYM-API-IOS/Gym_API/Gym_API.xcodeproj
    

SwiftCompile normal arm64 /Users/alexmontesino/Library/Developer/Xcode/DerivedData/Gym_API-gttvbppsiybwtpahvrbhortrptkr/SourcePackages/checkouts/stream-chat-swift/Sources/StreamChat/Models/Payload+asModel/UserPayload+asModel.swift (in target 'StreamChat' from project 'StreamChat')
    cd /Users/alexmontesino/Documents/GYM-API-IOS/Gym_API/Gym_API.xcodeproj
    

SwiftCompile normal arm64 /Users/alexmontesino/Library/Developer/Xcode/DerivedData/Gym_API-gttvbppsiybwtpahvrbhortrptkr/SourcePackages/checkouts/stream-chat-swift/Sources/StreamChat/Models/Poll.swift (in target 'StreamChat' from project 'StreamChat')
    cd /Users/alexmontesino/Documents/GYM-API-IOS/Gym_API/Gym_API.xcodeproj
    

SwiftCompile normal arm64 /Users/alexmontesino/Library/Developer/Xcode/DerivedData/Gym_API-gttvbppsiybwtpahvrbhortrptkr/SourcePackages/checkouts/stream-chat-swift/Sources/StreamChat/Models/PollOption.swift (in target 'StreamChat' from project 'StreamChat')
    cd /Users/alexmontesino/Documents/GYM-API-IOS/Gym_API/Gym_API.xcodeproj
    

SwiftCompile normal arm64 /Users/alexmontesino/Library/Developer/Xcode/DerivedData/Gym_API-gttvbppsiybwtpahvrbhortrptkr/SourcePackages/checkouts/stream-chat-swift/Sources/StreamChat/Models/PollVote.swift (in target 'StreamChat' from project 'StreamChat')
    cd /Users/alexmontesino/Documents/GYM-API-IOS/Gym_API/Gym_API.xcodeproj
    

SwiftCompile normal arm64 /Users/alexmontesino/Library/Developer/Xcode/DerivedData/Gym_API-gttvbppsiybwtpahvrbhortrptkr/SourcePackages/checkouts/stream-chat-swift/Sources/StreamChat/Models/PushDevice.swift (in target 'StreamChat' from project 'StreamChat')
    cd /Users/alexmontesino/Documents/GYM-API-IOS/Gym_API/Gym_API.xcodeproj
    

SwiftCompile normal arm64 /Users/alexmontesino/Library/Developer/Xcode/DerivedData/Gym_API-gttvbppsiybwtpahvrbhortrptkr/SourcePackages/checkouts/stream-chat-swift/Sources/StreamChat/Models/PushProvider.swift (in target 'StreamChat' from project 'StreamChat')
    cd /Users/alexmontesino/Documents/GYM-API-IOS/Gym_API/Gym_API.xcodeproj
    

SwiftCompile normal arm64 /Users/alexmontesino/Library/Developer/Xcode/DerivedData/Gym_API-gttvbppsiybwtpahvrbhortrptkr/SourcePackages/checkouts/stream-chat-swift/Sources/StreamChat/Models/Thread.swift (in target 'StreamChat' from project 'StreamChat')
    cd /Users/alexmontesino/Documents/GYM-API-IOS/Gym_API/Gym_API.xcodeproj
    

SwiftCompile normal arm64 /Users/alexmontesino/Library/Developer/Xcode/DerivedData/Gym_API-gttvbppsiybwtpahvrbhortrptkr/SourcePackages/checkouts/stream-chat-swift/Sources/StreamChat/Models/ThreadParticipant.swift (in target 'StreamChat' from project 'StreamChat')
    cd /Users/alexmontesino/Documents/GYM-API-IOS/Gym_API/Gym_API.xcodeproj
    

SwiftCompile normal arm64 /Users/alexmontesino/Library/Developer/Xcode/DerivedData/Gym_API-gttvbppsiybwtpahvrbhortrptkr/SourcePackages/checkouts/stream-chat-swift/Sources/StreamChat/Models/ThreadRead.swift (in target 'StreamChat' from project 'StreamChat')
    cd /Users/alexmontesino/Documents/GYM-API-IOS/Gym_API/Gym_API.xcodeproj
    

SwiftCompile normal arm64 /Users/alexmontesino/Library/Developer/Xcode/DerivedData/Gym_API-gttvbppsiybwtpahvrbhortrptkr/SourcePackages/checkouts/stream-chat-swift/Sources/StreamChat/Models/UnreadCount.swift (in target 'StreamChat' from project 'StreamChat')
    cd /Users/alexmontesino/Documents/GYM-API-IOS/Gym_API/Gym_API.xcodeproj
    

SwiftCompile normal arm64 /Users/alexmontesino/Library/Developer/Xcode/DerivedData/Gym_API-gttvbppsiybwtpahvrbhortrptkr/SourcePackages/checkouts/stream-chat-swift/Sources/StreamChat/Models/User+SwiftUI.swift (in target 'StreamChat' from project 'StreamChat')
    cd /Users/alexmontesino/Documents/GYM-API-IOS/Gym_API/Gym_API.xcodeproj
    

SwiftCompile normal arm64 /Users/alexmontesino/Library/Developer/Xcode/DerivedData/Gym_API-gttvbppsiybwtpahvrbhortrptkr/SourcePackages/checkouts/stream-chat-swift/Sources/StreamChat/Models/User.swift (in target 'StreamChat' from project 'StreamChat')
    cd /Users/alexmontesino/Documents/GYM-API-IOS/Gym_API/Gym_API.xcodeproj
    

SwiftCompile normal arm64 /Users/alexmontesino/Library/Developer/Xcode/DerivedData/Gym_API-gttvbppsiybwtpahvrbhortrptkr/SourcePackages/checkouts/stream-chat-swift/Sources/StreamChat/Models/UserInfo.swift (in target 'StreamChat' from project 'StreamChat')
    cd /Users/alexmontesino/Documents/GYM-API-IOS/Gym_API/Gym_API.xcodeproj
    

SwiftCompile normal arm64 /Users/alexmontesino/Library/Developer/Xcode/DerivedData/Gym_API-gttvbppsiybwtpahvrbhortrptkr/SourcePackages/checkouts/stream-chat-swift/Sources/StreamChat/Query/ChannelListQuery.swift (in target 'StreamChat' from project 'StreamChat')
    cd /Users/alexmontesino/Documents/GYM-API-IOS/Gym_API/Gym_API.xcodeproj
    

SwiftCompile normal arm64 /Users/alexmontesino/Library/Developer/Xcode/DerivedData/Gym_API-gttvbppsiybwtpahvrbhortrptkr/SourcePackages/checkouts/stream-chat-swift/Sources/StreamChat/Query/ChannelMemberListQuery.swift (in target 'StreamChat' from project 'StreamChat')
    cd /Users/alexmontesino/Documents/GYM-API-IOS/Gym_API/Gym_API.xcodeproj
    

SwiftCompile normal arm64 /Users/alexmontesino/Library/Developer/Xcode/DerivedData/Gym_API-gttvbppsiybwtpahvrbhortrptkr/SourcePackages/checkouts/stream-chat-swift/Sources/StreamChat/Query/ChannelQuery.swift (in target 'StreamChat' from project 'StreamChat')
    cd /Users/alexmontesino/Documents/GYM-API-IOS/Gym_API/Gym_API.xcodeproj
    

SwiftCompile normal arm64 /Users/alexmontesino/Library/Developer/Xcode/DerivedData/Gym_API-gttvbppsiybwtpahvrbhortrptkr/SourcePackages/checkouts/stream-chat-swift/Sources/StreamChat/Query/ChannelWatcherListQuery.swift (in target 'StreamChat' from project 'StreamChat')
    cd /Users/alexmontesino/Documents/GYM-API-IOS/Gym_API/Gym_API.xcodeproj
    

SwiftCompile normal arm64 /Users/alexmontesino/Library/Developer/Xcode/DerivedData/Gym_API-gttvbppsiybwtpahvrbhortrptkr/SourcePackages/checkouts/stream-chat-swift/Sources/StreamChat/Query/DraftListQuery.swift (in target 'StreamChat' from project 'StreamChat')
    cd /Users/alexmontesino/Documents/GYM-API-IOS/Gym_API/Gym_API.xcodeproj
    

SwiftCompile normal arm64 /Users/alexmontesino/Library/Developer/Xcode/DerivedData/Gym_API-gttvbppsiybwtpahvrbhortrptkr/SourcePackages/checkouts/stream-chat-swift/Sources/StreamChat/Query/Filter+predicate.swift (in target 'StreamChat' from project 'StreamChat')
    cd /Users/alexmontesino/Documents/GYM-API-IOS/Gym_API/Gym_API.xcodeproj
    

SwiftCompile normal arm64 /Users/alexmontesino/Library/Developer/Xcode/DerivedData/Gym_API-gttvbppsiybwtpahvrbhortrptkr/SourcePackages/checkouts/stream-chat-swift/Sources/StreamChat/Query/Filter.swift (in target 'StreamChat' from project 'StreamChat')
    cd /Users/alexmontesino/Documents/GYM-API-IOS/Gym_API/Gym_API.xcodeproj
    

SwiftCompile normal arm64 /Users/alexmontesino/Library/Developer/Xcode/DerivedData/Gym_API-gttvbppsiybwtpahvrbhortrptkr/SourcePackages/checkouts/stream-chat-swift/Sources/StreamChat/Query/MessageReminderListQuery.swift (in target 'StreamChat' from project 'StreamChat')
    cd /Users/alexmontesino/Documents/GYM-API-IOS/Gym_API/Gym_API.xcodeproj
    

SwiftCompile normal arm64 /Users/alexmontesino/Library/Developer/Xcode/DerivedData/Gym_API-gttvbppsiybwtpahvrbhortrptkr/SourcePackages/checkouts/stream-chat-swift/Sources/StreamChat/Query/MessageSearchQuery.swift (in target 'StreamChat' from project 'StreamChat')
    cd /Users/alexmontesino/Documents/GYM-API-IOS/Gym_API/Gym_API.xcodeproj
    

SwiftCompile normal arm64 /Users/alexmontesino/Library/Developer/Xcode/DerivedData/Gym_API-gttvbppsiybwtpahvrbhortrptkr/SourcePackages/checkouts/stream-chat-swift/Sources/StreamChat/Query/Pagination.swift (in target 'StreamChat' from project 'StreamChat')
    cd /Users/alexmontesino/Documents/GYM-API-IOS/Gym_API/Gym_API.xcodeproj
    

SwiftDriverJobDiscovery normal arm64 Compiling MutedChannelPayload.swift, PollsPayloads.swift, RawJSON.swift, ReminderPayloads.swift, ThreadListPayload.swift, UnknownChannelEvent.swift, UnknownUserEvent.swift, UserListPayload.swift, UserPayloads.swift, PollsEndpoints.swift, ReactionEndpoints.swift, ReminderEndpoints.swift, AttachmentActionRequestBody.swift, CastPollVoteRequestBody.swift, ChannelMemberBanRequestPayload.swift, ChannelMemberUnbanRequestPayload.swift, ChannelTruncateRequestPayload.swift, CreateCallRequestBody.swift, CreatePollOptionRequestBody.swift, CreatePollRequestBody.swift, CustomEventRequestBody.swift, FlagRequestBody.swift, GuestUserTokenRequestPayload.swift, MessageReactionRequestPayload.swift (in target 'StreamChat' from project 'StreamChat')

SwiftCompile normal arm64 Compiling\ UserListState+Observer.swift,\ UserListState.swift,\ UserSearch.swift,\ UserSearchState.swift,\ Array+Sampling.swift,\ Atomic.swift,\ Bundle+Extensions.swift,\ Codable+Extensions.swift,\ CountdownTracker.swift,\ Data+Gzip.swift,\ DatabaseItemConverter.swift,\ NSManagedObject+Extensions.swift,\ Debouncer.swift,\ Dictionary+Extensions.swift,\ EventBatcher.swift,\ Error+InternetNotAvailable.swift,\ InternetConnection.swift,\ Reachability_Vendor.swift,\ KeyedDecodingContainer+Array.swift,\ LazyCachedMapCollection.swift,\ BaseLogDestination.swift,\ ConsoleLogDestination.swift,\ LogDestination.swift /Users/alexmontesino/Library/Developer/Xcode/DerivedData/Gym_API-gttvbppsiybwtpahvrbhortrptkr/SourcePackages/checkouts/stream-chat-swift/Sources/StreamChat/StateLayer/UserListState+Observer.swift /Users/alexmontesino/Library/Developer/Xcode/DerivedData/Gym_API-gttvbppsiybwtpahvrbhortrptkr/SourcePackages/checkouts/stream-chat-swift/Sources/StreamChat/StateLayer/UserListState.swift /Users/alexmontesino/Library/Developer/Xcode/DerivedData/Gym_API-gttvbppsiybwtpahvrbhortrptkr/SourcePackages/checkouts/stream-chat-swift/Sources/StreamChat/StateLayer/UserSearch.swift /Users/alexmontesino/Library/Developer/Xcode/DerivedData/Gym_API-gttvbppsiybwtpahvrbhortrptkr/SourcePackages/checkouts/stream-chat-swift/Sources/StreamChat/StateLayer/UserSearchState.swift /Users/alexmontesino/Library/Developer/Xcode/DerivedData/Gym_API-gttvbppsiybwtpahvrbhortrptkr/SourcePackages/checkouts/stream-chat-swift/Sources/StreamChat/Utils/Array+Sampling.swift /Users/alexmontesino/Library/Developer/Xcode/DerivedData/Gym_API-gttvbppsiybwtpahvrbhortrptkr/SourcePackages/checkouts/stream-chat-swift/Sources/StreamChat/Utils/Atomic.swift /Users/alexmontesino/Library/Developer/Xcode/DerivedData/Gym_API-gttvbppsiybwtpahvrbhortrptkr/SourcePackages/checkouts/stream-chat-swift/Sources/StreamChat/Utils/Bundle+Extensions.swift /Users/alexmontesino/Library/Developer/Xcode/DerivedData/Gym_API-gttvbppsiybwtpahvrbhortrptkr/SourcePackages/checkouts/stream-chat-swift/Sources/StreamChat/Utils/Codable+Extensions.swift /Users/alexmontesino/Library/Developer/Xcode/DerivedData/Gym_API-gttvbppsiybwtpahvrbhortrptkr/SourcePackages/checkouts/stream-chat-swift/Sources/StreamChat/Utils/CountdownTracker.swift /Users/alexmontesino/Library/Developer/Xcode/DerivedData/Gym_API-gttvbppsiybwtpahvrbhortrptkr/SourcePackages/checkouts/stream-chat-swift/Sources/StreamChat/Utils/Data+Gzip.swift /Users/alexmontesino/Library/Developer/Xcode/DerivedData/Gym_API-gttvbppsiybwtpahvrbhortrptkr/SourcePackages/checkouts/stream-chat-swift/Sources/StreamChat/Utils/Database/DatabaseItemConverter.swift /Users/alexmontesino/Library/Developer/Xcode/DerivedData/Gym_API-gttvbppsiybwtpahvrbhortrptkr/SourcePackages/checkouts/stream-chat-swift/Sources/StreamChat/Utils/Database/NSManagedObject+Extensions.swift /Users/alexmontesino/Library/Developer/Xcode/DerivedData/Gym_API-gttvbppsiybwtpahvrbhortrptkr/SourcePackages/checkouts/stream-chat-swift/Sources/StreamChat/Utils/Debouncer.swift /Users/alexmontesino/Library/Developer/Xcode/DerivedData/Gym_API-gttvbppsiybwtpahvrbhortrptkr/SourcePackages/checkouts/stream-chat-swift/Sources/StreamChat/Utils/Dictionary+Extensions.swift /Users/alexmontesino/Library/Developer/Xcode/DerivedData/Gym_API-gttvbppsiybwtpahvrbhortrptkr/SourcePackages/checkouts/stream-chat-swift/Sources/StreamChat/Utils/EventBatcher.swift /Users/alexmontesino/Library/Developer/Xcode/DerivedData/Gym_API-gttvbppsiybwtpahvrbhortrptkr/SourcePackages/checkouts/stream-chat-swift/Sources/StreamChat/Utils/InternetConnection/Error+InternetNotAvailable.swift /Users/alexmontesino/Library/Developer/Xcode/DerivedData/Gym_API-gttvbppsiybwtpahvrbhortrptkr/SourcePackages/checkouts/stream-chat-swift/Sources/StreamChat/Utils/InternetConnection/InternetConnection.swift /Users/alexmontesino/Library/Developer/Xcode/DerivedData/Gym_API-gttvbppsiybwtpahvrbhortrptkr/SourcePackages/checkouts/stream-chat-swift/Sources/StreamChat/Utils/InternetConnection/Reachability_Vendor.swift /Users/alexmontesino/Library/Developer/Xcode/DerivedData/Gym_API-gttvbppsiybwtpahvrbhortrptkr/SourcePackages/checkouts/stream-chat-swift/Sources/StreamChat/Utils/KeyedDecodingContainer+Array.swift /Users/alexmontesino/Library/Developer/Xcode/DerivedData/Gym_API-gttvbppsiybwtpahvrbhortrptkr/SourcePackages/checkouts/stream-chat-swift/Sources/StreamChat/Utils/LazyCachedMapCollection.swift /Users/alexmontesino/Library/Developer/Xcode/DerivedData/Gym_API-gttvbppsiybwtpahvrbhortrptkr/SourcePackages/checkouts/stream-chat-swift/Sources/StreamChat/Utils/Logger/Destination/BaseLogDestination.swift /Users/alexmontesino/Library/Developer/Xcode/DerivedData/Gym_API-gttvbppsiybwtpahvrbhortrptkr/SourcePackages/checkouts/stream-chat-swift/Sources/StreamChat/Utils/Logger/Destination/ConsoleLogDestination.swift /Users/alexmontesino/Library/Developer/Xcode/DerivedData/Gym_API-gttvbppsiybwtpahvrbhortrptkr/SourcePackages/checkouts/stream-chat-swift/Sources/StreamChat/Utils/Logger/Destination/LogDestination.swift (in target 'StreamChat' from project 'StreamChat')

SwiftCompile normal arm64 /Users/alexmontesino/Library/Developer/Xcode/DerivedData/Gym_API-gttvbppsiybwtpahvrbhortrptkr/SourcePackages/checkouts/stream-chat-swift/Sources/StreamChat/StateLayer/UserListState+Observer.swift (in target 'StreamChat' from project 'StreamChat')
    cd /Users/alexmontesino/Documents/GYM-API-IOS/Gym_API/Gym_API.xcodeproj
    

SwiftCompile normal arm64 /Users/alexmontesino/Library/Developer/Xcode/DerivedData/Gym_API-gttvbppsiybwtpahvrbhortrptkr/SourcePackages/checkouts/stream-chat-swift/Sources/StreamChat/StateLayer/UserListState.swift (in target 'StreamChat' from project 'StreamChat')
    cd /Users/alexmontesino/Documents/GYM-API-IOS/Gym_API/Gym_API.xcodeproj
    

SwiftCompile normal arm64 /Users/alexmontesino/Library/Developer/Xcode/DerivedData/Gym_API-gttvbppsiybwtpahvrbhortrptkr/SourcePackages/checkouts/stream-chat-swift/Sources/StreamChat/StateLayer/UserSearch.swift (in target 'StreamChat' from project 'StreamChat')
    cd /Users/alexmontesino/Documents/GYM-API-IOS/Gym_API/Gym_API.xcodeproj
    

SwiftCompile normal arm64 /Users/alexmontesino/Library/Developer/Xcode/DerivedData/Gym_API-gttvbppsiybwtpahvrbhortrptkr/SourcePackages/checkouts/stream-chat-swift/Sources/StreamChat/StateLayer/UserSearchState.swift (in target 'StreamChat' from project 'StreamChat')
    cd /Users/alexmontesino/Documents/GYM-API-IOS/Gym_API/Gym_API.xcodeproj
    

SwiftCompile normal arm64 /Users/alexmontesino/Library/Developer/Xcode/DerivedData/Gym_API-gttvbppsiybwtpahvrbhortrptkr/SourcePackages/checkouts/stream-chat-swift/Sources/StreamChat/Utils/Array+Sampling.swift (in target 'StreamChat' from project 'StreamChat')
    cd /Users/alexmontesino/Documents/GYM-API-IOS/Gym_API/Gym_API.xcodeproj
    

SwiftCompile normal arm64 /Users/alexmontesino/Library/Developer/Xcode/DerivedData/Gym_API-gttvbppsiybwtpahvrbhortrptkr/SourcePackages/checkouts/stream-chat-swift/Sources/StreamChat/Utils/Atomic.swift (in target 'StreamChat' from project 'StreamChat')
    cd /Users/alexmontesino/Documents/GYM-API-IOS/Gym_API/Gym_API.xcodeproj
    

SwiftCompile normal arm64 /Users/alexmontesino/Library/Developer/Xcode/DerivedData/Gym_API-gttvbppsiybwtpahvrbhortrptkr/SourcePackages/checkouts/stream-chat-swift/Sources/StreamChat/Utils/Bundle+Extensions.swift (in target 'StreamChat' from project 'StreamChat')
    cd /Users/alexmontesino/Documents/GYM-API-IOS/Gym_API/Gym_API.xcodeproj
    

SwiftCompile normal arm64 /Users/alexmontesino/Library/Developer/Xcode/DerivedData/Gym_API-gttvbppsiybwtpahvrbhortrptkr/SourcePackages/checkouts/stream-chat-swift/Sources/StreamChat/Utils/Codable+Extensions.swift (in target 'StreamChat' from project 'StreamChat')
    cd /Users/alexmontesino/Documents/GYM-API-IOS/Gym_API/Gym_API.xcodeproj
    

SwiftCompile normal arm64 /Users/alexmontesino/Library/Developer/Xcode/DerivedData/Gym_API-gttvbppsiybwtpahvrbhortrptkr/SourcePackages/checkouts/stream-chat-swift/Sources/StreamChat/Utils/CountdownTracker.swift (in target 'StreamChat' from project 'StreamChat')
    cd /Users/alexmontesino/Documents/GYM-API-IOS/Gym_API/Gym_API.xcodeproj
    

SwiftCompile normal arm64 /Users/alexmontesino/Library/Developer/Xcode/DerivedData/Gym_API-gttvbppsiybwtpahvrbhortrptkr/SourcePackages/checkouts/stream-chat-swift/Sources/StreamChat/Utils/Data+Gzip.swift (in target 'StreamChat' from project 'StreamChat')
    cd /Users/alexmontesino/Documents/GYM-API-IOS/Gym_API/Gym_API.xcodeproj
    

SwiftCompile normal arm64 /Users/alexmontesino/Library/Developer/Xcode/DerivedData/Gym_API-gttvbppsiybwtpahvrbhortrptkr/SourcePackages/checkouts/stream-chat-swift/Sources/StreamChat/Utils/Database/DatabaseItemConverter.swift (in target 'StreamChat' from project 'StreamChat')
    cd /Users/alexmontesino/Documents/GYM-API-IOS/Gym_API/Gym_API.xcodeproj
    

SwiftCompile normal arm64 /Users/alexmontesino/Library/Developer/Xcode/DerivedData/Gym_API-gttvbppsiybwtpahvrbhortrptkr/SourcePackages/checkouts/stream-chat-swift/Sources/StreamChat/Utils/Database/NSManagedObject+Extensions.swift (in target 'StreamChat' from project 'StreamChat')
    cd /Users/alexmontesino/Documents/GYM-API-IOS/Gym_API/Gym_API.xcodeproj
    

SwiftCompile normal arm64 /Users/alexmontesino/Library/Developer/Xcode/DerivedData/Gym_API-gttvbppsiybwtpahvrbhortrptkr/SourcePackages/checkouts/stream-chat-swift/Sources/StreamChat/Utils/Debouncer.swift (in target 'StreamChat' from project 'StreamChat')
    cd /Users/alexmontesino/Documents/GYM-API-IOS/Gym_API/Gym_API.xcodeproj
    

SwiftCompile normal arm64 /Users/alexmontesino/Library/Developer/Xcode/DerivedData/Gym_API-gttvbppsiybwtpahvrbhortrptkr/SourcePackages/checkouts/stream-chat-swift/Sources/StreamChat/Utils/Dictionary+Extensions.swift (in target 'StreamChat' from project 'StreamChat')
    cd /Users/alexmontesino/Documents/GYM-API-IOS/Gym_API/Gym_API.xcodeproj
    

SwiftCompile normal arm64 /Users/alexmontesino/Library/Developer/Xcode/DerivedData/Gym_API-gttvbppsiybwtpahvrbhortrptkr/SourcePackages/checkouts/stream-chat-swift/Sources/StreamChat/Utils/EventBatcher.swift (in target 'StreamChat' from project 'StreamChat')
    cd /Users/alexmontesino/Documents/GYM-API-IOS/Gym_API/Gym_API.xcodeproj
    

SwiftCompile normal arm64 /Users/alexmontesino/Library/Developer/Xcode/DerivedData/Gym_API-gttvbppsiybwtpahvrbhortrptkr/SourcePackages/checkouts/stream-chat-swift/Sources/StreamChat/Utils/InternetConnection/Error+InternetNotAvailable.swift (in target 'StreamChat' from project 'StreamChat')
    cd /Users/alexmontesino/Documents/GYM-API-IOS/Gym_API/Gym_API.xcodeproj
    

SwiftCompile normal arm64 /Users/alexmontesino/Library/Developer/Xcode/DerivedData/Gym_API-gttvbppsiybwtpahvrbhortrptkr/SourcePackages/checkouts/stream-chat-swift/Sources/StreamChat/Utils/InternetConnection/InternetConnection.swift (in target 'StreamChat' from project 'StreamChat')
    cd /Users/alexmontesino/Documents/GYM-API-IOS/Gym_API/Gym_API.xcodeproj
    

SwiftCompile normal arm64 /Users/alexmontesino/Library/Developer/Xcode/DerivedData/Gym_API-gttvbppsiybwtpahvrbhortrptkr/SourcePackages/checkouts/stream-chat-swift/Sources/StreamChat/Utils/InternetConnection/Reachability_Vendor.swift (in target 'StreamChat' from project 'StreamChat')
    cd /Users/alexmontesino/Documents/GYM-API-IOS/Gym_API/Gym_API.xcodeproj
    

SwiftCompile normal arm64 /Users/alexmontesino/Library/Developer/Xcode/DerivedData/Gym_API-gttvbppsiybwtpahvrbhortrptkr/SourcePackages/checkouts/stream-chat-swift/Sources/StreamChat/Utils/KeyedDecodingContainer+Array.swift (in target 'StreamChat' from project 'StreamChat')
    cd /Users/alexmontesino/Documents/GYM-API-IOS/Gym_API/Gym_API.xcodeproj
    

SwiftCompile normal arm64 /Users/alexmontesino/Library/Developer/Xcode/DerivedData/Gym_API-gttvbppsiybwtpahvrbhortrptkr/SourcePackages/checkouts/stream-chat-swift/Sources/StreamChat/Utils/LazyCachedMapCollection.swift (in target 'StreamChat' from project 'StreamChat')
    cd /Users/alexmontesino/Documents/GYM-API-IOS/Gym_API/Gym_API.xcodeproj
    

SwiftCompile normal arm64 /Users/alexmontesino/Library/Developer/Xcode/DerivedData/Gym_API-gttvbppsiybwtpahvrbhortrptkr/SourcePackages/checkouts/stream-chat-swift/Sources/StreamChat/Utils/Logger/Destination/BaseLogDestination.swift (in target 'StreamChat' from project 'StreamChat')
    cd /Users/alexmontesino/Documents/GYM-API-IOS/Gym_API/Gym_API.xcodeproj
    

SwiftCompile normal arm64 /Users/alexmontesino/Library/Developer/Xcode/DerivedData/Gym_API-gttvbppsiybwtpahvrbhortrptkr/SourcePackages/checkouts/stream-chat-swift/Sources/StreamChat/Utils/Logger/Destination/ConsoleLogDestination.swift (in target 'StreamChat' from project 'StreamChat')
    cd /Users/alexmontesino/Documents/GYM-API-IOS/Gym_API/Gym_API.xcodeproj
    

SwiftCompile normal arm64 /Users/alexmontesino/Library/Developer/Xcode/DerivedData/Gym_API-gttvbppsiybwtpahvrbhortrptkr/SourcePackages/checkouts/stream-chat-swift/Sources/StreamChat/Utils/Logger/Destination/LogDestination.swift (in target 'StreamChat' from project 'StreamChat')
    cd /Users/alexmontesino/Documents/GYM-API-IOS/Gym_API/Gym_API.xcodeproj
    

SwiftDriverJobDiscovery normal arm64 Compiling resource_bundle_accessor.swift, APIClient.swift, APIPathConvertible.swift, AttachmentDownloader.swift, AttachmentUploader.swift, UploadedAttachment.swift, UploadedAttachmentPostProcessor.swift, CDNClient.swift, ChatRemoteNotificationHandler.swift, AppEndpoints.swift, AttachmentEndpoints.swift, BlockedUserPayload.swift, ChannelEndpoints.swift, DeviceEndpoints.swift, DraftEndpoints.swift, Endpoint.swift, EndpointPath+OfflineRequest.swift, EndpointPath.swift, FilesEndpoints.swift, GuestEndpoints.swift, LocationEndpoints.swift, MemberEndpoints.swift, MessageEndpoints.swift, ModerationEndpoints.swift (in target 'StreamChat' from project 'StreamChat')

SwiftCompile normal arm64 Compiling\ ThreadSafeWeakCollection.swift,\ Throttler.swift,\ Timers.swift,\ TranslationLanguage.swift,\ UniqueId.swift,\ UnreadMessageLookup.swift,\ BackgroundTaskScheduler.swift,\ ConnectionStatus.swift,\ URLSessionWebSocketEngine.swift,\ WebSocketEngine.swift,\ ChannelReadUpdaterMiddleware.swift,\ ChannelTruncatedEventMiddleware.swift,\ ChannelVisibilityEventMiddleware.swift,\ DraftUpdaterMiddleware.swift,\ EventDTOConverterMiddleware.swift,\ EventDataProcessorMiddleware.swift,\ EventMiddleware.swift,\ MemberEventMiddleware.swift,\ ReminderUpdaterMiddleware.swift,\ ThreadUpdaterMiddleware.swift,\ TypingStartCleanupMiddleware.swift,\ UserChannelBanEventsMiddleware.swift,\ UserTypingStateUpdaterMiddleware.swift /Users/alexmontesino/Library/Developer/Xcode/DerivedData/Gym_API-gttvbppsiybwtpahvrbhortrptkr/SourcePackages/checkouts/stream-chat-swift/Sources/StreamChat/Utils/ThreadSafeWeakCollection.swift /Users/alexmontesino/Library/Developer/Xcode/DerivedData/Gym_API-gttvbppsiybwtpahvrbhortrptkr/SourcePackages/checkouts/stream-chat-swift/Sources/StreamChat/Utils/Throttler.swift /Users/alexmontesino/Library/Developer/Xcode/DerivedData/Gym_API-gttvbppsiybwtpahvrbhortrptkr/SourcePackages/checkouts/stream-chat-swift/Sources/StreamChat/Utils/Timers.swift /Users/alexmontesino/Library/Developer/Xcode/DerivedData/Gym_API-gttvbppsiybwtpahvrbhortrptkr/SourcePackages/checkouts/stream-chat-swift/Sources/StreamChat/Utils/TranslationLanguage.swift /Users/alexmontesino/Library/Developer/Xcode/DerivedData/Gym_API-gttvbppsiybwtpahvrbhortrptkr/SourcePackages/checkouts/stream-chat-swift/Sources/StreamChat/Utils/UniqueId.swift /Users/alexmontesino/Library/Developer/Xcode/DerivedData/Gym_API-gttvbppsiybwtpahvrbhortrptkr/SourcePackages/checkouts/stream-chat-swift/Sources/StreamChat/Utils/UnreadMessageLookup.swift /Users/alexmontesino/Library/Developer/Xcode/DerivedData/Gym_API-gttvbppsiybwtpahvrbhortrptkr/SourcePackages/checkouts/stream-chat-swift/Sources/StreamChat/WebSocketClient/BackgroundTaskScheduler.swift /Users/alexmontesino/Library/Developer/Xcode/DerivedData/Gym_API-gttvbppsiybwtpahvrbhortrptkr/SourcePackages/checkouts/stream-chat-swift/Sources/StreamChat/WebSocketClient/ConnectionStatus.swift /Users/alexmontesino/Library/Developer/Xcode/DerivedData/Gym_API-gttvbppsiybwtpahvrbhortrptkr/SourcePackages/checkouts/stream-chat-swift/Sources/StreamChat/WebSocketClient/Engine/URLSessionWebSocketEngine.swift /Users/alexmontesino/Library/Developer/Xcode/DerivedData/Gym_API-gttvbppsiybwtpahvrbhortrptkr/SourcePackages/checkouts/stream-chat-swift/Sources/StreamChat/WebSocketClient/Engine/WebSocketEngine.swift /Users/alexmontesino/Library/Developer/Xcode/DerivedData/Gym_API-gttvbppsiybwtpahvrbhortrptkr/SourcePackages/checkouts/stream-chat-swift/Sources/StreamChat/WebSocketClient/EventMiddlewares/ChannelReadUpdaterMiddleware.swift /Users/alexmontesino/Library/Developer/Xcode/DerivedData/Gym_API-gttvbppsiybwtpahvrbhortrptkr/SourcePackages/checkouts/stream-chat-swift/Sources/StreamChat/WebSocketClient/EventMiddlewares/ChannelTruncatedEventMiddleware.swift /Users/alexmontesino/Library/Developer/Xcode/DerivedData/Gym_API-gttvbppsiybwtpahvrbhortrptkr/SourcePackages/checkouts/stream-chat-swift/Sources/StreamChat/WebSocketClient/EventMiddlewares/ChannelVisibilityEventMiddleware.swift /Users/alexmontesino/Library/Developer/Xcode/DerivedData/Gym_API-gttvbppsiybwtpahvrbhortrptkr/SourcePackages/checkouts/stream-chat-swift/Sources/StreamChat/WebSocketClient/EventMiddlewares/DraftUpdaterMiddleware.swift /Users/alexmontesino/Library/Developer/Xcode/DerivedData/Gym_API-gttvbppsiybwtpahvrbhortrptkr/SourcePackages/checkouts/stream-chat-swift/Sources/StreamChat/WebSocketClient/EventMiddlewares/EventDTOConverterMiddleware.swift /Users/alexmontesino/Library/Developer/Xcode/DerivedData/Gym_API-gttvbppsiybwtpahvrbhortrptkr/SourcePackages/checkouts/stream-chat-swift/Sources/StreamChat/WebSocketClient/EventMiddlewares/EventDataProcessorMiddleware.swift /Users/alexmontesino/Library/Developer/Xcode/DerivedData/Gym_API-gttvbppsiybwtpahvrbhortrptkr/SourcePackages/checkouts/stream-chat-swift/Sources/StreamChat/WebSocketClient/EventMiddlewares/EventMiddleware.swift /Users/alexmontesino/Library/Developer/Xcode/DerivedData/Gym_API-gttvbppsiybwtpahvrbhortrptkr/SourcePackages/checkouts/stream-chat-swift/Sources/StreamChat/WebSocketClient/EventMiddlewares/MemberEventMiddleware.swift /Users/alexmontesino/Library/Developer/Xcode/DerivedData/Gym_API-gttvbppsiybwtpahvrbhortrptkr/SourcePackages/checkouts/stream-chat-swift/Sources/StreamChat/WebSocketClient/EventMiddlewares/ReminderUpdaterMiddleware.swift /Users/alexmontesino/Library/Developer/Xcode/DerivedData/Gym_API-gttvbppsiybwtpahvrbhortrptkr/SourcePackages/checkouts/stream-chat-swift/Sources/StreamChat/WebSocketClient/EventMiddlewares/ThreadUpdaterMiddleware.swift /Users/alexmontesino/Library/Developer/Xcode/DerivedData/Gym_API-gttvbppsiybwtpahvrbhortrptkr/SourcePackages/checkouts/stream-chat-swift/Sources/StreamChat/WebSocketClient/EventMiddlewares/TypingStartCleanupMiddleware.swift /Users/alexmontesino/Library/Developer/Xcode/DerivedData/Gym_API-gttvbppsiybwtpahvrbhortrptkr/SourcePackages/checkouts/stream-chat-swift/Sources/StreamChat/WebSocketClient/EventMiddlewares/UserChannelBanEventsMiddleware.swift /Users/alexmontesino/Library/Developer/Xcode/DerivedData/Gym_API-gttvbppsiybwtpahvrbhortrptkr/SourcePackages/checkouts/stream-chat-swift/Sources/StreamChat/WebSocketClient/EventMiddlewares/UserTypingStateUpdaterMiddleware.swift (in target 'StreamChat' from project 'StreamChat')

SwiftCompile normal arm64 /Users/alexmontesino/Library/Developer/Xcode/DerivedData/Gym_API-gttvbppsiybwtpahvrbhortrptkr/SourcePackages/checkouts/stream-chat-swift/Sources/StreamChat/Utils/ThreadSafeWeakCollection.swift (in target 'StreamChat' from project 'StreamChat')
    cd /Users/alexmontesino/Documents/GYM-API-IOS/Gym_API/Gym_API.xcodeproj
    

SwiftCompile normal arm64 /Users/alexmontesino/Library/Developer/Xcode/DerivedData/Gym_API-gttvbppsiybwtpahvrbhortrptkr/SourcePackages/checkouts/stream-chat-swift/Sources/StreamChat/Utils/Throttler.swift (in target 'StreamChat' from project 'StreamChat')
    cd /Users/alexmontesino/Documents/GYM-API-IOS/Gym_API/Gym_API.xcodeproj
    

SwiftCompile normal arm64 /Users/alexmontesino/Library/Developer/Xcode/DerivedData/Gym_API-gttvbppsiybwtpahvrbhortrptkr/SourcePackages/checkouts/stream-chat-swift/Sources/StreamChat/Utils/Timers.swift (in target 'StreamChat' from project 'StreamChat')
    cd /Users/alexmontesino/Documents/GYM-API-IOS/Gym_API/Gym_API.xcodeproj
    

SwiftCompile normal arm64 /Users/alexmontesino/Library/Developer/Xcode/DerivedData/Gym_API-gttvbppsiybwtpahvrbhortrptkr/SourcePackages/checkouts/stream-chat-swift/Sources/StreamChat/Utils/TranslationLanguage.swift (in target 'StreamChat' from project 'StreamChat')
    cd /Users/alexmontesino/Documents/GYM-API-IOS/Gym_API/Gym_API.xcodeproj
    

SwiftCompile normal arm64 /Users/alexmontesino/Library/Developer/Xcode/DerivedData/Gym_API-gttvbppsiybwtpahvrbhortrptkr/SourcePackages/checkouts/stream-chat-swift/Sources/StreamChat/Utils/UniqueId.swift (in target 'StreamChat' from project 'StreamChat')
    cd /Users/alexmontesino/Documents/GYM-API-IOS/Gym_API/Gym_API.xcodeproj
    

SwiftCompile normal arm64 /Users/alexmontesino/Library/Developer/Xcode/DerivedData/Gym_API-gttvbppsiybwtpahvrbhortrptkr/SourcePackages/checkouts/stream-chat-swift/Sources/StreamChat/Utils/UnreadMessageLookup.swift (in target 'StreamChat' from project 'StreamChat')
    cd /Users/alexmontesino/Documents/GYM-API-IOS/Gym_API/Gym_API.xcodeproj
    

SwiftCompile normal arm64 /Users/alexmontesino/Library/Developer/Xcode/DerivedData/Gym_API-gttvbppsiybwtpahvrbhortrptkr/SourcePackages/checkouts/stream-chat-swift/Sources/StreamChat/WebSocketClient/BackgroundTaskScheduler.swift (in target 'StreamChat' from project 'StreamChat')
    cd /Users/alexmontesino/Documents/GYM-API-IOS/Gym_API/Gym_API.xcodeproj
    

SwiftCompile normal arm64 /Users/alexmontesino/Library/Developer/Xcode/DerivedData/Gym_API-gttvbppsiybwtpahvrbhortrptkr/SourcePackages/checkouts/stream-chat-swift/Sources/StreamChat/WebSocketClient/ConnectionStatus.swift (in target 'StreamChat' from project 'StreamChat')
    cd /Users/alexmontesino/Documents/GYM-API-IOS/Gym_API/Gym_API.xcodeproj
    

SwiftCompile normal arm64 /Users/alexmontesino/Library/Developer/Xcode/DerivedData/Gym_API-gttvbppsiybwtpahvrbhortrptkr/SourcePackages/checkouts/stream-chat-swift/Sources/StreamChat/WebSocketClient/Engine/URLSessionWebSocketEngine.swift (in target 'StreamChat' from project 'StreamChat')
    cd /Users/alexmontesino/Documents/GYM-API-IOS/Gym_API/Gym_API.xcodeproj
    

SwiftCompile normal arm64 /Users/alexmontesino/Library/Developer/Xcode/DerivedData/Gym_API-gttvbppsiybwtpahvrbhortrptkr/SourcePackages/checkouts/stream-chat-swift/Sources/StreamChat/WebSocketClient/Engine/WebSocketEngine.swift (in target 'StreamChat' from project 'StreamChat')
    cd /Users/alexmontesino/Documents/GYM-API-IOS/Gym_API/Gym_API.xcodeproj
    

SwiftCompile normal arm64 /Users/alexmontesino/Library/Developer/Xcode/DerivedData/Gym_API-gttvbppsiybwtpahvrbhortrptkr/SourcePackages/checkouts/stream-chat-swift/Sources/StreamChat/WebSocketClient/EventMiddlewares/ChannelReadUpdaterMiddleware.swift (in target 'StreamChat' from project 'StreamChat')
    cd /Users/alexmontesino/Documents/GYM-API-IOS/Gym_API/Gym_API.xcodeproj
    

SwiftCompile normal arm64 /Users/alexmontesino/Library/Developer/Xcode/DerivedData/Gym_API-gttvbppsiybwtpahvrbhortrptkr/SourcePackages/checkouts/stream-chat-swift/Sources/StreamChat/WebSocketClient/EventMiddlewares/ChannelTruncatedEventMiddleware.swift (in target 'StreamChat' from project 'StreamChat')
    cd /Users/alexmontesino/Documents/GYM-API-IOS/Gym_API/Gym_API.xcodeproj
    

SwiftCompile normal arm64 /Users/alexmontesino/Library/Developer/Xcode/DerivedData/Gym_API-gttvbppsiybwtpahvrbhortrptkr/SourcePackages/checkouts/stream-chat-swift/Sources/StreamChat/WebSocketClient/EventMiddlewares/ChannelVisibilityEventMiddleware.swift (in target 'StreamChat' from project 'StreamChat')
    cd /Users/alexmontesino/Documents/GYM-API-IOS/Gym_API/Gym_API.xcodeproj
    

SwiftCompile normal arm64 /Users/alexmontesino/Library/Developer/Xcode/DerivedData/Gym_API-gttvbppsiybwtpahvrbhortrptkr/SourcePackages/checkouts/stream-chat-swift/Sources/StreamChat/WebSocketClient/EventMiddlewares/DraftUpdaterMiddleware.swift (in target 'StreamChat' from project 'StreamChat')
    cd /Users/alexmontesino/Documents/GYM-API-IOS/Gym_API/Gym_API.xcodeproj
    

SwiftCompile normal arm64 /Users/alexmontesino/Library/Developer/Xcode/DerivedData/Gym_API-gttvbppsiybwtpahvrbhortrptkr/SourcePackages/checkouts/stream-chat-swift/Sources/StreamChat/WebSocketClient/EventMiddlewares/EventDTOConverterMiddleware.swift (in target 'StreamChat' from project 'StreamChat')
    cd /Users/alexmontesino/Documents/GYM-API-IOS/Gym_API/Gym_API.xcodeproj
    

SwiftCompile normal arm64 /Users/alexmontesino/Library/Developer/Xcode/DerivedData/Gym_API-gttvbppsiybwtpahvrbhortrptkr/SourcePackages/checkouts/stream-chat-swift/Sources/StreamChat/WebSocketClient/EventMiddlewares/EventDataProcessorMiddleware.swift (in target 'StreamChat' from project 'StreamChat')
    cd /Users/alexmontesino/Documents/GYM-API-IOS/Gym_API/Gym_API.xcodeproj
    

SwiftCompile normal arm64 /Users/alexmontesino/Library/Developer/Xcode/DerivedData/Gym_API-gttvbppsiybwtpahvrbhortrptkr/SourcePackages/checkouts/stream-chat-swift/Sources/StreamChat/WebSocketClient/EventMiddlewares/EventMiddleware.swift (in target 'StreamChat' from project 'StreamChat')
    cd /Users/alexmontesino/Documents/GYM-API-IOS/Gym_API/Gym_API.xcodeproj
    

SwiftCompile normal arm64 /Users/alexmontesino/Library/Developer/Xcode/DerivedData/Gym_API-gttvbppsiybwtpahvrbhortrptkr/SourcePackages/checkouts/stream-chat-swift/Sources/StreamChat/WebSocketClient/EventMiddlewares/MemberEventMiddleware.swift (in target 'StreamChat' from project 'StreamChat')
    cd /Users/alexmontesino/Documents/GYM-API-IOS/Gym_API/Gym_API.xcodeproj
    

SwiftCompile normal arm64 /Users/alexmontesino/Library/Developer/Xcode/DerivedData/Gym_API-gttvbppsiybwtpahvrbhortrptkr/SourcePackages/checkouts/stream-chat-swift/Sources/StreamChat/WebSocketClient/EventMiddlewares/ReminderUpdaterMiddleware.swift (in target 'StreamChat' from project 'StreamChat')
    cd /Users/alexmontesino/Documents/GYM-API-IOS/Gym_API/Gym_API.xcodeproj
    

SwiftCompile normal arm64 /Users/alexmontesino/Library/Developer/Xcode/DerivedData/Gym_API-gttvbppsiybwtpahvrbhortrptkr/SourcePackages/checkouts/stream-chat-swift/Sources/StreamChat/WebSocketClient/EventMiddlewares/ThreadUpdaterMiddleware.swift (in target 'StreamChat' from project 'StreamChat')
    cd /Users/alexmontesino/Documents/GYM-API-IOS/Gym_API/Gym_API.xcodeproj
    

SwiftCompile normal arm64 /Users/alexmontesino/Library/Developer/Xcode/DerivedData/Gym_API-gttvbppsiybwtpahvrbhortrptkr/SourcePackages/checkouts/stream-chat-swift/Sources/StreamChat/WebSocketClient/EventMiddlewares/TypingStartCleanupMiddleware.swift (in target 'StreamChat' from project 'StreamChat')
    cd /Users/alexmontesino/Documents/GYM-API-IOS/Gym_API/Gym_API.xcodeproj
    

SwiftCompile normal arm64 /Users/alexmontesino/Library/Developer/Xcode/DerivedData/Gym_API-gttvbppsiybwtpahvrbhortrptkr/SourcePackages/checkouts/stream-chat-swift/Sources/StreamChat/WebSocketClient/EventMiddlewares/UserChannelBanEventsMiddleware.swift (in target 'StreamChat' from project 'StreamChat')
    cd /Users/alexmontesino/Documents/GYM-API-IOS/Gym_API/Gym_API.xcodeproj
    

SwiftCompile normal arm64 /Users/alexmontesino/Library/Developer/Xcode/DerivedData/Gym_API-gttvbppsiybwtpahvrbhortrptkr/SourcePackages/checkouts/stream-chat-swift/Sources/StreamChat/WebSocketClient/EventMiddlewares/UserTypingStateUpdaterMiddleware.swift (in target 'StreamChat' from project 'StreamChat')
    cd /Users/alexmontesino/Documents/GYM-API-IOS/Gym_API/Gym_API.xcodeproj
    

SwiftDriverJobDiscovery normal arm64 Compiling ReactionListController.swift, MessageSearchController+Combine.swift, MessageSearchController+SwiftUI.swift, MessageSearchController.swift, UserSearchController.swift, ChatClient+ThreadListController.swift, ThreadListController+Combine.swift, ThreadListController+SwiftUI.swift, ThreadListController.swift, UserController+Combine.swift, UserController+SwiftUI.swift, UserController.swift, UserListController+Combine.swift, UserListController+SwiftUI.swift, UserListController.swift, AttachmentDTO.swift, ChannelConfigDTO.swift, ChannelDTO.swift, ChannelListQueryDTO.swift, ChannelMemberListQueryDTO.swift, ChannelMuteDTO.swift, ChannelReadDTO.swift, CommandDTO.swift, CurrentUserDTO.swift (in target 'StreamChat' from project 'StreamChat')

SwiftCompile normal arm64 Compiling\ UserUpdateMiddleware.swift,\ UserWatchingEventMiddleware.swift,\ AITypingEvents.swift,\ ChannelEvents.swift,\ ConnectionEvents.swift,\ DraftEvents.swift,\ Event.swift,\ EventDecoder.swift,\ EventPayload.swift,\ EventType.swift,\ MemberEvents.swift,\ MessageEvents.swift,\ NotificationEvents.swift,\ PollsEvents.swift,\ ReactionEvents.swift,\ ReminderEvents.swift,\ ThreadEvents.swift,\ TypingEvent.swift,\ UserEvents.swift,\ RetryStrategy.swift,\ WebSocketClient.swift,\ WebSocketConnectPayload.swift,\ WebSocketPingController.swift /Users/alexmontesino/Library/Developer/Xcode/DerivedData/Gym_API-gttvbppsiybwtpahvrbhortrptkr/SourcePackages/checkouts/stream-chat-swift/Sources/StreamChat/WebSocketClient/EventMiddlewares/UserUpdateMiddleware.swift /Users/alexmontesino/Library/Developer/Xcode/DerivedData/Gym_API-gttvbppsiybwtpahvrbhortrptkr/SourcePackages/checkouts/stream-chat-swift/Sources/StreamChat/WebSocketClient/EventMiddlewares/UserWatchingEventMiddleware.swift /Users/alexmontesino/Library/Developer/Xcode/DerivedData/Gym_API-gttvbppsiybwtpahvrbhortrptkr/SourcePackages/checkouts/stream-chat-swift/Sources/StreamChat/WebSocketClient/Events/AITypingEvents.swift /Users/alexmontesino/Library/Developer/Xcode/DerivedData/Gym_API-gttvbppsiybwtpahvrbhortrptkr/SourcePackages/checkouts/stream-chat-swift/Sources/StreamChat/WebSocketClient/Events/ChannelEvents.swift /Users/alexmontesino/Library/Developer/Xcode/DerivedData/Gym_API-gttvbppsiybwtpahvrbhortrptkr/SourcePackages/checkouts/stream-chat-swift/Sources/StreamChat/WebSocketClient/Events/ConnectionEvents.swift /Users/alexmontesino/Library/Developer/Xcode/DerivedData/Gym_API-gttvbppsiybwtpahvrbhortrptkr/SourcePackages/checkouts/stream-chat-swift/Sources/StreamChat/WebSocketClient/Events/DraftEvents.swift /Users/alexmontesino/Library/Developer/Xcode/DerivedData/Gym_API-gttvbppsiybwtpahvrbhortrptkr/SourcePackages/checkouts/stream-chat-swift/Sources/StreamChat/WebSocketClient/Events/Event.swift /Users/alexmontesino/Library/Developer/Xcode/DerivedData/Gym_API-gttvbppsiybwtpahvrbhortrptkr/SourcePackages/checkouts/stream-chat-swift/Sources/StreamChat/WebSocketClient/Events/EventDecoder.swift /Users/alexmontesino/Library/Developer/Xcode/DerivedData/Gym_API-gttvbppsiybwtpahvrbhortrptkr/SourcePackages/checkouts/stream-chat-swift/Sources/StreamChat/WebSocketClient/Events/EventPayload.swift /Users/alexmontesino/Library/Developer/Xcode/DerivedData/Gym_API-gttvbppsiybwtpahvrbhortrptkr/SourcePackages/checkouts/stream-chat-swift/Sources/StreamChat/WebSocketClient/Events/EventType.swift /Users/alexmontesino/Library/Developer/Xcode/DerivedData/Gym_API-gttvbppsiybwtpahvrbhortrptkr/SourcePackages/checkouts/stream-chat-swift/Sources/StreamChat/WebSocketClient/Events/MemberEvents.swift /Users/alexmontesino/Library/Developer/Xcode/DerivedData/Gym_API-gttvbppsiybwtpahvrbhortrptkr/SourcePackages/checkouts/stream-chat-swift/Sources/StreamChat/WebSocketClient/Events/MessageEvents.swift /Users/alexmontesino/Library/Developer/Xcode/DerivedData/Gym_API-gttvbppsiybwtpahvrbhortrptkr/SourcePackages/checkouts/stream-chat-swift/Sources/StreamChat/WebSocketClient/Events/NotificationEvents.swift /Users/alexmontesino/Library/Developer/Xcode/DerivedData/Gym_API-gttvbppsiybwtpahvrbhortrptkr/SourcePackages/checkouts/stream-chat-swift/Sources/StreamChat/WebSocketClient/Events/PollsEvents.swift /Users/alexmontesino/Library/Developer/Xcode/DerivedData/Gym_API-gttvbppsiybwtpahvrbhortrptkr/SourcePackages/checkouts/stream-chat-swift/Sources/StreamChat/WebSocketClient/Events/ReactionEvents.swift /Users/alexmontesino/Library/Developer/Xcode/DerivedData/Gym_API-gttvbppsiybwtpahvrbhortrptkr/SourcePackages/checkouts/stream-chat-swift/Sources/StreamChat/WebSocketClient/Events/ReminderEvents.swift /Users/alexmontesino/Library/Developer/Xcode/DerivedData/Gym_API-gttvbppsiybwtpahvrbhortrptkr/SourcePackages/checkouts/stream-chat-swift/Sources/StreamChat/WebSocketClient/Events/ThreadEvents.swift /Users/alexmontesino/Library/Developer/Xcode/DerivedData/Gym_API-gttvbppsiybwtpahvrbhortrptkr/SourcePackages/checkouts/stream-chat-swift/Sources/StreamChat/WebSocketClient/Events/TypingEvent.swift /Users/alexmontesino/Library/Developer/Xcode/DerivedData/Gym_API-gttvbppsiybwtpahvrbhortrptkr/SourcePackages/checkouts/stream-chat-swift/Sources/StreamChat/WebSocketClient/Events/UserEvents.swift /Users/alexmontesino/Library/Developer/Xcode/DerivedData/Gym_API-gttvbppsiybwtpahvrbhortrptkr/SourcePackages/checkouts/stream-chat-swift/Sources/StreamChat/WebSocketClient/RetryStrategy.swift /Users/alexmontesino/Library/Developer/Xcode/DerivedData/Gym_API-gttvbppsiybwtpahvrbhortrptkr/SourcePackages/checkouts/stream-chat-swift/Sources/StreamChat/WebSocketClient/WebSocketClient.swift /Users/alexmontesino/Library/Developer/Xcode/DerivedData/Gym_API-gttvbppsiybwtpahvrbhortrptkr/SourcePackages/checkouts/stream-chat-swift/Sources/StreamChat/WebSocketClient/WebSocketConnectPayload.swift /Users/alexmontesino/Library/Developer/Xcode/DerivedData/Gym_API-gttvbppsiybwtpahvrbhortrptkr/SourcePackages/checkouts/stream-chat-swift/Sources/StreamChat/WebSocketClient/WebSocketPingController.swift (in target 'StreamChat' from project 'StreamChat')

SwiftCompile normal arm64 /Users/alexmontesino/Library/Developer/Xcode/DerivedData/Gym_API-gttvbppsiybwtpahvrbhortrptkr/SourcePackages/checkouts/stream-chat-swift/Sources/StreamChat/WebSocketClient/EventMiddlewares/UserUpdateMiddleware.swift (in target 'StreamChat' from project 'StreamChat')
    cd /Users/alexmontesino/Documents/GYM-API-IOS/Gym_API/Gym_API.xcodeproj
    

SwiftCompile normal arm64 /Users/alexmontesino/Library/Developer/Xcode/DerivedData/Gym_API-gttvbppsiybwtpahvrbhortrptkr/SourcePackages/checkouts/stream-chat-swift/Sources/StreamChat/WebSocketClient/EventMiddlewares/UserWatchingEventMiddleware.swift (in target 'StreamChat' from project 'StreamChat')
    cd /Users/alexmontesino/Documents/GYM-API-IOS/Gym_API/Gym_API.xcodeproj
    

SwiftCompile normal arm64 /Users/alexmontesino/Library/Developer/Xcode/DerivedData/Gym_API-gttvbppsiybwtpahvrbhortrptkr/SourcePackages/checkouts/stream-chat-swift/Sources/StreamChat/WebSocketClient/Events/AITypingEvents.swift (in target 'StreamChat' from project 'StreamChat')
    cd /Users/alexmontesino/Documents/GYM-API-IOS/Gym_API/Gym_API.xcodeproj
    

SwiftCompile normal arm64 /Users/alexmontesino/Library/Developer/Xcode/DerivedData/Gym_API-gttvbppsiybwtpahvrbhortrptkr/SourcePackages/checkouts/stream-chat-swift/Sources/StreamChat/WebSocketClient/Events/ChannelEvents.swift (in target 'StreamChat' from project 'StreamChat')
    cd /Users/alexmontesino/Documents/GYM-API-IOS/Gym_API/Gym_API.xcodeproj
    

SwiftCompile normal arm64 /Users/alexmontesino/Library/Developer/Xcode/DerivedData/Gym_API-gttvbppsiybwtpahvrbhortrptkr/SourcePackages/checkouts/stream-chat-swift/Sources/StreamChat/WebSocketClient/Events/ConnectionEvents.swift (in target 'StreamChat' from project 'StreamChat')
    cd /Users/alexmontesino/Documents/GYM-API-IOS/Gym_API/Gym_API.xcodeproj
    

SwiftCompile normal arm64 /Users/alexmontesino/Library/Developer/Xcode/DerivedData/Gym_API-gttvbppsiybwtpahvrbhortrptkr/SourcePackages/checkouts/stream-chat-swift/Sources/StreamChat/WebSocketClient/Events/DraftEvents.swift (in target 'StreamChat' from project 'StreamChat')
    cd /Users/alexmontesino/Documents/GYM-API-IOS/Gym_API/Gym_API.xcodeproj
    

SwiftCompile normal arm64 /Users/alexmontesino/Library/Developer/Xcode/DerivedData/Gym_API-gttvbppsiybwtpahvrbhortrptkr/SourcePackages/checkouts/stream-chat-swift/Sources/StreamChat/WebSocketClient/Events/Event.swift (in target 'StreamChat' from project 'StreamChat')
    cd /Users/alexmontesino/Documents/GYM-API-IOS/Gym_API/Gym_API.xcodeproj
    

SwiftCompile normal arm64 /Users/alexmontesino/Library/Developer/Xcode/DerivedData/Gym_API-gttvbppsiybwtpahvrbhortrptkr/SourcePackages/checkouts/stream-chat-swift/Sources/StreamChat/WebSocketClient/Events/EventDecoder.swift (in target 'StreamChat' from project 'StreamChat')
    cd /Users/alexmontesino/Documents/GYM-API-IOS/Gym_API/Gym_API.xcodeproj
    

SwiftCompile normal arm64 /Users/alexmontesino/Library/Developer/Xcode/DerivedData/Gym_API-gttvbppsiybwtpahvrbhortrptkr/SourcePackages/checkouts/stream-chat-swift/Sources/StreamChat/WebSocketClient/Events/EventPayload.swift (in target 'StreamChat' from project 'StreamChat')
    cd /Users/alexmontesino/Documents/GYM-API-IOS/Gym_API/Gym_API.xcodeproj
    

SwiftCompile normal arm64 /Users/alexmontesino/Library/Developer/Xcode/DerivedData/Gym_API-gttvbppsiybwtpahvrbhortrptkr/SourcePackages/checkouts/stream-chat-swift/Sources/StreamChat/WebSocketClient/Events/EventType.swift (in target 'StreamChat' from project 'StreamChat')
    cd /Users/alexmontesino/Documents/GYM-API-IOS/Gym_API/Gym_API.xcodeproj
    

SwiftCompile normal arm64 /Users/alexmontesino/Library/Developer/Xcode/DerivedData/Gym_API-gttvbppsiybwtpahvrbhortrptkr/SourcePackages/checkouts/stream-chat-swift/Sources/StreamChat/WebSocketClient/Events/MemberEvents.swift (in target 'StreamChat' from project 'StreamChat')
    cd /Users/alexmontesino/Documents/GYM-API-IOS/Gym_API/Gym_API.xcodeproj
    

SwiftCompile normal arm64 /Users/alexmontesino/Library/Developer/Xcode/DerivedData/Gym_API-gttvbppsiybwtpahvrbhortrptkr/SourcePackages/checkouts/stream-chat-swift/Sources/StreamChat/WebSocketClient/Events/MessageEvents.swift (in target 'StreamChat' from project 'StreamChat')
    cd /Users/alexmontesino/Documents/GYM-API-IOS/Gym_API/Gym_API.xcodeproj
    

SwiftCompile normal arm64 /Users/alexmontesino/Library/Developer/Xcode/DerivedData/Gym_API-gttvbppsiybwtpahvrbhortrptkr/SourcePackages/checkouts/stream-chat-swift/Sources/StreamChat/WebSocketClient/Events/NotificationEvents.swift (in target 'StreamChat' from project 'StreamChat')
    cd /Users/alexmontesino/Documents/GYM-API-IOS/Gym_API/Gym_API.xcodeproj
    

SwiftCompile normal arm64 /Users/alexmontesino/Library/Developer/Xcode/DerivedData/Gym_API-gttvbppsiybwtpahvrbhortrptkr/SourcePackages/checkouts/stream-chat-swift/Sources/StreamChat/WebSocketClient/Events/PollsEvents.swift (in target 'StreamChat' from project 'StreamChat')
    cd /Users/alexmontesino/Documents/GYM-API-IOS/Gym_API/Gym_API.xcodeproj
    

SwiftCompile normal arm64 /Users/alexmontesino/Library/Developer/Xcode/DerivedData/Gym_API-gttvbppsiybwtpahvrbhortrptkr/SourcePackages/checkouts/stream-chat-swift/Sources/StreamChat/WebSocketClient/Events/ReactionEvents.swift (in target 'StreamChat' from project 'StreamChat')
    cd /Users/alexmontesino/Documents/GYM-API-IOS/Gym_API/Gym_API.xcodeproj
    

SwiftCompile normal arm64 /Users/alexmontesino/Library/Developer/Xcode/DerivedData/Gym_API-gttvbppsiybwtpahvrbhortrptkr/SourcePackages/checkouts/stream-chat-swift/Sources/StreamChat/WebSocketClient/Events/ReminderEvents.swift (in target 'StreamChat' from project 'StreamChat')
    cd /Users/alexmontesino/Documents/GYM-API-IOS/Gym_API/Gym_API.xcodeproj
    

SwiftCompile normal arm64 /Users/alexmontesino/Library/Developer/Xcode/DerivedData/Gym_API-gttvbppsiybwtpahvrbhortrptkr/SourcePackages/checkouts/stream-chat-swift/Sources/StreamChat/WebSocketClient/Events/ThreadEvents.swift (in target 'StreamChat' from project 'StreamChat')
    cd /Users/alexmontesino/Documents/GYM-API-IOS/Gym_API/Gym_API.xcodeproj
    

SwiftCompile normal arm64 /Users/alexmontesino/Library/Developer/Xcode/DerivedData/Gym_API-gttvbppsiybwtpahvrbhortrptkr/SourcePackages/checkouts/stream-chat-swift/Sources/StreamChat/WebSocketClient/Events/TypingEvent.swift (in target 'StreamChat' from project 'StreamChat')
    cd /Users/alexmontesino/Documents/GYM-API-IOS/Gym_API/Gym_API.xcodeproj
    

SwiftCompile normal arm64 /Users/alexmontesino/Library/Developer/Xcode/DerivedData/Gym_API-gttvbppsiybwtpahvrbhortrptkr/SourcePackages/checkouts/stream-chat-swift/Sources/StreamChat/WebSocketClient/Events/UserEvents.swift (in target 'StreamChat' from project 'StreamChat')
    cd /Users/alexmontesino/Documents/GYM-API-IOS/Gym_API/Gym_API.xcodeproj
    

SwiftCompile normal arm64 /Users/alexmontesino/Library/Developer/Xcode/DerivedData/Gym_API-gttvbppsiybwtpahvrbhortrptkr/SourcePackages/checkouts/stream-chat-swift/Sources/StreamChat/WebSocketClient/RetryStrategy.swift (in target 'StreamChat' from project 'StreamChat')
    cd /Users/alexmontesino/Documents/GYM-API-IOS/Gym_API/Gym_API.xcodeproj
    

SwiftCompile normal arm64 /Users/alexmontesino/Library/Developer/Xcode/DerivedData/Gym_API-gttvbppsiybwtpahvrbhortrptkr/SourcePackages/checkouts/stream-chat-swift/Sources/StreamChat/WebSocketClient/WebSocketClient.swift (in target 'StreamChat' from project 'StreamChat')
    cd /Users/alexmontesino/Documents/GYM-API-IOS/Gym_API/Gym_API.xcodeproj
    

SwiftCompile normal arm64 /Users/alexmontesino/Library/Developer/Xcode/DerivedData/Gym_API-gttvbppsiybwtpahvrbhortrptkr/SourcePackages/checkouts/stream-chat-swift/Sources/StreamChat/WebSocketClient/WebSocketConnectPayload.swift (in target 'StreamChat' from project 'StreamChat')
    cd /Users/alexmontesino/Documents/GYM-API-IOS/Gym_API/Gym_API.xcodeproj
    

SwiftCompile normal arm64 /Users/alexmontesino/Library/Developer/Xcode/DerivedData/Gym_API-gttvbppsiybwtpahvrbhortrptkr/SourcePackages/checkouts/stream-chat-swift/Sources/StreamChat/WebSocketClient/WebSocketPingController.swift (in target 'StreamChat' from project 'StreamChat')
    cd /Users/alexmontesino/Documents/GYM-API-IOS/Gym_API/Gym_API.xcodeproj
    

SwiftDriverJobDiscovery normal arm64 Compiling DatabaseContainer.swift, DatabaseSession.swift, Deprecations.swift, ClientError.swift, ErrorPayload.swift, Collection+Extensions.swift, KeyPath+Extensions.swift, Task+Extensions.swift, URL+EnrichedURL.swift, URLRequest+cURL.swift, SystemEnvironment+Version.swift, AppSettings.swift, AnyAttachmentPayload.swift, AnyAttachmentUpdater.swift, AttachmentId.swift, AttachmentTypes.swift, ChatMessageAttachment.swift, ChatMessageAudioAttachment.swift, ChatMessageFileAttachment.swift, ChatMessageGiphyAttachment.swift, ChatMessageImageAttachment.swift, ChatMessageLinkAttachment.swift, ChatMessageVideoAttachment.swift, ChatMessageVoiceRecordingAttachment.swift (in target 'StreamChat' from project 'StreamChat')

SwiftCompile normal arm64 Compiling\ DBDate.swift,\ DeviceDTO.swift,\ EphemeralValuesContainer.swift,\ MemberModelDTO.swift,\ MessageDTO.swift,\ MessageModerationDetailsDTO.swift,\ MessageReactionDTO.swift,\ MessageReactionGroupDTO.swift,\ MessageReminderDTO.swift,\ MessageSearchQueryDTO.swift,\ NSManagedObject+Validation.swift,\ PollDTO.swift,\ PollOptionDTO.swift,\ PollVoteDTO.swift,\ PollVoteListQueryDTO.swift,\ QueuedRequestDTO.swift,\ ReactionListQueryDTO.swift,\ SharedLocationDTO.swift,\ ThreadDTO.swift,\ ThreadParticipantDTO.swift,\ ThreadReadDTO.swift,\ UserDTO.swift,\ UserListQueryDTO.swift,\ DataStore.swift /Users/alexmontesino/Library/Developer/Xcode/DerivedData/Gym_API-gttvbppsiybwtpahvrbhortrptkr/SourcePackages/checkouts/stream-chat-swift/Sources/StreamChat/Database/DTOs/DBDate.swift /Users/alexmontesino/Library/Developer/Xcode/DerivedData/Gym_API-gttvbppsiybwtpahvrbhortrptkr/SourcePackages/checkouts/stream-chat-swift/Sources/StreamChat/Database/DTOs/DeviceDTO.swift /Users/alexmontesino/Library/Developer/Xcode/DerivedData/Gym_API-gttvbppsiybwtpahvrbhortrptkr/SourcePackages/checkouts/stream-chat-swift/Sources/StreamChat/Database/DTOs/EphemeralValuesContainer.swift /Users/alexmontesino/Library/Developer/Xcode/DerivedData/Gym_API-gttvbppsiybwtpahvrbhortrptkr/SourcePackages/checkouts/stream-chat-swift/Sources/StreamChat/Database/DTOs/MemberModelDTO.swift /Users/alexmontesino/Library/Developer/Xcode/DerivedData/Gym_API-gttvbppsiybwtpahvrbhortrptkr/SourcePackages/checkouts/stream-chat-swift/Sources/StreamChat/Database/DTOs/MessageDTO.swift /Users/alexmontesino/Library/Developer/Xcode/DerivedData/Gym_API-gttvbppsiybwtpahvrbhortrptkr/SourcePackages/checkouts/stream-chat-swift/Sources/StreamChat/Database/DTOs/MessageModerationDetailsDTO.swift /Users/alexmontesino/Library/Developer/Xcode/DerivedData/Gym_API-gttvbppsiybwtpahvrbhortrptkr/SourcePackages/checkouts/stream-chat-swift/Sources/StreamChat/Database/DTOs/MessageReactionDTO.swift /Users/alexmontesino/Library/Developer/Xcode/DerivedData/Gym_API-gttvbppsiybwtpahvrbhortrptkr/SourcePackages/checkouts/stream-chat-swift/Sources/StreamChat/Database/DTOs/MessageReactionGroupDTO.swift /Users/alexmontesino/Library/Developer/Xcode/DerivedData/Gym_API-gttvbppsiybwtpahvrbhortrptkr/SourcePackages/checkouts/stream-chat-swift/Sources/StreamChat/Database/DTOs/MessageReminderDTO.swift /Users/alexmontesino/Library/Developer/Xcode/DerivedData/Gym_API-gttvbppsiybwtpahvrbhortrptkr/SourcePackages/checkouts/stream-chat-swift/Sources/StreamChat/Database/DTOs/MessageSearchQueryDTO.swift /Users/alexmontesino/Library/Developer/Xcode/DerivedData/Gym_API-gttvbppsiybwtpahvrbhortrptkr/SourcePackages/checkouts/stream-chat-swift/Sources/StreamChat/Database/DTOs/NSManagedObject+Validation.swift /Users/alexmontesino/Library/Developer/Xcode/DerivedData/Gym_API-gttvbppsiybwtpahvrbhortrptkr/SourcePackages/checkouts/stream-chat-swift/Sources/StreamChat/Database/DTOs/PollDTO.swift /Users/alexmontesino/Library/Developer/Xcode/DerivedData/Gym_API-gttvbppsiybwtpahvrbhortrptkr/SourcePackages/checkouts/stream-chat-swift/Sources/StreamChat/Database/DTOs/PollOptionDTO.swift /Users/alexmontesino/Library/Developer/Xcode/DerivedData/Gym_API-gttvbppsiybwtpahvrbhortrptkr/SourcePackages/checkouts/stream-chat-swift/Sources/StreamChat/Database/DTOs/PollVoteDTO.swift /Users/alexmontesino/Library/Developer/Xcode/DerivedData/Gym_API-gttvbppsiybwtpahvrbhortrptkr/SourcePackages/checkouts/stream-chat-swift/Sources/StreamChat/Database/DTOs/PollVoteListQueryDTO.swift /Users/alexmontesino/Library/Developer/Xcode/DerivedData/Gym_API-gttvbppsiybwtpahvrbhortrptkr/SourcePackages/checkouts/stream-chat-swift/Sources/StreamChat/Database/DTOs/QueuedRequestDTO.swift /Users/alexmontesino/Library/Developer/Xcode/DerivedData/Gym_API-gttvbppsiybwtpahvrbhortrptkr/SourcePackages/checkouts/stream-chat-swift/Sources/StreamChat/Database/DTOs/ReactionListQueryDTO.swift /Users/alexmontesino/Library/Developer/Xcode/DerivedData/Gym_API-gttvbppsiybwtpahvrbhortrptkr/SourcePackages/checkouts/stream-chat-swift/Sources/StreamChat/Database/DTOs/SharedLocationDTO.swift /Users/alexmontesino/Library/Developer/Xcode/DerivedData/Gym_API-gttvbppsiybwtpahvrbhortrptkr/SourcePackages/checkouts/stream-chat-swift/Sources/StreamChat/Database/DTOs/ThreadDTO.swift /Users/alexmontesino/Library/Developer/Xcode/DerivedData/Gym_API-gttvbppsiybwtpahvrbhortrptkr/SourcePackages/checkouts/stream-chat-swift/Sources/StreamChat/Database/DTOs/ThreadParticipantDTO.swift /Users/alexmontesino/Library/Developer/Xcode/DerivedData/Gym_API-gttvbppsiybwtpahvrbhortrptkr/SourcePackages/checkouts/stream-chat-swift/Sources/StreamChat/Database/DTOs/ThreadReadDTO.swift /Users/alexmontesino/Library/Developer/Xcode/DerivedData/Gym_API-gttvbppsiybwtpahvrbhortrptkr/SourcePackages/checkouts/stream-chat-swift/Sources/StreamChat/Database/DTOs/UserDTO.swift /Users/alexmontesino/Library/Developer/Xcode/DerivedData/Gym_API-gttvbppsiybwtpahvrbhortrptkr/SourcePackages/checkouts/stream-chat-swift/Sources/StreamChat/Database/DTOs/UserListQueryDTO.swift /Users/alexmontesino/Library/Developer/Xcode/DerivedData/Gym_API-gttvbppsiybwtpahvrbhortrptkr/SourcePackages/checkouts/stream-chat-swift/Sources/StreamChat/Database/DataStore.swift (in target 'StreamChat' from project 'StreamChat')

SwiftCompile normal arm64 /Users/alexmontesino/Library/Developer/Xcode/DerivedData/Gym_API-gttvbppsiybwtpahvrbhortrptkr/SourcePackages/checkouts/stream-chat-swift/Sources/StreamChat/Database/DTOs/DBDate.swift (in target 'StreamChat' from project 'StreamChat')
    cd /Users/alexmontesino/Documents/GYM-API-IOS/Gym_API/Gym_API.xcodeproj
    

SwiftCompile normal arm64 /Users/alexmontesino/Library/Developer/Xcode/DerivedData/Gym_API-gttvbppsiybwtpahvrbhortrptkr/SourcePackages/checkouts/stream-chat-swift/Sources/StreamChat/Database/DTOs/DeviceDTO.swift (in target 'StreamChat' from project 'StreamChat')
    cd /Users/alexmontesino/Documents/GYM-API-IOS/Gym_API/Gym_API.xcodeproj
    

SwiftCompile normal arm64 /Users/alexmontesino/Library/Developer/Xcode/DerivedData/Gym_API-gttvbppsiybwtpahvrbhortrptkr/SourcePackages/checkouts/stream-chat-swift/Sources/StreamChat/Database/DTOs/EphemeralValuesContainer.swift (in target 'StreamChat' from project 'StreamChat')
    cd /Users/alexmontesino/Documents/GYM-API-IOS/Gym_API/Gym_API.xcodeproj
    

SwiftCompile normal arm64 /Users/alexmontesino/Library/Developer/Xcode/DerivedData/Gym_API-gttvbppsiybwtpahvrbhortrptkr/SourcePackages/checkouts/stream-chat-swift/Sources/StreamChat/Database/DTOs/MemberModelDTO.swift (in target 'StreamChat' from project 'StreamChat')
    cd /Users/alexmontesino/Documents/GYM-API-IOS/Gym_API/Gym_API.xcodeproj
    

SwiftCompile normal arm64 /Users/alexmontesino/Library/Developer/Xcode/DerivedData/Gym_API-gttvbppsiybwtpahvrbhortrptkr/SourcePackages/checkouts/stream-chat-swift/Sources/StreamChat/Database/DTOs/MessageDTO.swift (in target 'StreamChat' from project 'StreamChat')
    cd /Users/alexmontesino/Documents/GYM-API-IOS/Gym_API/Gym_API.xcodeproj
    

SwiftCompile normal arm64 /Users/alexmontesino/Library/Developer/Xcode/DerivedData/Gym_API-gttvbppsiybwtpahvrbhortrptkr/SourcePackages/checkouts/stream-chat-swift/Sources/StreamChat/Database/DTOs/MessageModerationDetailsDTO.swift (in target 'StreamChat' from project 'StreamChat')
    cd /Users/alexmontesino/Documents/GYM-API-IOS/Gym_API/Gym_API.xcodeproj
    

SwiftCompile normal arm64 /Users/alexmontesino/Library/Developer/Xcode/DerivedData/Gym_API-gttvbppsiybwtpahvrbhortrptkr/SourcePackages/checkouts/stream-chat-swift/Sources/StreamChat/Database/DTOs/MessageReactionDTO.swift (in target 'StreamChat' from project 'StreamChat')
    cd /Users/alexmontesino/Documents/GYM-API-IOS/Gym_API/Gym_API.xcodeproj
    

SwiftCompile normal arm64 /Users/alexmontesino/Library/Developer/Xcode/DerivedData/Gym_API-gttvbppsiybwtpahvrbhortrptkr/SourcePackages/checkouts/stream-chat-swift/Sources/StreamChat/Database/DTOs/MessageReactionGroupDTO.swift (in target 'StreamChat' from project 'StreamChat')
    cd /Users/alexmontesino/Documents/GYM-API-IOS/Gym_API/Gym_API.xcodeproj
    

SwiftCompile normal arm64 /Users/alexmontesino/Library/Developer/Xcode/DerivedData/Gym_API-gttvbppsiybwtpahvrbhortrptkr/SourcePackages/checkouts/stream-chat-swift/Sources/StreamChat/Database/DTOs/MessageReminderDTO.swift (in target 'StreamChat' from project 'StreamChat')
    cd /Users/alexmontesino/Documents/GYM-API-IOS/Gym_API/Gym_API.xcodeproj
    

SwiftCompile normal arm64 /Users/alexmontesino/Library/Developer/Xcode/DerivedData/Gym_API-gttvbppsiybwtpahvrbhortrptkr/SourcePackages/checkouts/stream-chat-swift/Sources/StreamChat/Database/DTOs/MessageSearchQueryDTO.swift (in target 'StreamChat' from project 'StreamChat')
    cd /Users/alexmontesino/Documents/GYM-API-IOS/Gym_API/Gym_API.xcodeproj
    

SwiftCompile normal arm64 /Users/alexmontesino/Library/Developer/Xcode/DerivedData/Gym_API-gttvbppsiybwtpahvrbhortrptkr/SourcePackages/checkouts/stream-chat-swift/Sources/StreamChat/Database/DTOs/NSManagedObject+Validation.swift (in target 'StreamChat' from project 'StreamChat')
    cd /Users/alexmontesino/Documents/GYM-API-IOS/Gym_API/Gym_API.xcodeproj
    

SwiftCompile normal arm64 /Users/alexmontesino/Library/Developer/Xcode/DerivedData/Gym_API-gttvbppsiybwtpahvrbhortrptkr/SourcePackages/checkouts/stream-chat-swift/Sources/StreamChat/Database/DTOs/PollDTO.swift (in target 'StreamChat' from project 'StreamChat')
    cd /Users/alexmontesino/Documents/GYM-API-IOS/Gym_API/Gym_API.xcodeproj
    

SwiftCompile normal arm64 /Users/alexmontesino/Library/Developer/Xcode/DerivedData/Gym_API-gttvbppsiybwtpahvrbhortrptkr/SourcePackages/checkouts/stream-chat-swift/Sources/StreamChat/Database/DTOs/PollOptionDTO.swift (in target 'StreamChat' from project 'StreamChat')
    cd /Users/alexmontesino/Documents/GYM-API-IOS/Gym_API/Gym_API.xcodeproj
    

SwiftCompile normal arm64 /Users/alexmontesino/Library/Developer/Xcode/DerivedData/Gym_API-gttvbppsiybwtpahvrbhortrptkr/SourcePackages/checkouts/stream-chat-swift/Sources/StreamChat/Database/DTOs/PollVoteDTO.swift (in target 'StreamChat' from project 'StreamChat')
    cd /Users/alexmontesino/Documents/GYM-API-IOS/Gym_API/Gym_API.xcodeproj
    

SwiftCompile normal arm64 /Users/alexmontesino/Library/Developer/Xcode/DerivedData/Gym_API-gttvbppsiybwtpahvrbhortrptkr/SourcePackages/checkouts/stream-chat-swift/Sources/StreamChat/Database/DTOs/PollVoteListQueryDTO.swift (in target 'StreamChat' from project 'StreamChat')
    cd /Users/alexmontesino/Documents/GYM-API-IOS/Gym_API/Gym_API.xcodeproj
    

SwiftCompile normal arm64 /Users/alexmontesino/Library/Developer/Xcode/DerivedData/Gym_API-gttvbppsiybwtpahvrbhortrptkr/SourcePackages/checkouts/stream-chat-swift/Sources/StreamChat/Database/DTOs/QueuedRequestDTO.swift (in target 'StreamChat' from project 'StreamChat')
    cd /Users/alexmontesino/Documents/GYM-API-IOS/Gym_API/Gym_API.xcodeproj
    

SwiftCompile normal arm64 /Users/alexmontesino/Library/Developer/Xcode/DerivedData/Gym_API-gttvbppsiybwtpahvrbhortrptkr/SourcePackages/checkouts/stream-chat-swift/Sources/StreamChat/Database/DTOs/ReactionListQueryDTO.swift (in target 'StreamChat' from project 'StreamChat')
    cd /Users/alexmontesino/Documents/GYM-API-IOS/Gym_API/Gym_API.xcodeproj
    

SwiftCompile normal arm64 /Users/alexmontesino/Library/Developer/Xcode/DerivedData/Gym_API-gttvbppsiybwtpahvrbhortrptkr/SourcePackages/checkouts/stream-chat-swift/Sources/StreamChat/Database/DTOs/SharedLocationDTO.swift (in target 'StreamChat' from project 'StreamChat')
    cd /Users/alexmontesino/Documents/GYM-API-IOS/Gym_API/Gym_API.xcodeproj
    

SwiftCompile normal arm64 /Users/alexmontesino/Library/Developer/Xcode/DerivedData/Gym_API-gttvbppsiybwtpahvrbhortrptkr/SourcePackages/checkouts/stream-chat-swift/Sources/StreamChat/Database/DTOs/ThreadDTO.swift (in target 'StreamChat' from project 'StreamChat')
    cd /Users/alexmontesino/Documents/GYM-API-IOS/Gym_API/Gym_API.xcodeproj
    

SwiftCompile normal arm64 /Users/alexmontesino/Library/Developer/Xcode/DerivedData/Gym_API-gttvbppsiybwtpahvrbhortrptkr/SourcePackages/checkouts/stream-chat-swift/Sources/StreamChat/Database/DTOs/ThreadParticipantDTO.swift (in target 'StreamChat' from project 'StreamChat')
    cd /Users/alexmontesino/Documents/GYM-API-IOS/Gym_API/Gym_API.xcodeproj
    

SwiftCompile normal arm64 /Users/alexmontesino/Library/Developer/Xcode/DerivedData/Gym_API-gttvbppsiybwtpahvrbhortrptkr/SourcePackages/checkouts/stream-chat-swift/Sources/StreamChat/Database/DTOs/ThreadReadDTO.swift (in target 'StreamChat' from project 'StreamChat')
    cd /Users/alexmontesino/Documents/GYM-API-IOS/Gym_API/Gym_API.xcodeproj
    

SwiftCompile normal arm64 /Users/alexmontesino/Library/Developer/Xcode/DerivedData/Gym_API-gttvbppsiybwtpahvrbhortrptkr/SourcePackages/checkouts/stream-chat-swift/Sources/StreamChat/Database/DTOs/UserDTO.swift (in target 'StreamChat' from project 'StreamChat')
    cd /Users/alexmontesino/Documents/GYM-API-IOS/Gym_API/Gym_API.xcodeproj
    

SwiftCompile normal arm64 /Users/alexmontesino/Library/Developer/Xcode/DerivedData/Gym_API-gttvbppsiybwtpahvrbhortrptkr/SourcePackages/checkouts/stream-chat-swift/Sources/StreamChat/Database/DTOs/UserListQueryDTO.swift (in target 'StreamChat' from project 'StreamChat')
    cd /Users/alexmontesino/Documents/GYM-API-IOS/Gym_API/Gym_API.xcodeproj
    

SwiftCompile normal arm64 /Users/alexmontesino/Library/Developer/Xcode/DerivedData/Gym_API-gttvbppsiybwtpahvrbhortrptkr/SourcePackages/checkouts/stream-chat-swift/Sources/StreamChat/Database/DataStore.swift (in target 'StreamChat' from project 'StreamChat')
    cd /Users/alexmontesino/Documents/GYM-API-IOS/Gym_API/Gym_API.xcodeproj
    

SwiftDriverJobDiscovery normal arm64 Compiling ChannelControllerDelegate.swift, ChatClient+ChannelController.swift, LivestreamChannelController+Combine.swift, LivestreamChannelController.swift, ChannelListController+Combine.swift, ChannelListController+SwiftUI.swift, ChannelListController.swift, ChatChannelWatcherListController+Combine.swift, ChatChannelWatcherListController+SwiftUI.swift, ChatChannelWatcherListController.swift, ConnectionController+Combine.swift, ConnectionController+SwiftUI.swift, ConnectionController.swift, Controller.swift, CurrentUserController+Combine.swift, CurrentUserController+SwiftUI.swift, CurrentUserController.swift, DataController.swift, BackgroundDatabaseObserver.swift, BackgroundEntityDatabaseObserver.swift, BackgroundListDatabaseObserver.swift, EntityChange.swift, ListChange.swift, ChannelEventsController.swift (in target 'StreamChat' from project 'StreamChat')

SwiftCompile normal arm64 Compiling\ PinnedMessagesPagination.swift,\ PinnedMessagesQuery.swift,\ PinnedMessagesSortingKey.swift,\ PollVoteListQuery.swift,\ QueryOptions.swift,\ ReactionListQuery.swift,\ ChannelListSortingKey.swift,\ ChannelMemberListSortingKey.swift,\ SortValue.swift,\ Sorting.swift,\ UserListSortingKey.swift,\ ThreadListQuery.swift,\ ThreadQuery.swift,\ UserListQuery.swift,\ AuthenticationRepository.swift,\ ChannelRepository.swift,\ ConnectionRepository.swift,\ DraftMessagesRepository.swift,\ MessageRepository.swift,\ OfflineRequestsRepository.swift,\ PollsRepository.swift,\ RemindersRepository.swift,\ SyncOperations.swift,\ SyncRepository.swift /Users/alexmontesino/Library/Developer/Xcode/DerivedData/Gym_API-gttvbppsiybwtpahvrbhortrptkr/SourcePackages/checkouts/stream-chat-swift/Sources/StreamChat/Query/PinnedMessages/PinnedMessagesPagination.swift /Users/alexmontesino/Library/Developer/Xcode/DerivedData/Gym_API-gttvbppsiybwtpahvrbhortrptkr/SourcePackages/checkouts/stream-chat-swift/Sources/StreamChat/Query/PinnedMessages/PinnedMessagesQuery.swift /Users/alexmontesino/Library/Developer/Xcode/DerivedData/Gym_API-gttvbppsiybwtpahvrbhortrptkr/SourcePackages/checkouts/stream-chat-swift/Sources/StreamChat/Query/PinnedMessages/PinnedMessagesSortingKey.swift /Users/alexmontesino/Library/Developer/Xcode/DerivedData/Gym_API-gttvbppsiybwtpahvrbhortrptkr/SourcePackages/checkouts/stream-chat-swift/Sources/StreamChat/Query/PollVoteListQuery.swift /Users/alexmontesino/Library/Developer/Xcode/DerivedData/Gym_API-gttvbppsiybwtpahvrbhortrptkr/SourcePackages/checkouts/stream-chat-swift/Sources/StreamChat/Query/QueryOptions.swift /Users/alexmontesino/Library/Developer/Xcode/DerivedData/Gym_API-gttvbppsiybwtpahvrbhortrptkr/SourcePackages/checkouts/stream-chat-swift/Sources/StreamChat/Query/ReactionListQuery.swift /Users/alexmontesino/Library/Developer/Xcode/DerivedData/Gym_API-gttvbppsiybwtpahvrbhortrptkr/SourcePackages/checkouts/stream-chat-swift/Sources/StreamChat/Query/Sorting/ChannelListSortingKey.swift /Users/alexmontesino/Library/Developer/Xcode/DerivedData/Gym_API-gttvbppsiybwtpahvrbhortrptkr/SourcePackages/checkouts/stream-chat-swift/Sources/StreamChat/Query/Sorting/ChannelMemberListSortingKey.swift /Users/alexmontesino/Library/Developer/Xcode/DerivedData/Gym_API-gttvbppsiybwtpahvrbhortrptkr/SourcePackages/checkouts/stream-chat-swift/Sources/StreamChat/Query/Sorting/SortValue.swift /Users/alexmontesino/Library/Developer/Xcode/DerivedData/Gym_API-gttvbppsiybwtpahvrbhortrptkr/SourcePackages/checkouts/stream-chat-swift/Sources/StreamChat/Query/Sorting/Sorting.swift /Users/alexmontesino/Library/Developer/Xcode/DerivedData/Gym_API-gttvbppsiybwtpahvrbhortrptkr/SourcePackages/checkouts/stream-chat-swift/Sources/StreamChat/Query/Sorting/UserListSortingKey.swift /Users/alexmontesino/Library/Developer/Xcode/DerivedData/Gym_API-gttvbppsiybwtpahvrbhortrptkr/SourcePackages/checkouts/stream-chat-swift/Sources/StreamChat/Query/ThreadListQuery.swift /Users/alexmontesino/Library/Developer/Xcode/DerivedData/Gym_API-gttvbppsiybwtpahvrbhortrptkr/SourcePackages/checkouts/stream-chat-swift/Sources/StreamChat/Query/ThreadQuery.swift /Users/alexmontesino/Library/Developer/Xcode/DerivedData/Gym_API-gttvbppsiybwtpahvrbhortrptkr/SourcePackages/checkouts/stream-chat-swift/Sources/StreamChat/Query/UserListQuery.swift /Users/alexmontesino/Library/Developer/Xcode/DerivedData/Gym_API-gttvbppsiybwtpahvrbhortrptkr/SourcePackages/checkouts/stream-chat-swift/Sources/StreamChat/Repositories/AuthenticationRepository.swift /Users/alexmontesino/Library/Developer/Xcode/DerivedData/Gym_API-gttvbppsiybwtpahvrbhortrptkr/SourcePackages/checkouts/stream-chat-swift/Sources/StreamChat/Repositories/ChannelRepository.swift /Users/alexmontesino/Library/Developer/Xcode/DerivedData/Gym_API-gttvbppsiybwtpahvrbhortrptkr/SourcePackages/checkouts/stream-chat-swift/Sources/StreamChat/Repositories/ConnectionRepository.swift /Users/alexmontesino/Library/Developer/Xcode/DerivedData/Gym_API-gttvbppsiybwtpahvrbhortrptkr/SourcePackages/checkouts/stream-chat-swift/Sources/StreamChat/Repositories/DraftMessagesRepository.swift /Users/alexmontesino/Library/Developer/Xcode/DerivedData/Gym_API-gttvbppsiybwtpahvrbhortrptkr/SourcePackages/checkouts/stream-chat-swift/Sources/StreamChat/Repositories/MessageRepository.swift /Users/alexmontesino/Library/Developer/Xcode/DerivedData/Gym_API-gttvbppsiybwtpahvrbhortrptkr/SourcePackages/checkouts/stream-chat-swift/Sources/StreamChat/Repositories/OfflineRequestsRepository.swift /Users/alexmontesino/Library/Developer/Xcode/DerivedData/Gym_API-gttvbppsiybwtpahvrbhortrptkr/SourcePackages/checkouts/stream-chat-swift/Sources/StreamChat/Repositories/PollsRepository.swift /Users/alexmontesino/Library/Developer/Xcode/DerivedData/Gym_API-gttvbppsiybwtpahvrbhortrptkr/SourcePackages/checkouts/stream-chat-swift/Sources/StreamChat/Repositories/RemindersRepository.swift /Users/alexmontesino/Library/Developer/Xcode/DerivedData/Gym_API-gttvbppsiybwtpahvrbhortrptkr/SourcePackages/checkouts/stream-chat-swift/Sources/StreamChat/Repositories/SyncOperations.swift /Users/alexmontesino/Library/Developer/Xcode/DerivedData/Gym_API-gttvbppsiybwtpahvrbhortrptkr/SourcePackages/checkouts/stream-chat-swift/Sources/StreamChat/Repositories/SyncRepository.swift (in target 'StreamChat' from project 'StreamChat')

SwiftCompile normal arm64 /Users/alexmontesino/Library/Developer/Xcode/DerivedData/Gym_API-gttvbppsiybwtpahvrbhortrptkr/SourcePackages/checkouts/stream-chat-swift/Sources/StreamChat/Query/PinnedMessages/PinnedMessagesPagination.swift (in target 'StreamChat' from project 'StreamChat')
    cd /Users/alexmontesino/Documents/GYM-API-IOS/Gym_API/Gym_API.xcodeproj
    

SwiftCompile normal arm64 /Users/alexmontesino/Library/Developer/Xcode/DerivedData/Gym_API-gttvbppsiybwtpahvrbhortrptkr/SourcePackages/checkouts/stream-chat-swift/Sources/StreamChat/Query/PinnedMessages/PinnedMessagesQuery.swift (in target 'StreamChat' from project 'StreamChat')
    cd /Users/alexmontesino/Documents/GYM-API-IOS/Gym_API/Gym_API.xcodeproj
    

SwiftCompile normal arm64 /Users/alexmontesino/Library/Developer/Xcode/DerivedData/Gym_API-gttvbppsiybwtpahvrbhortrptkr/SourcePackages/checkouts/stream-chat-swift/Sources/StreamChat/Query/PinnedMessages/PinnedMessagesSortingKey.swift (in target 'StreamChat' from project 'StreamChat')
    cd /Users/alexmontesino/Documents/GYM-API-IOS/Gym_API/Gym_API.xcodeproj
    

SwiftCompile normal arm64 /Users/alexmontesino/Library/Developer/Xcode/DerivedData/Gym_API-gttvbppsiybwtpahvrbhortrptkr/SourcePackages/checkouts/stream-chat-swift/Sources/StreamChat/Query/PollVoteListQuery.swift (in target 'StreamChat' from project 'StreamChat')
    cd /Users/alexmontesino/Documents/GYM-API-IOS/Gym_API/Gym_API.xcodeproj
    

SwiftCompile normal arm64 /Users/alexmontesino/Library/Developer/Xcode/DerivedData/Gym_API-gttvbppsiybwtpahvrbhortrptkr/SourcePackages/checkouts/stream-chat-swift/Sources/StreamChat/Query/QueryOptions.swift (in target 'StreamChat' from project 'StreamChat')
    cd /Users/alexmontesino/Documents/GYM-API-IOS/Gym_API/Gym_API.xcodeproj
    

SwiftCompile normal arm64 /Users/alexmontesino/Library/Developer/Xcode/DerivedData/Gym_API-gttvbppsiybwtpahvrbhortrptkr/SourcePackages/checkouts/stream-chat-swift/Sources/StreamChat/Query/ReactionListQuery.swift (in target 'StreamChat' from project 'StreamChat')
    cd /Users/alexmontesino/Documents/GYM-API-IOS/Gym_API/Gym_API.xcodeproj
    

SwiftCompile normal arm64 /Users/alexmontesino/Library/Developer/Xcode/DerivedData/Gym_API-gttvbppsiybwtpahvrbhortrptkr/SourcePackages/checkouts/stream-chat-swift/Sources/StreamChat/Query/Sorting/ChannelListSortingKey.swift (in target 'StreamChat' from project 'StreamChat')
    cd /Users/alexmontesino/Documents/GYM-API-IOS/Gym_API/Gym_API.xcodeproj
    

SwiftCompile normal arm64 /Users/alexmontesino/Library/Developer/Xcode/DerivedData/Gym_API-gttvbppsiybwtpahvrbhortrptkr/SourcePackages/checkouts/stream-chat-swift/Sources/StreamChat/Query/Sorting/ChannelMemberListSortingKey.swift (in target 'StreamChat' from project 'StreamChat')
    cd /Users/alexmontesino/Documents/GYM-API-IOS/Gym_API/Gym_API.xcodeproj
    

SwiftCompile normal arm64 /Users/alexmontesino/Library/Developer/Xcode/DerivedData/Gym_API-gttvbppsiybwtpahvrbhortrptkr/SourcePackages/checkouts/stream-chat-swift/Sources/StreamChat/Query/Sorting/SortValue.swift (in target 'StreamChat' from project 'StreamChat')
    cd /Users/alexmontesino/Documents/GYM-API-IOS/Gym_API/Gym_API.xcodeproj
    

SwiftCompile normal arm64 /Users/alexmontesino/Library/Developer/Xcode/DerivedData/Gym_API-gttvbppsiybwtpahvrbhortrptkr/SourcePackages/checkouts/stream-chat-swift/Sources/StreamChat/Query/Sorting/Sorting.swift (in target 'StreamChat' from project 'StreamChat')
    cd /Users/alexmontesino/Documents/GYM-API-IOS/Gym_API/Gym_API.xcodeproj
    

SwiftCompile normal arm64 /Users/alexmontesino/Library/Developer/Xcode/DerivedData/Gym_API-gttvbppsiybwtpahvrbhortrptkr/SourcePackages/checkouts/stream-chat-swift/Sources/StreamChat/Query/Sorting/UserListSortingKey.swift (in target 'StreamChat' from project 'StreamChat')
    cd /Users/alexmontesino/Documents/GYM-API-IOS/Gym_API/Gym_API.xcodeproj
    

SwiftCompile normal arm64 /Users/alexmontesino/Library/Developer/Xcode/DerivedData/Gym_API-gttvbppsiybwtpahvrbhortrptkr/SourcePackages/checkouts/stream-chat-swift/Sources/StreamChat/Query/ThreadListQuery.swift (in target 'StreamChat' from project 'StreamChat')
    cd /Users/alexmontesino/Documents/GYM-API-IOS/Gym_API/Gym_API.xcodeproj
    

SwiftCompile normal arm64 /Users/alexmontesino/Library/Developer/Xcode/DerivedData/Gym_API-gttvbppsiybwtpahvrbhortrptkr/SourcePackages/checkouts/stream-chat-swift/Sources/StreamChat/Query/ThreadQuery.swift (in target 'StreamChat' from project 'StreamChat')
    cd /Users/alexmontesino/Documents/GYM-API-IOS/Gym_API/Gym_API.xcodeproj
    

SwiftCompile normal arm64 /Users/alexmontesino/Library/Developer/Xcode/DerivedData/Gym_API-gttvbppsiybwtpahvrbhortrptkr/SourcePackages/checkouts/stream-chat-swift/Sources/StreamChat/Query/UserListQuery.swift (in target 'StreamChat' from project 'StreamChat')
    cd /Users/alexmontesino/Documents/GYM-API-IOS/Gym_API/Gym_API.xcodeproj
    

SwiftCompile normal arm64 /Users/alexmontesino/Library/Developer/Xcode/DerivedData/Gym_API-gttvbppsiybwtpahvrbhortrptkr/SourcePackages/checkouts/stream-chat-swift/Sources/StreamChat/Repositories/AuthenticationRepository.swift (in target 'StreamChat' from project 'StreamChat')
    cd /Users/alexmontesino/Documents/GYM-API-IOS/Gym_API/Gym_API.xcodeproj
    

SwiftCompile normal arm64 /Users/alexmontesino/Library/Developer/Xcode/DerivedData/Gym_API-gttvbppsiybwtpahvrbhortrptkr/SourcePackages/checkouts/stream-chat-swift/Sources/StreamChat/Repositories/ChannelRepository.swift (in target 'StreamChat' from project 'StreamChat')
    cd /Users/alexmontesino/Documents/GYM-API-IOS/Gym_API/Gym_API.xcodeproj
    

SwiftCompile normal arm64 /Users/alexmontesino/Library/Developer/Xcode/DerivedData/Gym_API-gttvbppsiybwtpahvrbhortrptkr/SourcePackages/checkouts/stream-chat-swift/Sources/StreamChat/Repositories/ConnectionRepository.swift (in target 'StreamChat' from project 'StreamChat')
    cd /Users/alexmontesino/Documents/GYM-API-IOS/Gym_API/Gym_API.xcodeproj
    

SwiftCompile normal arm64 /Users/alexmontesino/Library/Developer/Xcode/DerivedData/Gym_API-gttvbppsiybwtpahvrbhortrptkr/SourcePackages/checkouts/stream-chat-swift/Sources/StreamChat/Repositories/DraftMessagesRepository.swift (in target 'StreamChat' from project 'StreamChat')
    cd /Users/alexmontesino/Documents/GYM-API-IOS/Gym_API/Gym_API.xcodeproj
    

SwiftCompile normal arm64 /Users/alexmontesino/Library/Developer/Xcode/DerivedData/Gym_API-gttvbppsiybwtpahvrbhortrptkr/SourcePackages/checkouts/stream-chat-swift/Sources/StreamChat/Repositories/MessageRepository.swift (in target 'StreamChat' from project 'StreamChat')
    cd /Users/alexmontesino/Documents/GYM-API-IOS/Gym_API/Gym_API.xcodeproj
    

SwiftCompile normal arm64 /Users/alexmontesino/Library/Developer/Xcode/DerivedData/Gym_API-gttvbppsiybwtpahvrbhortrptkr/SourcePackages/checkouts/stream-chat-swift/Sources/StreamChat/Repositories/OfflineRequestsRepository.swift (in target 'StreamChat' from project 'StreamChat')
    cd /Users/alexmontesino/Documents/GYM-API-IOS/Gym_API/Gym_API.xcodeproj
    

SwiftCompile normal arm64 /Users/alexmontesino/Library/Developer/Xcode/DerivedData/Gym_API-gttvbppsiybwtpahvrbhortrptkr/SourcePackages/checkouts/stream-chat-swift/Sources/StreamChat/Repositories/PollsRepository.swift (in target 'StreamChat' from project 'StreamChat')
    cd /Users/alexmontesino/Documents/GYM-API-IOS/Gym_API/Gym_API.xcodeproj
    

SwiftCompile normal arm64 /Users/alexmontesino/Library/Developer/Xcode/DerivedData/Gym_API-gttvbppsiybwtpahvrbhortrptkr/SourcePackages/checkouts/stream-chat-swift/Sources/StreamChat/Repositories/RemindersRepository.swift (in target 'StreamChat' from project 'StreamChat')
    cd /Users/alexmontesino/Documents/GYM-API-IOS/Gym_API/Gym_API.xcodeproj
    

SwiftCompile normal arm64 /Users/alexmontesino/Library/Developer/Xcode/DerivedData/Gym_API-gttvbppsiybwtpahvrbhortrptkr/SourcePackages/checkouts/stream-chat-swift/Sources/StreamChat/Repositories/SyncOperations.swift (in target 'StreamChat' from project 'StreamChat')
    cd /Users/alexmontesino/Documents/GYM-API-IOS/Gym_API/Gym_API.xcodeproj
    

SwiftCompile normal arm64 /Users/alexmontesino/Library/Developer/Xcode/DerivedData/Gym_API-gttvbppsiybwtpahvrbhortrptkr/SourcePackages/checkouts/stream-chat-swift/Sources/StreamChat/Repositories/SyncRepository.swift (in target 'StreamChat' from project 'StreamChat')
    cd /Users/alexmontesino/Documents/GYM-API-IOS/Gym_API/Gym_API.xcodeproj
    

SwiftDriverJobDiscovery normal arm64 Emitting module for StreamChat (in target 'StreamChat' from project 'StreamChat')

SwiftDriver\ Compilation\ Requirements StreamChat normal arm64 com.apple.xcode.tools.swift.compiler (in target 'StreamChat' from project 'StreamChat')
    cd /Users/alexmontesino/Documents/GYM-API-IOS/Gym_API/Gym_API.xcodeproj
    builtin-Swift-Compilation-Requirements -- /Applications/Xcode.app/Contents/Developer/Toolchains/XcodeDefault.xctoolchain/usr/bin/swiftc -module-name StreamChat -Onone -enforce-exclusivity\=checked @/Users/alexmontesino/Library/Developer/Xcode/DerivedData/Gym_API-gttvbppsiybwtpahvrbhortrptkr/Build/Intermediates.noindex/StreamChat.build/Debug-iphonesimulator/StreamChat.build/Objects-normal/arm64/StreamChat.SwiftFileList -DSWIFT_PACKAGE -DDEBUG -DXcode -plugin-path /Applications/Xcode.app/Contents/Developer/Toolchains/XcodeDefault.xctoolchain/usr/lib/swift/host/plugins/testing -enable-experimental-feature DebugDescriptionMacro -sdk /Applications/Xcode.app/Contents/Developer/Platforms/iPhoneSimulator.platform/Developer/SDKs/iPhoneSimulator18.5.sdk -target arm64-apple-ios13.0-simulator -g -module-cache-path /Users/alexmontesino/Library/Developer/Xcode/DerivedData/ModuleCache.noindex -Xfrontend -serialize-debugging-options -profile-coverage-mapping -profile-generate -enable-testing -suppress-warnings -index-store-path /Users/alexmontesino/Library/Developer/Xcode/DerivedData/Gym_API-gttvbppsiybwtpahvrbhortrptkr/Index.noindex/DataStore -swift-version 5 -I /Users/alexmontesino/Library/Developer/Xcode/DerivedData/Gym_API-gttvbppsiybwtpahvrbhortrptkr/Build/Products/Debug-iphonesimulator -I /Applications/Xcode.app/Contents/Developer/Platforms/iPhoneSimulator.platform/Developer/usr/lib -F /Users/alexmontesino/Library/Developer/Xcode/DerivedData/Gym_API-gttvbppsiybwtpahvrbhortrptkr/Build/Products/Debug-iphonesimulator -F /Applications/Xcode.app/Contents/Developer/Platforms/iPhoneSimulator.platform/Developer/Library/Frameworks -F /Applications/Xcode.app/Contents/Developer/Platforms/iPhoneSimulator.platform/Developer/SDKs/iPhoneSimulator18.5.sdk/Developer/Library/Frameworks -emit-localized-strings -emit-localized-strings-path /Users/alexmontesino/Library/Developer/Xcode/DerivedData/Gym_API-gttvbppsiybwtpahvrbhortrptkr/Build/Intermediates.noindex/StreamChat.build/Debug-iphonesimulator/StreamChat.build/Objects-normal/arm64 -c -j10 -enable-batch-mode -incremental -Xcc -ivfsstatcache -Xcc /Users/alexmontesino/Library/Developer/Xcode/DerivedData/SDKStatCaches.noindex/iphonesimulator18.5-22F76-d5fc8ad4295d2ef488fb7d0f804ce0c4.sdkstatcache -output-file-map /Users/alexmontesino/Library/Developer/Xcode/DerivedData/Gym_API-gttvbppsiybwtpahvrbhortrptkr/Build/Intermediates.noindex/StreamChat.build/Debug-iphonesimulator/StreamChat.build/Objects-normal/arm64/StreamChat-OutputFileMap.json -use-frontend-parseable-output -save-temps -no-color-diagnostics -serialize-diagnostics -emit-dependencies -emit-module -emit-module-path /Users/alexmontesino/Library/Developer/Xcode/DerivedData/Gym_API-gttvbppsiybwtpahvrbhortrptkr/Build/Intermediates.noindex/StreamChat.build/Debug-iphonesimulator/StreamChat.build/Objects-normal/arm64/StreamChat.swiftmodule -validate-clang-modules-once -clang-build-session-file /Users/alexmontesino/Library/Developer/Xcode/DerivedData/ModuleCache.noindex/Session.modulevalidation -Xcc -I/Users/alexmontesino/Library/Developer/Xcode/DerivedData/Gym_API-gttvbppsiybwtpahvrbhortrptkr/Build/Intermediates.noindex/StreamChat.build/Debug-iphonesimulator/StreamChat.build/swift-overrides.hmap -emit-const-values -Xfrontend -const-gather-protocols-file -Xfrontend /Users/alexmontesino/Library/Developer/Xcode/DerivedData/Gym_API-gttvbppsiybwtpahvrbhortrptkr/Build/Intermediates.noindex/StreamChat.build/Debug-iphonesimulator/StreamChat.build/Objects-normal/arm64/StreamChat_const_extract_protocols.json -Xcc -I/Users/alexmontesino/Library/Developer/Xcode/DerivedData/Gym_API-gttvbppsiybwtpahvrbhortrptkr/Build/Products/Debug-iphonesimulator/include -Xcc -I/Users/alexmontesino/Library/Developer/Xcode/DerivedData/Gym_API-gttvbppsiybwtpahvrbhortrptkr/Build/Intermediates.noindex/StreamChat.build/Debug-iphonesimulator/StreamChat.build/DerivedSources-normal/arm64 -Xcc -I/Users/alexmontesino/Library/Developer/Xcode/DerivedData/Gym_API-gttvbppsiybwtpahvrbhortrptkr/Build/Intermediates.noindex/StreamChat.build/Debug-iphonesimulator/StreamChat.build/DerivedSources/arm64 -Xcc -I/Users/alexmontesino/Library/Developer/Xcode/DerivedData/Gym_API-gttvbppsiybwtpahvrbhortrptkr/Build/Intermediates.noindex/StreamChat.build/Debug-iphonesimulator/StreamChat.build/DerivedSources -Xcc -DSWIFT_PACKAGE -Xcc -DDEBUG\=1 -emit-objc-header -emit-objc-header-path /Users/alexmontesino/Library/Developer/Xcode/DerivedData/Gym_API-gttvbppsiybwtpahvrbhortrptkr/Build/Intermediates.noindex/StreamChat.build/Debug-iphonesimulator/StreamChat.build/Objects-normal/arm64/StreamChat-Swift.h -working-directory /Users/alexmontesino/Documents/GYM-API-IOS/Gym_API/Gym_API.xcodeproj -experimental-emit-module-separately -disable-cmo

SwiftDriverJobDiscovery normal arm64 Compiling AudioPlayerObserving.swift, AudioPlaying.swift, AudioPlayingDelegate.swift, AudioQueuePlayer.swift, AudioRecording.swift, AudioRecordingContext.swift, AudioRecordingContextAccessor.swift, AudioRecordingDelegate.swift, AudioRecordingState.swift, AudioSessionConfiguring.swift, AudioSessionProtocol.swift, AVAsset+TotalAudioSamples.swift, ChatClient+Environment.swift, ChatClient.swift, ChatClientFactory.swift, BaseURL.swift, ChatClientConfig.swift, SendMessageInterceptor.swift, StreamModelsTransformer.swift, StreamRuntimeCheck.swift, Token.swift, ChannelController+Combine.swift, ChannelController+SwiftUI.swift, ChannelController.swift (in target 'StreamChat' from project 'StreamChat')

SwiftCompile normal arm64 Compiling\ AppSettingsPayload.swift,\ ChannelCodingKeys.swift,\ ChannelEditDetailPayload.swift,\ ChannelListPayload.swift,\ ChannelMemberListPayload.swift,\ CurrentUserPayloads.swift,\ DevicePayloads.swift,\ DraftPayloads.swift,\ FileUploadPayload.swift,\ FlagMessagePayload.swift,\ FlagUserPayload.swift,\ GuestUserTokenPayload.swift,\ IdentifiableModel.swift,\ IdentifiablePayload.swift,\ LocationPayloads.swift,\ MemberPayload.swift,\ MemberUpdatePayload.swift,\ MessageAttachmentPayload.swift,\ MessageModerationDetailsPayload.swift,\ MessagePayloads.swift,\ MessageReactionGroupPayload.swift,\ MessageReactionPayload.swift,\ MessageTranslationsPayload.swift,\ MissingEventsPayload.swift /Users/alexmontesino/Library/Developer/Xcode/DerivedData/Gym_API-gttvbppsiybwtpahvrbhortrptkr/SourcePackages/checkouts/stream-chat-swift/Sources/StreamChat/APIClient/Endpoints/Payloads/AppSettingsPayload.swift /Users/alexmontesino/Library/Developer/Xcode/DerivedData/Gym_API-gttvbppsiybwtpahvrbhortrptkr/SourcePackages/checkouts/stream-chat-swift/Sources/StreamChat/APIClient/Endpoints/Payloads/ChannelCodingKeys.swift /Users/alexmontesino/Library/Developer/Xcode/DerivedData/Gym_API-gttvbppsiybwtpahvrbhortrptkr/SourcePackages/checkouts/stream-chat-swift/Sources/StreamChat/APIClient/Endpoints/Payloads/ChannelEditDetailPayload.swift /Users/alexmontesino/Library/Developer/Xcode/DerivedData/Gym_API-gttvbppsiybwtpahvrbhortrptkr/SourcePackages/checkouts/stream-chat-swift/Sources/StreamChat/APIClient/Endpoints/Payloads/ChannelListPayload.swift /Users/alexmontesino/Library/Developer/Xcode/DerivedData/Gym_API-gttvbppsiybwtpahvrbhortrptkr/SourcePackages/checkouts/stream-chat-swift/Sources/StreamChat/APIClient/Endpoints/Payloads/ChannelMemberListPayload.swift /Users/alexmontesino/Library/Developer/Xcode/DerivedData/Gym_API-gttvbppsiybwtpahvrbhortrptkr/SourcePackages/checkouts/stream-chat-swift/Sources/StreamChat/APIClient/Endpoints/Payloads/CurrentUserPayloads.swift /Users/alexmontesino/Library/Developer/Xcode/DerivedData/Gym_API-gttvbppsiybwtpahvrbhortrptkr/SourcePackages/checkouts/stream-chat-swift/Sources/StreamChat/APIClient/Endpoints/Payloads/DevicePayloads.swift /Users/alexmontesino/Library/Developer/Xcode/DerivedData/Gym_API-gttvbppsiybwtpahvrbhortrptkr/SourcePackages/checkouts/stream-chat-swift/Sources/StreamChat/APIClient/Endpoints/Payloads/DraftPayloads.swift /Users/alexmontesino/Library/Developer/Xcode/DerivedData/Gym_API-gttvbppsiybwtpahvrbhortrptkr/SourcePackages/checkouts/stream-chat-swift/Sources/StreamChat/APIClient/Endpoints/Payloads/FileUploadPayload.swift /Users/alexmontesino/Library/Developer/Xcode/DerivedData/Gym_API-gttvbppsiybwtpahvrbhortrptkr/SourcePackages/checkouts/stream-chat-swift/Sources/StreamChat/APIClient/Endpoints/Payloads/FlagMessagePayload.swift /Users/alexmontesino/Library/Developer/Xcode/DerivedData/Gym_API-gttvbppsiybwtpahvrbhortrptkr/SourcePackages/checkouts/stream-chat-swift/Sources/StreamChat/APIClient/Endpoints/Payloads/FlagUserPayload.swift /Users/alexmontesino/Library/Developer/Xcode/DerivedData/Gym_API-gttvbppsiybwtpahvrbhortrptkr/SourcePackages/checkouts/stream-chat-swift/Sources/StreamChat/APIClient/Endpoints/Payloads/GuestUserTokenPayload.swift /Users/alexmontesino/Library/Developer/Xcode/DerivedData/Gym_API-gttvbppsiybwtpahvrbhortrptkr/SourcePackages/checkouts/stream-chat-swift/Sources/StreamChat/APIClient/Endpoints/Payloads/IdentifiableModel.swift /Users/alexmontesino/Library/Developer/Xcode/DerivedData/Gym_API-gttvbppsiybwtpahvrbhortrptkr/SourcePackages/checkouts/stream-chat-swift/Sources/StreamChat/APIClient/Endpoints/Payloads/IdentifiablePayload.swift /Users/alexmontesino/Library/Developer/Xcode/DerivedData/Gym_API-gttvbppsiybwtpahvrbhortrptkr/SourcePackages/checkouts/stream-chat-swift/Sources/StreamChat/APIClient/Endpoints/Payloads/LocationPayloads.swift /Users/alexmontesino/Library/Developer/Xcode/DerivedData/Gym_API-gttvbppsiybwtpahvrbhortrptkr/SourcePackages/checkouts/stream-chat-swift/Sources/StreamChat/APIClient/Endpoints/Payloads/MemberPayload.swift /Users/alexmontesino/Library/Developer/Xcode/DerivedData/Gym_API-gttvbppsiybwtpahvrbhortrptkr/SourcePackages/checkouts/stream-chat-swift/Sources/StreamChat/APIClient/Endpoints/Payloads/MemberUpdatePayload.swift /Users/alexmontesino/Library/Developer/Xcode/DerivedData/Gym_API-gttvbppsiybwtpahvrbhortrptkr/SourcePackages/checkouts/stream-chat-swift/Sources/StreamChat/APIClient/Endpoints/Payloads/MessageAttachmentPayload.swift /Users/alexmontesino/Library/Developer/Xcode/DerivedData/Gym_API-gttvbppsiybwtpahvrbhortrptkr/SourcePackages/checkouts/stream-chat-swift/Sources/StreamChat/APIClient/Endpoints/Payloads/MessageModerationDetailsPayload.swift /Users/alexmontesino/Library/Developer/Xcode/DerivedData/Gym_API-gttvbppsiybwtpahvrbhortrptkr/SourcePackages/checkouts/stream-chat-swift/Sources/StreamChat/APIClient/Endpoints/Payloads/MessagePayloads.swift /Users/alexmontesino/Library/Developer/Xcode/DerivedData/Gym_API-gttvbppsiybwtpahvrbhortrptkr/SourcePackages/checkouts/stream-chat-swift/Sources/StreamChat/APIClient/Endpoints/Payloads/MessageReactionGroupPayload.swift /Users/alexmontesino/Library/Developer/Xcode/DerivedData/Gym_API-gttvbppsiybwtpahvrbhortrptkr/SourcePackages/checkouts/stream-chat-swift/Sources/StreamChat/APIClient/Endpoints/Payloads/MessageReactionPayload.swift /Users/alexmontesino/Library/Developer/Xcode/DerivedData/Gym_API-gttvbppsiybwtpahvrbhortrptkr/SourcePackages/checkouts/stream-chat-swift/Sources/StreamChat/APIClient/Endpoints/Payloads/MessageTranslationsPayload.swift /Users/alexmontesino/Library/Developer/Xcode/DerivedData/Gym_API-gttvbppsiybwtpahvrbhortrptkr/SourcePackages/checkouts/stream-chat-swift/Sources/StreamChat/APIClient/Endpoints/Payloads/MissingEventsPayload.swift (in target 'StreamChat' from project 'StreamChat')

SwiftCompile normal arm64 /Users/alexmontesino/Library/Developer/Xcode/DerivedData/Gym_API-gttvbppsiybwtpahvrbhortrptkr/SourcePackages/checkouts/stream-chat-swift/Sources/StreamChat/APIClient/Endpoints/Payloads/AppSettingsPayload.swift (in target 'StreamChat' from project 'StreamChat')
    cd /Users/alexmontesino/Documents/GYM-API-IOS/Gym_API/Gym_API.xcodeproj
    

SwiftCompile normal arm64 /Users/alexmontesino/Library/Developer/Xcode/DerivedData/Gym_API-gttvbppsiybwtpahvrbhortrptkr/SourcePackages/checkouts/stream-chat-swift/Sources/StreamChat/APIClient/Endpoints/Payloads/ChannelCodingKeys.swift (in target 'StreamChat' from project 'StreamChat')
    cd /Users/alexmontesino/Documents/GYM-API-IOS/Gym_API/Gym_API.xcodeproj
    

SwiftCompile normal arm64 /Users/alexmontesino/Library/Developer/Xcode/DerivedData/Gym_API-gttvbppsiybwtpahvrbhortrptkr/SourcePackages/checkouts/stream-chat-swift/Sources/StreamChat/APIClient/Endpoints/Payloads/ChannelEditDetailPayload.swift (in target 'StreamChat' from project 'StreamChat')
    cd /Users/alexmontesino/Documents/GYM-API-IOS/Gym_API/Gym_API.xcodeproj
    

SwiftCompile normal arm64 /Users/alexmontesino/Library/Developer/Xcode/DerivedData/Gym_API-gttvbppsiybwtpahvrbhortrptkr/SourcePackages/checkouts/stream-chat-swift/Sources/StreamChat/APIClient/Endpoints/Payloads/ChannelListPayload.swift (in target 'StreamChat' from project 'StreamChat')
    cd /Users/alexmontesino/Documents/GYM-API-IOS/Gym_API/Gym_API.xcodeproj
    

SwiftCompile normal arm64 /Users/alexmontesino/Library/Developer/Xcode/DerivedData/Gym_API-gttvbppsiybwtpahvrbhortrptkr/SourcePackages/checkouts/stream-chat-swift/Sources/StreamChat/APIClient/Endpoints/Payloads/ChannelMemberListPayload.swift (in target 'StreamChat' from project 'StreamChat')
    cd /Users/alexmontesino/Documents/GYM-API-IOS/Gym_API/Gym_API.xcodeproj
    

SwiftCompile normal arm64 /Users/alexmontesino/Library/Developer/Xcode/DerivedData/Gym_API-gttvbppsiybwtpahvrbhortrptkr/SourcePackages/checkouts/stream-chat-swift/Sources/StreamChat/APIClient/Endpoints/Payloads/CurrentUserPayloads.swift (in target 'StreamChat' from project 'StreamChat')
    cd /Users/alexmontesino/Documents/GYM-API-IOS/Gym_API/Gym_API.xcodeproj
    

SwiftCompile normal arm64 /Users/alexmontesino/Library/Developer/Xcode/DerivedData/Gym_API-gttvbppsiybwtpahvrbhortrptkr/SourcePackages/checkouts/stream-chat-swift/Sources/StreamChat/APIClient/Endpoints/Payloads/DevicePayloads.swift (in target 'StreamChat' from project 'StreamChat')
    cd /Users/alexmontesino/Documents/GYM-API-IOS/Gym_API/Gym_API.xcodeproj
    

SwiftCompile normal arm64 /Users/alexmontesino/Library/Developer/Xcode/DerivedData/Gym_API-gttvbppsiybwtpahvrbhortrptkr/SourcePackages/checkouts/stream-chat-swift/Sources/StreamChat/APIClient/Endpoints/Payloads/DraftPayloads.swift (in target 'StreamChat' from project 'StreamChat')
    cd /Users/alexmontesino/Documents/GYM-API-IOS/Gym_API/Gym_API.xcodeproj
    

SwiftCompile normal arm64 /Users/alexmontesino/Library/Developer/Xcode/DerivedData/Gym_API-gttvbppsiybwtpahvrbhortrptkr/SourcePackages/checkouts/stream-chat-swift/Sources/StreamChat/APIClient/Endpoints/Payloads/FileUploadPayload.swift (in target 'StreamChat' from project 'StreamChat')
    cd /Users/alexmontesino/Documents/GYM-API-IOS/Gym_API/Gym_API.xcodeproj
    

SwiftCompile normal arm64 /Users/alexmontesino/Library/Developer/Xcode/DerivedData/Gym_API-gttvbppsiybwtpahvrbhortrptkr/SourcePackages/checkouts/stream-chat-swift/Sources/StreamChat/APIClient/Endpoints/Payloads/FlagMessagePayload.swift (in target 'StreamChat' from project 'StreamChat')
    cd /Users/alexmontesino/Documents/GYM-API-IOS/Gym_API/Gym_API.xcodeproj
    

SwiftCompile normal arm64 /Users/alexmontesino/Library/Developer/Xcode/DerivedData/Gym_API-gttvbppsiybwtpahvrbhortrptkr/SourcePackages/checkouts/stream-chat-swift/Sources/StreamChat/APIClient/Endpoints/Payloads/FlagUserPayload.swift (in target 'StreamChat' from project 'StreamChat')
    cd /Users/alexmontesino/Documents/GYM-API-IOS/Gym_API/Gym_API.xcodeproj
    

SwiftCompile normal arm64 /Users/alexmontesino/Library/Developer/Xcode/DerivedData/Gym_API-gttvbppsiybwtpahvrbhortrptkr/SourcePackages/checkouts/stream-chat-swift/Sources/StreamChat/APIClient/Endpoints/Payloads/GuestUserTokenPayload.swift (in target 'StreamChat' from project 'StreamChat')
    cd /Users/alexmontesino/Documents/GYM-API-IOS/Gym_API/Gym_API.xcodeproj
    

SwiftCompile normal arm64 /Users/alexmontesino/Library/Developer/Xcode/DerivedData/Gym_API-gttvbppsiybwtpahvrbhortrptkr/SourcePackages/checkouts/stream-chat-swift/Sources/StreamChat/APIClient/Endpoints/Payloads/IdentifiableModel.swift (in target 'StreamChat' from project 'StreamChat')
    cd /Users/alexmontesino/Documents/GYM-API-IOS/Gym_API/Gym_API.xcodeproj
    

SwiftCompile normal arm64 /Users/alexmontesino/Library/Developer/Xcode/DerivedData/Gym_API-gttvbppsiybwtpahvrbhortrptkr/SourcePackages/checkouts/stream-chat-swift/Sources/StreamChat/APIClient/Endpoints/Payloads/IdentifiablePayload.swift (in target 'StreamChat' from project 'StreamChat')
    cd /Users/alexmontesino/Documents/GYM-API-IOS/Gym_API/Gym_API.xcodeproj
    

SwiftCompile normal arm64 /Users/alexmontesino/Library/Developer/Xcode/DerivedData/Gym_API-gttvbppsiybwtpahvrbhortrptkr/SourcePackages/checkouts/stream-chat-swift/Sources/StreamChat/APIClient/Endpoints/Payloads/LocationPayloads.swift (in target 'StreamChat' from project 'StreamChat')
    cd /Users/alexmontesino/Documents/GYM-API-IOS/Gym_API/Gym_API.xcodeproj
    

SwiftCompile normal arm64 /Users/alexmontesino/Library/Developer/Xcode/DerivedData/Gym_API-gttvbppsiybwtpahvrbhortrptkr/SourcePackages/checkouts/stream-chat-swift/Sources/StreamChat/APIClient/Endpoints/Payloads/MemberPayload.swift (in target 'StreamChat' from project 'StreamChat')
    cd /Users/alexmontesino/Documents/GYM-API-IOS/Gym_API/Gym_API.xcodeproj
    

SwiftCompile normal arm64 /Users/alexmontesino/Library/Developer/Xcode/DerivedData/Gym_API-gttvbppsiybwtpahvrbhortrptkr/SourcePackages/checkouts/stream-chat-swift/Sources/StreamChat/APIClient/Endpoints/Payloads/MemberUpdatePayload.swift (in target 'StreamChat' from project 'StreamChat')
    cd /Users/alexmontesino/Documents/GYM-API-IOS/Gym_API/Gym_API.xcodeproj
    

SwiftCompile normal arm64 /Users/alexmontesino/Library/Developer/Xcode/DerivedData/Gym_API-gttvbppsiybwtpahvrbhortrptkr/SourcePackages/checkouts/stream-chat-swift/Sources/StreamChat/APIClient/Endpoints/Payloads/MessageAttachmentPayload.swift (in target 'StreamChat' from project 'StreamChat')
    cd /Users/alexmontesino/Documents/GYM-API-IOS/Gym_API/Gym_API.xcodeproj
    

SwiftCompile normal arm64 /Users/alexmontesino/Library/Developer/Xcode/DerivedData/Gym_API-gttvbppsiybwtpahvrbhortrptkr/SourcePackages/checkouts/stream-chat-swift/Sources/StreamChat/APIClient/Endpoints/Payloads/MessageModerationDetailsPayload.swift (in target 'StreamChat' from project 'StreamChat')
    cd /Users/alexmontesino/Documents/GYM-API-IOS/Gym_API/Gym_API.xcodeproj
    

SwiftCompile normal arm64 /Users/alexmontesino/Library/Developer/Xcode/DerivedData/Gym_API-gttvbppsiybwtpahvrbhortrptkr/SourcePackages/checkouts/stream-chat-swift/Sources/StreamChat/APIClient/Endpoints/Payloads/MessagePayloads.swift (in target 'StreamChat' from project 'StreamChat')
    cd /Users/alexmontesino/Documents/GYM-API-IOS/Gym_API/Gym_API.xcodeproj
    

SwiftCompile normal arm64 /Users/alexmontesino/Library/Developer/Xcode/DerivedData/Gym_API-gttvbppsiybwtpahvrbhortrptkr/SourcePackages/checkouts/stream-chat-swift/Sources/StreamChat/APIClient/Endpoints/Payloads/MessageReactionGroupPayload.swift (in target 'StreamChat' from project 'StreamChat')
    cd /Users/alexmontesino/Documents/GYM-API-IOS/Gym_API/Gym_API.xcodeproj
    

SwiftCompile normal arm64 /Users/alexmontesino/Library/Developer/Xcode/DerivedData/Gym_API-gttvbppsiybwtpahvrbhortrptkr/SourcePackages/checkouts/stream-chat-swift/Sources/StreamChat/APIClient/Endpoints/Payloads/MessageReactionPayload.swift (in target 'StreamChat' from project 'StreamChat')
    cd /Users/alexmontesino/Documents/GYM-API-IOS/Gym_API/Gym_API.xcodeproj
    

SwiftCompile normal arm64 /Users/alexmontesino/Library/Developer/Xcode/DerivedData/Gym_API-gttvbppsiybwtpahvrbhortrptkr/SourcePackages/checkouts/stream-chat-swift/Sources/StreamChat/APIClient/Endpoints/Payloads/MessageTranslationsPayload.swift (in target 'StreamChat' from project 'StreamChat')
    cd /Users/alexmontesino/Documents/GYM-API-IOS/Gym_API/Gym_API.xcodeproj
    

SwiftCompile normal arm64 /Users/alexmontesino/Library/Developer/Xcode/DerivedData/Gym_API-gttvbppsiybwtpahvrbhortrptkr/SourcePackages/checkouts/stream-chat-swift/Sources/StreamChat/APIClient/Endpoints/Payloads/MissingEventsPayload.swift (in target 'StreamChat' from project 'StreamChat')
    cd /Users/alexmontesino/Documents/GYM-API-IOS/Gym_API/Gym_API.xcodeproj
    

SwiftMergeGeneratedHeaders /Users/alexmontesino/Library/Developer/Xcode/DerivedData/Gym_API-gttvbppsiybwtpahvrbhortrptkr/Build/Intermediates.noindex/GeneratedModuleMaps-iphonesimulator/StreamChat-Swift.h /Users/alexmontesino/Library/Developer/Xcode/DerivedData/Gym_API-gttvbppsiybwtpahvrbhortrptkr/Build/Intermediates.noindex/StreamChat.build/Debug-iphonesimulator/StreamChat.build/Objects-normal/arm64/StreamChat-Swift.h (in target 'StreamChat' from project 'StreamChat')
    cd /Users/alexmontesino/Library/Developer/Xcode/DerivedData/Gym_API-gttvbppsiybwtpahvrbhortrptkr/SourcePackages/checkouts/stream-chat-swift
    builtin-swiftHeaderTool -arch arm64 /Users/alexmontesino/Library/Developer/Xcode/DerivedData/Gym_API-gttvbppsiybwtpahvrbhortrptkr/Build/Intermediates.noindex/StreamChat.build/Debug-iphonesimulator/StreamChat.build/Objects-normal/arm64/StreamChat-Swift.h -o /Users/alexmontesino/Library/Developer/Xcode/DerivedData/Gym_API-gttvbppsiybwtpahvrbhortrptkr/Build/Intermediates.noindex/GeneratedModuleMaps-iphonesimulator/StreamChat-Swift.h

SwiftDriverJobDiscovery normal arm64 Compiling BanEnabling.swift, BlockedUserDetails.swift, Channel.swift, ChannelArchivingScope.swift, ChannelId.swift, ChannelPinningScope.swift, ChannelRead.swift, ChannelType.swift, ChatMessage.swift, CurrentUser.swift, Device.swift, DraftMessage.swift, LocationInfo.swift, NewLocationInfo.swift, SharedLocation.swift, Member.swift, MessageModerationDetails.swift, MessagePinning.swift, MessageReaction.swift, MessageReactionGroup.swift, MessageReactionType.swift, MessageReminder.swift, MuteDetails.swift, ChannelPayload+asModel.swift (in target 'StreamChat' from project 'StreamChat')

Copy /Users/alexmontesino/Library/Developer/Xcode/DerivedData/Gym_API-gttvbppsiybwtpahvrbhortrptkr/Build/Products/Debug-iphonesimulator/StreamChat.swiftmodule/arm64-apple-ios-simulator.swiftmodule /Users/alexmontesino/Library/Developer/Xcode/DerivedData/Gym_API-gttvbppsiybwtpahvrbhortrptkr/Build/Intermediates.noindex/StreamChat.build/Debug-iphonesimulator/StreamChat.build/Objects-normal/arm64/StreamChat.swiftmodule (in target 'StreamChat' from project 'StreamChat')
    cd /Users/alexmontesino/Library/Developer/Xcode/DerivedData/Gym_API-gttvbppsiybwtpahvrbhortrptkr/SourcePackages/checkouts/stream-chat-swift
    builtin-copy -exclude .DS_Store -exclude CVS -exclude .svn -exclude .git -exclude .hg -resolve-src-symlinks -rename /Users/alexmontesino/Library/Developer/Xcode/DerivedData/Gym_API-gttvbppsiybwtpahvrbhortrptkr/Build/Intermediates.noindex/StreamChat.build/Debug-iphonesimulator/StreamChat.build/Objects-normal/arm64/StreamChat.swiftmodule /Users/alexmontesino/Library/Developer/Xcode/DerivedData/Gym_API-gttvbppsiybwtpahvrbhortrptkr/Build/Products/Debug-iphonesimulator/StreamChat.swiftmodule/arm64-apple-ios-simulator.swiftmodule

Copy /Users/alexmontesino/Library/Developer/Xcode/DerivedData/Gym_API-gttvbppsiybwtpahvrbhortrptkr/Build/Products/Debug-iphonesimulator/StreamChat.swiftmodule/arm64-apple-ios-simulator.swiftdoc /Users/alexmontesino/Library/Developer/Xcode/DerivedData/Gym_API-gttvbppsiybwtpahvrbhortrptkr/Build/Intermediates.noindex/StreamChat.build/Debug-iphonesimulator/StreamChat.build/Objects-normal/arm64/StreamChat.swiftdoc (in target 'StreamChat' from project 'StreamChat')
    cd /Users/alexmontesino/Library/Developer/Xcode/DerivedData/Gym_API-gttvbppsiybwtpahvrbhortrptkr/SourcePackages/checkouts/stream-chat-swift
    builtin-copy -exclude .DS_Store -exclude CVS -exclude .svn -exclude .git -exclude .hg -resolve-src-symlinks -rename /Users/alexmontesino/Library/Developer/Xcode/DerivedData/Gym_API-gttvbppsiybwtpahvrbhortrptkr/Build/Intermediates.noindex/StreamChat.build/Debug-iphonesimulator/StreamChat.build/Objects-normal/arm64/StreamChat.swiftdoc /Users/alexmontesino/Library/Developer/Xcode/DerivedData/Gym_API-gttvbppsiybwtpahvrbhortrptkr/Build/Products/Debug-iphonesimulator/StreamChat.swiftmodule/arm64-apple-ios-simulator.swiftdoc

Copy /Users/alexmontesino/Library/Developer/Xcode/DerivedData/Gym_API-gttvbppsiybwtpahvrbhortrptkr/Build/Products/Debug-iphonesimulator/StreamChat.swiftmodule/arm64-apple-ios-simulator.abi.json /Users/alexmontesino/Library/Developer/Xcode/DerivedData/Gym_API-gttvbppsiybwtpahvrbhortrptkr/Build/Intermediates.noindex/StreamChat.build/Debug-iphonesimulator/StreamChat.build/Objects-normal/arm64/StreamChat.abi.json (in target 'StreamChat' from project 'StreamChat')
    cd /Users/alexmontesino/Library/Developer/Xcode/DerivedData/Gym_API-gttvbppsiybwtpahvrbhortrptkr/SourcePackages/checkouts/stream-chat-swift
    builtin-copy -exclude .DS_Store -exclude CVS -exclude .svn -exclude .git -exclude .hg -resolve-src-symlinks -rename /Users/alexmontesino/Library/Developer/Xcode/DerivedData/Gym_API-gttvbppsiybwtpahvrbhortrptkr/Build/Intermediates.noindex/StreamChat.build/Debug-iphonesimulator/StreamChat.build/Objects-normal/arm64/StreamChat.abi.json /Users/alexmontesino/Library/Developer/Xcode/DerivedData/Gym_API-gttvbppsiybwtpahvrbhortrptkr/Build/Products/Debug-iphonesimulator/StreamChat.swiftmodule/arm64-apple-ios-simulator.abi.json

Copy /Users/alexmontesino/Library/Developer/Xcode/DerivedData/Gym_API-gttvbppsiybwtpahvrbhortrptkr/Build/Products/Debug-iphonesimulator/StreamChat.swiftmodule/Project/arm64-apple-ios-simulator.swiftsourceinfo /Users/alexmontesino/Library/Developer/Xcode/DerivedData/Gym_API-gttvbppsiybwtpahvrbhortrptkr/Build/Intermediates.noindex/StreamChat.build/Debug-iphonesimulator/StreamChat.build/Objects-normal/arm64/StreamChat.swiftsourceinfo (in target 'StreamChat' from project 'StreamChat')
    cd /Users/alexmontesino/Library/Developer/Xcode/DerivedData/Gym_API-gttvbppsiybwtpahvrbhortrptkr/SourcePackages/checkouts/stream-chat-swift
    builtin-copy -exclude .DS_Store -exclude CVS -exclude .svn -exclude .git -exclude .hg -resolve-src-symlinks -rename /Users/alexmontesino/Library/Developer/Xcode/DerivedData/Gym_API-gttvbppsiybwtpahvrbhortrptkr/Build/Intermediates.noindex/StreamChat.build/Debug-iphonesimulator/StreamChat.build/Objects-normal/arm64/StreamChat.swiftsourceinfo /Users/alexmontesino/Library/Developer/Xcode/DerivedData/Gym_API-gttvbppsiybwtpahvrbhortrptkr/Build/Products/Debug-iphonesimulator/StreamChat.swiftmodule/Project/arm64-apple-ios-simulator.swiftsourceinfo

SwiftCompile normal arm64 Compiling\ EventsController+Combine.swift,\ EventsController+SwiftUI.swift,\ EventsController.swift,\ MemberController+Combine.swift,\ MemberController+SwiftUI.swift,\ MemberController.swift,\ MemberListController+Combine.swift,\ MemberListController+SwiftUI.swift,\ MemberListController.swift,\ MessageController+Combine.swift,\ MessageController+SwiftUI.swift,\ MessageController.swift,\ MessageReminderListController+Combine.swift,\ MessageReminderListController.swift,\ PollController+Combine.swift,\ PollController+SwiftUI.swift,\ PollController.swift,\ PollControllerDelegate.swift,\ PollVoteListController+Combine.swift,\ PollVoteListController+SwiftUI.swift,\ PollVoteListController.swift,\ ChatClient+ReactionListController.swift,\ ReactionListController+Combine.swift,\ ReactionListController+SwiftUI.swift /Users/alexmontesino/Library/Developer/Xcode/DerivedData/Gym_API-gttvbppsiybwtpahvrbhortrptkr/SourcePackages/checkouts/stream-chat-swift/Sources/StreamChat/Controllers/EventsController/EventsController+Combine.swift /Users/alexmontesino/Library/Developer/Xcode/DerivedData/Gym_API-gttvbppsiybwtpahvrbhortrptkr/SourcePackages/checkouts/stream-chat-swift/Sources/StreamChat/Controllers/EventsController/EventsController+SwiftUI.swift /Users/alexmontesino/Library/Developer/Xcode/DerivedData/Gym_API-gttvbppsiybwtpahvrbhortrptkr/SourcePackages/checkouts/stream-chat-swift/Sources/StreamChat/Controllers/EventsController/EventsController.swift /Users/alexmontesino/Library/Developer/Xcode/DerivedData/Gym_API-gttvbppsiybwtpahvrbhortrptkr/SourcePackages/checkouts/stream-chat-swift/Sources/StreamChat/Controllers/MemberController/MemberController+Combine.swift /Users/alexmontesino/Library/Developer/Xcode/DerivedData/Gym_API-gttvbppsiybwtpahvrbhortrptkr/SourcePackages/checkouts/stream-chat-swift/Sources/StreamChat/Controllers/MemberController/MemberController+SwiftUI.swift /Users/alexmontesino/Library/Developer/Xcode/DerivedData/Gym_API-gttvbppsiybwtpahvrbhortrptkr/SourcePackages/checkouts/stream-chat-swift/Sources/StreamChat/Controllers/MemberController/MemberController.swift /Users/alexmontesino/Library/Developer/Xcode/DerivedData/Gym_API-gttvbppsiybwtpahvrbhortrptkr/SourcePackages/checkouts/stream-chat-swift/Sources/StreamChat/Controllers/MemberListController/MemberListController+Combine.swift /Users/alexmontesino/Library/Developer/Xcode/DerivedData/Gym_API-gttvbppsiybwtpahvrbhortrptkr/SourcePackages/checkouts/stream-chat-swift/Sources/StreamChat/Controllers/MemberListController/MemberListController+SwiftUI.swift /Users/alexmontesino/Library/Developer/Xcode/DerivedData/Gym_API-gttvbppsiybwtpahvrbhortrptkr/SourcePackages/checkouts/stream-chat-swift/Sources/StreamChat/Controllers/MemberListController/MemberListController.swift /Users/alexmontesino/Library/Developer/Xcode/DerivedData/Gym_API-gttvbppsiybwtpahvrbhortrptkr/SourcePackages/checkouts/stream-chat-swift/Sources/StreamChat/Controllers/MessageController/MessageController+Combine.swift /Users/alexmontesino/Library/Developer/Xcode/DerivedData/Gym_API-gttvbppsiybwtpahvrbhortrptkr/SourcePackages/checkouts/stream-chat-swift/Sources/StreamChat/Controllers/MessageController/MessageController+SwiftUI.swift /Users/alexmontesino/Library/Developer/Xcode/DerivedData/Gym_API-gttvbppsiybwtpahvrbhortrptkr/SourcePackages/checkouts/stream-chat-swift/Sources/StreamChat/Controllers/MessageController/MessageController.swift /Users/alexmontesino/Library/Developer/Xcode/DerivedData/Gym_API-gttvbppsiybwtpahvrbhortrptkr/SourcePackages/checkouts/stream-chat-swift/Sources/StreamChat/Controllers/MessageReminderListController/MessageReminderListController+Combine.swift /Users/alexmontesino/Library/Developer/Xcode/DerivedData/Gym_API-gttvbppsiybwtpahvrbhortrptkr/SourcePackages/checkouts/stream-chat-swift/Sources/StreamChat/Controllers/MessageReminderListController/MessageReminderListController.swift /Users/alexmontesino/Library/Developer/Xcode/DerivedData/Gym_API-gttvbppsiybwtpahvrbhortrptkr/SourcePackages/checkouts/stream-chat-swift/Sources/StreamChat/Controllers/PollController/PollController+Combine.swift /Users/alexmontesino/Library/Developer/Xcode/DerivedData/Gym_API-gttvbppsiybwtpahvrbhortrptkr/SourcePackages/checkouts/stream-chat-swift/Sources/StreamChat/Controllers/PollController/PollController+SwiftUI.swift /Users/alexmontesino/Library/Developer/Xcode/DerivedData/Gym_API-gttvbppsiybwtpahvrbhortrptkr/SourcePackages/checkouts/stream-chat-swift/Sources/StreamChat/Controllers/PollController/PollController.swift /Users/alexmontesino/Library/Developer/Xcode/DerivedData/Gym_API-gttvbppsiybwtpahvrbhortrptkr/SourcePackages/checkouts/stream-chat-swift/Sources/StreamChat/Controllers/PollController/PollControllerDelegate.swift /Users/alexmontesino/Library/Developer/Xcode/DerivedData/Gym_API-gttvbppsiybwtpahvrbhortrptkr/SourcePackages/checkouts/stream-chat-swift/Sources/StreamChat/Controllers/PollController/PollVoteListController+Combine.swift /Users/alexmontesino/Library/Developer/Xcode/DerivedData/Gym_API-gttvbppsiybwtpahvrbhortrptkr/SourcePackages/checkouts/stream-chat-swift/Sources/StreamChat/Controllers/PollController/PollVoteListController+SwiftUI.swift /Users/alexmontesino/Library/Developer/Xcode/DerivedData/Gym_API-gttvbppsiybwtpahvrbhortrptkr/SourcePackages/checkouts/stream-chat-swift/Sources/StreamChat/Controllers/PollController/PollVoteListController.swift /Users/alexmontesino/Library/Developer/Xcode/DerivedData/Gym_API-gttvbppsiybwtpahvrbhortrptkr/SourcePackages/checkouts/stream-chat-swift/Sources/StreamChat/Controllers/ReactionListController/ChatClient+ReactionListController.swift /Users/alexmontesino/Library/Developer/Xcode/DerivedData/Gym_API-gttvbppsiybwtpahvrbhortrptkr/SourcePackages/checkouts/stream-chat-swift/Sources/StreamChat/Controllers/ReactionListController/ReactionListController+Combine.swift /Users/alexmontesino/Library/Developer/Xcode/DerivedData/Gym_API-gttvbppsiybwtpahvrbhortrptkr/SourcePackages/checkouts/stream-chat-swift/Sources/StreamChat/Controllers/ReactionListController/ReactionListController+SwiftUI.swift (in target 'StreamChat' from project 'StreamChat')

SwiftCompile normal arm64 /Users/alexmontesino/Library/Developer/Xcode/DerivedData/Gym_API-gttvbppsiybwtpahvrbhortrptkr/SourcePackages/checkouts/stream-chat-swift/Sources/StreamChat/Controllers/EventsController/EventsController+Combine.swift (in target 'StreamChat' from project 'StreamChat')
    cd /Users/alexmontesino/Documents/GYM-API-IOS/Gym_API/Gym_API.xcodeproj
    

SwiftCompile normal arm64 /Users/alexmontesino/Library/Developer/Xcode/DerivedData/Gym_API-gttvbppsiybwtpahvrbhortrptkr/SourcePackages/checkouts/stream-chat-swift/Sources/StreamChat/Controllers/EventsController/EventsController+SwiftUI.swift (in target 'StreamChat' from project 'StreamChat')
    cd /Users/alexmontesino/Documents/GYM-API-IOS/Gym_API/Gym_API.xcodeproj
    

SwiftCompile normal arm64 /Users/alexmontesino/Library/Developer/Xcode/DerivedData/Gym_API-gttvbppsiybwtpahvrbhortrptkr/SourcePackages/checkouts/stream-chat-swift/Sources/StreamChat/Controllers/EventsController/EventsController.swift (in target 'StreamChat' from project 'StreamChat')
    cd /Users/alexmontesino/Documents/GYM-API-IOS/Gym_API/Gym_API.xcodeproj
    

SwiftCompile normal arm64 /Users/alexmontesino/Library/Developer/Xcode/DerivedData/Gym_API-gttvbppsiybwtpahvrbhortrptkr/SourcePackages/checkouts/stream-chat-swift/Sources/StreamChat/Controllers/MemberController/MemberController+Combine.swift (in target 'StreamChat' from project 'StreamChat')
    cd /Users/alexmontesino/Documents/GYM-API-IOS/Gym_API/Gym_API.xcodeproj
    

SwiftCompile normal arm64 /Users/alexmontesino/Library/Developer/Xcode/DerivedData/Gym_API-gttvbppsiybwtpahvrbhortrptkr/SourcePackages/checkouts/stream-chat-swift/Sources/StreamChat/Controllers/MemberController/MemberController+SwiftUI.swift (in target 'StreamChat' from project 'StreamChat')
    cd /Users/alexmontesino/Documents/GYM-API-IOS/Gym_API/Gym_API.xcodeproj
    

SwiftCompile normal arm64 /Users/alexmontesino/Library/Developer/Xcode/DerivedData/Gym_API-gttvbppsiybwtpahvrbhortrptkr/SourcePackages/checkouts/stream-chat-swift/Sources/StreamChat/Controllers/MemberController/MemberController.swift (in target 'StreamChat' from project 'StreamChat')
    cd /Users/alexmontesino/Documents/GYM-API-IOS/Gym_API/Gym_API.xcodeproj
    

SwiftCompile normal arm64 /Users/alexmontesino/Library/Developer/Xcode/DerivedData/Gym_API-gttvbppsiybwtpahvrbhortrptkr/SourcePackages/checkouts/stream-chat-swift/Sources/StreamChat/Controllers/MemberListController/MemberListController+Combine.swift (in target 'StreamChat' from project 'StreamChat')
    cd /Users/alexmontesino/Documents/GYM-API-IOS/Gym_API/Gym_API.xcodeproj
    

SwiftCompile normal arm64 /Users/alexmontesino/Library/Developer/Xcode/DerivedData/Gym_API-gttvbppsiybwtpahvrbhortrptkr/SourcePackages/checkouts/stream-chat-swift/Sources/StreamChat/Controllers/MemberListController/MemberListController+SwiftUI.swift (in target 'StreamChat' from project 'StreamChat')
    cd /Users/alexmontesino/Documents/GYM-API-IOS/Gym_API/Gym_API.xcodeproj
    

SwiftCompile normal arm64 /Users/alexmontesino/Library/Developer/Xcode/DerivedData/Gym_API-gttvbppsiybwtpahvrbhortrptkr/SourcePackages/checkouts/stream-chat-swift/Sources/StreamChat/Controllers/MemberListController/MemberListController.swift (in target 'StreamChat' from project 'StreamChat')
    cd /Users/alexmontesino/Documents/GYM-API-IOS/Gym_API/Gym_API.xcodeproj
    

SwiftCompile normal arm64 /Users/alexmontesino/Library/Developer/Xcode/DerivedData/Gym_API-gttvbppsiybwtpahvrbhortrptkr/SourcePackages/checkouts/stream-chat-swift/Sources/StreamChat/Controllers/MessageController/MessageController+Combine.swift (in target 'StreamChat' from project 'StreamChat')
    cd /Users/alexmontesino/Documents/GYM-API-IOS/Gym_API/Gym_API.xcodeproj
    

SwiftCompile normal arm64 /Users/alexmontesino/Library/Developer/Xcode/DerivedData/Gym_API-gttvbppsiybwtpahvrbhortrptkr/SourcePackages/checkouts/stream-chat-swift/Sources/StreamChat/Controllers/MessageController/MessageController+SwiftUI.swift (in target 'StreamChat' from project 'StreamChat')
    cd /Users/alexmontesino/Documents/GYM-API-IOS/Gym_API/Gym_API.xcodeproj
    

SwiftCompile normal arm64 /Users/alexmontesino/Library/Developer/Xcode/DerivedData/Gym_API-gttvbppsiybwtpahvrbhortrptkr/SourcePackages/checkouts/stream-chat-swift/Sources/StreamChat/Controllers/MessageController/MessageController.swift (in target 'StreamChat' from project 'StreamChat')
    cd /Users/alexmontesino/Documents/GYM-API-IOS/Gym_API/Gym_API.xcodeproj
    

SwiftCompile normal arm64 /Users/alexmontesino/Library/Developer/Xcode/DerivedData/Gym_API-gttvbppsiybwtpahvrbhortrptkr/SourcePackages/checkouts/stream-chat-swift/Sources/StreamChat/Controllers/MessageReminderListController/MessageReminderListController+Combine.swift (in target 'StreamChat' from project 'StreamChat')
    cd /Users/alexmontesino/Documents/GYM-API-IOS/Gym_API/Gym_API.xcodeproj
    

SwiftCompile normal arm64 /Users/alexmontesino/Library/Developer/Xcode/DerivedData/Gym_API-gttvbppsiybwtpahvrbhortrptkr/SourcePackages/checkouts/stream-chat-swift/Sources/StreamChat/Controllers/MessageReminderListController/MessageReminderListController.swift (in target 'StreamChat' from project 'StreamChat')
    cd /Users/alexmontesino/Documents/GYM-API-IOS/Gym_API/Gym_API.xcodeproj
    

SwiftCompile normal arm64 /Users/alexmontesino/Library/Developer/Xcode/DerivedData/Gym_API-gttvbppsiybwtpahvrbhortrptkr/SourcePackages/checkouts/stream-chat-swift/Sources/StreamChat/Controllers/PollController/PollController+Combine.swift (in target 'StreamChat' from project 'StreamChat')
    cd /Users/alexmontesino/Documents/GYM-API-IOS/Gym_API/Gym_API.xcodeproj
    

SwiftCompile normal arm64 /Users/alexmontesino/Library/Developer/Xcode/DerivedData/Gym_API-gttvbppsiybwtpahvrbhortrptkr/SourcePackages/checkouts/stream-chat-swift/Sources/StreamChat/Controllers/PollController/PollController+SwiftUI.swift (in target 'StreamChat' from project 'StreamChat')
    cd /Users/alexmontesino/Documents/GYM-API-IOS/Gym_API/Gym_API.xcodeproj
    

SwiftCompile normal arm64 /Users/alexmontesino/Library/Developer/Xcode/DerivedData/Gym_API-gttvbppsiybwtpahvrbhortrptkr/SourcePackages/checkouts/stream-chat-swift/Sources/StreamChat/Controllers/PollController/PollController.swift (in target 'StreamChat' from project 'StreamChat')
    cd /Users/alexmontesino/Documents/GYM-API-IOS/Gym_API/Gym_API.xcodeproj
    

SwiftCompile normal arm64 /Users/alexmontesino/Library/Developer/Xcode/DerivedData/Gym_API-gttvbppsiybwtpahvrbhortrptkr/SourcePackages/checkouts/stream-chat-swift/Sources/StreamChat/Controllers/PollController/PollControllerDelegate.swift (in target 'StreamChat' from project 'StreamChat')
    cd /Users/alexmontesino/Documents/GYM-API-IOS/Gym_API/Gym_API.xcodeproj
    

SwiftCompile normal arm64 /Users/alexmontesino/Library/Developer/Xcode/DerivedData/Gym_API-gttvbppsiybwtpahvrbhortrptkr/SourcePackages/checkouts/stream-chat-swift/Sources/StreamChat/Controllers/PollController/PollVoteListController+Combine.swift (in target 'StreamChat' from project 'StreamChat')
    cd /Users/alexmontesino/Documents/GYM-API-IOS/Gym_API/Gym_API.xcodeproj
    

SwiftCompile normal arm64 /Users/alexmontesino/Library/Developer/Xcode/DerivedData/Gym_API-gttvbppsiybwtpahvrbhortrptkr/SourcePackages/checkouts/stream-chat-swift/Sources/StreamChat/Controllers/PollController/PollVoteListController+SwiftUI.swift (in target 'StreamChat' from project 'StreamChat')
    cd /Users/alexmontesino/Documents/GYM-API-IOS/Gym_API/Gym_API.xcodeproj
    

SwiftCompile normal arm64 /Users/alexmontesino/Library/Developer/Xcode/DerivedData/Gym_API-gttvbppsiybwtpahvrbhortrptkr/SourcePackages/checkouts/stream-chat-swift/Sources/StreamChat/Controllers/PollController/PollVoteListController.swift (in target 'StreamChat' from project 'StreamChat')
    cd /Users/alexmontesino/Documents/GYM-API-IOS/Gym_API/Gym_API.xcodeproj
    

SwiftCompile normal arm64 /Users/alexmontesino/Library/Developer/Xcode/DerivedData/Gym_API-gttvbppsiybwtpahvrbhortrptkr/SourcePackages/checkouts/stream-chat-swift/Sources/StreamChat/Controllers/ReactionListController/ChatClient+ReactionListController.swift (in target 'StreamChat' from project 'StreamChat')
    cd /Users/alexmontesino/Documents/GYM-API-IOS/Gym_API/Gym_API.xcodeproj
    

SwiftCompile normal arm64 /Users/alexmontesino/Library/Developer/Xcode/DerivedData/Gym_API-gttvbppsiybwtpahvrbhortrptkr/SourcePackages/checkouts/stream-chat-swift/Sources/StreamChat/Controllers/ReactionListController/ReactionListController+Combine.swift (in target 'StreamChat' from project 'StreamChat')
    cd /Users/alexmontesino/Documents/GYM-API-IOS/Gym_API/Gym_API.xcodeproj
    

SwiftCompile normal arm64 /Users/alexmontesino/Library/Developer/Xcode/DerivedData/Gym_API-gttvbppsiybwtpahvrbhortrptkr/SourcePackages/checkouts/stream-chat-swift/Sources/StreamChat/Controllers/ReactionListController/ReactionListController+SwiftUI.swift (in target 'StreamChat' from project 'StreamChat')
    cd /Users/alexmontesino/Documents/GYM-API-IOS/Gym_API/Gym_API.xcodeproj
    

SwiftCompile normal arm64 Compiling\ ThreadsRepository.swift,\ ChannelList.swift,\ ChannelListState+Observer.swift,\ ChannelListState.swift,\ Chat.swift,\ ChatClient+Factory.swift,\ ChatState+Observer.swift,\ ChatState.swift,\ ConnectedUser.swift,\ ConnectedUserState+Observer.swift,\ ConnectedUserState.swift,\ StateLayerDatabaseObserver.swift,\ MemberList.swift,\ MemberListState+Observer.swift,\ MemberListState.swift,\ MessageSearch.swift,\ MessageSearchState+Observer.swift,\ MessageSearchState.swift,\ MessageState+Observer.swift,\ MessageState.swift,\ ReactionList.swift,\ ReactionListState+Observer.swift,\ ReactionListState.swift,\ UserList.swift /Users/alexmontesino/Library/Developer/Xcode/DerivedData/Gym_API-gttvbppsiybwtpahvrbhortrptkr/SourcePackages/checkouts/stream-chat-swift/Sources/StreamChat/Repositories/ThreadsRepository.swift /Users/alexmontesino/Library/Developer/Xcode/DerivedData/Gym_API-gttvbppsiybwtpahvrbhortrptkr/SourcePackages/checkouts/stream-chat-swift/Sources/StreamChat/StateLayer/ChannelList.swift /Users/alexmontesino/Library/Developer/Xcode/DerivedData/Gym_API-gttvbppsiybwtpahvrbhortrptkr/SourcePackages/checkouts/stream-chat-swift/Sources/StreamChat/StateLayer/ChannelListState+Observer.swift /Users/alexmontesino/Library/Developer/Xcode/DerivedData/Gym_API-gttvbppsiybwtpahvrbhortrptkr/SourcePackages/checkouts/stream-chat-swift/Sources/StreamChat/StateLayer/ChannelListState.swift /Users/alexmontesino/Library/Developer/Xcode/DerivedData/Gym_API-gttvbppsiybwtpahvrbhortrptkr/SourcePackages/checkouts/stream-chat-swift/Sources/StreamChat/StateLayer/Chat.swift /Users/alexmontesino/Library/Developer/Xcode/DerivedData/Gym_API-gttvbppsiybwtpahvrbhortrptkr/SourcePackages/checkouts/stream-chat-swift/Sources/StreamChat/StateLayer/ChatClient+Factory.swift /Users/alexmontesino/Library/Developer/Xcode/DerivedData/Gym_API-gttvbppsiybwtpahvrbhortrptkr/SourcePackages/checkouts/stream-chat-swift/Sources/StreamChat/StateLayer/ChatState+Observer.swift /Users/alexmontesino/Library/Developer/Xcode/DerivedData/Gym_API-gttvbppsiybwtpahvrbhortrptkr/SourcePackages/checkouts/stream-chat-swift/Sources/StreamChat/StateLayer/ChatState.swift /Users/alexmontesino/Library/Developer/Xcode/DerivedData/Gym_API-gttvbppsiybwtpahvrbhortrptkr/SourcePackages/checkouts/stream-chat-swift/Sources/StreamChat/StateLayer/ConnectedUser.swift /Users/alexmontesino/Library/Developer/Xcode/DerivedData/Gym_API-gttvbppsiybwtpahvrbhortrptkr/SourcePackages/checkouts/stream-chat-swift/Sources/StreamChat/StateLayer/ConnectedUserState+Observer.swift /Users/alexmontesino/Library/Developer/Xcode/DerivedData/Gym_API-gttvbppsiybwtpahvrbhortrptkr/SourcePackages/checkouts/stream-chat-swift/Sources/StreamChat/StateLayer/ConnectedUserState.swift /Users/alexmontesino/Library/Developer/Xcode/DerivedData/Gym_API-gttvbppsiybwtpahvrbhortrptkr/SourcePackages/checkouts/stream-chat-swift/Sources/StreamChat/StateLayer/DatabaseObserver/StateLayerDatabaseObserver.swift /Users/alexmontesino/Library/Developer/Xcode/DerivedData/Gym_API-gttvbppsiybwtpahvrbhortrptkr/SourcePackages/checkouts/stream-chat-swift/Sources/StreamChat/StateLayer/MemberList.swift /Users/alexmontesino/Library/Developer/Xcode/DerivedData/Gym_API-gttvbppsiybwtpahvrbhortrptkr/SourcePackages/checkouts/stream-chat-swift/Sources/StreamChat/StateLayer/MemberListState+Observer.swift /Users/alexmontesino/Library/Developer/Xcode/DerivedData/Gym_API-gttvbppsiybwtpahvrbhortrptkr/SourcePackages/checkouts/stream-chat-swift/Sources/StreamChat/StateLayer/MemberListState.swift /Users/alexmontesino/Library/Developer/Xcode/DerivedData/Gym_API-gttvbppsiybwtpahvrbhortrptkr/SourcePackages/checkouts/stream-chat-swift/Sources/StreamChat/StateLayer/MessageSearch.swift /Users/alexmontesino/Library/Developer/Xcode/DerivedData/Gym_API-gttvbppsiybwtpahvrbhortrptkr/SourcePackages/checkouts/stream-chat-swift/Sources/StreamChat/StateLayer/MessageSearchState+Observer.swift /Users/alexmontesino/Library/Developer/Xcode/DerivedData/Gym_API-gttvbppsiybwtpahvrbhortrptkr/SourcePackages/checkouts/stream-chat-swift/Sources/StreamChat/StateLayer/MessageSearchState.swift /Users/alexmontesino/Library/Developer/Xcode/DerivedData/Gym_API-gttvbppsiybwtpahvrbhortrptkr/SourcePackages/checkouts/stream-chat-swift/Sources/StreamChat/StateLayer/MessageState+Observer.swift /Users/alexmontesino/Library/Developer/Xcode/DerivedData/Gym_API-gttvbppsiybwtpahvrbhortrptkr/SourcePackages/checkouts/stream-chat-swift/Sources/StreamChat/StateLayer/MessageState.swift /Users/alexmontesino/Library/Developer/Xcode/DerivedData/Gym_API-gttvbppsiybwtpahvrbhortrptkr/SourcePackages/checkouts/stream-chat-swift/Sources/StreamChat/StateLayer/ReactionList.swift /Users/alexmontesino/Library/Developer/Xcode/DerivedData/Gym_API-gttvbppsiybwtpahvrbhortrptkr/SourcePackages/checkouts/stream-chat-swift/Sources/StreamChat/StateLayer/ReactionListState+Observer.swift /Users/alexmontesino/Library/Developer/Xcode/DerivedData/Gym_API-gttvbppsiybwtpahvrbhortrptkr/SourcePackages/checkouts/stream-chat-swift/Sources/StreamChat/StateLayer/ReactionListState.swift /Users/alexmontesino/Library/Developer/Xcode/DerivedData/Gym_API-gttvbppsiybwtpahvrbhortrptkr/SourcePackages/checkouts/stream-chat-swift/Sources/StreamChat/StateLayer/UserList.swift (in target 'StreamChat' from project 'StreamChat')

SwiftCompile normal arm64 /Users/alexmontesino/Library/Developer/Xcode/DerivedData/Gym_API-gttvbppsiybwtpahvrbhortrptkr/SourcePackages/checkouts/stream-chat-swift/Sources/StreamChat/Repositories/ThreadsRepository.swift (in target 'StreamChat' from project 'StreamChat')
    cd /Users/alexmontesino/Documents/GYM-API-IOS/Gym_API/Gym_API.xcodeproj
    

SwiftCompile normal arm64 /Users/alexmontesino/Library/Developer/Xcode/DerivedData/Gym_API-gttvbppsiybwtpahvrbhortrptkr/SourcePackages/checkouts/stream-chat-swift/Sources/StreamChat/StateLayer/ChannelList.swift (in target 'StreamChat' from project 'StreamChat')
    cd /Users/alexmontesino/Documents/GYM-API-IOS/Gym_API/Gym_API.xcodeproj
    

SwiftCompile normal arm64 /Users/alexmontesino/Library/Developer/Xcode/DerivedData/Gym_API-gttvbppsiybwtpahvrbhortrptkr/SourcePackages/checkouts/stream-chat-swift/Sources/StreamChat/StateLayer/ChannelListState+Observer.swift (in target 'StreamChat' from project 'StreamChat')
    cd /Users/alexmontesino/Documents/GYM-API-IOS/Gym_API/Gym_API.xcodeproj
    

SwiftCompile normal arm64 /Users/alexmontesino/Library/Developer/Xcode/DerivedData/Gym_API-gttvbppsiybwtpahvrbhortrptkr/SourcePackages/checkouts/stream-chat-swift/Sources/StreamChat/StateLayer/ChannelListState.swift (in target 'StreamChat' from project 'StreamChat')
    cd /Users/alexmontesino/Documents/GYM-API-IOS/Gym_API/Gym_API.xcodeproj
    

SwiftCompile normal arm64 /Users/alexmontesino/Library/Developer/Xcode/DerivedData/Gym_API-gttvbppsiybwtpahvrbhortrptkr/SourcePackages/checkouts/stream-chat-swift/Sources/StreamChat/StateLayer/Chat.swift (in target 'StreamChat' from project 'StreamChat')
    cd /Users/alexmontesino/Documents/GYM-API-IOS/Gym_API/Gym_API.xcodeproj
    

SwiftCompile normal arm64 /Users/alexmontesino/Library/Developer/Xcode/DerivedData/Gym_API-gttvbppsiybwtpahvrbhortrptkr/SourcePackages/checkouts/stream-chat-swift/Sources/StreamChat/StateLayer/ChatClient+Factory.swift (in target 'StreamChat' from project 'StreamChat')
    cd /Users/alexmontesino/Documents/GYM-API-IOS/Gym_API/Gym_API.xcodeproj
    

SwiftCompile normal arm64 /Users/alexmontesino/Library/Developer/Xcode/DerivedData/Gym_API-gttvbppsiybwtpahvrbhortrptkr/SourcePackages/checkouts/stream-chat-swift/Sources/StreamChat/StateLayer/ChatState+Observer.swift (in target 'StreamChat' from project 'StreamChat')
    cd /Users/alexmontesino/Documents/GYM-API-IOS/Gym_API/Gym_API.xcodeproj
    

SwiftCompile normal arm64 /Users/alexmontesino/Library/Developer/Xcode/DerivedData/Gym_API-gttvbppsiybwtpahvrbhortrptkr/SourcePackages/checkouts/stream-chat-swift/Sources/StreamChat/StateLayer/ChatState.swift (in target 'StreamChat' from project 'StreamChat')
    cd /Users/alexmontesino/Documents/GYM-API-IOS/Gym_API/Gym_API.xcodeproj
    

SwiftCompile normal arm64 /Users/alexmontesino/Library/Developer/Xcode/DerivedData/Gym_API-gttvbppsiybwtpahvrbhortrptkr/SourcePackages/checkouts/stream-chat-swift/Sources/StreamChat/StateLayer/ConnectedUser.swift (in target 'StreamChat' from project 'StreamChat')
    cd /Users/alexmontesino/Documents/GYM-API-IOS/Gym_API/Gym_API.xcodeproj
    

SwiftCompile normal arm64 /Users/alexmontesino/Library/Developer/Xcode/DerivedData/Gym_API-gttvbppsiybwtpahvrbhortrptkr/SourcePackages/checkouts/stream-chat-swift/Sources/StreamChat/StateLayer/ConnectedUserState+Observer.swift (in target 'StreamChat' from project 'StreamChat')
    cd /Users/alexmontesino/Documents/GYM-API-IOS/Gym_API/Gym_API.xcodeproj
    

SwiftCompile normal arm64 /Users/alexmontesino/Library/Developer/Xcode/DerivedData/Gym_API-gttvbppsiybwtpahvrbhortrptkr/SourcePackages/checkouts/stream-chat-swift/Sources/StreamChat/StateLayer/ConnectedUserState.swift (in target 'StreamChat' from project 'StreamChat')
    cd /Users/alexmontesino/Documents/GYM-API-IOS/Gym_API/Gym_API.xcodeproj
    

SwiftCompile normal arm64 /Users/alexmontesino/Library/Developer/Xcode/DerivedData/Gym_API-gttvbppsiybwtpahvrbhortrptkr/SourcePackages/checkouts/stream-chat-swift/Sources/StreamChat/StateLayer/DatabaseObserver/StateLayerDatabaseObserver.swift (in target 'StreamChat' from project 'StreamChat')
    cd /Users/alexmontesino/Documents/GYM-API-IOS/Gym_API/Gym_API.xcodeproj
    

SwiftCompile normal arm64 /Users/alexmontesino/Library/Developer/Xcode/DerivedData/Gym_API-gttvbppsiybwtpahvrbhortrptkr/SourcePackages/checkouts/stream-chat-swift/Sources/StreamChat/StateLayer/MemberList.swift (in target 'StreamChat' from project 'StreamChat')
    cd /Users/alexmontesino/Documents/GYM-API-IOS/Gym_API/Gym_API.xcodeproj
    

SwiftCompile normal arm64 /Users/alexmontesino/Library/Developer/Xcode/DerivedData/Gym_API-gttvbppsiybwtpahvrbhortrptkr/SourcePackages/checkouts/stream-chat-swift/Sources/StreamChat/StateLayer/MemberListState+Observer.swift (in target 'StreamChat' from project 'StreamChat')
    cd /Users/alexmontesino/Documents/GYM-API-IOS/Gym_API/Gym_API.xcodeproj
    

SwiftCompile normal arm64 /Users/alexmontesino/Library/Developer/Xcode/DerivedData/Gym_API-gttvbppsiybwtpahvrbhortrptkr/SourcePackages/checkouts/stream-chat-swift/Sources/StreamChat/StateLayer/MemberListState.swift (in target 'StreamChat' from project 'StreamChat')
    cd /Users/alexmontesino/Documents/GYM-API-IOS/Gym_API/Gym_API.xcodeproj
    

SwiftCompile normal arm64 /Users/alexmontesino/Library/Developer/Xcode/DerivedData/Gym_API-gttvbppsiybwtpahvrbhortrptkr/SourcePackages/checkouts/stream-chat-swift/Sources/StreamChat/StateLayer/MessageSearch.swift (in target 'StreamChat' from project 'StreamChat')
    cd /Users/alexmontesino/Documents/GYM-API-IOS/Gym_API/Gym_API.xcodeproj
    

SwiftCompile normal arm64 /Users/alexmontesino/Library/Developer/Xcode/DerivedData/Gym_API-gttvbppsiybwtpahvrbhortrptkr/SourcePackages/checkouts/stream-chat-swift/Sources/StreamChat/StateLayer/MessageSearchState+Observer.swift (in target 'StreamChat' from project 'StreamChat')
    cd /Users/alexmontesino/Documents/GYM-API-IOS/Gym_API/Gym_API.xcodeproj
    

SwiftCompile normal arm64 /Users/alexmontesino/Library/Developer/Xcode/DerivedData/Gym_API-gttvbppsiybwtpahvrbhortrptkr/SourcePackages/checkouts/stream-chat-swift/Sources/StreamChat/StateLayer/MessageSearchState.swift (in target 'StreamChat' from project 'StreamChat')
    cd /Users/alexmontesino/Documents/GYM-API-IOS/Gym_API/Gym_API.xcodeproj
    

SwiftCompile normal arm64 /Users/alexmontesino/Library/Developer/Xcode/DerivedData/Gym_API-gttvbppsiybwtpahvrbhortrptkr/SourcePackages/checkouts/stream-chat-swift/Sources/StreamChat/StateLayer/MessageState+Observer.swift (in target 'StreamChat' from project 'StreamChat')
    cd /Users/alexmontesino/Documents/GYM-API-IOS/Gym_API/Gym_API.xcodeproj
    

SwiftCompile normal arm64 /Users/alexmontesino/Library/Developer/Xcode/DerivedData/Gym_API-gttvbppsiybwtpahvrbhortrptkr/SourcePackages/checkouts/stream-chat-swift/Sources/StreamChat/StateLayer/MessageState.swift (in target 'StreamChat' from project 'StreamChat')
    cd /Users/alexmontesino/Documents/GYM-API-IOS/Gym_API/Gym_API.xcodeproj
    

SwiftCompile normal arm64 /Users/alexmontesino/Library/Developer/Xcode/DerivedData/Gym_API-gttvbppsiybwtpahvrbhortrptkr/SourcePackages/checkouts/stream-chat-swift/Sources/StreamChat/StateLayer/ReactionList.swift (in target 'StreamChat' from project 'StreamChat')
    cd /Users/alexmontesino/Documents/GYM-API-IOS/Gym_API/Gym_API.xcodeproj
    

SwiftCompile normal arm64 /Users/alexmontesino/Library/Developer/Xcode/DerivedData/Gym_API-gttvbppsiybwtpahvrbhortrptkr/SourcePackages/checkouts/stream-chat-swift/Sources/StreamChat/StateLayer/ReactionListState+Observer.swift (in target 'StreamChat' from project 'StreamChat')
    cd /Users/alexmontesino/Documents/GYM-API-IOS/Gym_API/Gym_API.xcodeproj
    

SwiftCompile normal arm64 /Users/alexmontesino/Library/Developer/Xcode/DerivedData/Gym_API-gttvbppsiybwtpahvrbhortrptkr/SourcePackages/checkouts/stream-chat-swift/Sources/StreamChat/StateLayer/ReactionListState.swift (in target 'StreamChat' from project 'StreamChat')
    cd /Users/alexmontesino/Documents/GYM-API-IOS/Gym_API/Gym_API.xcodeproj
    

SwiftCompile normal arm64 /Users/alexmontesino/Library/Developer/Xcode/DerivedData/Gym_API-gttvbppsiybwtpahvrbhortrptkr/SourcePackages/checkouts/stream-chat-swift/Sources/StreamChat/StateLayer/UserList.swift (in target 'StreamChat' from project 'StreamChat')
    cd /Users/alexmontesino/Documents/GYM-API-IOS/Gym_API/Gym_API.xcodeproj
    

SwiftDriverJobDiscovery normal arm64 Compiling ThreadSafeWeakCollection.swift, Throttler.swift, Timers.swift, TranslationLanguage.swift, UniqueId.swift, UnreadMessageLookup.swift, BackgroundTaskScheduler.swift, ConnectionStatus.swift, URLSessionWebSocketEngine.swift, WebSocketEngine.swift, ChannelReadUpdaterMiddleware.swift, ChannelTruncatedEventMiddleware.swift, ChannelVisibilityEventMiddleware.swift, DraftUpdaterMiddleware.swift, EventDTOConverterMiddleware.swift, EventDataProcessorMiddleware.swift, EventMiddleware.swift, MemberEventMiddleware.swift, ReminderUpdaterMiddleware.swift, ThreadUpdaterMiddleware.swift, TypingStartCleanupMiddleware.swift, UserChannelBanEventsMiddleware.swift, UserTypingStateUpdaterMiddleware.swift (in target 'StreamChat' from project 'StreamChat')

SwiftDriver\ Compilation SimpleKeychain normal arm64 com.apple.xcode.tools.swift.compiler (in target 'SimpleKeychain' from project 'SimpleKeychain')
    cd /Users/alexmontesino/Documents/GYM-API-IOS/Gym_API/Gym_API.xcodeproj
    builtin-Swift-Compilation -- /Applications/Xcode.app/Contents/Developer/Toolchains/XcodeDefault.xctoolchain/usr/bin/swiftc -module-name SimpleKeychain -Onone -enforce-exclusivity\=checked @/Users/alexmontesino/Library/Developer/Xcode/DerivedData/Gym_API-gttvbppsiybwtpahvrbhortrptkr/Build/Intermediates.noindex/SimpleKeychain.build/Debug-iphonesimulator/SimpleKeychain.build/Objects-normal/arm64/SimpleKeychain.SwiftFileList -DSWIFT_PACKAGE -DDEBUG -DXcode -plugin-path /Applications/Xcode.app/Contents/Developer/Toolchains/XcodeDefault.xctoolchain/usr/lib/swift/host/plugins/testing -enable-experimental-feature DebugDescriptionMacro -sdk /Applications/Xcode.app/Contents/Developer/Platforms/iPhoneSimulator.platform/Developer/SDKs/iPhoneSimulator18.5.sdk -target arm64-apple-ios14.0-simulator -g -module-cache-path /Users/alexmontesino/Library/Developer/Xcode/DerivedData/ModuleCache.noindex -Xfrontend -serialize-debugging-options -profile-coverage-mapping -profile-generate -enable-testing -suppress-warnings -index-store-path /Users/alexmontesino/Library/Developer/Xcode/DerivedData/Gym_API-gttvbppsiybwtpahvrbhortrptkr/Index.noindex/DataStore -swift-version 5 -I /Users/alexmontesino/Library/Developer/Xcode/DerivedData/Gym_API-gttvbppsiybwtpahvrbhortrptkr/Build/Products/Debug-iphonesimulator -I /Applications/Xcode.app/Contents/Developer/Platforms/iPhoneSimulator.platform/Developer/usr/lib -F /Users/alexmontesino/Library/Developer/Xcode/DerivedData/Gym_API-gttvbppsiybwtpahvrbhortrptkr/Build/Products/Debug-iphonesimulator -F /Applications/Xcode.app/Contents/Developer/Platforms/iPhoneSimulator.platform/Developer/Library/Frameworks -F /Applications/Xcode.app/Contents/Developer/Platforms/iPhoneSimulator.platform/Developer/SDKs/iPhoneSimulator18.5.sdk/Developer/Library/Frameworks -c -j10 -enable-batch-mode -incremental -Xcc -ivfsstatcache -Xcc /Users/alexmontesino/Library/Developer/Xcode/DerivedData/SDKStatCaches.noindex/iphonesimulator18.5-22F76-d5fc8ad4295d2ef488fb7d0f804ce0c4.sdkstatcache -output-file-map /Users/alexmontesino/Library/Developer/Xcode/DerivedData/Gym_API-gttvbppsiybwtpahvrbhortrptkr/Build/Intermediates.noindex/SimpleKeychain.build/Debug-iphonesimulator/SimpleKeychain.build/Objects-normal/arm64/SimpleKeychain-OutputFileMap.json -use-frontend-parseable-output -save-temps -no-color-diagnostics -serialize-diagnostics -emit-dependencies -emit-module -emit-module-path /Users/alexmontesino/Library/Developer/Xcode/DerivedData/Gym_API-gttvbppsiybwtpahvrbhortrptkr/Build/Intermediates.noindex/SimpleKeychain.build/Debug-iphonesimulator/SimpleKeychain.build/Objects-normal/arm64/SimpleKeychain.swiftmodule -validate-clang-modules-once -clang-build-session-file /Users/alexmontesino/Library/Developer/Xcode/DerivedData/ModuleCache.noindex/Session.modulevalidation -package-name simplekeychain -Xcc -I/Users/alexmontesino/Library/Developer/Xcode/DerivedData/Gym_API-gttvbppsiybwtpahvrbhortrptkr/Build/Intermediates.noindex/SimpleKeychain.build/Debug-iphonesimulator/SimpleKeychain.build/swift-overrides.hmap -emit-const-values -Xfrontend -const-gather-protocols-file -Xfrontend /Users/alexmontesino/Library/Developer/Xcode/DerivedData/Gym_API-gttvbppsiybwtpahvrbhortrptkr/Build/Intermediates.noindex/SimpleKeychain.build/Debug-iphonesimulator/SimpleKeychain.build/Objects-normal/arm64/SimpleKeychain_const_extract_protocols.json -Xcc -I/Users/alexmontesino/Library/Developer/Xcode/DerivedData/Gym_API-gttvbppsiybwtpahvrbhortrptkr/Build/Products/Debug-iphonesimulator/include -Xcc -I/Users/alexmontesino/Library/Developer/Xcode/DerivedData/Gym_API-gttvbppsiybwtpahvrbhortrptkr/Build/Intermediates.noindex/SimpleKeychain.build/Debug-iphonesimulator/SimpleKeychain.build/DerivedSources-normal/arm64 -Xcc -I/Users/alexmontesino/Library/Developer/Xcode/DerivedData/Gym_API-gttvbppsiybwtpahvrbhortrptkr/Build/Intermediates.noindex/SimpleKeychain.build/Debug-iphonesimulator/SimpleKeychain.build/DerivedSources/arm64 -Xcc -I/Users/alexmontesino/Library/Developer/Xcode/DerivedData/Gym_API-gttvbppsiybwtpahvrbhortrptkr/Build/Intermediates.noindex/SimpleKeychain.build/Debug-iphonesimulator/SimpleKeychain.build/DerivedSources -Xcc -DSWIFT_PACKAGE -Xcc -DDEBUG\=1 -emit-objc-header -emit-objc-header-path /Users/alexmontesino/Library/Developer/Xcode/DerivedData/Gym_API-gttvbppsiybwtpahvrbhortrptkr/Build/Intermediates.noindex/SimpleKeychain.build/Debug-iphonesimulator/SimpleKeychain.build/Objects-normal/arm64/SimpleKeychain-Swift.h -working-directory /Users/alexmontesino/Documents/GYM-API-IOS/Gym_API/Gym_API.xcodeproj -experimental-emit-module-separately -disable-cmo

SwiftDriverJobDiscovery normal arm64 Compiling UserListState+Observer.swift, UserListState.swift, UserSearch.swift, UserSearchState.swift, Array+Sampling.swift, Atomic.swift, Bundle+Extensions.swift, Codable+Extensions.swift, CountdownTracker.swift, Data+Gzip.swift, DatabaseItemConverter.swift, NSManagedObject+Extensions.swift, Debouncer.swift, Dictionary+Extensions.swift, EventBatcher.swift, Error+InternetNotAvailable.swift, InternetConnection.swift, Reachability_Vendor.swift, KeyedDecodingContainer+Array.swift, LazyCachedMapCollection.swift, BaseLogDestination.swift, ConsoleLogDestination.swift, LogDestination.swift (in target 'StreamChat' from project 'StreamChat')

SwiftDriver\ Compilation JWTDecode normal arm64 com.apple.xcode.tools.swift.compiler (in target 'JWTDecode' from project 'JWTDecode')
    cd /Users/alexmontesino/Documents/GYM-API-IOS/Gym_API/Gym_API.xcodeproj
    builtin-Swift-Compilation -- /Applications/Xcode.app/Contents/Developer/Toolchains/XcodeDefault.xctoolchain/usr/bin/swiftc -module-name JWTDecode -Onone -enforce-exclusivity\=checked @/Users/alexmontesino/Library/Developer/Xcode/DerivedData/Gym_API-gttvbppsiybwtpahvrbhortrptkr/Build/Intermediates.noindex/JWTDecode.build/Debug-iphonesimulator/JWTDecode.build/Objects-normal/arm64/JWTDecode.SwiftFileList -DSWIFT_PACKAGE -DDEBUG -DXcode -plugin-path /Applications/Xcode.app/Contents/Developer/Toolchains/XcodeDefault.xctoolchain/usr/lib/swift/host/plugins/testing -enable-experimental-feature DebugDescriptionMacro -sdk /Applications/Xcode.app/Contents/Developer/Platforms/iPhoneSimulator.platform/Developer/SDKs/iPhoneSimulator18.5.sdk -target arm64-apple-ios14.0-simulator -g -module-cache-path /Users/alexmontesino/Library/Developer/Xcode/DerivedData/ModuleCache.noindex -Xfrontend -serialize-debugging-options -profile-coverage-mapping -profile-generate -enable-testing -suppress-warnings -index-store-path /Users/alexmontesino/Library/Developer/Xcode/DerivedData/Gym_API-gttvbppsiybwtpahvrbhortrptkr/Index.noindex/DataStore -swift-version 5 -I /Users/alexmontesino/Library/Developer/Xcode/DerivedData/Gym_API-gttvbppsiybwtpahvrbhortrptkr/Build/Products/Debug-iphonesimulator -I /Applications/Xcode.app/Contents/Developer/Platforms/iPhoneSimulator.platform/Developer/usr/lib -F /Users/alexmontesino/Library/Developer/Xcode/DerivedData/Gym_API-gttvbppsiybwtpahvrbhortrptkr/Build/Products/Debug-iphonesimulator -F /Applications/Xcode.app/Contents/Developer/Platforms/iPhoneSimulator.platform/Developer/Library/Frameworks -F /Applications/Xcode.app/Contents/Developer/Platforms/iPhoneSimulator.platform/Developer/SDKs/iPhoneSimulator18.5.sdk/Developer/Library/Frameworks -c -j10 -enable-batch-mode -incremental -Xcc -ivfsstatcache -Xcc /Users/alexmontesino/Library/Developer/Xcode/DerivedData/SDKStatCaches.noindex/iphonesimulator18.5-22F76-d5fc8ad4295d2ef488fb7d0f804ce0c4.sdkstatcache -output-file-map /Users/alexmontesino/Library/Developer/Xcode/DerivedData/Gym_API-gttvbppsiybwtpahvrbhortrptkr/Build/Intermediates.noindex/JWTDecode.build/Debug-iphonesimulator/JWTDecode.build/Objects-normal/arm64/JWTDecode-OutputFileMap.json -use-frontend-parseable-output -save-temps -no-color-diagnostics -serialize-diagnostics -emit-dependencies -emit-module -emit-module-path /Users/alexmontesino/Library/Developer/Xcode/DerivedData/Gym_API-gttvbppsiybwtpahvrbhortrptkr/Build/Intermediates.noindex/JWTDecode.build/Debug-iphonesimulator/JWTDecode.build/Objects-normal/arm64/JWTDecode.swiftmodule -validate-clang-modules-once -clang-build-session-file /Users/alexmontesino/Library/Developer/Xcode/DerivedData/ModuleCache.noindex/Session.modulevalidation -package-name jwtdecode_swift -Xcc -I/Users/alexmontesino/Library/Developer/Xcode/DerivedData/Gym_API-gttvbppsiybwtpahvrbhortrptkr/Build/Intermediates.noindex/JWTDecode.build/Debug-iphonesimulator/JWTDecode.build/swift-overrides.hmap -emit-const-values -Xfrontend -const-gather-protocols-file -Xfrontend /Users/alexmontesino/Library/Developer/Xcode/DerivedData/Gym_API-gttvbppsiybwtpahvrbhortrptkr/Build/Intermediates.noindex/JWTDecode.build/Debug-iphonesimulator/JWTDecode.build/Objects-normal/arm64/JWTDecode_const_extract_protocols.json -Xcc -I/Users/alexmontesino/Library/Developer/Xcode/DerivedData/Gym_API-gttvbppsiybwtpahvrbhortrptkr/Build/Products/Debug-iphonesimulator/include -Xcc -I/Users/alexmontesino/Library/Developer/Xcode/DerivedData/Gym_API-gttvbppsiybwtpahvrbhortrptkr/Build/Intermediates.noindex/JWTDecode.build/Debug-iphonesimulator/JWTDecode.build/DerivedSources-normal/arm64 -Xcc -I/Users/alexmontesino/Library/Developer/Xcode/DerivedData/Gym_API-gttvbppsiybwtpahvrbhortrptkr/Build/Intermediates.noindex/JWTDecode.build/Debug-iphonesimulator/JWTDecode.build/DerivedSources/arm64 -Xcc -I/Users/alexmontesino/Library/Developer/Xcode/DerivedData/Gym_API-gttvbppsiybwtpahvrbhortrptkr/Build/Intermediates.noindex/JWTDecode.build/Debug-iphonesimulator/JWTDecode.build/DerivedSources -Xcc -DSWIFT_PACKAGE -Xcc -DDEBUG\=1 -emit-objc-header -emit-objc-header-path /Users/alexmontesino/Library/Developer/Xcode/DerivedData/Gym_API-gttvbppsiybwtpahvrbhortrptkr/Build/Intermediates.noindex/JWTDecode.build/Debug-iphonesimulator/JWTDecode.build/Objects-normal/arm64/JWTDecode-Swift.h -working-directory /Users/alexmontesino/Documents/GYM-API-IOS/Gym_API/Gym_API.xcodeproj -experimental-emit-module-separately -disable-cmo

WriteAuxiliaryFile /Users/alexmontesino/Library/Developer/Xcode/DerivedData/Gym_API-gttvbppsiybwtpahvrbhortrptkr/Build/Intermediates.noindex/OneSignalFramework.build/Debug-iphonesimulator/OneSignalFrameworkWrapper.build/OneSignalFrameworkWrapper.modulemap (in target 'OneSignalFrameworkWrapper' from project 'OneSignalFramework')
    cd /Users/alexmontesino/Library/Developer/Xcode/DerivedData/Gym_API-gttvbppsiybwtpahvrbhortrptkr/SourcePackages/checkouts/OneSignal-iOS-SDK
    write-file /Users/alexmontesino/Library/Developer/Xcode/DerivedData/Gym_API-gttvbppsiybwtpahvrbhortrptkr/Build/Intermediates.noindex/OneSignalFramework.build/Debug-iphonesimulator/OneSignalFrameworkWrapper.build/OneSignalFrameworkWrapper.modulemap

WriteAuxiliaryFile /Users/alexmontesino/Library/Developer/Xcode/DerivedData/Gym_API-gttvbppsiybwtpahvrbhortrptkr/Build/Intermediates.noindex/OneSignalFramework.build/Debug-iphonesimulator/OneSignalFrameworkWrapper.build/OneSignalFrameworkWrapper.DependencyStaticMetadataFileList (in target 'OneSignalFrameworkWrapper' from project 'OneSignalFramework')
    cd /Users/alexmontesino/Library/Developer/Xcode/DerivedData/Gym_API-gttvbppsiybwtpahvrbhortrptkr/SourcePackages/checkouts/OneSignal-iOS-SDK
    write-file /Users/alexmontesino/Library/Developer/Xcode/DerivedData/Gym_API-gttvbppsiybwtpahvrbhortrptkr/Build/Intermediates.noindex/OneSignalFramework.build/Debug-iphonesimulator/OneSignalFrameworkWrapper.build/OneSignalFrameworkWrapper.DependencyStaticMetadataFileList

WriteAuxiliaryFile /Users/alexmontesino/Library/Developer/Xcode/DerivedData/Gym_API-gttvbppsiybwtpahvrbhortrptkr/Build/Intermediates.noindex/OneSignalFramework.build/Debug-iphonesimulator/OneSignalFrameworkWrapper.build/OneSignalFrameworkWrapper.DependencyMetadataFileList (in target 'OneSignalFrameworkWrapper' from project 'OneSignalFramework')
    cd /Users/alexmontesino/Library/Developer/Xcode/DerivedData/Gym_API-gttvbppsiybwtpahvrbhortrptkr/SourcePackages/checkouts/OneSignal-iOS-SDK
    write-file /Users/alexmontesino/Library/Developer/Xcode/DerivedData/Gym_API-gttvbppsiybwtpahvrbhortrptkr/Build/Intermediates.noindex/OneSignalFramework.build/Debug-iphonesimulator/OneSignalFrameworkWrapper.build/OneSignalFrameworkWrapper.DependencyMetadataFileList

WriteAuxiliaryFile /Users/alexmontesino/Library/Developer/Xcode/DerivedData/Gym_API-gttvbppsiybwtpahvrbhortrptkr/Build/Intermediates.noindex/OneSignalFramework.build/Debug-iphonesimulator/OneSignalFrameworkWrapper.build/Objects-normal/arm64/e6072d4f65d7061329687fe24e3d63a7-common-args.resp (in target 'OneSignalFrameworkWrapper' from project 'OneSignalFramework')
    cd /Users/alexmontesino/Library/Developer/Xcode/DerivedData/Gym_API-gttvbppsiybwtpahvrbhortrptkr/SourcePackages/checkouts/OneSignal-iOS-SDK
    write-file /Users/alexmontesino/Library/Developer/Xcode/DerivedData/Gym_API-gttvbppsiybwtpahvrbhortrptkr/Build/Intermediates.noindex/OneSignalFramework.build/Debug-iphonesimulator/OneSignalFrameworkWrapper.build/Objects-normal/arm64/e6072d4f65d7061329687fe24e3d63a7-common-args.resp
-target arm64-apple-ios12.0-simulator -fobjc-arc -fmodules -gmodules '-fmodules-cache-path=/Users/alexmontesino/Library/Developer/Xcode/DerivedData/ModuleCache.noindex' '-fmodule-name=OneSignalFrameworkWrapper' -fpascal-strings -O0 -DSWIFT_PACKAGE '-DDEBUG=1' '-DOBJC_OLD_DISPATCH_PROTOTYPES=1' -isysroot /Applications/Xcode.app/Contents/Developer/Platforms/iPhoneSimulator.platform/Developer/SDKs/iPhoneSimulator18.5.sdk -g '-fobjc-abi-version=2' -fobjc-legacy-dispatch -fprofile-instr-generate -fcoverage-mapping -I/Users/alexmontesino/Library/Developer/Xcode/DerivedData/Gym_API-gttvbppsiybwtpahvrbhortrptkr/Build/Products/Debug-iphonesimulator/include -I/Users/alexmontesino/Library/Developer/Xcode/DerivedData/Gym_API-gttvbppsiybwtpahvrbhortrptkr/SourcePackages/checkouts/OneSignal-iOS-SDK/OneSignalFrameworkWrapper/include -I/Users/alexmontesino/Library/Developer/Xcode/DerivedData/Gym_API-gttvbppsiybwtpahvrbhortrptkr/Build/Intermediates.noindex/OneSignalFramework.build/Debug-iphonesimulator/OneSignalFrameworkWrapper.build/DerivedSources-normal/arm64 -I/Users/alexmontesino/Library/Developer/Xcode/DerivedData/Gym_API-gttvbppsiybwtpahvrbhortrptkr/Build/Intermediates.noindex/OneSignalFramework.build/Debug-iphonesimulator/OneSignalFrameworkWrapper.build/DerivedSources/arm64 -I/Users/alexmontesino/Library/Developer/Xcode/DerivedData/Gym_API-gttvbppsiybwtpahvrbhortrptkr/Build/Intermediates.noindex/OneSignalFramework.build/Debug-iphonesimulator/OneSignalFrameworkWrapper.build/DerivedSources -F/Users/alexmontesino/Library/Developer/Xcode/DerivedData/Gym_API-gttvbppsiybwtpahvrbhortrptkr/Build/Products/Debug-iphonesimulator -iframework /Applications/Xcode.app/Contents/Developer/Platforms/iPhoneSimulator.platform/Developer/Library/Frameworks -iframework /Applications/Xcode.app/Contents/Developer/Platforms/iPhoneSimulator.platform/Developer/SDKs/iPhoneSimulator18.5.sdk/Developer/Library/Frameworks -DXcode

WriteAuxiliaryFile /Users/alexmontesino/Library/Developer/Xcode/DerivedData/Gym_API-gttvbppsiybwtpahvrbhortrptkr/Build/Intermediates.noindex/OneSignalFramework.build/Debug-iphonesimulator/OneSignalFrameworkWrapper.build/Objects-normal/arm64/OneSignalFrameworkWrapper.LinkFileList (in target 'OneSignalFrameworkWrapper' from project 'OneSignalFramework')
    cd /Users/alexmontesino/Library/Developer/Xcode/DerivedData/Gym_API-gttvbppsiybwtpahvrbhortrptkr/SourcePackages/checkouts/OneSignal-iOS-SDK
    write-file /Users/alexmontesino/Library/Developer/Xcode/DerivedData/Gym_API-gttvbppsiybwtpahvrbhortrptkr/Build/Intermediates.noindex/OneSignalFramework.build/Debug-iphonesimulator/OneSignalFrameworkWrapper.build/Objects-normal/arm64/OneSignalFrameworkWrapper.LinkFileList

Copy /Users/alexmontesino/Library/Developer/Xcode/DerivedData/Gym_API-gttvbppsiybwtpahvrbhortrptkr/Build/Intermediates.noindex/GeneratedModuleMaps-iphonesimulator/OneSignalFrameworkWrapper.modulemap /Users/alexmontesino/Library/Developer/Xcode/DerivedData/Gym_API-gttvbppsiybwtpahvrbhortrptkr/Build/Intermediates.noindex/OneSignalFramework.build/Debug-iphonesimulator/OneSignalFrameworkWrapper.build/OneSignalFrameworkWrapper.modulemap (in target 'OneSignalFrameworkWrapper' from project 'OneSignalFramework')
    cd /Users/alexmontesino/Library/Developer/Xcode/DerivedData/Gym_API-gttvbppsiybwtpahvrbhortrptkr/SourcePackages/checkouts/OneSignal-iOS-SDK
    builtin-copy -exclude .DS_Store -exclude CVS -exclude .svn -exclude .git -exclude .hg -resolve-src-symlinks /Users/alexmontesino/Library/Developer/Xcode/DerivedData/Gym_API-gttvbppsiybwtpahvrbhortrptkr/Build/Intermediates.noindex/OneSignalFramework.build/Debug-iphonesimulator/OneSignalFrameworkWrapper.build/OneSignalFrameworkWrapper.modulemap /Users/alexmontesino/Library/Developer/Xcode/DerivedData/Gym_API-gttvbppsiybwtpahvrbhortrptkr/Build/Intermediates.noindex/GeneratedModuleMaps-iphonesimulator

Ld /Users/alexmontesino/Library/Developer/Xcode/DerivedData/Gym_API-gttvbppsiybwtpahvrbhortrptkr/Build/Products/Debug-iphonesimulator/SimpleKeychain.o normal (in target 'SimpleKeychain' from project 'SimpleKeychain')
    cd /Users/alexmontesino/Library/Developer/Xcode/DerivedData/Gym_API-gttvbppsiybwtpahvrbhortrptkr/SourcePackages/checkouts/SimpleKeychain
    /Applications/Xcode.app/Contents/Developer/Toolchains/XcodeDefault.xctoolchain/usr/bin/clang -Xlinker -reproducible -target arm64-apple-ios14.0-simulator -r -isysroot /Applications/Xcode.app/Contents/Developer/Platforms/iPhoneSimulator.platform/Developer/SDKs/iPhoneSimulator18.5.sdk -O0 -w -L/Users/alexmontesino/Library/Developer/Xcode/DerivedData/Gym_API-gttvbppsiybwtpahvrbhortrptkr/Build/Intermediates.noindex/EagerLinkingTBDs/Debug-iphonesimulator -L/Users/alexmontesino/Library/Developer/Xcode/DerivedData/Gym_API-gttvbppsiybwtpahvrbhortrptkr/Build/Products/Debug-iphonesimulator -L/Applications/Xcode.app/Contents/Developer/Platforms/iPhoneSimulator.platform/Developer/usr/lib -F/Users/alexmontesino/Library/Developer/Xcode/DerivedData/Gym_API-gttvbppsiybwtpahvrbhortrptkr/Build/Intermediates.noindex/EagerLinkingTBDs/Debug-iphonesimulator -F/Users/alexmontesino/Library/Developer/Xcode/DerivedData/Gym_API-gttvbppsiybwtpahvrbhortrptkr/Build/Products/Debug-iphonesimulator -iframework /Applications/Xcode.app/Contents/Developer/Platforms/iPhoneSimulator.platform/Developer/Library/Frameworks -iframework /Applications/Xcode.app/Contents/Developer/Platforms/iPhoneSimulator.platform/Developer/SDKs/iPhoneSimulator18.5.sdk/Developer/Library/Frameworks -filelist /Users/alexmontesino/Library/Developer/Xcode/DerivedData/Gym_API-gttvbppsiybwtpahvrbhortrptkr/Build/Intermediates.noindex/SimpleKeychain.build/Debug-iphonesimulator/SimpleKeychain.build/Objects-normal/arm64/SimpleKeychain.LinkFileList -nostdlib -Xlinker -object_path_lto -Xlinker /Users/alexmontesino/Library/Developer/Xcode/DerivedData/Gym_API-gttvbppsiybwtpahvrbhortrptkr/Build/Intermediates.noindex/SimpleKeychain.build/Debug-iphonesimulator/SimpleKeychain.build/Objects-normal/arm64/SimpleKeychain_lto.o -rdynamic -Xlinker -no_deduplicate -Xlinker -objc_abi_version -Xlinker 2 -Xlinker -debug_variant -Xlinker -dependency_info -Xlinker /Users/alexmontesino/Library/Developer/Xcode/DerivedData/Gym_API-gttvbppsiybwtpahvrbhortrptkr/Build/Intermediates.noindex/SimpleKeychain.build/Debug-iphonesimulator/SimpleKeychain.build/Objects-normal/arm64/SimpleKeychain_dependency_info.dat -fobjc-link-runtime -L/Applications/Xcode.app/Contents/Developer/Toolchains/XcodeDefault.xctoolchain/usr/lib/swift/iphonesimulator -L/usr/lib/swift -Xlinker -add_ast_path -Xlinker /Users/alexmontesino/Library/Developer/Xcode/DerivedData/Gym_API-gttvbppsiybwtpahvrbhortrptkr/Build/Intermediates.noindex/SimpleKeychain.build/Debug-iphonesimulator/SimpleKeychain.build/Objects-normal/arm64/SimpleKeychain.swiftmodule -o /Users/alexmontesino/Library/Developer/Xcode/DerivedData/Gym_API-gttvbppsiybwtpahvrbhortrptkr/Build/Products/Debug-iphonesimulator/SimpleKeychain.o

Ld /Users/alexmontesino/Library/Developer/Xcode/DerivedData/Gym_API-gttvbppsiybwtpahvrbhortrptkr/Build/Products/Debug-iphonesimulator/JWTDecode.o normal (in target 'JWTDecode' from project 'JWTDecode')
    cd /Users/alexmontesino/Library/Developer/Xcode/DerivedData/Gym_API-gttvbppsiybwtpahvrbhortrptkr/SourcePackages/checkouts/JWTDecode.swift
    /Applications/Xcode.app/Contents/Developer/Toolchains/XcodeDefault.xctoolchain/usr/bin/clang -Xlinker -reproducible -target arm64-apple-ios14.0-simulator -r -isysroot /Applications/Xcode.app/Contents/Developer/Platforms/iPhoneSimulator.platform/Developer/SDKs/iPhoneSimulator18.5.sdk -O0 -w -L/Users/alexmontesino/Library/Developer/Xcode/DerivedData/Gym_API-gttvbppsiybwtpahvrbhortrptkr/Build/Intermediates.noindex/EagerLinkingTBDs/Debug-iphonesimulator -L/Users/alexmontesino/Library/Developer/Xcode/DerivedData/Gym_API-gttvbppsiybwtpahvrbhortrptkr/Build/Products/Debug-iphonesimulator -L/Applications/Xcode.app/Contents/Developer/Platforms/iPhoneSimulator.platform/Developer/usr/lib -F/Users/alexmontesino/Library/Developer/Xcode/DerivedData/Gym_API-gttvbppsiybwtpahvrbhortrptkr/Build/Intermediates.noindex/EagerLinkingTBDs/Debug-iphonesimulator -F/Users/alexmontesino/Library/Developer/Xcode/DerivedData/Gym_API-gttvbppsiybwtpahvrbhortrptkr/Build/Products/Debug-iphonesimulator -iframework /Applications/Xcode.app/Contents/Developer/Platforms/iPhoneSimulator.platform/Developer/Library/Frameworks -iframework /Applications/Xcode.app/Contents/Developer/Platforms/iPhoneSimulator.platform/Developer/SDKs/iPhoneSimulator18.5.sdk/Developer/Library/Frameworks -filelist /Users/alexmontesino/Library/Developer/Xcode/DerivedData/Gym_API-gttvbppsiybwtpahvrbhortrptkr/Build/Intermediates.noindex/JWTDecode.build/Debug-iphonesimulator/JWTDecode.build/Objects-normal/arm64/JWTDecode.LinkFileList -nostdlib -Xlinker -object_path_lto -Xlinker /Users/alexmontesino/Library/Developer/Xcode/DerivedData/Gym_API-gttvbppsiybwtpahvrbhortrptkr/Build/Intermediates.noindex/JWTDecode.build/Debug-iphonesimulator/JWTDecode.build/Objects-normal/arm64/JWTDecode_lto.o -rdynamic -Xlinker -no_deduplicate -Xlinker -objc_abi_version -Xlinker 2 -Xlinker -debug_variant -Xlinker -dependency_info -Xlinker /Users/alexmontesino/Library/Developer/Xcode/DerivedData/Gym_API-gttvbppsiybwtpahvrbhortrptkr/Build/Intermediates.noindex/JWTDecode.build/Debug-iphonesimulator/JWTDecode.build/Objects-normal/arm64/JWTDecode_dependency_info.dat -fobjc-link-runtime -L/Applications/Xcode.app/Contents/Developer/Toolchains/XcodeDefault.xctoolchain/usr/lib/swift/iphonesimulator -L/usr/lib/swift -Xlinker -add_ast_path -Xlinker /Users/alexmontesino/Library/Developer/Xcode/DerivedData/Gym_API-gttvbppsiybwtpahvrbhortrptkr/Build/Intermediates.noindex/JWTDecode.build/Debug-iphonesimulator/JWTDecode.build/Objects-normal/arm64/JWTDecode.swiftmodule -o /Users/alexmontesino/Library/Developer/Xcode/DerivedData/Gym_API-gttvbppsiybwtpahvrbhortrptkr/Build/Products/Debug-iphonesimulator/JWTDecode.o

SwiftDriverJobDiscovery normal arm64 Compiling MessagePayload+asModel.swift, UserPayload+asModel.swift, Poll.swift, PollOption.swift, PollVote.swift, PushDevice.swift, PushProvider.swift, Thread.swift, ThreadParticipant.swift, ThreadRead.swift, UnreadCount.swift, User+SwiftUI.swift, User.swift, UserInfo.swift, ChannelListQuery.swift, ChannelMemberListQuery.swift, ChannelQuery.swift, ChannelWatcherListQuery.swift, DraftListQuery.swift, Filter+predicate.swift, Filter.swift, MessageReminderListQuery.swift, MessageSearchQuery.swift, Pagination.swift (in target 'StreamChat' from project 'StreamChat')

WriteAuxiliaryFile /Users/alexmontesino/Library/Developer/Xcode/DerivedData/Gym_API-gttvbppsiybwtpahvrbhortrptkr/Build/Intermediates.noindex/Gym_API.build/Debug-iphonesimulator/Gym_API.build/Objects-normal/arm64/Gym_API_const_extract_protocols.json (in target 'Gym_API' from project 'Gym_API')
    cd /Users/alexmontesino/Documents/GYM-API-IOS/Gym_API
    write-file /Users/alexmontesino/Library/Developer/Xcode/DerivedData/Gym_API-gttvbppsiybwtpahvrbhortrptkr/Build/Intermediates.noindex/Gym_API.build/Debug-iphonesimulator/Gym_API.build/Objects-normal/arm64/Gym_API_const_extract_protocols.json

WriteAuxiliaryFile /Users/alexmontesino/Library/Developer/Xcode/DerivedData/Gym_API-gttvbppsiybwtpahvrbhortrptkr/Build/Intermediates.noindex/Gym_API.build/Debug-iphonesimulator/Gym_API.build/Objects-normal/arm64/Gym_API.SwiftFileList (in target 'Gym_API' from project 'Gym_API')
    cd /Users/alexmontesino/Documents/GYM-API-IOS/Gym_API
    write-file /Users/alexmontesino/Library/Developer/Xcode/DerivedData/Gym_API-gttvbppsiybwtpahvrbhortrptkr/Build/Intermediates.noindex/Gym_API.build/Debug-iphonesimulator/Gym_API.build/Objects-normal/arm64/Gym_API.SwiftFileList

WriteAuxiliaryFile /Users/alexmontesino/Library/Developer/Xcode/DerivedData/Gym_API-gttvbppsiybwtpahvrbhortrptkr/Build/Intermediates.noindex/Gym_API.build/Debug-iphonesimulator/Gym_API.build/Objects-normal/arm64/Gym_API.SwiftConstValuesFileList (in target 'Gym_API' from project 'Gym_API')
    cd /Users/alexmontesino/Documents/GYM-API-IOS/Gym_API
    write-file /Users/alexmontesino/Library/Developer/Xcode/DerivedData/Gym_API-gttvbppsiybwtpahvrbhortrptkr/Build/Intermediates.noindex/Gym_API.build/Debug-iphonesimulator/Gym_API.build/Objects-normal/arm64/Gym_API.SwiftConstValuesFileList

WriteAuxiliaryFile /Users/alexmontesino/Library/Developer/Xcode/DerivedData/Gym_API-gttvbppsiybwtpahvrbhortrptkr/Build/Intermediates.noindex/Gym_API.build/Debug-iphonesimulator/Gym_API.build/Objects-normal/arm64/Gym_API.LinkFileList (in target 'Gym_API' from project 'Gym_API')
    cd /Users/alexmontesino/Documents/GYM-API-IOS/Gym_API
    write-file /Users/alexmontesino/Library/Developer/Xcode/DerivedData/Gym_API-gttvbppsiybwtpahvrbhortrptkr/Build/Intermediates.noindex/Gym_API.build/Debug-iphonesimulator/Gym_API.build/Objects-normal/arm64/Gym_API.LinkFileList

WriteAuxiliaryFile /Users/alexmontesino/Library/Developer/Xcode/DerivedData/Gym_API-gttvbppsiybwtpahvrbhortrptkr/Build/Intermediates.noindex/Gym_API.build/Debug-iphonesimulator/Gym_API.build/Objects-normal/arm64/Gym_API-OutputFileMap.json (in target 'Gym_API' from project 'Gym_API')
    cd /Users/alexmontesino/Documents/GYM-API-IOS/Gym_API
    write-file /Users/alexmontesino/Library/Developer/Xcode/DerivedData/Gym_API-gttvbppsiybwtpahvrbhortrptkr/Build/Intermediates.noindex/Gym_API.build/Debug-iphonesimulator/Gym_API.build/Objects-normal/arm64/Gym_API-OutputFileMap.json

WriteAuxiliaryFile /Users/alexmontesino/Library/Developer/Xcode/DerivedData/Gym_API-gttvbppsiybwtpahvrbhortrptkr/Build/Intermediates.noindex/Gym_API.build/Debug-iphonesimulator/Gym_API.build/Gym_API.hmap (in target 'Gym_API' from project 'Gym_API')
    cd /Users/alexmontesino/Documents/GYM-API-IOS/Gym_API
    write-file /Users/alexmontesino/Library/Developer/Xcode/DerivedData/Gym_API-gttvbppsiybwtpahvrbhortrptkr/Build/Intermediates.noindex/Gym_API.build/Debug-iphonesimulator/Gym_API.build/Gym_API.hmap

WriteAuxiliaryFile /Users/alexmontesino/Library/Developer/Xcode/DerivedData/Gym_API-gttvbppsiybwtpahvrbhortrptkr/Build/Intermediates.noindex/Gym_API.build/Debug-iphonesimulator/Gym_API.build/Gym_API.DependencyStaticMetadataFileList (in target 'Gym_API' from project 'Gym_API')
    cd /Users/alexmontesino/Documents/GYM-API-IOS/Gym_API
    write-file /Users/alexmontesino/Library/Developer/Xcode/DerivedData/Gym_API-gttvbppsiybwtpahvrbhortrptkr/Build/Intermediates.noindex/Gym_API.build/Debug-iphonesimulator/Gym_API.build/Gym_API.DependencyStaticMetadataFileList

WriteAuxiliaryFile /Users/alexmontesino/Library/Developer/Xcode/DerivedData/Gym_API-gttvbppsiybwtpahvrbhortrptkr/Build/Intermediates.noindex/Gym_API.build/Debug-iphonesimulator/Gym_API.build/Gym_API.DependencyMetadataFileList (in target 'Gym_API' from project 'Gym_API')
    cd /Users/alexmontesino/Documents/GYM-API-IOS/Gym_API
    write-file /Users/alexmontesino/Library/Developer/Xcode/DerivedData/Gym_API-gttvbppsiybwtpahvrbhortrptkr/Build/Intermediates.noindex/Gym_API.build/Debug-iphonesimulator/Gym_API.build/Gym_API.DependencyMetadataFileList

WriteAuxiliaryFile /Users/alexmontesino/Library/Developer/Xcode/DerivedData/Gym_API-gttvbppsiybwtpahvrbhortrptkr/Build/Intermediates.noindex/Gym_API.build/Debug-iphonesimulator/Gym_API.build/Gym_API-project-headers.hmap (in target 'Gym_API' from project 'Gym_API')
    cd /Users/alexmontesino/Documents/GYM-API-IOS/Gym_API
    write-file /Users/alexmontesino/Library/Developer/Xcode/DerivedData/Gym_API-gttvbppsiybwtpahvrbhortrptkr/Build/Intermediates.noindex/Gym_API.build/Debug-iphonesimulator/Gym_API.build/Gym_API-project-headers.hmap

WriteAuxiliaryFile /Users/alexmontesino/Library/Developer/Xcode/DerivedData/Gym_API-gttvbppsiybwtpahvrbhortrptkr/Build/Intermediates.noindex/Gym_API.build/Debug-iphonesimulator/Gym_API.build/Gym_API-own-target-headers.hmap (in target 'Gym_API' from project 'Gym_API')
    cd /Users/alexmontesino/Documents/GYM-API-IOS/Gym_API
    write-file /Users/alexmontesino/Library/Developer/Xcode/DerivedData/Gym_API-gttvbppsiybwtpahvrbhortrptkr/Build/Intermediates.noindex/Gym_API.build/Debug-iphonesimulator/Gym_API.build/Gym_API-own-target-headers.hmap

WriteAuxiliaryFile /Users/alexmontesino/Library/Developer/Xcode/DerivedData/Gym_API-gttvbppsiybwtpahvrbhortrptkr/Build/Intermediates.noindex/Gym_API.build/Debug-iphonesimulator/Gym_API.build/Gym_API-generated-files.hmap (in target 'Gym_API' from project 'Gym_API')
    cd /Users/alexmontesino/Documents/GYM-API-IOS/Gym_API
    write-file /Users/alexmontesino/Library/Developer/Xcode/DerivedData/Gym_API-gttvbppsiybwtpahvrbhortrptkr/Build/Intermediates.noindex/Gym_API.build/Debug-iphonesimulator/Gym_API.build/Gym_API-generated-files.hmap

WriteAuxiliaryFile /Users/alexmontesino/Library/Developer/Xcode/DerivedData/Gym_API-gttvbppsiybwtpahvrbhortrptkr/Build/Intermediates.noindex/Gym_API.build/Debug-iphonesimulator/Gym_API.build/Gym_API-all-target-headers.hmap (in target 'Gym_API' from project 'Gym_API')
    cd /Users/alexmontesino/Documents/GYM-API-IOS/Gym_API
    write-file /Users/alexmontesino/Library/Developer/Xcode/DerivedData/Gym_API-gttvbppsiybwtpahvrbhortrptkr/Build/Intermediates.noindex/Gym_API.build/Debug-iphonesimulator/Gym_API.build/Gym_API-all-target-headers.hmap

WriteAuxiliaryFile /Users/alexmontesino/Library/Developer/Xcode/DerivedData/Gym_API-gttvbppsiybwtpahvrbhortrptkr/Build/Intermediates.noindex/Gym_API.build/Debug-iphonesimulator/Gym_API.build/Gym_API-all-non-framework-target-headers.hmap (in target 'Gym_API' from project 'Gym_API')
    cd /Users/alexmontesino/Documents/GYM-API-IOS/Gym_API
    write-file /Users/alexmontesino/Library/Developer/Xcode/DerivedData/Gym_API-gttvbppsiybwtpahvrbhortrptkr/Build/Intermediates.noindex/Gym_API.build/Debug-iphonesimulator/Gym_API.build/Gym_API-all-non-framework-target-headers.hmap

WriteAuxiliaryFile /Users/alexmontesino/Library/Developer/Xcode/DerivedData/Gym_API-gttvbppsiybwtpahvrbhortrptkr/Build/Intermediates.noindex/Gym_API.build/Debug-iphonesimulator/Gym_API.build/Gym_API-DebugDylibPath-normal-arm64.txt (in target 'Gym_API' from project 'Gym_API')
    cd /Users/alexmontesino/Documents/GYM-API-IOS/Gym_API
    write-file /Users/alexmontesino/Library/Developer/Xcode/DerivedData/Gym_API-gttvbppsiybwtpahvrbhortrptkr/Build/Intermediates.noindex/Gym_API.build/Debug-iphonesimulator/Gym_API.build/Gym_API-DebugDylibPath-normal-arm64.txt

WriteAuxiliaryFile /Users/alexmontesino/Library/Developer/Xcode/DerivedData/Gym_API-gttvbppsiybwtpahvrbhortrptkr/Build/Intermediates.noindex/Gym_API.build/Debug-iphonesimulator/Gym_API.build/Gym_API-DebugDylibInstallName-normal-arm64.txt (in target 'Gym_API' from project 'Gym_API')
    cd /Users/alexmontesino/Documents/GYM-API-IOS/Gym_API
    write-file /Users/alexmontesino/Library/Developer/Xcode/DerivedData/Gym_API-gttvbppsiybwtpahvrbhortrptkr/Build/Intermediates.noindex/Gym_API.build/Debug-iphonesimulator/Gym_API.build/Gym_API-DebugDylibInstallName-normal-arm64.txt

WriteAuxiliaryFile /Users/alexmontesino/Library/Developer/Xcode/DerivedData/Gym_API-gttvbppsiybwtpahvrbhortrptkr/Build/Intermediates.noindex/Gym_API.build/Debug-iphonesimulator/Gym_API.build/DerivedSources/Entitlements-Simulated.plist (in target 'Gym_API' from project 'Gym_API')
    cd /Users/alexmontesino/Documents/GYM-API-IOS/Gym_API
    write-file /Users/alexmontesino/Library/Developer/Xcode/DerivedData/Gym_API-gttvbppsiybwtpahvrbhortrptkr/Build/Intermediates.noindex/Gym_API.build/Debug-iphonesimulator/Gym_API.build/DerivedSources/Entitlements-Simulated.plist

MkDir /Users/alexmontesino/Library/Developer/Xcode/DerivedData/Gym_API-gttvbppsiybwtpahvrbhortrptkr/Build/Products/Debug-iphonesimulator/Gym_API.app/Frameworks (in target 'Gym_API' from project 'Gym_API')
    cd /Users/alexmontesino/Documents/GYM-API-IOS/Gym_API
    /bin/mkdir -p /Users/alexmontesino/Library/Developer/Xcode/DerivedData/Gym_API-gttvbppsiybwtpahvrbhortrptkr/Build/Products/Debug-iphonesimulator/Gym_API.app/Frameworks

MkDir /Users/alexmontesino/Library/Developer/Xcode/DerivedData/Gym_API-gttvbppsiybwtpahvrbhortrptkr/Build/Products/Debug-iphonesimulator/Gym_API.app (in target 'Gym_API' from project 'Gym_API')
    cd /Users/alexmontesino/Documents/GYM-API-IOS/Gym_API
    /bin/mkdir -p /Users/alexmontesino/Library/Developer/Xcode/DerivedData/Gym_API-gttvbppsiybwtpahvrbhortrptkr/Build/Products/Debug-iphonesimulator/Gym_API.app

ExtractAppIntentsMetadata (in target 'SimpleKeychain' from project 'SimpleKeychain')
    cd /Users/alexmontesino/Library/Developer/Xcode/DerivedData/Gym_API-gttvbppsiybwtpahvrbhortrptkr/SourcePackages/checkouts/SimpleKeychain
    /Applications/Xcode.app/Contents/Developer/Toolchains/XcodeDefault.xctoolchain/usr/bin/appintentsmetadataprocessor --toolchain-dir /Applications/Xcode.app/Contents/Developer/Toolchains/XcodeDefault.xctoolchain --module-name SimpleKeychain --sdk-root /Applications/Xcode.app/Contents/Developer/Platforms/iPhoneSimulator.platform/Developer/SDKs/iPhoneSimulator18.5.sdk --xcode-version 16F6 --platform-family iOS --deployment-target 14.0 --bundle-identifier simplekeychain.SimpleKeychain --output /Users/alexmontesino/Library/Developer/Xcode/DerivedData/Gym_API-gttvbppsiybwtpahvrbhortrptkr/Build/Products/Debug-iphonesimulator/SimpleKeychain.appintents --target-triple arm64-apple-ios14.0-simulator --binary-file /Users/alexmontesino/Library/Developer/Xcode/DerivedData/Gym_API-gttvbppsiybwtpahvrbhortrptkr/Build/Products/Debug-iphonesimulator/SimpleKeychain.o --dependency-file /Users/alexmontesino/Library/Developer/Xcode/DerivedData/Gym_API-gttvbppsiybwtpahvrbhortrptkr/Build/Intermediates.noindex/SimpleKeychain.build/Debug-iphonesimulator/SimpleKeychain.build/Objects-normal/arm64/SimpleKeychain_dependency_info.dat --stringsdata-file /Users/alexmontesino/Library/Developer/Xcode/DerivedData/Gym_API-gttvbppsiybwtpahvrbhortrptkr/Build/Intermediates.noindex/SimpleKeychain.build/Debug-iphonesimulator/SimpleKeychain.build/Objects-normal/arm64/ExtractedAppShortcutsMetadata.stringsdata --source-file-list /Users/alexmontesino/Library/Developer/Xcode/DerivedData/Gym_API-gttvbppsiybwtpahvrbhortrptkr/Build/Intermediates.noindex/SimpleKeychain.build/Debug-iphonesimulator/SimpleKeychain.build/Objects-normal/arm64/SimpleKeychain.SwiftFileList --metadata-file-list /Users/alexmontesino/Library/Developer/Xcode/DerivedData/Gym_API-gttvbppsiybwtpahvrbhortrptkr/Build/Intermediates.noindex/SimpleKeychain.build/Debug-iphonesimulator/SimpleKeychain.build/SimpleKeychain.DependencyMetadataFileList --static-metadata-file-list /Users/alexmontesino/Library/Developer/Xcode/DerivedData/Gym_API-gttvbppsiybwtpahvrbhortrptkr/Build/Intermediates.noindex/SimpleKeychain.build/Debug-iphonesimulator/SimpleKeychain.build/SimpleKeychain.DependencyStaticMetadataFileList --swift-const-vals-list /Users/alexmontesino/Library/Developer/Xcode/DerivedData/Gym_API-gttvbppsiybwtpahvrbhortrptkr/Build/Intermediates.noindex/SimpleKeychain.build/Debug-iphonesimulator/SimpleKeychain.build/Objects-normal/arm64/SimpleKeychain.SwiftConstValuesFileList --force --compile-time-extraction --deployment-aware-processing --validate-assistant-intents --no-app-shortcuts-localization
2025-10-23 17:06:06.850 appintentsmetadataprocessor[20640:3020738] Starting appintentsmetadataprocessor export
2025-10-23 17:06:06.938 appintentsmetadataprocessor[20640:3020738] Extracted no relevant App Intents symbols, skipping writing output

ExtractAppIntentsMetadata (in target 'JWTDecode' from project 'JWTDecode')
    cd /Users/alexmontesino/Library/Developer/Xcode/DerivedData/Gym_API-gttvbppsiybwtpahvrbhortrptkr/SourcePackages/checkouts/JWTDecode.swift
    /Applications/Xcode.app/Contents/Developer/Toolchains/XcodeDefault.xctoolchain/usr/bin/appintentsmetadataprocessor --toolchain-dir /Applications/Xcode.app/Contents/Developer/Toolchains/XcodeDefault.xctoolchain --module-name JWTDecode --sdk-root /Applications/Xcode.app/Contents/Developer/Platforms/iPhoneSimulator.platform/Developer/SDKs/iPhoneSimulator18.5.sdk --xcode-version 16F6 --platform-family iOS --deployment-target 14.0 --bundle-identifier jwtdecode.swift.JWTDecode --output /Users/alexmontesino/Library/Developer/Xcode/DerivedData/Gym_API-gttvbppsiybwtpahvrbhortrptkr/Build/Products/Debug-iphonesimulator/JWTDecode.appintents --target-triple arm64-apple-ios14.0-simulator --binary-file /Users/alexmontesino/Library/Developer/Xcode/DerivedData/Gym_API-gttvbppsiybwtpahvrbhortrptkr/Build/Products/Debug-iphonesimulator/JWTDecode.o --dependency-file /Users/alexmontesino/Library/Developer/Xcode/DerivedData/Gym_API-gttvbppsiybwtpahvrbhortrptkr/Build/Intermediates.noindex/JWTDecode.build/Debug-iphonesimulator/JWTDecode.build/Objects-normal/arm64/JWTDecode_dependency_info.dat --stringsdata-file /Users/alexmontesino/Library/Developer/Xcode/DerivedData/Gym_API-gttvbppsiybwtpahvrbhortrptkr/Build/Intermediates.noindex/JWTDecode.build/Debug-iphonesimulator/JWTDecode.build/Objects-normal/arm64/ExtractedAppShortcutsMetadata.stringsdata --source-file-list /Users/alexmontesino/Library/Developer/Xcode/DerivedData/Gym_API-gttvbppsiybwtpahvrbhortrptkr/Build/Intermediates.noindex/JWTDecode.build/Debug-iphonesimulator/JWTDecode.build/Objects-normal/arm64/JWTDecode.SwiftFileList --metadata-file-list /Users/alexmontesino/Library/Developer/Xcode/DerivedData/Gym_API-gttvbppsiybwtpahvrbhortrptkr/Build/Intermediates.noindex/JWTDecode.build/Debug-iphonesimulator/JWTDecode.build/JWTDecode.DependencyMetadataFileList --static-metadata-file-list /Users/alexmontesino/Library/Developer/Xcode/DerivedData/Gym_API-gttvbppsiybwtpahvrbhortrptkr/Build/Intermediates.noindex/JWTDecode.build/Debug-iphonesimulator/JWTDecode.build/JWTDecode.DependencyStaticMetadataFileList --swift-const-vals-list /Users/alexmontesino/Library/Developer/Xcode/DerivedData/Gym_API-gttvbppsiybwtpahvrbhortrptkr/Build/Intermediates.noindex/JWTDecode.build/Debug-iphonesimulator/JWTDecode.build/Objects-normal/arm64/JWTDecode.SwiftConstValuesFileList --force --compile-time-extraction --deployment-aware-processing --validate-assistant-intents --no-app-shortcuts-localization
2025-10-23 17:06:06.851 appintentsmetadataprocessor[20641:3020739] Starting appintentsmetadataprocessor export
2025-10-23 17:06:06.927 appintentsmetadataprocessor[20641:3020739] Extracted no relevant App Intents symbols, skipping writing output

GenerateAssetSymbols /Users/alexmontesino/Library/Developer/Xcode/DerivedData/Gym_API-gttvbppsiybwtpahvrbhortrptkr/SourcePackages/checkouts/stream-chat-swift/Sources/StreamChatUI/Resources/Assets.xcassets (in target 'StreamChatUI' from project 'StreamChat')
    cd /Users/alexmontesino/Library/Developer/Xcode/DerivedData/Gym_API-gttvbppsiybwtpahvrbhortrptkr/SourcePackages/checkouts/stream-chat-swift
    /Applications/Xcode.app/Contents/Developer/usr/bin/actool /Users/alexmontesino/Library/Developer/Xcode/DerivedData/Gym_API-gttvbppsiybwtpahvrbhortrptkr/SourcePackages/checkouts/stream-chat-swift/Sources/StreamChatUI/Resources/Assets.xcassets --compile /Users/alexmontesino/Library/Developer/Xcode/DerivedData/Gym_API-gttvbppsiybwtpahvrbhortrptkr/Build/Products/Debug-iphonesimulator --output-format human-readable-text --notices --warnings --export-dependency-info /Users/alexmontesino/Library/Developer/Xcode/DerivedData/Gym_API-gttvbppsiybwtpahvrbhortrptkr/Build/Intermediates.noindex/StreamChat.build/Debug-iphonesimulator/StreamChatUI.build/assetcatalog_dependencies --output-partial-info-plist /Users/alexmontesino/Library/Developer/Xcode/DerivedData/Gym_API-gttvbppsiybwtpahvrbhortrptkr/Build/Intermediates.noindex/StreamChat.build/Debug-iphonesimulator/StreamChatUI.build/assetcatalog_generated_info.plist --compress-pngs --enable-on-demand-resources NO --development-region en --target-device iphone --target-device ipad --minimum-deployment-target 13.0 --platform iphonesimulator --bundle-identifier stream-chat-swift.StreamChatUI --generate-swift-asset-symbol-extensions NO --generate-swift-asset-symbols /Users/alexmontesino/Library/Developer/Xcode/DerivedData/Gym_API-gttvbppsiybwtpahvrbhortrptkr/Build/Intermediates.noindex/StreamChat.build/Debug-iphonesimulator/StreamChatUI.build/DerivedSources/GeneratedAssetSymbols.swift --generate-objc-asset-symbols /Users/alexmontesino/Library/Developer/Xcode/DerivedData/Gym_API-gttvbppsiybwtpahvrbhortrptkr/Build/Intermediates.noindex/StreamChat.build/Debug-iphonesimulator/StreamChatUI.build/DerivedSources/GeneratedAssetSymbols.h --generate-asset-symbol-index /Users/alexmontesino/Library/Developer/Xcode/DerivedData/Gym_API-gttvbppsiybwtpahvrbhortrptkr/Build/Intermediates.noindex/StreamChat.build/Debug-iphonesimulator/StreamChatUI.build/DerivedSources/GeneratedAssetSymbols-Index.plist
/* com.apple.actool.compilation-results */
/Users/alexmontesino/Library/Developer/Xcode/DerivedData/Gym_API-gttvbppsiybwtpahvrbhortrptkr/Build/Intermediates.noindex/StreamChat.build/Debug-iphonesimulator/StreamChatUI.build/DerivedSources/GeneratedAssetSymbols-Index.plist
/Users/alexmontesino/Library/Developer/Xcode/DerivedData/Gym_API-gttvbppsiybwtpahvrbhortrptkr/Build/Intermediates.noindex/StreamChat.build/Debug-iphonesimulator/StreamChatUI.build/DerivedSources/GeneratedAssetSymbols.h
/Users/alexmontesino/Library/Developer/Xcode/DerivedData/Gym_API-gttvbppsiybwtpahvrbhortrptkr/Build/Intermediates.noindex/StreamChat.build/Debug-iphonesimulator/StreamChatUI.build/DerivedSources/GeneratedAssetSymbols.swift


ScanDependencies /Users/alexmontesino/Library/Developer/Xcode/DerivedData/Gym_API-gttvbppsiybwtpahvrbhortrptkr/Build/Intermediates.noindex/OneSignalFramework.build/Debug-iphonesimulator/OneSignalFrameworkWrapper.build/Objects-normal/arm64/dummy.o /Users/alexmontesino/Library/Developer/Xcode/DerivedData/Gym_API-gttvbppsiybwtpahvrbhortrptkr/SourcePackages/checkouts/OneSignal-iOS-SDK/OneSignalFrameworkWrapper/dummy.m normal arm64 objective-c com.apple.compilers.llvm.clang.1_0.compiler (in target 'OneSignalFrameworkWrapper' from project 'OneSignalFramework')
    cd /Users/alexmontesino/Documents/GYM-API-IOS/Gym_API/Gym_API.xcodeproj
    
    Using response file: /Users/alexmontesino/Library/Developer/Xcode/DerivedData/Gym_API-gttvbppsiybwtpahvrbhortrptkr/Build/Intermediates.noindex/OneSignalFramework.build/Debug-iphonesimulator/OneSignalFrameworkWrapper.build/Objects-normal/arm64/e6072d4f65d7061329687fe24e3d63a7-common-args.resp
    
    builtin-ScanDependencies -o /Users/alexmontesino/Library/Developer/Xcode/DerivedData/Gym_API-gttvbppsiybwtpahvrbhortrptkr/Build/Intermediates.noindex/OneSignalFramework.build/Debug-iphonesimulator/OneSignalFrameworkWrapper.build/Objects-normal/arm64/dummy.o.scan -- /Applications/Xcode.app/Contents/Developer/Toolchains/XcodeDefault.xctoolchain/usr/bin/clang -x objective-c -ivfsstatcache /Users/alexmontesino/Library/Developer/Xcode/DerivedData/SDKStatCaches.noindex/iphonesimulator18.5-22F76-d5fc8ad4295d2ef488fb7d0f804ce0c4.sdkstatcache -fmessage-length\=0 -fdiagnostics-show-note-include-stack -fmacro-backtrace-limit\=0 -fno-color-diagnostics -fmodules-prune-interval\=86400 -fmodules-prune-after\=345600 -fbuild-session-file\=/Users/alexmontesino/Library/Developer/Xcode/DerivedData/ModuleCache.noindex/Session.modulevalidation -fmodules-validate-once-per-build-session -Wnon-modular-include-in-framework-module -Werror\=non-modular-include-in-framework-module -Wno-trigraphs -Wno-missing-field-initializers -Wno-missing-prototypes -Wno-return-type -Wno-implicit-atomic-properties -Wno-objc-interface-ivars -Wno-arc-repeated-use-of-weak -Wno-missing-braces -Wparentheses -Wswitch -Wno-unused-function -Wno-unused-label -Wno-unused-parameter -Wno-unused-variable -Wunused-value -Wno-empty-body -Wno-uninitialized -Wno-unknown-pragmas -w -Wno-shadow -Wno-four-char-constants -Wno-conversion -Wno-constant-conversion -Wno-int-conversion -Wno-bool-conversion -Wno-enum-conversion -Wno-float-conversion -Wno-non-literal-null-conversion -Wno-objc-literal-conversion -Wshorten-64-to-32 -Wpointer-sign -Wno-newline-eof -Wno-selector -Wno-strict-selector-match -Wno-undeclared-selector -Wno-deprecated-implementations -Wno-implicit-fallthrough -fstrict-aliasing -Wprotocol -Wdeprecated-declarations -Wno-sign-conversion -Wno-infinite-recursion -Wno-comma -Wno-block-capture-autoreleasing -Wno-strict-prototypes -Wno-semicolon-before-method-body -index-store-path /Users/alexmontesino/Library/Developer/Xcode/DerivedData/Gym_API-gttvbppsiybwtpahvrbhortrptkr/Index.noindex/DataStore @/Users/alexmontesino/Library/Developer/Xcode/DerivedData/Gym_API-gttvbppsiybwtpahvrbhortrptkr/Build/Intermediates.noindex/OneSignalFramework.build/Debug-iphonesimulator/OneSignalFrameworkWrapper.build/Objects-normal/arm64/e6072d4f65d7061329687fe24e3d63a7-common-args.resp -MMD -MT dependencies -MF /Users/alexmontesino/Library/Developer/Xcode/DerivedData/Gym_API-gttvbppsiybwtpahvrbhortrptkr/Build/Intermediates.noindex/OneSignalFramework.build/Debug-iphonesimulator/OneSignalFrameworkWrapper.build/Objects-normal/arm64/dummy.d --serialize-diagnostics /Users/alexmontesino/Library/Developer/Xcode/DerivedData/Gym_API-gttvbppsiybwtpahvrbhortrptkr/Build/Intermediates.noindex/OneSignalFramework.build/Debug-iphonesimulator/OneSignalFrameworkWrapper.build/Objects-normal/arm64/dummy.dia -c /Users/alexmontesino/Library/Developer/Xcode/DerivedData/Gym_API-gttvbppsiybwtpahvrbhortrptkr/SourcePackages/checkouts/OneSignal-iOS-SDK/OneSignalFrameworkWrapper/dummy.m -o /Users/alexmontesino/Library/Developer/Xcode/DerivedData/Gym_API-gttvbppsiybwtpahvrbhortrptkr/Build/Intermediates.noindex/OneSignalFramework.build/Debug-iphonesimulator/OneSignalFrameworkWrapper.build/Objects-normal/arm64/dummy.o -index-unit-output-path /OneSignalFramework.build/Debug-iphonesimulator/OneSignalFrameworkWrapper.build/Objects-normal/arm64/dummy.o

CompileC /Users/alexmontesino/Library/Developer/Xcode/DerivedData/Gym_API-gttvbppsiybwtpahvrbhortrptkr/Build/Intermediates.noindex/OneSignalFramework.build/Debug-iphonesimulator/OneSignalFrameworkWrapper.build/Objects-normal/arm64/dummy.o /Users/alexmontesino/Library/Developer/Xcode/DerivedData/Gym_API-gttvbppsiybwtpahvrbhortrptkr/SourcePackages/checkouts/OneSignal-iOS-SDK/OneSignalFrameworkWrapper/dummy.m normal arm64 objective-c com.apple.compilers.llvm.clang.1_0.compiler (in target 'OneSignalFrameworkWrapper' from project 'OneSignalFramework')
    cd /Users/alexmontesino/Documents/GYM-API-IOS/Gym_API/Gym_API.xcodeproj
    
    Using response file: /Users/alexmontesino/Library/Developer/Xcode/DerivedData/Gym_API-gttvbppsiybwtpahvrbhortrptkr/Build/Intermediates.noindex/OneSignalFramework.build/Debug-iphonesimulator/OneSignalFrameworkWrapper.build/Objects-normal/arm64/e6072d4f65d7061329687fe24e3d63a7-common-args.resp
    
    /Applications/Xcode.app/Contents/Developer/Toolchains/XcodeDefault.xctoolchain/usr/bin/clang -x objective-c -ivfsstatcache /Users/alexmontesino/Library/Developer/Xcode/DerivedData/SDKStatCaches.noindex/iphonesimulator18.5-22F76-d5fc8ad4295d2ef488fb7d0f804ce0c4.sdkstatcache -fmessage-length\=0 -fdiagnostics-show-note-include-stack -fmacro-backtrace-limit\=0 -fno-color-diagnostics -fmodules-prune-interval\=86400 -fmodules-prune-after\=345600 -fbuild-session-file\=/Users/alexmontesino/Library/Developer/Xcode/DerivedData/ModuleCache.noindex/Session.modulevalidation -fmodules-validate-once-per-build-session -Wnon-modular-include-in-framework-module -Werror\=non-modular-include-in-framework-module -Wno-trigraphs -Wno-missing-field-initializers -Wno-missing-prototypes -Wno-return-type -Wno-implicit-atomic-properties -Wno-objc-interface-ivars -Wno-arc-repeated-use-of-weak -Wno-missing-braces -Wparentheses -Wswitch -Wno-unused-function -Wno-unused-label -Wno-unused-parameter -Wno-unused-variable -Wunused-value -Wno-empty-body -Wno-uninitialized -Wno-unknown-pragmas -w -Wno-shadow -Wno-four-char-constants -Wno-conversion -Wno-constant-conversion -Wno-int-conversion -Wno-bool-conversion -Wno-enum-conversion -Wno-float-conversion -Wno-non-literal-null-conversion -Wno-objc-literal-conversion -Wshorten-64-to-32 -Wpointer-sign -Wno-newline-eof -Wno-selector -Wno-strict-selector-match -Wno-undeclared-selector -Wno-deprecated-implementations -Wno-implicit-fallthrough -fstrict-aliasing -Wprotocol -Wdeprecated-declarations -Wno-sign-conversion -Wno-infinite-recursion -Wno-comma -Wno-block-capture-autoreleasing -Wno-strict-prototypes -Wno-semicolon-before-method-body -index-store-path /Users/alexmontesino/Library/Developer/Xcode/DerivedData/Gym_API-gttvbppsiybwtpahvrbhortrptkr/Index.noindex/DataStore @/Users/alexmontesino/Library/Developer/Xcode/DerivedData/Gym_API-gttvbppsiybwtpahvrbhortrptkr/Build/Intermediates.noindex/OneSignalFramework.build/Debug-iphonesimulator/OneSignalFrameworkWrapper.build/Objects-normal/arm64/e6072d4f65d7061329687fe24e3d63a7-common-args.resp -MMD -MT dependencies -MF /Users/alexmontesino/Library/Developer/Xcode/DerivedData/Gym_API-gttvbppsiybwtpahvrbhortrptkr/Build/Intermediates.noindex/OneSignalFramework.build/Debug-iphonesimulator/OneSignalFrameworkWrapper.build/Objects-normal/arm64/dummy.d --serialize-diagnostics /Users/alexmontesino/Library/Developer/Xcode/DerivedData/Gym_API-gttvbppsiybwtpahvrbhortrptkr/Build/Intermediates.noindex/OneSignalFramework.build/Debug-iphonesimulator/OneSignalFrameworkWrapper.build/Objects-normal/arm64/dummy.dia -c /Users/alexmontesino/Library/Developer/Xcode/DerivedData/Gym_API-gttvbppsiybwtpahvrbhortrptkr/SourcePackages/checkouts/OneSignal-iOS-SDK/OneSignalFrameworkWrapper/dummy.m -o /Users/alexmontesino/Library/Developer/Xcode/DerivedData/Gym_API-gttvbppsiybwtpahvrbhortrptkr/Build/Intermediates.noindex/OneSignalFramework.build/Debug-iphonesimulator/OneSignalFrameworkWrapper.build/Objects-normal/arm64/dummy.o -index-unit-output-path /OneSignalFramework.build/Debug-iphonesimulator/OneSignalFrameworkWrapper.build/Objects-normal/arm64/dummy.o

SwiftDriver StreamChatUI normal arm64 com.apple.xcode.tools.swift.compiler (in target 'StreamChatUI' from project 'StreamChat')
    cd /Users/alexmontesino/Documents/GYM-API-IOS/Gym_API/Gym_API.xcodeproj
    builtin-SwiftDriver -- /Applications/Xcode.app/Contents/Developer/Toolchains/XcodeDefault.xctoolchain/usr/bin/swiftc -module-name StreamChatUI -Onone -enforce-exclusivity\=checked @/Users/alexmontesino/Library/Developer/Xcode/DerivedData/Gym_API-gttvbppsiybwtpahvrbhortrptkr/Build/Intermediates.noindex/StreamChat.build/Debug-iphonesimulator/StreamChatUI.build/Objects-normal/arm64/StreamChatUI.SwiftFileList -DSWIFT_PACKAGE -DDEBUG -DXcode -plugin-path /Applications/Xcode.app/Contents/Developer/Toolchains/XcodeDefault.xctoolchain/usr/lib/swift/host/plugins/testing -enable-experimental-feature DebugDescriptionMacro -sdk /Applications/Xcode.app/Contents/Developer/Platforms/iPhoneSimulator.platform/Developer/SDKs/iPhoneSimulator18.5.sdk -target arm64-apple-ios13.0-simulator -g -module-cache-path /Users/alexmontesino/Library/Developer/Xcode/DerivedData/ModuleCache.noindex -Xfrontend -serialize-debugging-options -profile-coverage-mapping -profile-generate -enable-testing -suppress-warnings -index-store-path /Users/alexmontesino/Library/Developer/Xcode/DerivedData/Gym_API-gttvbppsiybwtpahvrbhortrptkr/Index.noindex/DataStore -swift-version 5 -I /Users/alexmontesino/Library/Developer/Xcode/DerivedData/Gym_API-gttvbppsiybwtpahvrbhortrptkr/Build/Products/Debug-iphonesimulator -I /Applications/Xcode.app/Contents/Developer/Platforms/iPhoneSimulator.platform/Developer/usr/lib -F /Users/alexmontesino/Library/Developer/Xcode/DerivedData/Gym_API-gttvbppsiybwtpahvrbhortrptkr/Build/Products/Debug-iphonesimulator/PackageFrameworks -F /Users/alexmontesino/Library/Developer/Xcode/DerivedData/Gym_API-gttvbppsiybwtpahvrbhortrptkr/Build/Products/Debug-iphonesimulator -F /Applications/Xcode.app/Contents/Developer/Platforms/iPhoneSimulator.platform/Developer/Library/Frameworks -F /Applications/Xcode.app/Contents/Developer/Platforms/iPhoneSimulator.platform/Developer/SDKs/iPhoneSimulator18.5.sdk/Developer/Library/Frameworks -emit-localized-strings -emit-localized-strings-path /Users/alexmontesino/Library/Developer/Xcode/DerivedData/Gym_API-gttvbppsiybwtpahvrbhortrptkr/Build/Intermediates.noindex/StreamChat.build/Debug-iphonesimulator/StreamChatUI.build/Objects-normal/arm64 -c -j10 -enable-batch-mode -incremental -Xcc -ivfsstatcache -Xcc /Users/alexmontesino/Library/Developer/Xcode/DerivedData/SDKStatCaches.noindex/iphonesimulator18.5-22F76-d5fc8ad4295d2ef488fb7d0f804ce0c4.sdkstatcache -output-file-map /Users/alexmontesino/Library/Developer/Xcode/DerivedData/Gym_API-gttvbppsiybwtpahvrbhortrptkr/Build/Intermediates.noindex/StreamChat.build/Debug-iphonesimulator/StreamChatUI.build/Objects-normal/arm64/StreamChatUI-OutputFileMap.json -use-frontend-parseable-output -save-temps -no-color-diagnostics -serialize-diagnostics -emit-dependencies -emit-module -emit-module-path /Users/alexmontesino/Library/Developer/Xcode/DerivedData/Gym_API-gttvbppsiybwtpahvrbhortrptkr/Build/Intermediates.noindex/StreamChat.build/Debug-iphonesimulator/StreamChatUI.build/Objects-normal/arm64/StreamChatUI.swiftmodule -validate-clang-modules-once -clang-build-session-file /Users/alexmontesino/Library/Developer/Xcode/DerivedData/ModuleCache.noindex/Session.modulevalidation -Xcc -I/Users/alexmontesino/Library/Developer/Xcode/DerivedData/Gym_API-gttvbppsiybwtpahvrbhortrptkr/Build/Intermediates.noindex/StreamChat.build/Debug-iphonesimulator/StreamChatUI.build/swift-overrides.hmap -emit-const-values -Xfrontend -const-gather-protocols-file -Xfrontend /Users/alexmontesino/Library/Developer/Xcode/DerivedData/Gym_API-gttvbppsiybwtpahvrbhortrptkr/Build/Intermediates.noindex/StreamChat.build/Debug-iphonesimulator/StreamChatUI.build/Objects-normal/arm64/StreamChatUI_const_extract_protocols.json -Xcc -I/Users/alexmontesino/Library/Developer/Xcode/DerivedData/Gym_API-gttvbppsiybwtpahvrbhortrptkr/Build/Products/Debug-iphonesimulator/include -Xcc -I/Users/alexmontesino/Library/Developer/Xcode/DerivedData/Gym_API-gttvbppsiybwtpahvrbhortrptkr/Build/Intermediates.noindex/StreamChat.build/Debug-iphonesimulator/StreamChatUI.build/DerivedSources-normal/arm64 -Xcc -I/Users/alexmontesino/Library/Developer/Xcode/DerivedData/Gym_API-gttvbppsiybwtpahvrbhortrptkr/Build/Intermediates.noindex/StreamChat.build/Debug-iphonesimulator/StreamChatUI.build/DerivedSources/arm64 -Xcc -I/Users/alexmontesino/Library/Developer/Xcode/DerivedData/Gym_API-gttvbppsiybwtpahvrbhortrptkr/Build/Intermediates.noindex/StreamChat.build/Debug-iphonesimulator/StreamChatUI.build/DerivedSources -Xcc -DSWIFT_PACKAGE -Xcc -DDEBUG\=1 -emit-objc-header -emit-objc-header-path /Users/alexmontesino/Library/Developer/Xcode/DerivedData/Gym_API-gttvbppsiybwtpahvrbhortrptkr/Build/Intermediates.noindex/StreamChat.build/Debug-iphonesimulator/StreamChatUI.build/Objects-normal/arm64/StreamChatUI-Swift.h -working-directory /Users/alexmontesino/Documents/GYM-API-IOS/Gym_API/Gym_API.xcodeproj -experimental-emit-module-separately -disable-cmo

Ld /Users/alexmontesino/Library/Developer/Xcode/DerivedData/Gym_API-gttvbppsiybwtpahvrbhortrptkr/Build/Products/Debug-iphonesimulator/OneSignalFrameworkWrapper.o normal (in target 'OneSignalFrameworkWrapper' from project 'OneSignalFramework')
    cd /Users/alexmontesino/Library/Developer/Xcode/DerivedData/Gym_API-gttvbppsiybwtpahvrbhortrptkr/SourcePackages/checkouts/OneSignal-iOS-SDK
    /Applications/Xcode.app/Contents/Developer/Toolchains/XcodeDefault.xctoolchain/usr/bin/clang -Xlinker -reproducible -target arm64-apple-ios12.0-simulator -r -isysroot /Applications/Xcode.app/Contents/Developer/Platforms/iPhoneSimulator.platform/Developer/SDKs/iPhoneSimulator18.5.sdk -O0 -w -L/Users/alexmontesino/Library/Developer/Xcode/DerivedData/Gym_API-gttvbppsiybwtpahvrbhortrptkr/Build/Intermediates.noindex/EagerLinkingTBDs/Debug-iphonesimulator -L/Users/alexmontesino/Library/Developer/Xcode/DerivedData/Gym_API-gttvbppsiybwtpahvrbhortrptkr/Build/Products/Debug-iphonesimulator -L/Applications/Xcode.app/Contents/Developer/Platforms/iPhoneSimulator.platform/Developer/usr/lib -F/Users/alexmontesino/Library/Developer/Xcode/DerivedData/Gym_API-gttvbppsiybwtpahvrbhortrptkr/Build/Intermediates.noindex/EagerLinkingTBDs/Debug-iphonesimulator -F/Users/alexmontesino/Library/Developer/Xcode/DerivedData/Gym_API-gttvbppsiybwtpahvrbhortrptkr/Build/Products/Debug-iphonesimulator -iframework /Applications/Xcode.app/Contents/Developer/Platforms/iPhoneSimulator.platform/Developer/Library/Frameworks -iframework /Applications/Xcode.app/Contents/Developer/Platforms/iPhoneSimulator.platform/Developer/SDKs/iPhoneSimulator18.5.sdk/Developer/Library/Frameworks -filelist /Users/alexmontesino/Library/Developer/Xcode/DerivedData/Gym_API-gttvbppsiybwtpahvrbhortrptkr/Build/Intermediates.noindex/OneSignalFramework.build/Debug-iphonesimulator/OneSignalFrameworkWrapper.build/Objects-normal/arm64/OneSignalFrameworkWrapper.LinkFileList -nostdlib -Xlinker -object_path_lto -Xlinker /Users/alexmontesino/Library/Developer/Xcode/DerivedData/Gym_API-gttvbppsiybwtpahvrbhortrptkr/Build/Intermediates.noindex/OneSignalFramework.build/Debug-iphonesimulator/OneSignalFrameworkWrapper.build/Objects-normal/arm64/OneSignalFrameworkWrapper_lto.o -rdynamic -Xlinker -no_deduplicate -Xlinker -objc_abi_version -Xlinker 2 -Xlinker -debug_variant -Xlinker -dependency_info -Xlinker /Users/alexmontesino/Library/Developer/Xcode/DerivedData/Gym_API-gttvbppsiybwtpahvrbhortrptkr/Build/Intermediates.noindex/OneSignalFramework.build/Debug-iphonesimulator/OneSignalFrameworkWrapper.build/Objects-normal/arm64/OneSignalFrameworkWrapper_dependency_info.dat -fobjc-arc -fobjc-link-runtime -o /Users/alexmontesino/Library/Developer/Xcode/DerivedData/Gym_API-gttvbppsiybwtpahvrbhortrptkr/Build/Products/Debug-iphonesimulator/OneSignalFrameworkWrapper.o

CodeSign /Users/alexmontesino/Library/Developer/Xcode/DerivedData/Gym_API-gttvbppsiybwtpahvrbhortrptkr/Build/Products/Debug-iphonesimulator/StreamChat_StreamChat.bundle (in target 'StreamChat_StreamChat' from project 'StreamChat')
    cd /Users/alexmontesino/Library/Developer/Xcode/DerivedData/Gym_API-gttvbppsiybwtpahvrbhortrptkr/SourcePackages/checkouts/stream-chat-swift
    
    Signing Identity:     "Sign to Run Locally"
    
    /usr/bin/codesign --force --sign - --timestamp\=none --generate-entitlement-der /Users/alexmontesino/Library/Developer/Xcode/DerivedData/Gym_API-gttvbppsiybwtpahvrbhortrptkr/Build/Products/Debug-iphonesimulator/StreamChat_StreamChat.bundle

SwiftDriver Auth0 normal arm64 com.apple.xcode.tools.swift.compiler (in target 'Auth0' from project 'Auth0')
    cd /Users/alexmontesino/Documents/GYM-API-IOS/Gym_API/Gym_API.xcodeproj
    builtin-SwiftDriver -- /Applications/Xcode.app/Contents/Developer/Toolchains/XcodeDefault.xctoolchain/usr/bin/swiftc -module-name Auth0 -Onone -enforce-exclusivity\=checked @/Users/alexmontesino/Library/Developer/Xcode/DerivedData/Gym_API-gttvbppsiybwtpahvrbhortrptkr/Build/Intermediates.noindex/Auth0.build/Debug-iphonesimulator/Auth0.build/Objects-normal/arm64/Auth0.SwiftFileList -DSWIFT_PACKAGE -DDEBUG -DWEB_AUTH_PLATFORM -DPASSKEYS_PLATFORM -DXcode -plugin-path /Applications/Xcode.app/Contents/Developer/Toolchains/XcodeDefault.xctoolchain/usr/lib/swift/host/plugins/testing -enable-experimental-feature DebugDescriptionMacro -sdk /Applications/Xcode.app/Contents/Developer/Platforms/iPhoneSimulator.platform/Developer/SDKs/iPhoneSimulator18.5.sdk -target arm64-apple-ios14.0-simulator -g -module-cache-path /Users/alexmontesino/Library/Developer/Xcode/DerivedData/ModuleCache.noindex -Xfrontend -serialize-debugging-options -profile-coverage-mapping -profile-generate -enable-testing -suppress-warnings -index-store-path /Users/alexmontesino/Library/Developer/Xcode/DerivedData/Gym_API-gttvbppsiybwtpahvrbhortrptkr/Index.noindex/DataStore -swift-version 5 -I /Users/alexmontesino/Library/Developer/Xcode/DerivedData/Gym_API-gttvbppsiybwtpahvrbhortrptkr/Build/Products/Debug-iphonesimulator -I /Applications/Xcode.app/Contents/Developer/Platforms/iPhoneSimulator.platform/Developer/usr/lib -F /Users/alexmontesino/Library/Developer/Xcode/DerivedData/Gym_API-gttvbppsiybwtpahvrbhortrptkr/Build/Products/Debug-iphonesimulator/PackageFrameworks -F /Users/alexmontesino/Library/Developer/Xcode/DerivedData/Gym_API-gttvbppsiybwtpahvrbhortrptkr/Build/Products/Debug-iphonesimulator/PackageFrameworks -F /Users/alexmontesino/Library/Developer/Xcode/DerivedData/Gym_API-gttvbppsiybwtpahvrbhortrptkr/Build/Products/Debug-iphonesimulator -F /Applications/Xcode.app/Contents/Developer/Platforms/iPhoneSimulator.platform/Developer/Library/Frameworks -F /Applications/Xcode.app/Contents/Developer/Platforms/iPhoneSimulator.platform/Developer/SDKs/iPhoneSimulator18.5.sdk/Developer/Library/Frameworks -c -j10 -enable-batch-mode -incremental -Xcc -ivfsstatcache -Xcc /Users/alexmontesino/Library/Developer/Xcode/DerivedData/SDKStatCaches.noindex/iphonesimulator18.5-22F76-d5fc8ad4295d2ef488fb7d0f804ce0c4.sdkstatcache -output-file-map /Users/alexmontesino/Library/Developer/Xcode/DerivedData/Gym_API-gttvbppsiybwtpahvrbhortrptkr/Build/Intermediates.noindex/Auth0.build/Debug-iphonesimulator/Auth0.build/Objects-normal/arm64/Auth0-OutputFileMap.json -use-frontend-parseable-output -save-temps -no-color-diagnostics -serialize-diagnostics -emit-dependencies -emit-module -emit-module-path /Users/alexmontesino/Library/Developer/Xcode/DerivedData/Gym_API-gttvbppsiybwtpahvrbhortrptkr/Build/Intermediates.noindex/Auth0.build/Debug-iphonesimulator/Auth0.build/Objects-normal/arm64/Auth0.swiftmodule -user-module-version 2.13.0 -validate-clang-modules-once -clang-build-session-file /Users/alexmontesino/Library/Developer/Xcode/DerivedData/ModuleCache.noindex/Session.modulevalidation -package-name auth0_swift -Xcc -I/Users/alexmontesino/Library/Developer/Xcode/DerivedData/Gym_API-gttvbppsiybwtpahvrbhortrptkr/Build/Intermediates.noindex/Auth0.build/Debug-iphonesimulator/Auth0.build/swift-overrides.hmap -emit-const-values -Xfrontend -const-gather-protocols-file -Xfrontend /Users/alexmontesino/Library/Developer/Xcode/DerivedData/Gym_API-gttvbppsiybwtpahvrbhortrptkr/Build/Intermediates.noindex/Auth0.build/Debug-iphonesimulator/Auth0.build/Objects-normal/arm64/Auth0_const_extract_protocols.json -Xcc -I/Users/alexmontesino/Library/Developer/Xcode/DerivedData/Gym_API-gttvbppsiybwtpahvrbhortrptkr/Build/Products/Debug-iphonesimulator/include -Xcc -I/Users/alexmontesino/Library/Developer/Xcode/DerivedData/Gym_API-gttvbppsiybwtpahvrbhortrptkr/Build/Intermediates.noindex/Auth0.build/Debug-iphonesimulator/Auth0.build/DerivedSources-normal/arm64 -Xcc -I/Users/alexmontesino/Library/Developer/Xcode/DerivedData/Gym_API-gttvbppsiybwtpahvrbhortrptkr/Build/Intermediates.noindex/Auth0.build/Debug-iphonesimulator/Auth0.build/DerivedSources/arm64 -Xcc -I/Users/alexmontesino/Library/Developer/Xcode/DerivedData/Gym_API-gttvbppsiybwtpahvrbhortrptkr/Build/Intermediates.noindex/Auth0.build/Debug-iphonesimulator/Auth0.build/DerivedSources -Xcc -DSWIFT_PACKAGE -Xcc -DDEBUG\=1 -emit-objc-header -emit-objc-header-path /Users/alexmontesino/Library/Developer/Xcode/DerivedData/Gym_API-gttvbppsiybwtpahvrbhortrptkr/Build/Intermediates.noindex/Auth0.build/Debug-iphonesimulator/Auth0.build/Objects-normal/arm64/Auth0-Swift.h -working-directory /Users/alexmontesino/Documents/GYM-API-IOS/Gym_API/Gym_API.xcodeproj -experimental-emit-module-separately -disable-cmo

SwiftEmitModule normal arm64 Emitting\ module\ for\ StreamChatUI (in target 'StreamChatUI' from project 'StreamChat')

EmitSwiftModule normal arm64 (in target 'StreamChatUI' from project 'StreamChat')
    cd /Users/alexmontesino/Documents/GYM-API-IOS/Gym_API/Gym_API.xcodeproj
    

SwiftEmitModule normal arm64 Emitting\ module\ for\ Auth0 (in target 'Auth0' from project 'Auth0')

EmitSwiftModule normal arm64 (in target 'Auth0' from project 'Auth0')
    cd /Users/alexmontesino/Documents/GYM-API-IOS/Gym_API/Gym_API.xcodeproj
    

SwiftCompile normal arm64 Compiling\ FileAttachmentViewInjector.swift,\ ChatMessageGalleryView.swift,\ ChatMessageImageGallery+ImagePreview.swift,\ GalleryAttachmentViewInjector.swift,\ VideoAttachmentGalleryPreview.swift,\ ChatMessageGiphyView+GiphyBadge.swift,\ ChatMessageGiphyView.swift,\ ChatMessageInteractiveAttachmentView+ActionButton.swift,\ ChatMessageInteractiveAttachmentView.swift,\ GiphyAttachmentViewInjector.swift,\ ChatMessageLinkPreviewView.swift,\ LinkAttachmentViewInjector.swift,\ MixedAttachmentViewInjector.swift,\ PollAllOptionsListItemCell.swift,\ PollAllOptionsListVC.swift,\ PollAttachmentOptionListItemView.swift,\ PollAttachmentOptionListView.swift,\ PollAttachmentView.swift,\ PollAttachmentViewInjector.swift,\ PollCommentListItemCell.swift,\ PollCommentListItemView.swift,\ PollCommentListSectionFooterView.swift,\ PollCommentListSectionHeaderView.swift,\ PollCommentListVC.swift /Users/alexmontesino/Library/Developer/Xcode/DerivedData/Gym_API-gttvbppsiybwtpahvrbhortrptkr/SourcePackages/checkouts/stream-chat-swift/Sources/StreamChatUI/ChatMessageList/Attachments/File/FileAttachmentViewInjector.swift /Users/alexmontesino/Library/Developer/Xcode/DerivedData/Gym_API-gttvbppsiybwtpahvrbhortrptkr/SourcePackages/checkouts/stream-chat-swift/Sources/StreamChatUI/ChatMessageList/Attachments/Gallery/ChatMessageGalleryView.swift /Users/alexmontesino/Library/Developer/Xcode/DerivedData/Gym_API-gttvbppsiybwtpahvrbhortrptkr/SourcePackages/checkouts/stream-chat-swift/Sources/StreamChatUI/ChatMessageList/Attachments/Gallery/ChatMessageImageGallery+ImagePreview.swift /Users/alexmontesino/Library/Developer/Xcode/DerivedData/Gym_API-gttvbppsiybwtpahvrbhortrptkr/SourcePackages/checkouts/stream-chat-swift/Sources/StreamChatUI/ChatMessageList/Attachments/Gallery/GalleryAttachmentViewInjector.swift /Users/alexmontesino/Library/Developer/Xcode/DerivedData/Gym_API-gttvbppsiybwtpahvrbhortrptkr/SourcePackages/checkouts/stream-chat-swift/Sources/StreamChatUI/ChatMessageList/Attachments/Gallery/VideoAttachmentGalleryPreview.swift /Users/alexmontesino/Library/Developer/Xcode/DerivedData/Gym_API-gttvbppsiybwtpahvrbhortrptkr/SourcePackages/checkouts/stream-chat-swift/Sources/StreamChatUI/ChatMessageList/Attachments/Giphy/ChatMessageGiphyView+GiphyBadge.swift /Users/alexmontesino/Library/Developer/Xcode/DerivedData/Gym_API-gttvbppsiybwtpahvrbhortrptkr/SourcePackages/checkouts/stream-chat-swift/Sources/StreamChatUI/ChatMessageList/Attachments/Giphy/ChatMessageGiphyView.swift /Users/alexmontesino/Library/Developer/Xcode/DerivedData/Gym_API-gttvbppsiybwtpahvrbhortrptkr/SourcePackages/checkouts/stream-chat-swift/Sources/StreamChatUI/ChatMessageList/Attachments/Giphy/ChatMessageInteractiveAttachmentView+ActionButton.swift /Users/alexmontesino/Library/Developer/Xcode/DerivedData/Gym_API-gttvbppsiybwtpahvrbhortrptkr/SourcePackages/checkouts/stream-chat-swift/Sources/StreamChatUI/ChatMessageList/Attachments/Giphy/ChatMessageInteractiveAttachmentView.swift /Users/alexmontesino/Library/Developer/Xcode/DerivedData/Gym_API-gttvbppsiybwtpahvrbhortrptkr/SourcePackages/checkouts/stream-chat-swift/Sources/StreamChatUI/ChatMessageList/Attachments/Giphy/GiphyAttachmentViewInjector.swift /Users/alexmontesino/Library/Developer/Xcode/DerivedData/Gym_API-gttvbppsiybwtpahvrbhortrptkr/SourcePackages/checkouts/stream-chat-swift/Sources/StreamChatUI/ChatMessageList/Attachments/Link/ChatMessageLinkPreviewView.swift /Users/alexmontesino/Library/Developer/Xcode/DerivedData/Gym_API-gttvbppsiybwtpahvrbhortrptkr/SourcePackages/checkouts/stream-chat-swift/Sources/StreamChatUI/ChatMessageList/Attachments/Link/LinkAttachmentViewInjector.swift /Users/alexmontesino/Library/Developer/Xcode/DerivedData/Gym_API-gttvbppsiybwtpahvrbhortrptkr/SourcePackages/checkouts/stream-chat-swift/Sources/StreamChatUI/ChatMessageList/Attachments/MixedAttachmentViewInjector.swift /Users/alexmontesino/Library/Developer/Xcode/DerivedData/Gym_API-gttvbppsiybwtpahvrbhortrptkr/SourcePackages/checkouts/stream-chat-swift/Sources/StreamChatUI/ChatMessageList/Attachments/Poll/PollAllOptionsListVC/PollAllOptionsListItemCell.swift /Users/alexmontesino/Library/Developer/Xcode/DerivedData/Gym_API-gttvbppsiybwtpahvrbhortrptkr/SourcePackages/checkouts/stream-chat-swift/Sources/StreamChatUI/ChatMessageList/Attachments/Poll/PollAllOptionsListVC/PollAllOptionsListVC.swift /Users/alexmontesino/Library/Developer/Xcode/DerivedData/Gym_API-gttvbppsiybwtpahvrbhortrptkr/SourcePackages/checkouts/stream-chat-swift/Sources/StreamChatUI/ChatMessageList/Attachments/Poll/PollAttachmentOptionListView/PollAttachmentOptionListItemView.swift /Users/alexmontesino/Library/Developer/Xcode/DerivedData/Gym_API-gttvbppsiybwtpahvrbhortrptkr/SourcePackages/checkouts/stream-chat-swift/Sources/StreamChatUI/ChatMessageList/Attachments/Poll/PollAttachmentOptionListView/PollAttachmentOptionListView.swift /Users/alexmontesino/Library/Developer/Xcode/DerivedData/Gym_API-gttvbppsiybwtpahvrbhortrptkr/SourcePackages/checkouts/stream-chat-swift/Sources/StreamChatUI/ChatMessageList/Attachments/Poll/PollAttachmentView.swift /Users/alexmontesino/Library/Developer/Xcode/DerivedData/Gym_API-gttvbppsiybwtpahvrbhortrptkr/SourcePackages/checkouts/stream-chat-swift/Sources/StreamChatUI/ChatMessageList/Attachments/Poll/PollAttachmentViewInjector.swift /Users/alexmontesino/Library/Developer/Xcode/DerivedData/Gym_API-gttvbppsiybwtpahvrbhortrptkr/SourcePackages/checkouts/stream-chat-swift/Sources/StreamChatUI/ChatMessageList/Attachments/Poll/PollCommentListVC/PollCommentListItemCell.swift /Users/alexmontesino/Library/Developer/Xcode/DerivedData/Gym_API-gttvbppsiybwtpahvrbhortrptkr/SourcePackages/checkouts/stream-chat-swift/Sources/StreamChatUI/ChatMessageList/Attachments/Poll/PollCommentListVC/PollCommentListItemView.swift /Users/alexmontesino/Library/Developer/Xcode/DerivedData/Gym_API-gttvbppsiybwtpahvrbhortrptkr/SourcePackages/checkouts/stream-chat-swift/Sources/StreamChatUI/ChatMessageList/Attachments/Poll/PollCommentListVC/PollCommentListSectionFooterView.swift /Users/alexmontesino/Library/Developer/Xcode/DerivedData/Gym_API-gttvbppsiybwtpahvrbhortrptkr/SourcePackages/checkouts/stream-chat-swift/Sources/StreamChatUI/ChatMessageList/Attachments/Poll/PollCommentListVC/PollCommentListSectionHeaderView.swift /Users/alexmontesino/Library/Developer/Xcode/DerivedData/Gym_API-gttvbppsiybwtpahvrbhortrptkr/SourcePackages/checkouts/stream-chat-swift/Sources/StreamChatUI/ChatMessageList/Attachments/Poll/PollCommentListVC/PollCommentListVC.swift (in target 'StreamChatUI' from project 'StreamChat')

SwiftCompile normal arm64 /Users/alexmontesino/Library/Developer/Xcode/DerivedData/Gym_API-gttvbppsiybwtpahvrbhortrptkr/SourcePackages/checkouts/stream-chat-swift/Sources/StreamChatUI/ChatMessageList/Attachments/File/FileAttachmentViewInjector.swift (in target 'StreamChatUI' from project 'StreamChat')
    cd /Users/alexmontesino/Documents/GYM-API-IOS/Gym_API/Gym_API.xcodeproj
    

SwiftCompile normal arm64 /Users/alexmontesino/Library/Developer/Xcode/DerivedData/Gym_API-gttvbppsiybwtpahvrbhortrptkr/SourcePackages/checkouts/stream-chat-swift/Sources/StreamChatUI/ChatMessageList/Attachments/Gallery/ChatMessageGalleryView.swift (in target 'StreamChatUI' from project 'StreamChat')
    cd /Users/alexmontesino/Documents/GYM-API-IOS/Gym_API/Gym_API.xcodeproj
    

SwiftCompile normal arm64 /Users/alexmontesino/Library/Developer/Xcode/DerivedData/Gym_API-gttvbppsiybwtpahvrbhortrptkr/SourcePackages/checkouts/stream-chat-swift/Sources/StreamChatUI/ChatMessageList/Attachments/Gallery/ChatMessageImageGallery+ImagePreview.swift (in target 'StreamChatUI' from project 'StreamChat')
    cd /Users/alexmontesino/Documents/GYM-API-IOS/Gym_API/Gym_API.xcodeproj
    

SwiftCompile normal arm64 /Users/alexmontesino/Library/Developer/Xcode/DerivedData/Gym_API-gttvbppsiybwtpahvrbhortrptkr/SourcePackages/checkouts/stream-chat-swift/Sources/StreamChatUI/ChatMessageList/Attachments/Gallery/GalleryAttachmentViewInjector.swift (in target 'StreamChatUI' from project 'StreamChat')
    cd /Users/alexmontesino/Documents/GYM-API-IOS/Gym_API/Gym_API.xcodeproj
    

SwiftCompile normal arm64 /Users/alexmontesino/Library/Developer/Xcode/DerivedData/Gym_API-gttvbppsiybwtpahvrbhortrptkr/SourcePackages/checkouts/stream-chat-swift/Sources/StreamChatUI/ChatMessageList/Attachments/Gallery/VideoAttachmentGalleryPreview.swift (in target 'StreamChatUI' from project 'StreamChat')
    cd /Users/alexmontesino/Documents/GYM-API-IOS/Gym_API/Gym_API.xcodeproj
    

SwiftCompile normal arm64 /Users/alexmontesino/Library/Developer/Xcode/DerivedData/Gym_API-gttvbppsiybwtpahvrbhortrptkr/SourcePackages/checkouts/stream-chat-swift/Sources/StreamChatUI/ChatMessageList/Attachments/Giphy/ChatMessageGiphyView+GiphyBadge.swift (in target 'StreamChatUI' from project 'StreamChat')
    cd /Users/alexmontesino/Documents/GYM-API-IOS/Gym_API/Gym_API.xcodeproj
    

SwiftCompile normal arm64 /Users/alexmontesino/Library/Developer/Xcode/DerivedData/Gym_API-gttvbppsiybwtpahvrbhortrptkr/SourcePackages/checkouts/stream-chat-swift/Sources/StreamChatUI/ChatMessageList/Attachments/Giphy/ChatMessageGiphyView.swift (in target 'StreamChatUI' from project 'StreamChat')
    cd /Users/alexmontesino/Documents/GYM-API-IOS/Gym_API/Gym_API.xcodeproj
    

SwiftCompile normal arm64 /Users/alexmontesino/Library/Developer/Xcode/DerivedData/Gym_API-gttvbppsiybwtpahvrbhortrptkr/SourcePackages/checkouts/stream-chat-swift/Sources/StreamChatUI/ChatMessageList/Attachments/Giphy/ChatMessageInteractiveAttachmentView+ActionButton.swift (in target 'StreamChatUI' from project 'StreamChat')
    cd /Users/alexmontesino/Documents/GYM-API-IOS/Gym_API/Gym_API.xcodeproj
    

SwiftCompile normal arm64 /Users/alexmontesino/Library/Developer/Xcode/DerivedData/Gym_API-gttvbppsiybwtpahvrbhortrptkr/SourcePackages/checkouts/stream-chat-swift/Sources/StreamChatUI/ChatMessageList/Attachments/Giphy/ChatMessageInteractiveAttachmentView.swift (in target 'StreamChatUI' from project 'StreamChat')
    cd /Users/alexmontesino/Documents/GYM-API-IOS/Gym_API/Gym_API.xcodeproj
    

SwiftCompile normal arm64 /Users/alexmontesino/Library/Developer/Xcode/DerivedData/Gym_API-gttvbppsiybwtpahvrbhortrptkr/SourcePackages/checkouts/stream-chat-swift/Sources/StreamChatUI/ChatMessageList/Attachments/Giphy/GiphyAttachmentViewInjector.swift (in target 'StreamChatUI' from project 'StreamChat')
    cd /Users/alexmontesino/Documents/GYM-API-IOS/Gym_API/Gym_API.xcodeproj
    

SwiftCompile normal arm64 /Users/alexmontesino/Library/Developer/Xcode/DerivedData/Gym_API-gttvbppsiybwtpahvrbhortrptkr/SourcePackages/checkouts/stream-chat-swift/Sources/StreamChatUI/ChatMessageList/Attachments/Link/ChatMessageLinkPreviewView.swift (in target 'StreamChatUI' from project 'StreamChat')
    cd /Users/alexmontesino/Documents/GYM-API-IOS/Gym_API/Gym_API.xcodeproj
    

SwiftCompile normal arm64 /Users/alexmontesino/Library/Developer/Xcode/DerivedData/Gym_API-gttvbppsiybwtpahvrbhortrptkr/SourcePackages/checkouts/stream-chat-swift/Sources/StreamChatUI/ChatMessageList/Attachments/Link/LinkAttachmentViewInjector.swift (in target 'StreamChatUI' from project 'StreamChat')
    cd /Users/alexmontesino/Documents/GYM-API-IOS/Gym_API/Gym_API.xcodeproj
    

SwiftCompile normal arm64 /Users/alexmontesino/Library/Developer/Xcode/DerivedData/Gym_API-gttvbppsiybwtpahvrbhortrptkr/SourcePackages/checkouts/stream-chat-swift/Sources/StreamChatUI/ChatMessageList/Attachments/MixedAttachmentViewInjector.swift (in target 'StreamChatUI' from project 'StreamChat')
    cd /Users/alexmontesino/Documents/GYM-API-IOS/Gym_API/Gym_API.xcodeproj
    

SwiftCompile normal arm64 /Users/alexmontesino/Library/Developer/Xcode/DerivedData/Gym_API-gttvbppsiybwtpahvrbhortrptkr/SourcePackages/checkouts/stream-chat-swift/Sources/StreamChatUI/ChatMessageList/Attachments/Poll/PollAllOptionsListVC/PollAllOptionsListItemCell.swift (in target 'StreamChatUI' from project 'StreamChat')
    cd /Users/alexmontesino/Documents/GYM-API-IOS/Gym_API/Gym_API.xcodeproj
    

SwiftCompile normal arm64 /Users/alexmontesino/Library/Developer/Xcode/DerivedData/Gym_API-gttvbppsiybwtpahvrbhortrptkr/SourcePackages/checkouts/stream-chat-swift/Sources/StreamChatUI/ChatMessageList/Attachments/Poll/PollAllOptionsListVC/PollAllOptionsListVC.swift (in target 'StreamChatUI' from project 'StreamChat')
    cd /Users/alexmontesino/Documents/GYM-API-IOS/Gym_API/Gym_API.xcodeproj
    

SwiftCompile normal arm64 /Users/alexmontesino/Library/Developer/Xcode/DerivedData/Gym_API-gttvbppsiybwtpahvrbhortrptkr/SourcePackages/checkouts/stream-chat-swift/Sources/StreamChatUI/ChatMessageList/Attachments/Poll/PollAttachmentOptionListView/PollAttachmentOptionListItemView.swift (in target 'StreamChatUI' from project 'StreamChat')
    cd /Users/alexmontesino/Documents/GYM-API-IOS/Gym_API/Gym_API.xcodeproj
    

SwiftCompile normal arm64 /Users/alexmontesino/Library/Developer/Xcode/DerivedData/Gym_API-gttvbppsiybwtpahvrbhortrptkr/SourcePackages/checkouts/stream-chat-swift/Sources/StreamChatUI/ChatMessageList/Attachments/Poll/PollAttachmentOptionListView/PollAttachmentOptionListView.swift (in target 'StreamChatUI' from project 'StreamChat')
    cd /Users/alexmontesino/Documents/GYM-API-IOS/Gym_API/Gym_API.xcodeproj
    

SwiftCompile normal arm64 /Users/alexmontesino/Library/Developer/Xcode/DerivedData/Gym_API-gttvbppsiybwtpahvrbhortrptkr/SourcePackages/checkouts/stream-chat-swift/Sources/StreamChatUI/ChatMessageList/Attachments/Poll/PollAttachmentView.swift (in target 'StreamChatUI' from project 'StreamChat')
    cd /Users/alexmontesino/Documents/GYM-API-IOS/Gym_API/Gym_API.xcodeproj
    

SwiftCompile normal arm64 /Users/alexmontesino/Library/Developer/Xcode/DerivedData/Gym_API-gttvbppsiybwtpahvrbhortrptkr/SourcePackages/checkouts/stream-chat-swift/Sources/StreamChatUI/ChatMessageList/Attachments/Poll/PollAttachmentViewInjector.swift (in target 'StreamChatUI' from project 'StreamChat')
    cd /Users/alexmontesino/Documents/GYM-API-IOS/Gym_API/Gym_API.xcodeproj
    

SwiftCompile normal arm64 /Users/alexmontesino/Library/Developer/Xcode/DerivedData/Gym_API-gttvbppsiybwtpahvrbhortrptkr/SourcePackages/checkouts/stream-chat-swift/Sources/StreamChatUI/ChatMessageList/Attachments/Poll/PollCommentListVC/PollCommentListItemCell.swift (in target 'StreamChatUI' from project 'StreamChat')
    cd /Users/alexmontesino/Documents/GYM-API-IOS/Gym_API/Gym_API.xcodeproj
    

SwiftCompile normal arm64 /Users/alexmontesino/Library/Developer/Xcode/DerivedData/Gym_API-gttvbppsiybwtpahvrbhortrptkr/SourcePackages/checkouts/stream-chat-swift/Sources/StreamChatUI/ChatMessageList/Attachments/Poll/PollCommentListVC/PollCommentListItemView.swift (in target 'StreamChatUI' from project 'StreamChat')
    cd /Users/alexmontesino/Documents/GYM-API-IOS/Gym_API/Gym_API.xcodeproj
    

SwiftCompile normal arm64 /Users/alexmontesino/Library/Developer/Xcode/DerivedData/Gym_API-gttvbppsiybwtpahvrbhortrptkr/SourcePackages/checkouts/stream-chat-swift/Sources/StreamChatUI/ChatMessageList/Attachments/Poll/PollCommentListVC/PollCommentListSectionFooterView.swift (in target 'StreamChatUI' from project 'StreamChat')
    cd /Users/alexmontesino/Documents/GYM-API-IOS/Gym_API/Gym_API.xcodeproj
    

SwiftCompile normal arm64 /Users/alexmontesino/Library/Developer/Xcode/DerivedData/Gym_API-gttvbppsiybwtpahvrbhortrptkr/SourcePackages/checkouts/stream-chat-swift/Sources/StreamChatUI/ChatMessageList/Attachments/Poll/PollCommentListVC/PollCommentListSectionHeaderView.swift (in target 'StreamChatUI' from project 'StreamChat')
    cd /Users/alexmontesino/Documents/GYM-API-IOS/Gym_API/Gym_API.xcodeproj
    

SwiftCompile normal arm64 /Users/alexmontesino/Library/Developer/Xcode/DerivedData/Gym_API-gttvbppsiybwtpahvrbhortrptkr/SourcePackages/checkouts/stream-chat-swift/Sources/StreamChatUI/ChatMessageList/Attachments/Poll/PollCommentListVC/PollCommentListVC.swift (in target 'StreamChatUI' from project 'StreamChat')
    cd /Users/alexmontesino/Documents/GYM-API-IOS/Gym_API/Gym_API.xcodeproj
    

SwiftDriverJobDiscovery normal arm64 Compiling DBDate.swift, DeviceDTO.swift, EphemeralValuesContainer.swift, MemberModelDTO.swift, MessageDTO.swift, MessageModerationDetailsDTO.swift, MessageReactionDTO.swift, MessageReactionGroupDTO.swift, MessageReminderDTO.swift, MessageSearchQueryDTO.swift, NSManagedObject+Validation.swift, PollDTO.swift, PollOptionDTO.swift, PollVoteDTO.swift, PollVoteListQueryDTO.swift, QueuedRequestDTO.swift, ReactionListQueryDTO.swift, SharedLocationDTO.swift, ThreadDTO.swift, ThreadParticipantDTO.swift, ThreadReadDTO.swift, UserDTO.swift, UserListQueryDTO.swift, DataStore.swift (in target 'StreamChat' from project 'StreamChat')

SwiftCompile normal arm64 Compiling\ ImageViewExtensions.swift,\ NSImage+SwiftyGif.swift,\ NSImageView+SwiftyGif.swift,\ ObjcAssociatedWeakObject.swift,\ SwiftyGifManager.swift,\ UIImage+SwiftyGif.swift,\ UIImageView+SwiftyGif.swift,\ Animation.swift,\ Cache.swift,\ Cancellable.swift,\ ChatMessage+Extensions.swift,\ DateUtils.swift,\ Array+Extensions.swift,\ Array+SafeSubscript.swift,\ Bundle+Extensions.swift,\ CACornerMask+Extensions.swift,\ CALayer+Extensions.swift,\ CGPoint+Extensions.swift,\ CGRect+Extensions.swift,\ ChatChannelNamer.swift,\ DifferenceKit+Stream.swift,\ NSLayoutConstraint+Extensions.swift,\ Reusable+Extensions.swift /Users/alexmontesino/Library/Developer/Xcode/DerivedData/Gym_API-gttvbppsiybwtpahvrbhortrptkr/SourcePackages/checkouts/stream-chat-swift/Sources/StreamChatUI/StreamNuke/UI/ImageViewExtensions.swift /Users/alexmontesino/Library/Developer/Xcode/DerivedData/Gym_API-gttvbppsiybwtpahvrbhortrptkr/SourcePackages/checkouts/stream-chat-swift/Sources/StreamChatUI/StreamSwiftyGif/NSImage+SwiftyGif.swift /Users/alexmontesino/Library/Developer/Xcode/DerivedData/Gym_API-gttvbppsiybwtpahvrbhortrptkr/SourcePackages/checkouts/stream-chat-swift/Sources/StreamChatUI/StreamSwiftyGif/NSImageView+SwiftyGif.swift /Users/alexmontesino/Library/Developer/Xcode/DerivedData/Gym_API-gttvbppsiybwtpahvrbhortrptkr/SourcePackages/checkouts/stream-chat-swift/Sources/StreamChatUI/StreamSwiftyGif/ObjcAssociatedWeakObject.swift /Users/alexmontesino/Library/Developer/Xcode/DerivedData/Gym_API-gttvbppsiybwtpahvrbhortrptkr/SourcePackages/checkouts/stream-chat-swift/Sources/StreamChatUI/StreamSwiftyGif/SwiftyGifManager.swift /Users/alexmontesino/Library/Developer/Xcode/DerivedData/Gym_API-gttvbppsiybwtpahvrbhortrptkr/SourcePackages/checkouts/stream-chat-swift/Sources/StreamChatUI/StreamSwiftyGif/UIImage+SwiftyGif.swift /Users/alexmontesino/Library/Developer/Xcode/DerivedData/Gym_API-gttvbppsiybwtpahvrbhortrptkr/SourcePackages/checkouts/stream-chat-swift/Sources/StreamChatUI/StreamSwiftyGif/UIImageView+SwiftyGif.swift /Users/alexmontesino/Library/Developer/Xcode/DerivedData/Gym_API-gttvbppsiybwtpahvrbhortrptkr/SourcePackages/checkouts/stream-chat-swift/Sources/StreamChatUI/Utils/Animation.swift /Users/alexmontesino/Library/Developer/Xcode/DerivedData/Gym_API-gttvbppsiybwtpahvrbhortrptkr/SourcePackages/checkouts/stream-chat-swift/Sources/StreamChatUI/Utils/Cache.swift /Users/alexmontesino/Library/Developer/Xcode/DerivedData/Gym_API-gttvbppsiybwtpahvrbhortrptkr/SourcePackages/checkouts/stream-chat-swift/Sources/StreamChatUI/Utils/Cancellable.swift /Users/alexmontesino/Library/Developer/Xcode/DerivedData/Gym_API-gttvbppsiybwtpahvrbhortrptkr/SourcePackages/checkouts/stream-chat-swift/Sources/StreamChatUI/Utils/ChatMessage+Extensions.swift /Users/alexmontesino/Library/Developer/Xcode/DerivedData/Gym_API-gttvbppsiybwtpahvrbhortrptkr/SourcePackages/checkouts/stream-chat-swift/Sources/StreamChatUI/Utils/DateUtils.swift /Users/alexmontesino/Library/Developer/Xcode/DerivedData/Gym_API-gttvbppsiybwtpahvrbhortrptkr/SourcePackages/checkouts/stream-chat-swift/Sources/StreamChatUI/Utils/Extensions/Array+Extensions.swift /Users/alexmontesino/Library/Developer/Xcode/DerivedData/Gym_API-gttvbppsiybwtpahvrbhortrptkr/SourcePackages/checkouts/stream-chat-swift/Sources/StreamChatUI/Utils/Extensions/Array+SafeSubscript.swift /Users/alexmontesino/Library/Developer/Xcode/DerivedData/Gym_API-gttvbppsiybwtpahvrbhortrptkr/SourcePackages/checkouts/stream-chat-swift/Sources/StreamChatUI/Utils/Extensions/Bundle+Extensions.swift /Users/alexmontesino/Library/Developer/Xcode/DerivedData/Gym_API-gttvbppsiybwtpahvrbhortrptkr/SourcePackages/checkouts/stream-chat-swift/Sources/StreamChatUI/Utils/Extensions/CACornerMask+Extensions.swift /Users/alexmontesino/Library/Developer/Xcode/DerivedData/Gym_API-gttvbppsiybwtpahvrbhortrptkr/SourcePackages/checkouts/stream-chat-swift/Sources/StreamChatUI/Utils/Extensions/CALayer+Extensions.swift /Users/alexmontesino/Library/Developer/Xcode/DerivedData/Gym_API-gttvbppsiybwtpahvrbhortrptkr/SourcePackages/checkouts/stream-chat-swift/Sources/StreamChatUI/Utils/Extensions/CGPoint+Extensions.swift /Users/alexmontesino/Library/Developer/Xcode/DerivedData/Gym_API-gttvbppsiybwtpahvrbhortrptkr/SourcePackages/checkouts/stream-chat-swift/Sources/StreamChatUI/Utils/Extensions/CGRect+Extensions.swift /Users/alexmontesino/Library/Developer/Xcode/DerivedData/Gym_API-gttvbppsiybwtpahvrbhortrptkr/SourcePackages/checkouts/stream-chat-swift/Sources/StreamChatUI/Utils/Extensions/ChatChannelNamer.swift /Users/alexmontesino/Library/Developer/Xcode/DerivedData/Gym_API-gttvbppsiybwtpahvrbhortrptkr/SourcePackages/checkouts/stream-chat-swift/Sources/StreamChatUI/Utils/Extensions/DifferenceKit+Stream.swift /Users/alexmontesino/Library/Developer/Xcode/DerivedData/Gym_API-gttvbppsiybwtpahvrbhortrptkr/SourcePackages/checkouts/stream-chat-swift/Sources/StreamChatUI/Utils/Extensions/NSLayoutConstraint+Extensions.swift /Users/alexmontesino/Library/Developer/Xcode/DerivedData/Gym_API-gttvbppsiybwtpahvrbhortrptkr/SourcePackages/checkouts/stream-chat-swift/Sources/StreamChatUI/Utils/Extensions/Reusable+Extensions.swift (in target 'StreamChatUI' from project 'StreamChat')

SwiftCompile normal arm64 /Users/alexmontesino/Library/Developer/Xcode/DerivedData/Gym_API-gttvbppsiybwtpahvrbhortrptkr/SourcePackages/checkouts/stream-chat-swift/Sources/StreamChatUI/StreamNuke/UI/ImageViewExtensions.swift (in target 'StreamChatUI' from project 'StreamChat')
    cd /Users/alexmontesino/Documents/GYM-API-IOS/Gym_API/Gym_API.xcodeproj
    

SwiftCompile normal arm64 /Users/alexmontesino/Library/Developer/Xcode/DerivedData/Gym_API-gttvbppsiybwtpahvrbhortrptkr/SourcePackages/checkouts/stream-chat-swift/Sources/StreamChatUI/StreamSwiftyGif/NSImage+SwiftyGif.swift (in target 'StreamChatUI' from project 'StreamChat')
    cd /Users/alexmontesino/Documents/GYM-API-IOS/Gym_API/Gym_API.xcodeproj
    

SwiftCompile normal arm64 /Users/alexmontesino/Library/Developer/Xcode/DerivedData/Gym_API-gttvbppsiybwtpahvrbhortrptkr/SourcePackages/checkouts/stream-chat-swift/Sources/StreamChatUI/StreamSwiftyGif/NSImageView+SwiftyGif.swift (in target 'StreamChatUI' from project 'StreamChat')
    cd /Users/alexmontesino/Documents/GYM-API-IOS/Gym_API/Gym_API.xcodeproj
    

SwiftCompile normal arm64 /Users/alexmontesino/Library/Developer/Xcode/DerivedData/Gym_API-gttvbppsiybwtpahvrbhortrptkr/SourcePackages/checkouts/stream-chat-swift/Sources/StreamChatUI/StreamSwiftyGif/ObjcAssociatedWeakObject.swift (in target 'StreamChatUI' from project 'StreamChat')
    cd /Users/alexmontesino/Documents/GYM-API-IOS/Gym_API/Gym_API.xcodeproj
    

SwiftCompile normal arm64 /Users/alexmontesino/Library/Developer/Xcode/DerivedData/Gym_API-gttvbppsiybwtpahvrbhortrptkr/SourcePackages/checkouts/stream-chat-swift/Sources/StreamChatUI/StreamSwiftyGif/SwiftyGifManager.swift (in target 'StreamChatUI' from project 'StreamChat')
    cd /Users/alexmontesino/Documents/GYM-API-IOS/Gym_API/Gym_API.xcodeproj
    

SwiftCompile normal arm64 /Users/alexmontesino/Library/Developer/Xcode/DerivedData/Gym_API-gttvbppsiybwtpahvrbhortrptkr/SourcePackages/checkouts/stream-chat-swift/Sources/StreamChatUI/StreamSwiftyGif/UIImage+SwiftyGif.swift (in target 'StreamChatUI' from project 'StreamChat')
    cd /Users/alexmontesino/Documents/GYM-API-IOS/Gym_API/Gym_API.xcodeproj
    

SwiftCompile normal arm64 /Users/alexmontesino/Library/Developer/Xcode/DerivedData/Gym_API-gttvbppsiybwtpahvrbhortrptkr/SourcePackages/checkouts/stream-chat-swift/Sources/StreamChatUI/StreamSwiftyGif/UIImageView+SwiftyGif.swift (in target 'StreamChatUI' from project 'StreamChat')
    cd /Users/alexmontesino/Documents/GYM-API-IOS/Gym_API/Gym_API.xcodeproj
    

SwiftCompile normal arm64 /Users/alexmontesino/Library/Developer/Xcode/DerivedData/Gym_API-gttvbppsiybwtpahvrbhortrptkr/SourcePackages/checkouts/stream-chat-swift/Sources/StreamChatUI/Utils/Animation.swift (in target 'StreamChatUI' from project 'StreamChat')
    cd /Users/alexmontesino/Documents/GYM-API-IOS/Gym_API/Gym_API.xcodeproj
    

SwiftCompile normal arm64 /Users/alexmontesino/Library/Developer/Xcode/DerivedData/Gym_API-gttvbppsiybwtpahvrbhortrptkr/SourcePackages/checkouts/stream-chat-swift/Sources/StreamChatUI/Utils/Cache.swift (in target 'StreamChatUI' from project 'StreamChat')
    cd /Users/alexmontesino/Documents/GYM-API-IOS/Gym_API/Gym_API.xcodeproj
    

SwiftCompile normal arm64 /Users/alexmontesino/Library/Developer/Xcode/DerivedData/Gym_API-gttvbppsiybwtpahvrbhortrptkr/SourcePackages/checkouts/stream-chat-swift/Sources/StreamChatUI/Utils/Cancellable.swift (in target 'StreamChatUI' from project 'StreamChat')
    cd /Users/alexmontesino/Documents/GYM-API-IOS/Gym_API/Gym_API.xcodeproj
    

SwiftCompile normal arm64 /Users/alexmontesino/Library/Developer/Xcode/DerivedData/Gym_API-gttvbppsiybwtpahvrbhortrptkr/SourcePackages/checkouts/stream-chat-swift/Sources/StreamChatUI/Utils/ChatMessage+Extensions.swift (in target 'StreamChatUI' from project 'StreamChat')
    cd /Users/alexmontesino/Documents/GYM-API-IOS/Gym_API/Gym_API.xcodeproj
    

SwiftCompile normal arm64 /Users/alexmontesino/Library/Developer/Xcode/DerivedData/Gym_API-gttvbppsiybwtpahvrbhortrptkr/SourcePackages/checkouts/stream-chat-swift/Sources/StreamChatUI/Utils/DateUtils.swift (in target 'StreamChatUI' from project 'StreamChat')
    cd /Users/alexmontesino/Documents/GYM-API-IOS/Gym_API/Gym_API.xcodeproj
    

SwiftCompile normal arm64 /Users/alexmontesino/Library/Developer/Xcode/DerivedData/Gym_API-gttvbppsiybwtpahvrbhortrptkr/SourcePackages/checkouts/stream-chat-swift/Sources/StreamChatUI/Utils/Extensions/Array+Extensions.swift (in target 'StreamChatUI' from project 'StreamChat')
    cd /Users/alexmontesino/Documents/GYM-API-IOS/Gym_API/Gym_API.xcodeproj
    

SwiftCompile normal arm64 /Users/alexmontesino/Library/Developer/Xcode/DerivedData/Gym_API-gttvbppsiybwtpahvrbhortrptkr/SourcePackages/checkouts/stream-chat-swift/Sources/StreamChatUI/Utils/Extensions/Array+SafeSubscript.swift (in target 'StreamChatUI' from project 'StreamChat')
    cd /Users/alexmontesino/Documents/GYM-API-IOS/Gym_API/Gym_API.xcodeproj
    

SwiftCompile normal arm64 /Users/alexmontesino/Library/Developer/Xcode/DerivedData/Gym_API-gttvbppsiybwtpahvrbhortrptkr/SourcePackages/checkouts/stream-chat-swift/Sources/StreamChatUI/Utils/Extensions/Bundle+Extensions.swift (in target 'StreamChatUI' from project 'StreamChat')
    cd /Users/alexmontesino/Documents/GYM-API-IOS/Gym_API/Gym_API.xcodeproj
    

SwiftCompile normal arm64 /Users/alexmontesino/Library/Developer/Xcode/DerivedData/Gym_API-gttvbppsiybwtpahvrbhortrptkr/SourcePackages/checkouts/stream-chat-swift/Sources/StreamChatUI/Utils/Extensions/CACornerMask+Extensions.swift (in target 'StreamChatUI' from project 'StreamChat')
    cd /Users/alexmontesino/Documents/GYM-API-IOS/Gym_API/Gym_API.xcodeproj
    

SwiftCompile normal arm64 /Users/alexmontesino/Library/Developer/Xcode/DerivedData/Gym_API-gttvbppsiybwtpahvrbhortrptkr/SourcePackages/checkouts/stream-chat-swift/Sources/StreamChatUI/Utils/Extensions/CALayer+Extensions.swift (in target 'StreamChatUI' from project 'StreamChat')
    cd /Users/alexmontesino/Documents/GYM-API-IOS/Gym_API/Gym_API.xcodeproj
    

SwiftCompile normal arm64 /Users/alexmontesino/Library/Developer/Xcode/DerivedData/Gym_API-gttvbppsiybwtpahvrbhortrptkr/SourcePackages/checkouts/stream-chat-swift/Sources/StreamChatUI/Utils/Extensions/CGPoint+Extensions.swift (in target 'StreamChatUI' from project 'StreamChat')
    cd /Users/alexmontesino/Documents/GYM-API-IOS/Gym_API/Gym_API.xcodeproj
    

SwiftCompile normal arm64 /Users/alexmontesino/Library/Developer/Xcode/DerivedData/Gym_API-gttvbppsiybwtpahvrbhortrptkr/SourcePackages/checkouts/stream-chat-swift/Sources/StreamChatUI/Utils/Extensions/CGRect+Extensions.swift (in target 'StreamChatUI' from project 'StreamChat')
    cd /Users/alexmontesino/Documents/GYM-API-IOS/Gym_API/Gym_API.xcodeproj
    

SwiftCompile normal arm64 /Users/alexmontesino/Library/Developer/Xcode/DerivedData/Gym_API-gttvbppsiybwtpahvrbhortrptkr/SourcePackages/checkouts/stream-chat-swift/Sources/StreamChatUI/Utils/Extensions/ChatChannelNamer.swift (in target 'StreamChatUI' from project 'StreamChat')
    cd /Users/alexmontesino/Documents/GYM-API-IOS/Gym_API/Gym_API.xcodeproj
    

SwiftCompile normal arm64 /Users/alexmontesino/Library/Developer/Xcode/DerivedData/Gym_API-gttvbppsiybwtpahvrbhortrptkr/SourcePackages/checkouts/stream-chat-swift/Sources/StreamChatUI/Utils/Extensions/DifferenceKit+Stream.swift (in target 'StreamChatUI' from project 'StreamChat')
    cd /Users/alexmontesino/Documents/GYM-API-IOS/Gym_API/Gym_API.xcodeproj
    

SwiftCompile normal arm64 /Users/alexmontesino/Library/Developer/Xcode/DerivedData/Gym_API-gttvbppsiybwtpahvrbhortrptkr/SourcePackages/checkouts/stream-chat-swift/Sources/StreamChatUI/Utils/Extensions/NSLayoutConstraint+Extensions.swift (in target 'StreamChatUI' from project 'StreamChat')
    cd /Users/alexmontesino/Documents/GYM-API-IOS/Gym_API/Gym_API.xcodeproj
    

SwiftCompile normal arm64 /Users/alexmontesino/Library/Developer/Xcode/DerivedData/Gym_API-gttvbppsiybwtpahvrbhortrptkr/SourcePackages/checkouts/stream-chat-swift/Sources/StreamChatUI/Utils/Extensions/Reusable+Extensions.swift (in target 'StreamChatUI' from project 'StreamChat')
    cd /Users/alexmontesino/Documents/GYM-API-IOS/Gym_API/Gym_API.xcodeproj
    

SwiftCompile normal arm64 Compiling\ PollCreationFeatureCell.swift,\ PollCreationFeatureSwitchView.swift,\ PollCreationMultipleVotesFeatureCell.swift,\ PollCreationNameCell.swift,\ PollCreationOptionCell.swift,\ PollCreationSectionHeaderView.swift,\ PollCreationTextFieldView.swift,\ PollCreationVC.swift,\ PollFeature.swift,\ PollResultsSectionFooterView.swift,\ PollResultsSectionHeaderView.swift,\ PollResultsTableHeaderView.swift,\ PollResultsVC.swift,\ PollResultsVoteItemCell.swift,\ PollResultsVoteItemView.swift,\ PollResultsVoteListVC.swift,\ PollsConfig.swift,\ UnsupportedAttachmentViewInjector.swift,\ UploadingOverlayView.swift,\ ChatMessageVoiceRecordingAttachmentListView+ItemView.swift,\ ChatMessageVoiceRecordingAttachmentListView+ItemViewPresenter.swift,\ ChatMessageVoiceRecordingAttachmentListView.swift,\ VoiceRecordingAttachmentViewInjector.swift,\ ChatMessageBubbleView.swift /Users/alexmontesino/Library/Developer/Xcode/DerivedData/Gym_API-gttvbppsiybwtpahvrbhortrptkr/SourcePackages/checkouts/stream-chat-swift/Sources/StreamChatUI/ChatMessageList/Attachments/Poll/PollCreationVC/PollCreationFeatureCell.swift /Users/alexmontesino/Library/Developer/Xcode/DerivedData/Gym_API-gttvbppsiybwtpahvrbhortrptkr/SourcePackages/checkouts/stream-chat-swift/Sources/StreamChatUI/ChatMessageList/Attachments/Poll/PollCreationVC/PollCreationFeatureSwitchView.swift /Users/alexmontesino/Library/Developer/Xcode/DerivedData/Gym_API-gttvbppsiybwtpahvrbhortrptkr/SourcePackages/checkouts/stream-chat-swift/Sources/StreamChatUI/ChatMessageList/Attachments/Poll/PollCreationVC/PollCreationMultipleVotesFeatureCell.swift /Users/alexmontesino/Library/Developer/Xcode/DerivedData/Gym_API-gttvbppsiybwtpahvrbhortrptkr/SourcePackages/checkouts/stream-chat-swift/Sources/StreamChatUI/ChatMessageList/Attachments/Poll/PollCreationVC/PollCreationNameCell.swift /Users/alexmontesino/Library/Developer/Xcode/DerivedData/Gym_API-gttvbppsiybwtpahvrbhortrptkr/SourcePackages/checkouts/stream-chat-swift/Sources/StreamChatUI/ChatMessageList/Attachments/Poll/PollCreationVC/PollCreationOptionCell.swift /Users/alexmontesino/Library/Developer/Xcode/DerivedData/Gym_API-gttvbppsiybwtpahvrbhortrptkr/SourcePackages/checkouts/stream-chat-swift/Sources/StreamChatUI/ChatMessageList/Attachments/Poll/PollCreationVC/PollCreationSectionHeaderView.swift /Users/alexmontesino/Library/Developer/Xcode/DerivedData/Gym_API-gttvbppsiybwtpahvrbhortrptkr/SourcePackages/checkouts/stream-chat-swift/Sources/StreamChatUI/ChatMessageList/Attachments/Poll/PollCreationVC/PollCreationTextFieldView.swift /Users/alexmontesino/Library/Developer/Xcode/DerivedData/Gym_API-gttvbppsiybwtpahvrbhortrptkr/SourcePackages/checkouts/stream-chat-swift/Sources/StreamChatUI/ChatMessageList/Attachments/Poll/PollCreationVC/PollCreationVC.swift /Users/alexmontesino/Library/Developer/Xcode/DerivedData/Gym_API-gttvbppsiybwtpahvrbhortrptkr/SourcePackages/checkouts/stream-chat-swift/Sources/StreamChatUI/ChatMessageList/Attachments/Poll/PollCreationVC/PollFeature.swift /Users/alexmontesino/Library/Developer/Xcode/DerivedData/Gym_API-gttvbppsiybwtpahvrbhortrptkr/SourcePackages/checkouts/stream-chat-swift/Sources/StreamChatUI/ChatMessageList/Attachments/Poll/PollResultsVC/PollResultsSectionFooterView.swift /Users/alexmontesino/Library/Developer/Xcode/DerivedData/Gym_API-gttvbppsiybwtpahvrbhortrptkr/SourcePackages/checkouts/stream-chat-swift/Sources/StreamChatUI/ChatMessageList/Attachments/Poll/PollResultsVC/PollResultsSectionHeaderView.swift /Users/alexmontesino/Library/Developer/Xcode/DerivedData/Gym_API-gttvbppsiybwtpahvrbhortrptkr/SourcePackages/checkouts/stream-chat-swift/Sources/StreamChatUI/ChatMessageList/Attachments/Poll/PollResultsVC/PollResultsTableHeaderView.swift /Users/alexmontesino/Library/Developer/Xcode/DerivedData/Gym_API-gttvbppsiybwtpahvrbhortrptkr/SourcePackages/checkouts/stream-chat-swift/Sources/StreamChatUI/ChatMessageList/Attachments/Poll/PollResultsVC/PollResultsVC.swift /Users/alexmontesino/Library/Developer/Xcode/DerivedData/Gym_API-gttvbppsiybwtpahvrbhortrptkr/SourcePackages/checkouts/stream-chat-swift/Sources/StreamChatUI/ChatMessageList/Attachments/Poll/PollResultsVC/PollResultsVoteItem/PollResultsVoteItemCell.swift /Users/alexmontesino/Library/Developer/Xcode/DerivedData/Gym_API-gttvbppsiybwtpahvrbhortrptkr/SourcePackages/checkouts/stream-chat-swift/Sources/StreamChatUI/ChatMessageList/Attachments/Poll/PollResultsVC/PollResultsVoteItem/PollResultsVoteItemView.swift /Users/alexmontesino/Library/Developer/Xcode/DerivedData/Gym_API-gttvbppsiybwtpahvrbhortrptkr/SourcePackages/checkouts/stream-chat-swift/Sources/StreamChatUI/ChatMessageList/Attachments/Poll/PollResultsVC/PollResultsVoteListVC/PollResultsVoteListVC.swift /Users/alexmontesino/Library/Developer/Xcode/DerivedData/Gym_API-gttvbppsiybwtpahvrbhortrptkr/SourcePackages/checkouts/stream-chat-swift/Sources/StreamChatUI/ChatMessageList/Attachments/Poll/PollsConfig.swift /Users/alexmontesino/Library/Developer/Xcode/DerivedData/Gym_API-gttvbppsiybwtpahvrbhortrptkr/SourcePackages/checkouts/stream-chat-swift/Sources/StreamChatUI/ChatMessageList/Attachments/Unsupported/UnsupportedAttachmentViewInjector.swift /Users/alexmontesino/Library/Developer/Xcode/DerivedData/Gym_API-gttvbppsiybwtpahvrbhortrptkr/SourcePackages/checkouts/stream-chat-swift/Sources/StreamChatUI/ChatMessageList/Attachments/UploadingOverlayView.swift /Users/alexmontesino/Library/Developer/Xcode/DerivedData/Gym_API-gttvbppsiybwtpahvrbhortrptkr/SourcePackages/checkouts/stream-chat-swift/Sources/StreamChatUI/ChatMessageList/Attachments/VoiceRecording/ChatMessageVoiceRecordingAttachmentListView+ItemView.swift /Users/alexmontesino/Library/Developer/Xcode/DerivedData/Gym_API-gttvbppsiybwtpahvrbhortrptkr/SourcePackages/checkouts/stream-chat-swift/Sources/StreamChatUI/ChatMessageList/Attachments/VoiceRecording/ChatMessageVoiceRecordingAttachmentListView+ItemViewPresenter.swift /Users/alexmontesino/Library/Developer/Xcode/DerivedData/Gym_API-gttvbppsiybwtpahvrbhortrptkr/SourcePackages/checkouts/stream-chat-swift/Sources/StreamChatUI/ChatMessageList/Attachments/VoiceRecording/ChatMessageVoiceRecordingAttachmentListView.swift /Users/alexmontesino/Library/Developer/Xcode/DerivedData/Gym_API-gttvbppsiybwtpahvrbhortrptkr/SourcePackages/checkouts/stream-chat-swift/Sources/StreamChatUI/ChatMessageList/Attachments/VoiceRecording/VoiceRecordingAttachmentViewInjector.swift /Users/alexmontesino/Library/Developer/Xcode/DerivedData/Gym_API-gttvbppsiybwtpahvrbhortrptkr/SourcePackages/checkouts/stream-chat-swift/Sources/StreamChatUI/ChatMessageList/ChatMessage/ChatMessageBubbleView.swift (in target 'StreamChatUI' from project 'StreamChat')

SwiftCompile normal arm64 /Users/alexmontesino/Library/Developer/Xcode/DerivedData/Gym_API-gttvbppsiybwtpahvrbhortrptkr/SourcePackages/checkouts/stream-chat-swift/Sources/StreamChatUI/ChatMessageList/Attachments/Poll/PollCreationVC/PollCreationFeatureCell.swift (in target 'StreamChatUI' from project 'StreamChat')
    cd /Users/alexmontesino/Documents/GYM-API-IOS/Gym_API/Gym_API.xcodeproj
    

SwiftCompile normal arm64 /Users/alexmontesino/Library/Developer/Xcode/DerivedData/Gym_API-gttvbppsiybwtpahvrbhortrptkr/SourcePackages/checkouts/stream-chat-swift/Sources/StreamChatUI/ChatMessageList/Attachments/Poll/PollCreationVC/PollCreationFeatureSwitchView.swift (in target 'StreamChatUI' from project 'StreamChat')
    cd /Users/alexmontesino/Documents/GYM-API-IOS/Gym_API/Gym_API.xcodeproj
    

SwiftCompile normal arm64 /Users/alexmontesino/Library/Developer/Xcode/DerivedData/Gym_API-gttvbppsiybwtpahvrbhortrptkr/SourcePackages/checkouts/stream-chat-swift/Sources/StreamChatUI/ChatMessageList/Attachments/Poll/PollCreationVC/PollCreationMultipleVotesFeatureCell.swift (in target 'StreamChatUI' from project 'StreamChat')
    cd /Users/alexmontesino/Documents/GYM-API-IOS/Gym_API/Gym_API.xcodeproj
    

SwiftCompile normal arm64 /Users/alexmontesino/Library/Developer/Xcode/DerivedData/Gym_API-gttvbppsiybwtpahvrbhortrptkr/SourcePackages/checkouts/stream-chat-swift/Sources/StreamChatUI/ChatMessageList/Attachments/Poll/PollCreationVC/PollCreationNameCell.swift (in target 'StreamChatUI' from project 'StreamChat')
    cd /Users/alexmontesino/Documents/GYM-API-IOS/Gym_API/Gym_API.xcodeproj
    

SwiftCompile normal arm64 /Users/alexmontesino/Library/Developer/Xcode/DerivedData/Gym_API-gttvbppsiybwtpahvrbhortrptkr/SourcePackages/checkouts/stream-chat-swift/Sources/StreamChatUI/ChatMessageList/Attachments/Poll/PollCreationVC/PollCreationOptionCell.swift (in target 'StreamChatUI' from project 'StreamChat')
    cd /Users/alexmontesino/Documents/GYM-API-IOS/Gym_API/Gym_API.xcodeproj
    

SwiftCompile normal arm64 /Users/alexmontesino/Library/Developer/Xcode/DerivedData/Gym_API-gttvbppsiybwtpahvrbhortrptkr/SourcePackages/checkouts/stream-chat-swift/Sources/StreamChatUI/ChatMessageList/Attachments/Poll/PollCreationVC/PollCreationSectionHeaderView.swift (in target 'StreamChatUI' from project 'StreamChat')
    cd /Users/alexmontesino/Documents/GYM-API-IOS/Gym_API/Gym_API.xcodeproj
    

SwiftCompile normal arm64 /Users/alexmontesino/Library/Developer/Xcode/DerivedData/Gym_API-gttvbppsiybwtpahvrbhortrptkr/SourcePackages/checkouts/stream-chat-swift/Sources/StreamChatUI/ChatMessageList/Attachments/Poll/PollCreationVC/PollCreationTextFieldView.swift (in target 'StreamChatUI' from project 'StreamChat')
    cd /Users/alexmontesino/Documents/GYM-API-IOS/Gym_API/Gym_API.xcodeproj
    

SwiftCompile normal arm64 /Users/alexmontesino/Library/Developer/Xcode/DerivedData/Gym_API-gttvbppsiybwtpahvrbhortrptkr/SourcePackages/checkouts/stream-chat-swift/Sources/StreamChatUI/ChatMessageList/Attachments/Poll/PollCreationVC/PollCreationVC.swift (in target 'StreamChatUI' from project 'StreamChat')
    cd /Users/alexmontesino/Documents/GYM-API-IOS/Gym_API/Gym_API.xcodeproj
    

SwiftCompile normal arm64 /Users/alexmontesino/Library/Developer/Xcode/DerivedData/Gym_API-gttvbppsiybwtpahvrbhortrptkr/SourcePackages/checkouts/stream-chat-swift/Sources/StreamChatUI/ChatMessageList/Attachments/Poll/PollCreationVC/PollFeature.swift (in target 'StreamChatUI' from project 'StreamChat')
    cd /Users/alexmontesino/Documents/GYM-API-IOS/Gym_API/Gym_API.xcodeproj
    

SwiftCompile normal arm64 /Users/alexmontesino/Library/Developer/Xcode/DerivedData/Gym_API-gttvbppsiybwtpahvrbhortrptkr/SourcePackages/checkouts/stream-chat-swift/Sources/StreamChatUI/ChatMessageList/Attachments/Poll/PollResultsVC/PollResultsSectionFooterView.swift (in target 'StreamChatUI' from project 'StreamChat')
    cd /Users/alexmontesino/Documents/GYM-API-IOS/Gym_API/Gym_API.xcodeproj
    

SwiftCompile normal arm64 /Users/alexmontesino/Library/Developer/Xcode/DerivedData/Gym_API-gttvbppsiybwtpahvrbhortrptkr/SourcePackages/checkouts/stream-chat-swift/Sources/StreamChatUI/ChatMessageList/Attachments/Poll/PollResultsVC/PollResultsSectionHeaderView.swift (in target 'StreamChatUI' from project 'StreamChat')
    cd /Users/alexmontesino/Documents/GYM-API-IOS/Gym_API/Gym_API.xcodeproj
    

SwiftCompile normal arm64 /Users/alexmontesino/Library/Developer/Xcode/DerivedData/Gym_API-gttvbppsiybwtpahvrbhortrptkr/SourcePackages/checkouts/stream-chat-swift/Sources/StreamChatUI/ChatMessageList/Attachments/Poll/PollResultsVC/PollResultsTableHeaderView.swift (in target 'StreamChatUI' from project 'StreamChat')
    cd /Users/alexmontesino/Documents/GYM-API-IOS/Gym_API/Gym_API.xcodeproj
    

SwiftCompile normal arm64 /Users/alexmontesino/Library/Developer/Xcode/DerivedData/Gym_API-gttvbppsiybwtpahvrbhortrptkr/SourcePackages/checkouts/stream-chat-swift/Sources/StreamChatUI/ChatMessageList/Attachments/Poll/PollResultsVC/PollResultsVC.swift (in target 'StreamChatUI' from project 'StreamChat')
    cd /Users/alexmontesino/Documents/GYM-API-IOS/Gym_API/Gym_API.xcodeproj
    

SwiftCompile normal arm64 /Users/alexmontesino/Library/Developer/Xcode/DerivedData/Gym_API-gttvbppsiybwtpahvrbhortrptkr/SourcePackages/checkouts/stream-chat-swift/Sources/StreamChatUI/ChatMessageList/Attachments/Poll/PollResultsVC/PollResultsVoteItem/PollResultsVoteItemCell.swift (in target 'StreamChatUI' from project 'StreamChat')
    cd /Users/alexmontesino/Documents/GYM-API-IOS/Gym_API/Gym_API.xcodeproj
    

SwiftCompile normal arm64 /Users/alexmontesino/Library/Developer/Xcode/DerivedData/Gym_API-gttvbppsiybwtpahvrbhortrptkr/SourcePackages/checkouts/stream-chat-swift/Sources/StreamChatUI/ChatMessageList/Attachments/Poll/PollResultsVC/PollResultsVoteItem/PollResultsVoteItemView.swift (in target 'StreamChatUI' from project 'StreamChat')
    cd /Users/alexmontesino/Documents/GYM-API-IOS/Gym_API/Gym_API.xcodeproj
    

SwiftCompile normal arm64 /Users/alexmontesino/Library/Developer/Xcode/DerivedData/Gym_API-gttvbppsiybwtpahvrbhortrptkr/SourcePackages/checkouts/stream-chat-swift/Sources/StreamChatUI/ChatMessageList/Attachments/Poll/PollResultsVC/PollResultsVoteListVC/PollResultsVoteListVC.swift (in target 'StreamChatUI' from project 'StreamChat')
    cd /Users/alexmontesino/Documents/GYM-API-IOS/Gym_API/Gym_API.xcodeproj
    

SwiftCompile normal arm64 /Users/alexmontesino/Library/Developer/Xcode/DerivedData/Gym_API-gttvbppsiybwtpahvrbhortrptkr/SourcePackages/checkouts/stream-chat-swift/Sources/StreamChatUI/ChatMessageList/Attachments/Poll/PollsConfig.swift (in target 'StreamChatUI' from project 'StreamChat')
    cd /Users/alexmontesino/Documents/GYM-API-IOS/Gym_API/Gym_API.xcodeproj
    

SwiftCompile normal arm64 /Users/alexmontesino/Library/Developer/Xcode/DerivedData/Gym_API-gttvbppsiybwtpahvrbhortrptkr/SourcePackages/checkouts/stream-chat-swift/Sources/StreamChatUI/ChatMessageList/Attachments/Unsupported/UnsupportedAttachmentViewInjector.swift (in target 'StreamChatUI' from project 'StreamChat')
    cd /Users/alexmontesino/Documents/GYM-API-IOS/Gym_API/Gym_API.xcodeproj
    

SwiftCompile normal arm64 /Users/alexmontesino/Library/Developer/Xcode/DerivedData/Gym_API-gttvbppsiybwtpahvrbhortrptkr/SourcePackages/checkouts/stream-chat-swift/Sources/StreamChatUI/ChatMessageList/Attachments/UploadingOverlayView.swift (in target 'StreamChatUI' from project 'StreamChat')
    cd /Users/alexmontesino/Documents/GYM-API-IOS/Gym_API/Gym_API.xcodeproj
    

SwiftCompile normal arm64 /Users/alexmontesino/Library/Developer/Xcode/DerivedData/Gym_API-gttvbppsiybwtpahvrbhortrptkr/SourcePackages/checkouts/stream-chat-swift/Sources/StreamChatUI/ChatMessageList/Attachments/VoiceRecording/ChatMessageVoiceRecordingAttachmentListView+ItemView.swift (in target 'StreamChatUI' from project 'StreamChat')
    cd /Users/alexmontesino/Documents/GYM-API-IOS/Gym_API/Gym_API.xcodeproj
    

SwiftCompile normal arm64 /Users/alexmontesino/Library/Developer/Xcode/DerivedData/Gym_API-gttvbppsiybwtpahvrbhortrptkr/SourcePackages/checkouts/stream-chat-swift/Sources/StreamChatUI/ChatMessageList/Attachments/VoiceRecording/ChatMessageVoiceRecordingAttachmentListView+ItemViewPresenter.swift (in target 'StreamChatUI' from project 'StreamChat')
    cd /Users/alexmontesino/Documents/GYM-API-IOS/Gym_API/Gym_API.xcodeproj
    

SwiftCompile normal arm64 /Users/alexmontesino/Library/Developer/Xcode/DerivedData/Gym_API-gttvbppsiybwtpahvrbhortrptkr/SourcePackages/checkouts/stream-chat-swift/Sources/StreamChatUI/ChatMessageList/Attachments/VoiceRecording/ChatMessageVoiceRecordingAttachmentListView.swift (in target 'StreamChatUI' from project 'StreamChat')
    cd /Users/alexmontesino/Documents/GYM-API-IOS/Gym_API/Gym_API.xcodeproj
    

SwiftCompile normal arm64 /Users/alexmontesino/Library/Developer/Xcode/DerivedData/Gym_API-gttvbppsiybwtpahvrbhortrptkr/SourcePackages/checkouts/stream-chat-swift/Sources/StreamChatUI/ChatMessageList/Attachments/VoiceRecording/VoiceRecordingAttachmentViewInjector.swift (in target 'StreamChatUI' from project 'StreamChat')
    cd /Users/alexmontesino/Documents/GYM-API-IOS/Gym_API/Gym_API.xcodeproj
    

SwiftCompile normal arm64 /Users/alexmontesino/Library/Developer/Xcode/DerivedData/Gym_API-gttvbppsiybwtpahvrbhortrptkr/SourcePackages/checkouts/stream-chat-swift/Sources/StreamChatUI/ChatMessageList/ChatMessage/ChatMessageBubbleView.swift (in target 'StreamChatUI' from project 'StreamChat')
    cd /Users/alexmontesino/Documents/GYM-API-IOS/Gym_API/Gym_API.xcodeproj
    

SwiftDriverJobDiscovery normal arm64 Compiling PinnedMessagesPagination.swift, PinnedMessagesQuery.swift, PinnedMessagesSortingKey.swift, PollVoteListQuery.swift, QueryOptions.swift, ReactionListQuery.swift, ChannelListSortingKey.swift, ChannelMemberListSortingKey.swift, SortValue.swift, Sorting.swift, UserListSortingKey.swift, ThreadListQuery.swift, ThreadQuery.swift, UserListQuery.swift, AuthenticationRepository.swift, ChannelRepository.swift, ConnectionRepository.swift, DraftMessagesRepository.swift, MessageRepository.swift, OfflineRequestsRepository.swift, PollsRepository.swift, RemindersRepository.swift, SyncOperations.swift, SyncRepository.swift (in target 'StreamChat' from project 'StreamChat')

SwiftDriverJobDiscovery normal arm64 Compiling AppSettingsPayload.swift, ChannelCodingKeys.swift, ChannelEditDetailPayload.swift, ChannelListPayload.swift, ChannelMemberListPayload.swift, CurrentUserPayloads.swift, DevicePayloads.swift, DraftPayloads.swift, FileUploadPayload.swift, FlagMessagePayload.swift, FlagUserPayload.swift, GuestUserTokenPayload.swift, IdentifiableModel.swift, IdentifiablePayload.swift, LocationPayloads.swift, MemberPayload.swift, MemberUpdatePayload.swift, MessageAttachmentPayload.swift, MessageModerationDetailsPayload.swift, MessagePayloads.swift, MessageReactionGroupPayload.swift, MessageReactionPayload.swift, MessageTranslationsPayload.swift, MissingEventsPayload.swift (in target 'StreamChat' from project 'StreamChat')

SwiftCompile normal arm64 Compiling\ JumpToUnreadMessagesButton.swift,\ ChatMessageDefaultReactionsBubbleView.swift,\ ChatMessageReactionAppearance.swift,\ ChatMessageReactionAuthorViewCell.swift,\ ChatMessageReactionAuthorsFlowLayout.swift,\ ChatMessageReactionAuthorsVC.swift,\ ChatMessageReactionItemView.swift,\ ChatMessageReactions+Types.swift,\ ChatMessageReactionsBubbleTail.swift,\ ChatMessageReactionsPickerVC.swift,\ ChatMessageReactionsView.swift,\ ChatReactionPickerBubbleView.swift,\ ChatReactionPickerReactionsView.swift,\ ScrollToBottomButton.swift,\ SwipeToReplyGestureHandler.swift,\ TypingAnimationView.swift,\ TypingIndicatorView.swift,\ ChatThreadHeaderView.swift,\ ChatThreadVC+SwiftUI.swift,\ ChatThreadVC.swift,\ ChatThreadListEmptyView.swift,\ ChatThreadListErrorView.swift,\ ChatThreadListHeaderBannerView.swift,\ ChatThreadListItemCell.swift /Users/alexmontesino/Library/Developer/Xcode/DerivedData/Gym_API-gttvbppsiybwtpahvrbhortrptkr/SourcePackages/checkouts/stream-chat-swift/Sources/StreamChatUI/ChatMessageList/JumpToUnreadMessagesButton.swift /Users/alexmontesino/Library/Developer/Xcode/DerivedData/Gym_API-gttvbppsiybwtpahvrbhortrptkr/SourcePackages/checkouts/stream-chat-swift/Sources/StreamChatUI/ChatMessageList/Reactions/ChatMessageDefaultReactionsBubbleView.swift /Users/alexmontesino/Library/Developer/Xcode/DerivedData/Gym_API-gttvbppsiybwtpahvrbhortrptkr/SourcePackages/checkouts/stream-chat-swift/Sources/StreamChatUI/ChatMessageList/Reactions/ChatMessageReactionAppearance.swift /Users/alexmontesino/Library/Developer/Xcode/DerivedData/Gym_API-gttvbppsiybwtpahvrbhortrptkr/SourcePackages/checkouts/stream-chat-swift/Sources/StreamChatUI/ChatMessageList/Reactions/ChatMessageReactionAuthorsVC/ChatMessageReactionAuthorViewCell.swift /Users/alexmontesino/Library/Developer/Xcode/DerivedData/Gym_API-gttvbppsiybwtpahvrbhortrptkr/SourcePackages/checkouts/stream-chat-swift/Sources/StreamChatUI/ChatMessageList/Reactions/ChatMessageReactionAuthorsVC/ChatMessageReactionAuthorsFlowLayout.swift /Users/alexmontesino/Library/Developer/Xcode/DerivedData/Gym_API-gttvbppsiybwtpahvrbhortrptkr/SourcePackages/checkouts/stream-chat-swift/Sources/StreamChatUI/ChatMessageList/Reactions/ChatMessageReactionAuthorsVC/ChatMessageReactionAuthorsVC.swift /Users/alexmontesino/Library/Developer/Xcode/DerivedData/Gym_API-gttvbppsiybwtpahvrbhortrptkr/SourcePackages/checkouts/stream-chat-swift/Sources/StreamChatUI/ChatMessageList/Reactions/ChatMessageReactionItemView.swift /Users/alexmontesino/Library/Developer/Xcode/DerivedData/Gym_API-gttvbppsiybwtpahvrbhortrptkr/SourcePackages/checkouts/stream-chat-swift/Sources/StreamChatUI/ChatMessageList/Reactions/ChatMessageReactions+Types.swift /Users/alexmontesino/Library/Developer/Xcode/DerivedData/Gym_API-gttvbppsiybwtpahvrbhortrptkr/SourcePackages/checkouts/stream-chat-swift/Sources/StreamChatUI/ChatMessageList/Reactions/ChatMessageReactionsBubbleTail.swift /Users/alexmontesino/Library/Developer/Xcode/DerivedData/Gym_API-gttvbppsiybwtpahvrbhortrptkr/SourcePackages/checkouts/stream-chat-swift/Sources/StreamChatUI/ChatMessageList/Reactions/ChatMessageReactionsPickerVC.swift /Users/alexmontesino/Library/Developer/Xcode/DerivedData/Gym_API-gttvbppsiybwtpahvrbhortrptkr/SourcePackages/checkouts/stream-chat-swift/Sources/StreamChatUI/ChatMessageList/Reactions/ChatMessageReactionsView.swift /Users/alexmontesino/Library/Developer/Xcode/DerivedData/Gym_API-gttvbppsiybwtpahvrbhortrptkr/SourcePackages/checkouts/stream-chat-swift/Sources/StreamChatUI/ChatMessageList/Reactions/ChatReactionPickerBubbleView.swift /Users/alexmontesino/Library/Developer/Xcode/DerivedData/Gym_API-gttvbppsiybwtpahvrbhortrptkr/SourcePackages/checkouts/stream-chat-swift/Sources/StreamChatUI/ChatMessageList/Reactions/ChatReactionPickerReactionsView.swift /Users/alexmontesino/Library/Developer/Xcode/DerivedData/Gym_API-gttvbppsiybwtpahvrbhortrptkr/SourcePackages/checkouts/stream-chat-swift/Sources/StreamChatUI/ChatMessageList/ScrollToBottomButton.swift /Users/alexmontesino/Library/Developer/Xcode/DerivedData/Gym_API-gttvbppsiybwtpahvrbhortrptkr/SourcePackages/checkouts/stream-chat-swift/Sources/StreamChatUI/ChatMessageList/SwipeToReplyGestureHandler.swift /Users/alexmontesino/Library/Developer/Xcode/DerivedData/Gym_API-gttvbppsiybwtpahvrbhortrptkr/SourcePackages/checkouts/stream-chat-swift/Sources/StreamChatUI/ChatMessageList/TypingAnimationView.swift /Users/alexmontesino/Library/Developer/Xcode/DerivedData/Gym_API-gttvbppsiybwtpahvrbhortrptkr/SourcePackages/checkouts/stream-chat-swift/Sources/StreamChatUI/ChatMessageList/TypingIndicatorView.swift /Users/alexmontesino/Library/Developer/Xcode/DerivedData/Gym_API-gttvbppsiybwtpahvrbhortrptkr/SourcePackages/checkouts/stream-chat-swift/Sources/StreamChatUI/ChatThread/ChatThreadHeaderView.swift /Users/alexmontesino/Library/Developer/Xcode/DerivedData/Gym_API-gttvbppsiybwtpahvrbhortrptkr/SourcePackages/checkouts/stream-chat-swift/Sources/StreamChatUI/ChatThread/ChatThreadVC+SwiftUI.swift /Users/alexmontesino/Library/Developer/Xcode/DerivedData/Gym_API-gttvbppsiybwtpahvrbhortrptkr/SourcePackages/checkouts/stream-chat-swift/Sources/StreamChatUI/ChatThread/ChatThreadVC.swift /Users/alexmontesino/Library/Developer/Xcode/DerivedData/Gym_API-gttvbppsiybwtpahvrbhortrptkr/SourcePackages/checkouts/stream-chat-swift/Sources/StreamChatUI/ChatThreadList/ChatThreadListEmptyView.swift /Users/alexmontesino/Library/Developer/Xcode/DerivedData/Gym_API-gttvbppsiybwtpahvrbhortrptkr/SourcePackages/checkouts/stream-chat-swift/Sources/StreamChatUI/ChatThreadList/ChatThreadListErrorView.swift /Users/alexmontesino/Library/Developer/Xcode/DerivedData/Gym_API-gttvbppsiybwtpahvrbhortrptkr/SourcePackages/checkouts/stream-chat-swift/Sources/StreamChatUI/ChatThreadList/ChatThreadListHeaderBannerView.swift /Users/alexmontesino/Library/Developer/Xcode/DerivedData/Gym_API-gttvbppsiybwtpahvrbhortrptkr/SourcePackages/checkouts/stream-chat-swift/Sources/StreamChatUI/ChatThreadList/ChatThreadListItemCell.swift (in target 'StreamChatUI' from project 'StreamChat')

SwiftCompile normal arm64 /Users/alexmontesino/Library/Developer/Xcode/DerivedData/Gym_API-gttvbppsiybwtpahvrbhortrptkr/SourcePackages/checkouts/stream-chat-swift/Sources/StreamChatUI/ChatMessageList/JumpToUnreadMessagesButton.swift (in target 'StreamChatUI' from project 'StreamChat')
    cd /Users/alexmontesino/Documents/GYM-API-IOS/Gym_API/Gym_API.xcodeproj
    

SwiftCompile normal arm64 /Users/alexmontesino/Library/Developer/Xcode/DerivedData/Gym_API-gttvbppsiybwtpahvrbhortrptkr/SourcePackages/checkouts/stream-chat-swift/Sources/StreamChatUI/ChatMessageList/Reactions/ChatMessageDefaultReactionsBubbleView.swift (in target 'StreamChatUI' from project 'StreamChat')
    cd /Users/alexmontesino/Documents/GYM-API-IOS/Gym_API/Gym_API.xcodeproj
    

SwiftCompile normal arm64 /Users/alexmontesino/Library/Developer/Xcode/DerivedData/Gym_API-gttvbppsiybwtpahvrbhortrptkr/SourcePackages/checkouts/stream-chat-swift/Sources/StreamChatUI/ChatMessageList/Reactions/ChatMessageReactionAppearance.swift (in target 'StreamChatUI' from project 'StreamChat')
    cd /Users/alexmontesino/Documents/GYM-API-IOS/Gym_API/Gym_API.xcodeproj
    

SwiftCompile normal arm64 /Users/alexmontesino/Library/Developer/Xcode/DerivedData/Gym_API-gttvbppsiybwtpahvrbhortrptkr/SourcePackages/checkouts/stream-chat-swift/Sources/StreamChatUI/ChatMessageList/Reactions/ChatMessageReactionAuthorsVC/ChatMessageReactionAuthorViewCell.swift (in target 'StreamChatUI' from project 'StreamChat')
    cd /Users/alexmontesino/Documents/GYM-API-IOS/Gym_API/Gym_API.xcodeproj
    

SwiftCompile normal arm64 /Users/alexmontesino/Library/Developer/Xcode/DerivedData/Gym_API-gttvbppsiybwtpahvrbhortrptkr/SourcePackages/checkouts/stream-chat-swift/Sources/StreamChatUI/ChatMessageList/Reactions/ChatMessageReactionAuthorsVC/ChatMessageReactionAuthorsFlowLayout.swift (in target 'StreamChatUI' from project 'StreamChat')
    cd /Users/alexmontesino/Documents/GYM-API-IOS/Gym_API/Gym_API.xcodeproj
    

SwiftCompile normal arm64 /Users/alexmontesino/Library/Developer/Xcode/DerivedData/Gym_API-gttvbppsiybwtpahvrbhortrptkr/SourcePackages/checkouts/stream-chat-swift/Sources/StreamChatUI/ChatMessageList/Reactions/ChatMessageReactionAuthorsVC/ChatMessageReactionAuthorsVC.swift (in target 'StreamChatUI' from project 'StreamChat')
    cd /Users/alexmontesino/Documents/GYM-API-IOS/Gym_API/Gym_API.xcodeproj
    

SwiftCompile normal arm64 /Users/alexmontesino/Library/Developer/Xcode/DerivedData/Gym_API-gttvbppsiybwtpahvrbhortrptkr/SourcePackages/checkouts/stream-chat-swift/Sources/StreamChatUI/ChatMessageList/Reactions/ChatMessageReactionItemView.swift (in target 'StreamChatUI' from project 'StreamChat')
    cd /Users/alexmontesino/Documents/GYM-API-IOS/Gym_API/Gym_API.xcodeproj
    

SwiftCompile normal arm64 /Users/alexmontesino/Library/Developer/Xcode/DerivedData/Gym_API-gttvbppsiybwtpahvrbhortrptkr/SourcePackages/checkouts/stream-chat-swift/Sources/StreamChatUI/ChatMessageList/Reactions/ChatMessageReactions+Types.swift (in target 'StreamChatUI' from project 'StreamChat')
    cd /Users/alexmontesino/Documents/GYM-API-IOS/Gym_API/Gym_API.xcodeproj
    

SwiftCompile normal arm64 /Users/alexmontesino/Library/Developer/Xcode/DerivedData/Gym_API-gttvbppsiybwtpahvrbhortrptkr/SourcePackages/checkouts/stream-chat-swift/Sources/StreamChatUI/ChatMessageList/Reactions/ChatMessageReactionsBubbleTail.swift (in target 'StreamChatUI' from project 'StreamChat')
    cd /Users/alexmontesino/Documents/GYM-API-IOS/Gym_API/Gym_API.xcodeproj
    

SwiftCompile normal arm64 /Users/alexmontesino/Library/Developer/Xcode/DerivedData/Gym_API-gttvbppsiybwtpahvrbhortrptkr/SourcePackages/checkouts/stream-chat-swift/Sources/StreamChatUI/ChatMessageList/Reactions/ChatMessageReactionsPickerVC.swift (in target 'StreamChatUI' from project 'StreamChat')
    cd /Users/alexmontesino/Documents/GYM-API-IOS/Gym_API/Gym_API.xcodeproj
    

SwiftCompile normal arm64 /Users/alexmontesino/Library/Developer/Xcode/DerivedData/Gym_API-gttvbppsiybwtpahvrbhortrptkr/SourcePackages/checkouts/stream-chat-swift/Sources/StreamChatUI/ChatMessageList/Reactions/ChatMessageReactionsView.swift (in target 'StreamChatUI' from project 'StreamChat')
    cd /Users/alexmontesino/Documents/GYM-API-IOS/Gym_API/Gym_API.xcodeproj
    

SwiftCompile normal arm64 /Users/alexmontesino/Library/Developer/Xcode/DerivedData/Gym_API-gttvbppsiybwtpahvrbhortrptkr/SourcePackages/checkouts/stream-chat-swift/Sources/StreamChatUI/ChatMessageList/Reactions/ChatReactionPickerBubbleView.swift (in target 'StreamChatUI' from project 'StreamChat')
    cd /Users/alexmontesino/Documents/GYM-API-IOS/Gym_API/Gym_API.xcodeproj
    

SwiftCompile normal arm64 /Users/alexmontesino/Library/Developer/Xcode/DerivedData/Gym_API-gttvbppsiybwtpahvrbhortrptkr/SourcePackages/checkouts/stream-chat-swift/Sources/StreamChatUI/ChatMessageList/Reactions/ChatReactionPickerReactionsView.swift (in target 'StreamChatUI' from project 'StreamChat')
    cd /Users/alexmontesino/Documents/GYM-API-IOS/Gym_API/Gym_API.xcodeproj
    

SwiftCompile normal arm64 /Users/alexmontesino/Library/Developer/Xcode/DerivedData/Gym_API-gttvbppsiybwtpahvrbhortrptkr/SourcePackages/checkouts/stream-chat-swift/Sources/StreamChatUI/ChatMessageList/ScrollToBottomButton.swift (in target 'StreamChatUI' from project 'StreamChat')
    cd /Users/alexmontesino/Documents/GYM-API-IOS/Gym_API/Gym_API.xcodeproj
    

SwiftCompile normal arm64 /Users/alexmontesino/Library/Developer/Xcode/DerivedData/Gym_API-gttvbppsiybwtpahvrbhortrptkr/SourcePackages/checkouts/stream-chat-swift/Sources/StreamChatUI/ChatMessageList/SwipeToReplyGestureHandler.swift (in target 'StreamChatUI' from project 'StreamChat')
    cd /Users/alexmontesino/Documents/GYM-API-IOS/Gym_API/Gym_API.xcodeproj
    

SwiftCompile normal arm64 /Users/alexmontesino/Library/Developer/Xcode/DerivedData/Gym_API-gttvbppsiybwtpahvrbhortrptkr/SourcePackages/checkouts/stream-chat-swift/Sources/StreamChatUI/ChatMessageList/TypingAnimationView.swift (in target 'StreamChatUI' from project 'StreamChat')
    cd /Users/alexmontesino/Documents/GYM-API-IOS/Gym_API/Gym_API.xcodeproj
    

SwiftCompile normal arm64 /Users/alexmontesino/Library/Developer/Xcode/DerivedData/Gym_API-gttvbppsiybwtpahvrbhortrptkr/SourcePackages/checkouts/stream-chat-swift/Sources/StreamChatUI/ChatMessageList/TypingIndicatorView.swift (in target 'StreamChatUI' from project 'StreamChat')
    cd /Users/alexmontesino/Documents/GYM-API-IOS/Gym_API/Gym_API.xcodeproj
    

SwiftCompile normal arm64 /Users/alexmontesino/Library/Developer/Xcode/DerivedData/Gym_API-gttvbppsiybwtpahvrbhortrptkr/SourcePackages/checkouts/stream-chat-swift/Sources/StreamChatUI/ChatThread/ChatThreadHeaderView.swift (in target 'StreamChatUI' from project 'StreamChat')
    cd /Users/alexmontesino/Documents/GYM-API-IOS/Gym_API/Gym_API.xcodeproj
    

SwiftCompile normal arm64 /Users/alexmontesino/Library/Developer/Xcode/DerivedData/Gym_API-gttvbppsiybwtpahvrbhortrptkr/SourcePackages/checkouts/stream-chat-swift/Sources/StreamChatUI/ChatThread/ChatThreadVC+SwiftUI.swift (in target 'StreamChatUI' from project 'StreamChat')
    cd /Users/alexmontesino/Documents/GYM-API-IOS/Gym_API/Gym_API.xcodeproj
    

SwiftCompile normal arm64 /Users/alexmontesino/Library/Developer/Xcode/DerivedData/Gym_API-gttvbppsiybwtpahvrbhortrptkr/SourcePackages/checkouts/stream-chat-swift/Sources/StreamChatUI/ChatThread/ChatThreadVC.swift (in target 'StreamChatUI' from project 'StreamChat')
    cd /Users/alexmontesino/Documents/GYM-API-IOS/Gym_API/Gym_API.xcodeproj
    

SwiftCompile normal arm64 /Users/alexmontesino/Library/Developer/Xcode/DerivedData/Gym_API-gttvbppsiybwtpahvrbhortrptkr/SourcePackages/checkouts/stream-chat-swift/Sources/StreamChatUI/ChatThreadList/ChatThreadListEmptyView.swift (in target 'StreamChatUI' from project 'StreamChat')
    cd /Users/alexmontesino/Documents/GYM-API-IOS/Gym_API/Gym_API.xcodeproj
    

SwiftCompile normal arm64 /Users/alexmontesino/Library/Developer/Xcode/DerivedData/Gym_API-gttvbppsiybwtpahvrbhortrptkr/SourcePackages/checkouts/stream-chat-swift/Sources/StreamChatUI/ChatThreadList/ChatThreadListErrorView.swift (in target 'StreamChatUI' from project 'StreamChat')
    cd /Users/alexmontesino/Documents/GYM-API-IOS/Gym_API/Gym_API.xcodeproj
    

SwiftCompile normal arm64 /Users/alexmontesino/Library/Developer/Xcode/DerivedData/Gym_API-gttvbppsiybwtpahvrbhortrptkr/SourcePackages/checkouts/stream-chat-swift/Sources/StreamChatUI/ChatThreadList/ChatThreadListHeaderBannerView.swift (in target 'StreamChatUI' from project 'StreamChat')
    cd /Users/alexmontesino/Documents/GYM-API-IOS/Gym_API/Gym_API.xcodeproj
    

SwiftCompile normal arm64 /Users/alexmontesino/Library/Developer/Xcode/DerivedData/Gym_API-gttvbppsiybwtpahvrbhortrptkr/SourcePackages/checkouts/stream-chat-swift/Sources/StreamChatUI/ChatThreadList/ChatThreadListItemCell.swift (in target 'StreamChatUI' from project 'StreamChat')
    cd /Users/alexmontesino/Documents/GYM-API-IOS/Gym_API/Gym_API.xcodeproj
    

SwiftDriverJobDiscovery normal arm64 Compiling ActiveLiveLocationsEndTimeTracker.swift, AttachmentQueueUploader.swift, ConnectionRecoveryHandler.swift, MessageEditor.swift, MessageSender.swift, ChannelListLinker.swift, ChannelListUpdater.swift, ChannelMemberListUpdater.swift, ChannelMemberUpdater.swift, ChannelUpdater.swift, CurrentUserUpdater.swift, EventNotificationCenter.swift, EventObserver.swift, MemberEventObserver.swift, EventSender.swift, ManualEventHandler.swift, MessageUpdater.swift, ReactionListUpdater.swift, ReadStateHandler.swift, TypingEventsSender.swift, UserListUpdater.swift, UserUpdater.swift, Worker.swift (in target 'StreamChat' from project 'StreamChat')

SwiftCompile normal arm64 Compiling\ ChatThreadListItemView.swift,\ ChatThreadListLoadingView.swift,\ ChatThreadListVC.swift,\ ChatThreadUnreadCountView.swift,\ AttachmentPreviewContainer.swift,\ AttachmentPreviewProvider.swift,\ FileAttachmentView.swift,\ ImageAttachmentComposerPreview.swift,\ VideoAttachmentComposerPreview.swift,\ VoiceRecordingAttachmentComposerPreview.swift,\ VoiceRecordingAttachmentQuotedPreview.swift,\ AttachmentsPreviewVC.swift,\ DefaultAttachmentPreviewProvider.swift,\ ChatAvatarView.swift,\ ChatChannelAvatarView+SwiftUI.swift,\ ChatChannelAvatarView.swift,\ ChatPresenceAvatarView.swift,\ OnlineIndicatorView.swift,\ ChatUserAvatarView.swift,\ CurrentChatUserAvatarView.swift,\ BadgeView.swift,\ BannerView.swift,\ BaseViews.swift,\ AttachmentActionButton.swift /Users/alexmontesino/Library/Developer/Xcode/DerivedData/Gym_API-gttvbppsiybwtpahvrbhortrptkr/SourcePackages/checkouts/stream-chat-swift/Sources/StreamChatUI/ChatThreadList/ChatThreadListItemView.swift /Users/alexmontesino/Library/Developer/Xcode/DerivedData/Gym_API-gttvbppsiybwtpahvrbhortrptkr/SourcePackages/checkouts/stream-chat-swift/Sources/StreamChatUI/ChatThreadList/ChatThreadListLoadingView.swift /Users/alexmontesino/Library/Developer/Xcode/DerivedData/Gym_API-gttvbppsiybwtpahvrbhortrptkr/SourcePackages/checkouts/stream-chat-swift/Sources/StreamChatUI/ChatThreadList/ChatThreadListVC.swift /Users/alexmontesino/Library/Developer/Xcode/DerivedData/Gym_API-gttvbppsiybwtpahvrbhortrptkr/SourcePackages/checkouts/stream-chat-swift/Sources/StreamChatUI/ChatThreadList/ChatThreadUnreadCountView.swift /Users/alexmontesino/Library/Developer/Xcode/DerivedData/Gym_API-gttvbppsiybwtpahvrbhortrptkr/SourcePackages/checkouts/stream-chat-swift/Sources/StreamChatUI/CommonViews/Attachments/AttachmentPreviewContainer.swift /Users/alexmontesino/Library/Developer/Xcode/DerivedData/Gym_API-gttvbppsiybwtpahvrbhortrptkr/SourcePackages/checkouts/stream-chat-swift/Sources/StreamChatUI/CommonViews/Attachments/AttachmentPreviewProvider.swift /Users/alexmontesino/Library/Developer/Xcode/DerivedData/Gym_API-gttvbppsiybwtpahvrbhortrptkr/SourcePackages/checkouts/stream-chat-swift/Sources/StreamChatUI/CommonViews/Attachments/AttachmentViews/FileAttachmentView.swift /Users/alexmontesino/Library/Developer/Xcode/DerivedData/Gym_API-gttvbppsiybwtpahvrbhortrptkr/SourcePackages/checkouts/stream-chat-swift/Sources/StreamChatUI/CommonViews/Attachments/AttachmentViews/ImageAttachmentComposerPreview.swift /Users/alexmontesino/Library/Developer/Xcode/DerivedData/Gym_API-gttvbppsiybwtpahvrbhortrptkr/SourcePackages/checkouts/stream-chat-swift/Sources/StreamChatUI/CommonViews/Attachments/AttachmentViews/VideoAttachmentComposerPreview.swift /Users/alexmontesino/Library/Developer/Xcode/DerivedData/Gym_API-gttvbppsiybwtpahvrbhortrptkr/SourcePackages/checkouts/stream-chat-swift/Sources/StreamChatUI/CommonViews/Attachments/AttachmentViews/VoiceRecordingAttachmentComposerPreview.swift /Users/alexmontesino/Library/Developer/Xcode/DerivedData/Gym_API-gttvbppsiybwtpahvrbhortrptkr/SourcePackages/checkouts/stream-chat-swift/Sources/StreamChatUI/CommonViews/Attachments/AttachmentViews/VoiceRecordingAttachmentQuotedPreview.swift /Users/alexmontesino/Library/Developer/Xcode/DerivedData/Gym_API-gttvbppsiybwtpahvrbhortrptkr/SourcePackages/checkouts/stream-chat-swift/Sources/StreamChatUI/CommonViews/Attachments/AttachmentsPreviewVC.swift /Users/alexmontesino/Library/Developer/Xcode/DerivedData/Gym_API-gttvbppsiybwtpahvrbhortrptkr/SourcePackages/checkouts/stream-chat-swift/Sources/StreamChatUI/CommonViews/Attachments/DefaultAttachmentPreviewProvider.swift /Users/alexmontesino/Library/Developer/Xcode/DerivedData/Gym_API-gttvbppsiybwtpahvrbhortrptkr/SourcePackages/checkouts/stream-chat-swift/Sources/StreamChatUI/CommonViews/AvatarView/ChatAvatarView.swift /Users/alexmontesino/Library/Developer/Xcode/DerivedData/Gym_API-gttvbppsiybwtpahvrbhortrptkr/SourcePackages/checkouts/stream-chat-swift/Sources/StreamChatUI/CommonViews/AvatarView/ChatChannelAvatarView+SwiftUI.swift /Users/alexmontesino/Library/Developer/Xcode/DerivedData/Gym_API-gttvbppsiybwtpahvrbhortrptkr/SourcePackages/checkouts/stream-chat-swift/Sources/StreamChatUI/CommonViews/AvatarView/ChatChannelAvatarView.swift /Users/alexmontesino/Library/Developer/Xcode/DerivedData/Gym_API-gttvbppsiybwtpahvrbhortrptkr/SourcePackages/checkouts/stream-chat-swift/Sources/StreamChatUI/CommonViews/AvatarView/ChatPresenceAvatarView/ChatPresenceAvatarView.swift /Users/alexmontesino/Library/Developer/Xcode/DerivedData/Gym_API-gttvbppsiybwtpahvrbhortrptkr/SourcePackages/checkouts/stream-chat-swift/Sources/StreamChatUI/CommonViews/AvatarView/ChatPresenceAvatarView/OnlineIndicatorView.swift /Users/alexmontesino/Library/Developer/Xcode/DerivedData/Gym_API-gttvbppsiybwtpahvrbhortrptkr/SourcePackages/checkouts/stream-chat-swift/Sources/StreamChatUI/CommonViews/AvatarView/ChatUserAvatarView.swift /Users/alexmontesino/Library/Developer/Xcode/DerivedData/Gym_API-gttvbppsiybwtpahvrbhortrptkr/SourcePackages/checkouts/stream-chat-swift/Sources/StreamChatUI/CommonViews/AvatarView/CurrentChatUserAvatarView.swift /Users/alexmontesino/Library/Developer/Xcode/DerivedData/Gym_API-gttvbppsiybwtpahvrbhortrptkr/SourcePackages/checkouts/stream-chat-swift/Sources/StreamChatUI/CommonViews/BadgeView.swift /Users/alexmontesino/Library/Developer/Xcode/DerivedData/Gym_API-gttvbppsiybwtpahvrbhortrptkr/SourcePackages/checkouts/stream-chat-swift/Sources/StreamChatUI/CommonViews/BannerView.swift /Users/alexmontesino/Library/Developer/Xcode/DerivedData/Gym_API-gttvbppsiybwtpahvrbhortrptkr/SourcePackages/checkouts/stream-chat-swift/Sources/StreamChatUI/CommonViews/BaseViews.swift /Users/alexmontesino/Library/Developer/Xcode/DerivedData/Gym_API-gttvbppsiybwtpahvrbhortrptkr/SourcePackages/checkouts/stream-chat-swift/Sources/StreamChatUI/CommonViews/Buttons/AttachmentActionButton.swift (in target 'StreamChatUI' from project 'StreamChat')
SwiftCompile normal arm64 /Users/alexmontesino/Library/Developer/Xcode/DerivedData/Gym_API-gttvbppsiybwtpahvrbhortrptkr/SourcePackages/checkouts/stream-chat-swift/Sources/StreamChatUI/ChatThreadList/ChatThreadListItemView.swift (in target 'StreamChatUI' from project 'StreamChat')
    cd /Users/alexmontesino/Documents/GYM-API-IOS/Gym_API/Gym_API.xcodeproj
    

SwiftCompile normal arm64 /Users/alexmontesino/Library/Developer/Xcode/DerivedData/Gym_API-gttvbppsiybwtpahvrbhortrptkr/SourcePackages/checkouts/stream-chat-swift/Sources/StreamChatUI/ChatThreadList/ChatThreadListLoadingView.swift (in target 'StreamChatUI' from project 'StreamChat')
    cd /Users/alexmontesino/Documents/GYM-API-IOS/Gym_API/Gym_API.xcodeproj
    

SwiftCompile normal arm64 /Users/alexmontesino/Library/Developer/Xcode/DerivedData/Gym_API-gttvbppsiybwtpahvrbhortrptkr/SourcePackages/checkouts/stream-chat-swift/Sources/StreamChatUI/ChatThreadList/ChatThreadListVC.swift (in target 'StreamChatUI' from project 'StreamChat')
    cd /Users/alexmontesino/Documents/GYM-API-IOS/Gym_API/Gym_API.xcodeproj
    

SwiftCompile normal arm64 /Users/alexmontesino/Library/Developer/Xcode/DerivedData/Gym_API-gttvbppsiybwtpahvrbhortrptkr/SourcePackages/checkouts/stream-chat-swift/Sources/StreamChatUI/ChatThreadList/ChatThreadUnreadCountView.swift (in target 'StreamChatUI' from project 'StreamChat')
    cd /Users/alexmontesino/Documents/GYM-API-IOS/Gym_API/Gym_API.xcodeproj
    

SwiftCompile normal arm64 /Users/alexmontesino/Library/Developer/Xcode/DerivedData/Gym_API-gttvbppsiybwtpahvrbhortrptkr/SourcePackages/checkouts/stream-chat-swift/Sources/StreamChatUI/CommonViews/Attachments/AttachmentPreviewContainer.swift (in target 'StreamChatUI' from project 'StreamChat')
    cd /Users/alexmontesino/Documents/GYM-API-IOS/Gym_API/Gym_API.xcodeproj
    

SwiftCompile normal arm64 /Users/alexmontesino/Library/Developer/Xcode/DerivedData/Gym_API-gttvbppsiybwtpahvrbhortrptkr/SourcePackages/checkouts/stream-chat-swift/Sources/StreamChatUI/CommonViews/Attachments/AttachmentPreviewProvider.swift (in target 'StreamChatUI' from project 'StreamChat')
    cd /Users/alexmontesino/Documents/GYM-API-IOS/Gym_API/Gym_API.xcodeproj
    

SwiftCompile normal arm64 /Users/alexmontesino/Library/Developer/Xcode/DerivedData/Gym_API-gttvbppsiybwtpahvrbhortrptkr/SourcePackages/checkouts/stream-chat-swift/Sources/StreamChatUI/CommonViews/Attachments/AttachmentViews/FileAttachmentView.swift (in target 'StreamChatUI' from project 'StreamChat')
    cd /Users/alexmontesino/Documents/GYM-API-IOS/Gym_API/Gym_API.xcodeproj
    

SwiftCompile normal arm64 /Users/alexmontesino/Library/Developer/Xcode/DerivedData/Gym_API-gttvbppsiybwtpahvrbhortrptkr/SourcePackages/checkouts/stream-chat-swift/Sources/StreamChatUI/CommonViews/Attachments/AttachmentViews/ImageAttachmentComposerPreview.swift (in target 'StreamChatUI' from project 'StreamChat')
    cd /Users/alexmontesino/Documents/GYM-API-IOS/Gym_API/Gym_API.xcodeproj
    

SwiftCompile normal arm64 /Users/alexmontesino/Library/Developer/Xcode/DerivedData/Gym_API-gttvbppsiybwtpahvrbhortrptkr/SourcePackages/checkouts/stream-chat-swift/Sources/StreamChatUI/CommonViews/Attachments/AttachmentViews/VideoAttachmentComposerPreview.swift (in target 'StreamChatUI' from project 'StreamChat')
    cd /Users/alexmontesino/Documents/GYM-API-IOS/Gym_API/Gym_API.xcodeproj
    

SwiftCompile normal arm64 /Users/alexmontesino/Library/Developer/Xcode/DerivedData/Gym_API-gttvbppsiybwtpahvrbhortrptkr/SourcePackages/checkouts/stream-chat-swift/Sources/StreamChatUI/CommonViews/Attachments/AttachmentViews/VoiceRecordingAttachmentComposerPreview.swift (in target 'StreamChatUI' from project 'StreamChat')
    cd /Users/alexmontesino/Documents/GYM-API-IOS/Gym_API/Gym_API.xcodeproj
    

SwiftCompile normal arm64 /Users/alexmontesino/Library/Developer/Xcode/DerivedData/Gym_API-gttvbppsiybwtpahvrbhortrptkr/SourcePackages/checkouts/stream-chat-swift/Sources/StreamChatUI/CommonViews/Attachments/AttachmentViews/VoiceRecordingAttachmentQuotedPreview.swift (in target 'StreamChatUI' from project 'StreamChat')
    cd /Users/alexmontesino/Documents/GYM-API-IOS/Gym_API/Gym_API.xcodeproj
    

SwiftCompile normal arm64 /Users/alexmontesino/Library/Developer/Xcode/DerivedData/Gym_API-gttvbppsiybwtpahvrbhortrptkr/SourcePackages/checkouts/stream-chat-swift/Sources/StreamChatUI/CommonViews/Attachments/AttachmentsPreviewVC.swift (in target 'StreamChatUI' from project 'StreamChat')
    cd /Users/alexmontesino/Documents/GYM-API-IOS/Gym_API/Gym_API.xcodeproj
    

SwiftCompile normal arm64 /Users/alexmontesino/Library/Developer/Xcode/DerivedData/Gym_API-gttvbppsiybwtpahvrbhortrptkr/SourcePackages/checkouts/stream-chat-swift/Sources/StreamChatUI/CommonViews/Attachments/DefaultAttachmentPreviewProvider.swift (in target 'StreamChatUI' from project 'StreamChat')
    cd /Users/alexmontesino/Documents/GYM-API-IOS/Gym_API/Gym_API.xcodeproj
    

SwiftCompile normal arm64 /Users/alexmontesino/Library/Developer/Xcode/DerivedData/Gym_API-gttvbppsiybwtpahvrbhortrptkr/SourcePackages/checkouts/stream-chat-swift/Sources/StreamChatUI/CommonViews/AvatarView/ChatAvatarView.swift (in target 'StreamChatUI' from project 'StreamChat')
    cd /Users/alexmontesino/Documents/GYM-API-IOS/Gym_API/Gym_API.xcodeproj
    

SwiftCompile normal arm64 /Users/alexmontesino/Library/Developer/Xcode/DerivedData/Gym_API-gttvbppsiybwtpahvrbhortrptkr/SourcePackages/checkouts/stream-chat-swift/Sources/StreamChatUI/CommonViews/AvatarView/ChatChannelAvatarView+SwiftUI.swift (in target 'StreamChatUI' from project 'StreamChat')
    cd /Users/alexmontesino/Documents/GYM-API-IOS/Gym_API/Gym_API.xcodeproj
    

SwiftCompile normal arm64 /Users/alexmontesino/Library/Developer/Xcode/DerivedData/Gym_API-gttvbppsiybwtpahvrbhortrptkr/SourcePackages/checkouts/stream-chat-swift/Sources/StreamChatUI/CommonViews/AvatarView/ChatChannelAvatarView.swift (in target 'StreamChatUI' from project 'StreamChat')
    cd /Users/alexmontesino/Documents/GYM-API-IOS/Gym_API/Gym_API.xcodeproj
    

SwiftCompile normal arm64 /Users/alexmontesino/Library/Developer/Xcode/DerivedData/Gym_API-gttvbppsiybwtpahvrbhortrptkr/SourcePackages/checkouts/stream-chat-swift/Sources/StreamChatUI/CommonViews/AvatarView/ChatPresenceAvatarView/ChatPresenceAvatarView.swift (in target 'StreamChatUI' from project 'StreamChat')
    cd /Users/alexmontesino/Documents/GYM-API-IOS/Gym_API/Gym_API.xcodeproj
    

SwiftCompile normal arm64 /Users/alexmontesino/Library/Developer/Xcode/DerivedData/Gym_API-gttvbppsiybwtpahvrbhortrptkr/SourcePackages/checkouts/stream-chat-swift/Sources/StreamChatUI/CommonViews/AvatarView/ChatPresenceAvatarView/OnlineIndicatorView.swift (in target 'StreamChatUI' from project 'StreamChat')
    cd /Users/alexmontesino/Documents/GYM-API-IOS/Gym_API/Gym_API.xcodeproj
    

SwiftCompile normal arm64 /Users/alexmontesino/Library/Developer/Xcode/DerivedData/Gym_API-gttvbppsiybwtpahvrbhortrptkr/SourcePackages/checkouts/stream-chat-swift/Sources/StreamChatUI/CommonViews/AvatarView/ChatUserAvatarView.swift (in target 'StreamChatUI' from project 'StreamChat')
    cd /Users/alexmontesino/Documents/GYM-API-IOS/Gym_API/Gym_API.xcodeproj
    

SwiftCompile normal arm64 /Users/alexmontesino/Library/Developer/Xcode/DerivedData/Gym_API-gttvbppsiybwtpahvrbhortrptkr/SourcePackages/checkouts/stream-chat-swift/Sources/StreamChatUI/CommonViews/AvatarView/CurrentChatUserAvatarView.swift (in target 'StreamChatUI' from project 'StreamChat')
    cd /Users/alexmontesino/Documents/GYM-API-IOS/Gym_API/Gym_API.xcodeproj
    

SwiftCompile normal arm64 /Users/alexmontesino/Library/Developer/Xcode/DerivedData/Gym_API-gttvbppsiybwtpahvrbhortrptkr/SourcePackages/checkouts/stream-chat-swift/Sources/StreamChatUI/CommonViews/BadgeView.swift (in target 'StreamChatUI' from project 'StreamChat')
    cd /Users/alexmontesino/Documents/GYM-API-IOS/Gym_API/Gym_API.xcodeproj
    

SwiftCompile normal arm64 /Users/alexmontesino/Library/Developer/Xcode/DerivedData/Gym_API-gttvbppsiybwtpahvrbhortrptkr/SourcePackages/checkouts/stream-chat-swift/Sources/StreamChatUI/CommonViews/BannerView.swift (in target 'StreamChatUI' from project 'StreamChat')
    cd /Users/alexmontesino/Documents/GYM-API-IOS/Gym_API/Gym_API.xcodeproj
    

SwiftCompile normal arm64 /Users/alexmontesino/Library/Developer/Xcode/DerivedData/Gym_API-gttvbppsiybwtpahvrbhortrptkr/SourcePackages/checkouts/stream-chat-swift/Sources/StreamChatUI/CommonViews/BaseViews.swift (in target 'StreamChatUI' from project 'StreamChat')
    cd /Users/alexmontesino/Documents/GYM-API-IOS/Gym_API/Gym_API.xcodeproj
    

SwiftCompile normal arm64 /Users/alexmontesino/Library/Developer/Xcode/DerivedData/Gym_API-gttvbppsiybwtpahvrbhortrptkr/SourcePackages/checkouts/stream-chat-swift/Sources/StreamChatUI/CommonViews/Buttons/AttachmentActionButton.swift (in target 'StreamChatUI' from project 'StreamChat')
    cd /Users/alexmontesino/Documents/GYM-API-IOS/Gym_API/Gym_API.xcodeproj
    

SwiftDriverJobDiscovery normal arm64 Compiling EventsController+Combine.swift, EventsController+SwiftUI.swift, EventsController.swift, MemberController+Combine.swift, MemberController+SwiftUI.swift, MemberController.swift, MemberListController+Combine.swift, MemberListController+SwiftUI.swift, MemberListController.swift, MessageController+Combine.swift, MessageController+SwiftUI.swift, MessageController.swift, MessageReminderListController+Combine.swift, MessageReminderListController.swift, PollController+Combine.swift, PollController+SwiftUI.swift, PollController.swift, PollControllerDelegate.swift, PollVoteListController+Combine.swift, PollVoteListController+SwiftUI.swift, PollVoteListController.swift, ChatClient+ReactionListController.swift, ReactionListController+Combine.swift, ReactionListController+SwiftUI.swift (in target 'StreamChat' from project 'StreamChat')

SwiftCompile normal arm64 Compiling\ ChatMessageCell.swift,\ ChatMessageContentView+SwiftUI.swift,\ ChatMessageContentView.swift,\ ChatMessageDeliveryStatusCheckmarkView.swift,\ ChatMessageDeliveryStatusView.swift,\ ChatMessageErrorIndicator.swift,\ ChatMessageLayoutOptions.swift,\ ChatMessageLayoutOptionsResolver.swift,\ ChatReactionsBubbleView.swift,\ ChatThreadArrowView.swift,\ ChatMessageDecorationView.swift,\ ChatMessageHeaderDecoratorView.swift,\ ChatMessagesCountDecorationView.swift,\ ChatThreadRepliesCountDecorationView.swift,\ ChatUnreadMessagesCountDecorationView.swift,\ ChatMessageListDateSeparatorView.swift,\ ChatMessageListScrollOverlayView.swift,\ ChatMessageListUnreadCountView.swift,\ ChatMessageListVC+DiffKit.swift,\ ChatMessageListVC.swift,\ ChatMessageListVCDataSource.swift,\ ChatMessageListVCDelegate.swift,\ ChatMessageListView+DiffKit.swift,\ ChatMessageListView.swift /Users/alexmontesino/Library/Developer/Xcode/DerivedData/Gym_API-gttvbppsiybwtpahvrbhortrptkr/SourcePackages/checkouts/stream-chat-swift/Sources/StreamChatUI/ChatMessageList/ChatMessage/ChatMessageCell.swift /Users/alexmontesino/Library/Developer/Xcode/DerivedData/Gym_API-gttvbppsiybwtpahvrbhortrptkr/SourcePackages/checkouts/stream-chat-swift/Sources/StreamChatUI/ChatMessageList/ChatMessage/ChatMessageContentView+SwiftUI.swift /Users/alexmontesino/Library/Developer/Xcode/DerivedData/Gym_API-gttvbppsiybwtpahvrbhortrptkr/SourcePackages/checkouts/stream-chat-swift/Sources/StreamChatUI/ChatMessageList/ChatMessage/ChatMessageContentView.swift /Users/alexmontesino/Library/Developer/Xcode/DerivedData/Gym_API-gttvbppsiybwtpahvrbhortrptkr/SourcePackages/checkouts/stream-chat-swift/Sources/StreamChatUI/ChatMessageList/ChatMessage/ChatMessageDeliveryStatusCheckmarkView.swift /Users/alexmontesino/Library/Developer/Xcode/DerivedData/Gym_API-gttvbppsiybwtpahvrbhortrptkr/SourcePackages/checkouts/stream-chat-swift/Sources/StreamChatUI/ChatMessageList/ChatMessage/ChatMessageDeliveryStatusView.swift /Users/alexmontesino/Library/Developer/Xcode/DerivedData/Gym_API-gttvbppsiybwtpahvrbhortrptkr/SourcePackages/checkouts/stream-chat-swift/Sources/StreamChatUI/ChatMessageList/ChatMessage/ChatMessageErrorIndicator.swift /Users/alexmontesino/Library/Developer/Xcode/DerivedData/Gym_API-gttvbppsiybwtpahvrbhortrptkr/SourcePackages/checkouts/stream-chat-swift/Sources/StreamChatUI/ChatMessageList/ChatMessage/ChatMessageLayoutOptions.swift /Users/alexmontesino/Library/Developer/Xcode/DerivedData/Gym_API-gttvbppsiybwtpahvrbhortrptkr/SourcePackages/checkouts/stream-chat-swift/Sources/StreamChatUI/ChatMessageList/ChatMessage/ChatMessageLayoutOptionsResolver.swift /Users/alexmontesino/Library/Developer/Xcode/DerivedData/Gym_API-gttvbppsiybwtpahvrbhortrptkr/SourcePackages/checkouts/stream-chat-swift/Sources/StreamChatUI/ChatMessageList/ChatMessage/ChatReactionsBubbleView.swift /Users/alexmontesino/Library/Developer/Xcode/DerivedData/Gym_API-gttvbppsiybwtpahvrbhortrptkr/SourcePackages/checkouts/stream-chat-swift/Sources/StreamChatUI/ChatMessageList/ChatMessage/ChatThreadArrowView.swift /Users/alexmontesino/Library/Developer/Xcode/DerivedData/Gym_API-gttvbppsiybwtpahvrbhortrptkr/SourcePackages/checkouts/stream-chat-swift/Sources/StreamChatUI/ChatMessageList/ChatMessage/Decorators/ChatMessageDecorationView.swift /Users/alexmontesino/Library/Developer/Xcode/DerivedData/Gym_API-gttvbppsiybwtpahvrbhortrptkr/SourcePackages/checkouts/stream-chat-swift/Sources/StreamChatUI/ChatMessageList/ChatMessage/Decorators/ChatMessageHeaderDecoratorView.swift /Users/alexmontesino/Library/Developer/Xcode/DerivedData/Gym_API-gttvbppsiybwtpahvrbhortrptkr/SourcePackages/checkouts/stream-chat-swift/Sources/StreamChatUI/ChatMessageList/ChatMessage/Decorators/ChatMessagesCountDecorationView.swift /Users/alexmontesino/Library/Developer/Xcode/DerivedData/Gym_API-gttvbppsiybwtpahvrbhortrptkr/SourcePackages/checkouts/stream-chat-swift/Sources/StreamChatUI/ChatMessageList/ChatMessage/Decorators/ChatThreadRepliesCountDecorationView.swift /Users/alexmontesino/Library/Developer/Xcode/DerivedData/Gym_API-gttvbppsiybwtpahvrbhortrptkr/SourcePackages/checkouts/stream-chat-swift/Sources/StreamChatUI/ChatMessageList/ChatMessage/Decorators/ChatUnreadMessagesCountDecorationView.swift /Users/alexmontesino/Library/Developer/Xcode/DerivedData/Gym_API-gttvbppsiybwtpahvrbhortrptkr/SourcePackages/checkouts/stream-chat-swift/Sources/StreamChatUI/ChatMessageList/ChatMessageListDateSeparatorView.swift /Users/alexmontesino/Library/Developer/Xcode/DerivedData/Gym_API-gttvbppsiybwtpahvrbhortrptkr/SourcePackages/checkouts/stream-chat-swift/Sources/StreamChatUI/ChatMessageList/ChatMessageListScrollOverlayView.swift /Users/alexmontesino/Library/Developer/Xcode/DerivedData/Gym_API-gttvbppsiybwtpahvrbhortrptkr/SourcePackages/checkouts/stream-chat-swift/Sources/StreamChatUI/ChatMessageList/ChatMessageListUnreadCountView.swift /Users/alexmontesino/Library/Developer/Xcode/DerivedData/Gym_API-gttvbppsiybwtpahvrbhortrptkr/SourcePackages/checkouts/stream-chat-swift/Sources/StreamChatUI/ChatMessageList/ChatMessageListVC+DiffKit.swift /Users/alexmontesino/Library/Developer/Xcode/DerivedData/Gym_API-gttvbppsiybwtpahvrbhortrptkr/SourcePackages/checkouts/stream-chat-swift/Sources/StreamChatUI/ChatMessageList/ChatMessageListVC.swift /Users/alexmontesino/Library/Developer/Xcode/DerivedData/Gym_API-gttvbppsiybwtpahvrbhortrptkr/SourcePackages/checkouts/stream-chat-swift/Sources/StreamChatUI/ChatMessageList/ChatMessageListVCDataSource.swift /Users/alexmontesino/Library/Developer/Xcode/DerivedData/Gym_API-gttvbppsiybwtpahvrbhortrptkr/SourcePackages/checkouts/stream-chat-swift/Sources/StreamChatUI/ChatMessageList/ChatMessageListVCDelegate.swift /Users/alexmontesino/Library/Developer/Xcode/DerivedData/Gym_API-gttvbppsiybwtpahvrbhortrptkr/SourcePackages/checkouts/stream-chat-swift/Sources/StreamChatUI/ChatMessageList/ChatMessageListView+DiffKit.swift /Users/alexmontesino/Library/Developer/Xcode/DerivedData/Gym_API-gttvbppsiybwtpahvrbhortrptkr/SourcePackages/checkouts/stream-chat-swift/Sources/StreamChatUI/ChatMessageList/ChatMessageListView.swift (in target 'StreamChatUI' from project 'StreamChat')
SwiftCompile normal arm64 /Users/alexmontesino/Library/Developer/Xcode/DerivedData/Gym_API-gttvbppsiybwtpahvrbhortrptkr/SourcePackages/checkouts/stream-chat-swift/Sources/StreamChatUI/ChatMessageList/ChatMessage/ChatMessageCell.swift (in target 'StreamChatUI' from project 'StreamChat')
    cd /Users/alexmontesino/Documents/GYM-API-IOS/Gym_API/Gym_API.xcodeproj
    

SwiftCompile normal arm64 /Users/alexmontesino/Library/Developer/Xcode/DerivedData/Gym_API-gttvbppsiybwtpahvrbhortrptkr/SourcePackages/checkouts/stream-chat-swift/Sources/StreamChatUI/ChatMessageList/ChatMessage/ChatMessageContentView+SwiftUI.swift (in target 'StreamChatUI' from project 'StreamChat')
    cd /Users/alexmontesino/Documents/GYM-API-IOS/Gym_API/Gym_API.xcodeproj
    

SwiftCompile normal arm64 /Users/alexmontesino/Library/Developer/Xcode/DerivedData/Gym_API-gttvbppsiybwtpahvrbhortrptkr/SourcePackages/checkouts/stream-chat-swift/Sources/StreamChatUI/ChatMessageList/ChatMessage/ChatMessageContentView.swift (in target 'StreamChatUI' from project 'StreamChat')
    cd /Users/alexmontesino/Documents/GYM-API-IOS/Gym_API/Gym_API.xcodeproj
    

SwiftCompile normal arm64 /Users/alexmontesino/Library/Developer/Xcode/DerivedData/Gym_API-gttvbppsiybwtpahvrbhortrptkr/SourcePackages/checkouts/stream-chat-swift/Sources/StreamChatUI/ChatMessageList/ChatMessage/ChatMessageDeliveryStatusCheckmarkView.swift (in target 'StreamChatUI' from project 'StreamChat')
    cd /Users/alexmontesino/Documents/GYM-API-IOS/Gym_API/Gym_API.xcodeproj
    

SwiftCompile normal arm64 /Users/alexmontesino/Library/Developer/Xcode/DerivedData/Gym_API-gttvbppsiybwtpahvrbhortrptkr/SourcePackages/checkouts/stream-chat-swift/Sources/StreamChatUI/ChatMessageList/ChatMessage/ChatMessageDeliveryStatusView.swift (in target 'StreamChatUI' from project 'StreamChat')
    cd /Users/alexmontesino/Documents/GYM-API-IOS/Gym_API/Gym_API.xcodeproj
    

SwiftCompile normal arm64 /Users/alexmontesino/Library/Developer/Xcode/DerivedData/Gym_API-gttvbppsiybwtpahvrbhortrptkr/SourcePackages/checkouts/stream-chat-swift/Sources/StreamChatUI/ChatMessageList/ChatMessage/ChatMessageErrorIndicator.swift (in target 'StreamChatUI' from project 'StreamChat')
    cd /Users/alexmontesino/Documents/GYM-API-IOS/Gym_API/Gym_API.xcodeproj
    

SwiftCompile normal arm64 /Users/alexmontesino/Library/Developer/Xcode/DerivedData/Gym_API-gttvbppsiybwtpahvrbhortrptkr/SourcePackages/checkouts/stream-chat-swift/Sources/StreamChatUI/ChatMessageList/ChatMessage/ChatMessageLayoutOptions.swift (in target 'StreamChatUI' from project 'StreamChat')
    cd /Users/alexmontesino/Documents/GYM-API-IOS/Gym_API/Gym_API.xcodeproj
    

SwiftCompile normal arm64 /Users/alexmontesino/Library/Developer/Xcode/DerivedData/Gym_API-gttvbppsiybwtpahvrbhortrptkr/SourcePackages/checkouts/stream-chat-swift/Sources/StreamChatUI/ChatMessageList/ChatMessage/ChatMessageLayoutOptionsResolver.swift (in target 'StreamChatUI' from project 'StreamChat')
    cd /Users/alexmontesino/Documents/GYM-API-IOS/Gym_API/Gym_API.xcodeproj
    

SwiftCompile normal arm64 /Users/alexmontesino/Library/Developer/Xcode/DerivedData/Gym_API-gttvbppsiybwtpahvrbhortrptkr/SourcePackages/checkouts/stream-chat-swift/Sources/StreamChatUI/ChatMessageList/ChatMessage/ChatReactionsBubbleView.swift (in target 'StreamChatUI' from project 'StreamChat')
    cd /Users/alexmontesino/Documents/GYM-API-IOS/Gym_API/Gym_API.xcodeproj
    

SwiftCompile normal arm64 /Users/alexmontesino/Library/Developer/Xcode/DerivedData/Gym_API-gttvbppsiybwtpahvrbhortrptkr/SourcePackages/checkouts/stream-chat-swift/Sources/StreamChatUI/ChatMessageList/ChatMessage/ChatThreadArrowView.swift (in target 'StreamChatUI' from project 'StreamChat')
    cd /Users/alexmontesino/Documents/GYM-API-IOS/Gym_API/Gym_API.xcodeproj
    

SwiftCompile normal arm64 /Users/alexmontesino/Library/Developer/Xcode/DerivedData/Gym_API-gttvbppsiybwtpahvrbhortrptkr/SourcePackages/checkouts/stream-chat-swift/Sources/StreamChatUI/ChatMessageList/ChatMessage/Decorators/ChatMessageDecorationView.swift (in target 'StreamChatUI' from project 'StreamChat')
    cd /Users/alexmontesino/Documents/GYM-API-IOS/Gym_API/Gym_API.xcodeproj
    

SwiftCompile normal arm64 /Users/alexmontesino/Library/Developer/Xcode/DerivedData/Gym_API-gttvbppsiybwtpahvrbhortrptkr/SourcePackages/checkouts/stream-chat-swift/Sources/StreamChatUI/ChatMessageList/ChatMessage/Decorators/ChatMessageHeaderDecoratorView.swift (in target 'StreamChatUI' from project 'StreamChat')
    cd /Users/alexmontesino/Documents/GYM-API-IOS/Gym_API/Gym_API.xcodeproj
    

SwiftCompile normal arm64 /Users/alexmontesino/Library/Developer/Xcode/DerivedData/Gym_API-gttvbppsiybwtpahvrbhortrptkr/SourcePackages/checkouts/stream-chat-swift/Sources/StreamChatUI/ChatMessageList/ChatMessage/Decorators/ChatMessagesCountDecorationView.swift (in target 'StreamChatUI' from project 'StreamChat')
    cd /Users/alexmontesino/Documents/GYM-API-IOS/Gym_API/Gym_API.xcodeproj
    

SwiftCompile normal arm64 /Users/alexmontesino/Library/Developer/Xcode/DerivedData/Gym_API-gttvbppsiybwtpahvrbhortrptkr/SourcePackages/checkouts/stream-chat-swift/Sources/StreamChatUI/ChatMessageList/ChatMessage/Decorators/ChatThreadRepliesCountDecorationView.swift (in target 'StreamChatUI' from project 'StreamChat')
    cd /Users/alexmontesino/Documents/GYM-API-IOS/Gym_API/Gym_API.xcodeproj
    

SwiftCompile normal arm64 /Users/alexmontesino/Library/Developer/Xcode/DerivedData/Gym_API-gttvbppsiybwtpahvrbhortrptkr/SourcePackages/checkouts/stream-chat-swift/Sources/StreamChatUI/ChatMessageList/ChatMessage/Decorators/ChatUnreadMessagesCountDecorationView.swift (in target 'StreamChatUI' from project 'StreamChat')
    cd /Users/alexmontesino/Documents/GYM-API-IOS/Gym_API/Gym_API.xcodeproj
    

SwiftCompile normal arm64 /Users/alexmontesino/Library/Developer/Xcode/DerivedData/Gym_API-gttvbppsiybwtpahvrbhortrptkr/SourcePackages/checkouts/stream-chat-swift/Sources/StreamChatUI/ChatMessageList/ChatMessageListDateSeparatorView.swift (in target 'StreamChatUI' from project 'StreamChat')
    cd /Users/alexmontesino/Documents/GYM-API-IOS/Gym_API/Gym_API.xcodeproj
    

SwiftCompile normal arm64 /Users/alexmontesino/Library/Developer/Xcode/DerivedData/Gym_API-gttvbppsiybwtpahvrbhortrptkr/SourcePackages/checkouts/stream-chat-swift/Sources/StreamChatUI/ChatMessageList/ChatMessageListScrollOverlayView.swift (in target 'StreamChatUI' from project 'StreamChat')
    cd /Users/alexmontesino/Documents/GYM-API-IOS/Gym_API/Gym_API.xcodeproj
    

SwiftCompile normal arm64 /Users/alexmontesino/Library/Developer/Xcode/DerivedData/Gym_API-gttvbppsiybwtpahvrbhortrptkr/SourcePackages/checkouts/stream-chat-swift/Sources/StreamChatUI/ChatMessageList/ChatMessageListUnreadCountView.swift (in target 'StreamChatUI' from project 'StreamChat')
    cd /Users/alexmontesino/Documents/GYM-API-IOS/Gym_API/Gym_API.xcodeproj
    

SwiftCompile normal arm64 /Users/alexmontesino/Library/Developer/Xcode/DerivedData/Gym_API-gttvbppsiybwtpahvrbhortrptkr/SourcePackages/checkouts/stream-chat-swift/Sources/StreamChatUI/ChatMessageList/ChatMessageListVC+DiffKit.swift (in target 'StreamChatUI' from project 'StreamChat')
    cd /Users/alexmontesino/Documents/GYM-API-IOS/Gym_API/Gym_API.xcodeproj
    

SwiftCompile normal arm64 /Users/alexmontesino/Library/Developer/Xcode/DerivedData/Gym_API-gttvbppsiybwtpahvrbhortrptkr/SourcePackages/checkouts/stream-chat-swift/Sources/StreamChatUI/ChatMessageList/ChatMessageListVC.swift (in target 'StreamChatUI' from project 'StreamChat')
    cd /Users/alexmontesino/Documents/GYM-API-IOS/Gym_API/Gym_API.xcodeproj
    

SwiftCompile normal arm64 /Users/alexmontesino/Library/Developer/Xcode/DerivedData/Gym_API-gttvbppsiybwtpahvrbhortrptkr/SourcePackages/checkouts/stream-chat-swift/Sources/StreamChatUI/ChatMessageList/ChatMessageListVCDataSource.swift (in target 'StreamChatUI' from project 'StreamChat')
    cd /Users/alexmontesino/Documents/GYM-API-IOS/Gym_API/Gym_API.xcodeproj
    

SwiftCompile normal arm64 /Users/alexmontesino/Library/Developer/Xcode/DerivedData/Gym_API-gttvbppsiybwtpahvrbhortrptkr/SourcePackages/checkouts/stream-chat-swift/Sources/StreamChatUI/ChatMessageList/ChatMessageListVCDelegate.swift (in target 'StreamChatUI' from project 'StreamChat')
    cd /Users/alexmontesino/Documents/GYM-API-IOS/Gym_API/Gym_API.xcodeproj
    

SwiftCompile normal arm64 /Users/alexmontesino/Library/Developer/Xcode/DerivedData/Gym_API-gttvbppsiybwtpahvrbhortrptkr/SourcePackages/checkouts/stream-chat-swift/Sources/StreamChatUI/ChatMessageList/ChatMessageListView+DiffKit.swift (in target 'StreamChatUI' from project 'StreamChat')
    cd /Users/alexmontesino/Documents/GYM-API-IOS/Gym_API/Gym_API.xcodeproj
    

SwiftCompile normal arm64 /Users/alexmontesino/Library/Developer/Xcode/DerivedData/Gym_API-gttvbppsiybwtpahvrbhortrptkr/SourcePackages/checkouts/stream-chat-swift/Sources/StreamChatUI/ChatMessageList/ChatMessageListView.swift (in target 'StreamChatUI' from project 'StreamChat')
    cd /Users/alexmontesino/Documents/GYM-API-IOS/Gym_API/Gym_API.xcodeproj
    

SwiftDriverJobDiscovery normal arm64 Emitting module for Auth0 (in target 'Auth0' from project 'Auth0')

SwiftDriver\ Compilation\ Requirements Auth0 normal arm64 com.apple.xcode.tools.swift.compiler (in target 'Auth0' from project 'Auth0')
    cd /Users/alexmontesino/Documents/GYM-API-IOS/Gym_API/Gym_API.xcodeproj
    builtin-Swift-Compilation-Requirements -- /Applications/Xcode.app/Contents/Developer/Toolchains/XcodeDefault.xctoolchain/usr/bin/swiftc -module-name Auth0 -Onone -enforce-exclusivity\=checked @/Users/alexmontesino/Library/Developer/Xcode/DerivedData/Gym_API-gttvbppsiybwtpahvrbhortrptkr/Build/Intermediates.noindex/Auth0.build/Debug-iphonesimulator/Auth0.build/Objects-normal/arm64/Auth0.SwiftFileList -DSWIFT_PACKAGE -DDEBUG -DWEB_AUTH_PLATFORM -DPASSKEYS_PLATFORM -DXcode -plugin-path /Applications/Xcode.app/Contents/Developer/Toolchains/XcodeDefault.xctoolchain/usr/lib/swift/host/plugins/testing -enable-experimental-feature DebugDescriptionMacro -sdk /Applications/Xcode.app/Contents/Developer/Platforms/iPhoneSimulator.platform/Developer/SDKs/iPhoneSimulator18.5.sdk -target arm64-apple-ios14.0-simulator -g -module-cache-path /Users/alexmontesino/Library/Developer/Xcode/DerivedData/ModuleCache.noindex -Xfrontend -serialize-debugging-options -profile-coverage-mapping -profile-generate -enable-testing -suppress-warnings -index-store-path /Users/alexmontesino/Library/Developer/Xcode/DerivedData/Gym_API-gttvbppsiybwtpahvrbhortrptkr/Index.noindex/DataStore -swift-version 5 -I /Users/alexmontesino/Library/Developer/Xcode/DerivedData/Gym_API-gttvbppsiybwtpahvrbhortrptkr/Build/Products/Debug-iphonesimulator -I /Applications/Xcode.app/Contents/Developer/Platforms/iPhoneSimulator.platform/Developer/usr/lib -F /Users/alexmontesino/Library/Developer/Xcode/DerivedData/Gym_API-gttvbppsiybwtpahvrbhortrptkr/Build/Products/Debug-iphonesimulator/PackageFrameworks -F /Users/alexmontesino/Library/Developer/Xcode/DerivedData/Gym_API-gttvbppsiybwtpahvrbhortrptkr/Build/Products/Debug-iphonesimulator/PackageFrameworks -F /Users/alexmontesino/Library/Developer/Xcode/DerivedData/Gym_API-gttvbppsiybwtpahvrbhortrptkr/Build/Products/Debug-iphonesimulator -F /Applications/Xcode.app/Contents/Developer/Platforms/iPhoneSimulator.platform/Developer/Library/Frameworks -F /Applications/Xcode.app/Contents/Developer/Platforms/iPhoneSimulator.platform/Developer/SDKs/iPhoneSimulator18.5.sdk/Developer/Library/Frameworks -c -j10 -enable-batch-mode -incremental -Xcc -ivfsstatcache -Xcc /Users/alexmontesino/Library/Developer/Xcode/DerivedData/SDKStatCaches.noindex/iphonesimulator18.5-22F76-d5fc8ad4295d2ef488fb7d0f804ce0c4.sdkstatcache -output-file-map /Users/alexmontesino/Library/Developer/Xcode/DerivedData/Gym_API-gttvbppsiybwtpahvrbhortrptkr/Build/Intermediates.noindex/Auth0.build/Debug-iphonesimulator/Auth0.build/Objects-normal/arm64/Auth0-OutputFileMap.json -use-frontend-parseable-output -save-temps -no-color-diagnostics -serialize-diagnostics -emit-dependencies -emit-module -emit-module-path /Users/alexmontesino/Library/Developer/Xcode/DerivedData/Gym_API-gttvbppsiybwtpahvrbhortrptkr/Build/Intermediates.noindex/Auth0.build/Debug-iphonesimulator/Auth0.build/Objects-normal/arm64/Auth0.swiftmodule -user-module-version 2.13.0 -validate-clang-modules-once -clang-build-session-file /Users/alexmontesino/Library/Developer/Xcode/DerivedData/ModuleCache.noindex/Session.modulevalidation -package-name auth0_swift -Xcc -I/Users/alexmontesino/Library/Developer/Xcode/DerivedData/Gym_API-gttvbppsiybwtpahvrbhortrptkr/Build/Intermediates.noindex/Auth0.build/Debug-iphonesimulator/Auth0.build/swift-overrides.hmap -emit-const-values -Xfrontend -const-gather-protocols-file -Xfrontend /Users/alexmontesino/Library/Developer/Xcode/DerivedData/Gym_API-gttvbppsiybwtpahvrbhortrptkr/Build/Intermediates.noindex/Auth0.build/Debug-iphonesimulator/Auth0.build/Objects-normal/arm64/Auth0_const_extract_protocols.json -Xcc -I/Users/alexmontesino/Library/Developer/Xcode/DerivedData/Gym_API-gttvbppsiybwtpahvrbhortrptkr/Build/Products/Debug-iphonesimulator/include -Xcc -I/Users/alexmontesino/Library/Developer/Xcode/DerivedData/Gym_API-gttvbppsiybwtpahvrbhortrptkr/Build/Intermediates.noindex/Auth0.build/Debug-iphonesimulator/Auth0.build/DerivedSources-normal/arm64 -Xcc -I/Users/alexmontesino/Library/Developer/Xcode/DerivedData/Gym_API-gttvbppsiybwtpahvrbhortrptkr/Build/Intermediates.noindex/Auth0.build/Debug-iphonesimulator/Auth0.build/DerivedSources/arm64 -Xcc -I/Users/alexmontesino/Library/Developer/Xcode/DerivedData/Gym_API-gttvbppsiybwtpahvrbhortrptkr/Build/Intermediates.noindex/Auth0.build/Debug-iphonesimulator/Auth0.build/DerivedSources -Xcc -DSWIFT_PACKAGE -Xcc -DDEBUG\=1 -emit-objc-header -emit-objc-header-path /Users/alexmontesino/Library/Developer/Xcode/DerivedData/Gym_API-gttvbppsiybwtpahvrbhortrptkr/Build/Intermediates.noindex/Auth0.build/Debug-iphonesimulator/Auth0.build/Objects-normal/arm64/Auth0-Swift.h -working-directory /Users/alexmontesino/Documents/GYM-API-IOS/Gym_API/Gym_API.xcodeproj -experimental-emit-module-separately -disable-cmo

SwiftDriverJobDiscovery normal arm64 Compiling ThreadsRepository.swift, ChannelList.swift, ChannelListState+Observer.swift, ChannelListState.swift, Chat.swift, ChatClient+Factory.swift, ChatState+Observer.swift, ChatState.swift, ConnectedUser.swift, ConnectedUserState+Observer.swift, ConnectedUserState.swift, StateLayerDatabaseObserver.swift, MemberList.swift, MemberListState+Observer.swift, MemberListState.swift, MessageSearch.swift, MessageSearchState+Observer.swift, MessageSearchState.swift, MessageState+Observer.swift, MessageState.swift, ReactionList.swift, ReactionListState+Observer.swift, ReactionListState.swift, UserList.swift (in target 'StreamChat' from project 'StreamChat')

SwiftCompile normal arm64 Compiling\ SDKIdentifier.swift,\ Algorithm.swift,\ AnyDifferentiable.swift,\ ArraySection.swift,\ Changeset.swift,\ ContentEquatable.swift,\ ContentIdentifiable.swift,\ Differentiable.swift,\ DifferentiableSection.swift,\ ElementPath.swift,\ AppKitExtension.swift,\ StagedChangeset.swift,\ ImagePublisher.swift,\ DataCache.swift,\ DataLoader.swift,\ ImageCache.swift,\ ImageDecoding.swift,\ ImageEncoding.swift,\ ImagePipeline.swift,\ ImagePipelineCache.swift,\ ImagePipelineConfiguration.swift,\ ImagePipelineDelegate.swift,\ ImagePrefetcher.swift /Users/alexmontesino/Library/Developer/Xcode/DerivedData/Gym_API-gttvbppsiybwtpahvrbhortrptkr/SourcePackages/checkouts/stream-chat-swift/Sources/StreamChatUI/SDKIdentifier.swift /Users/alexmontesino/Library/Developer/Xcode/DerivedData/Gym_API-gttvbppsiybwtpahvrbhortrptkr/SourcePackages/checkouts/stream-chat-swift/Sources/StreamChatUI/StreamDifferenceKit/Algorithm.swift /Users/alexmontesino/Library/Developer/Xcode/DerivedData/Gym_API-gttvbppsiybwtpahvrbhortrptkr/SourcePackages/checkouts/stream-chat-swift/Sources/StreamChatUI/StreamDifferenceKit/AnyDifferentiable.swift /Users/alexmontesino/Library/Developer/Xcode/DerivedData/Gym_API-gttvbppsiybwtpahvrbhortrptkr/SourcePackages/checkouts/stream-chat-swift/Sources/StreamChatUI/StreamDifferenceKit/ArraySection.swift /Users/alexmontesino/Library/Developer/Xcode/DerivedData/Gym_API-gttvbppsiybwtpahvrbhortrptkr/SourcePackages/checkouts/stream-chat-swift/Sources/StreamChatUI/StreamDifferenceKit/Changeset.swift /Users/alexmontesino/Library/Developer/Xcode/DerivedData/Gym_API-gttvbppsiybwtpahvrbhortrptkr/SourcePackages/checkouts/stream-chat-swift/Sources/StreamChatUI/StreamDifferenceKit/ContentEquatable.swift /Users/alexmontesino/Library/Developer/Xcode/DerivedData/Gym_API-gttvbppsiybwtpahvrbhortrptkr/SourcePackages/checkouts/stream-chat-swift/Sources/StreamChatUI/StreamDifferenceKit/ContentIdentifiable.swift /Users/alexmontesino/Library/Developer/Xcode/DerivedData/Gym_API-gttvbppsiybwtpahvrbhortrptkr/SourcePackages/checkouts/stream-chat-swift/Sources/StreamChatUI/StreamDifferenceKit/Differentiable.swift /Users/alexmontesino/Library/Developer/Xcode/DerivedData/Gym_API-gttvbppsiybwtpahvrbhortrptkr/SourcePackages/checkouts/stream-chat-swift/Sources/StreamChatUI/StreamDifferenceKit/DifferentiableSection.swift /Users/alexmontesino/Library/Developer/Xcode/DerivedData/Gym_API-gttvbppsiybwtpahvrbhortrptkr/SourcePackages/checkouts/stream-chat-swift/Sources/StreamChatUI/StreamDifferenceKit/ElementPath.swift /Users/alexmontesino/Library/Developer/Xcode/DerivedData/Gym_API-gttvbppsiybwtpahvrbhortrptkr/SourcePackages/checkouts/stream-chat-swift/Sources/StreamChatUI/StreamDifferenceKit/Extensions/AppKitExtension.swift /Users/alexmontesino/Library/Developer/Xcode/DerivedData/Gym_API-gttvbppsiybwtpahvrbhortrptkr/SourcePackages/checkouts/stream-chat-swift/Sources/StreamChatUI/StreamDifferenceKit/StagedChangeset.swift /Users/alexmontesino/Library/Developer/Xcode/DerivedData/Gym_API-gttvbppsiybwtpahvrbhortrptkr/SourcePackages/checkouts/stream-chat-swift/Sources/StreamChatUI/StreamNuke/Combine/ImagePublisher.swift /Users/alexmontesino/Library/Developer/Xcode/DerivedData/Gym_API-gttvbppsiybwtpahvrbhortrptkr/SourcePackages/checkouts/stream-chat-swift/Sources/StreamChatUI/StreamNuke/Core/DataCache.swift /Users/alexmontesino/Library/Developer/Xcode/DerivedData/Gym_API-gttvbppsiybwtpahvrbhortrptkr/SourcePackages/checkouts/stream-chat-swift/Sources/StreamChatUI/StreamNuke/Core/DataLoader.swift /Users/alexmontesino/Library/Developer/Xcode/DerivedData/Gym_API-gttvbppsiybwtpahvrbhortrptkr/SourcePackages/checkouts/stream-chat-swift/Sources/StreamChatUI/StreamNuke/Core/ImageCache.swift /Users/alexmontesino/Library/Developer/Xcode/DerivedData/Gym_API-gttvbppsiybwtpahvrbhortrptkr/SourcePackages/checkouts/stream-chat-swift/Sources/StreamChatUI/StreamNuke/Core/ImageDecoding.swift /Users/alexmontesino/Library/Developer/Xcode/DerivedData/Gym_API-gttvbppsiybwtpahvrbhortrptkr/SourcePackages/checkouts/stream-chat-swift/Sources/StreamChatUI/StreamNuke/Core/ImageEncoding.swift /Users/alexmontesino/Library/Developer/Xcode/DerivedData/Gym_API-gttvbppsiybwtpahvrbhortrptkr/SourcePackages/checkouts/stream-chat-swift/Sources/StreamChatUI/StreamNuke/Core/ImagePipeline.swift /Users/alexmontesino/Library/Developer/Xcode/DerivedData/Gym_API-gttvbppsiybwtpahvrbhortrptkr/SourcePackages/checkouts/stream-chat-swift/Sources/StreamChatUI/StreamNuke/Core/ImagePipelineCache.swift /Users/alexmontesino/Library/Developer/Xcode/DerivedData/Gym_API-gttvbppsiybwtpahvrbhortrptkr/SourcePackages/checkouts/stream-chat-swift/Sources/StreamChatUI/StreamNuke/Core/ImagePipelineConfiguration.swift /Users/alexmontesino/Library/Developer/Xcode/DerivedData/Gym_API-gttvbppsiybwtpahvrbhortrptkr/SourcePackages/checkouts/stream-chat-swift/Sources/StreamChatUI/StreamNuke/Core/ImagePipelineDelegate.swift /Users/alexmontesino/Library/Developer/Xcode/DerivedData/Gym_API-gttvbppsiybwtpahvrbhortrptkr/SourcePackages/checkouts/stream-chat-swift/Sources/StreamChatUI/StreamNuke/Core/ImagePrefetcher.swift (in target 'StreamChatUI' from project 'StreamChat')

SwiftCompile normal arm64 /Users/alexmontesino/Library/Developer/Xcode/DerivedData/Gym_API-gttvbppsiybwtpahvrbhortrptkr/SourcePackages/checkouts/stream-chat-swift/Sources/StreamChatUI/SDKIdentifier.swift (in target 'StreamChatUI' from project 'StreamChat')
    cd /Users/alexmontesino/Documents/GYM-API-IOS/Gym_API/Gym_API.xcodeproj
    

SwiftCompile normal arm64 /Users/alexmontesino/Library/Developer/Xcode/DerivedData/Gym_API-gttvbppsiybwtpahvrbhortrptkr/SourcePackages/checkouts/stream-chat-swift/Sources/StreamChatUI/StreamDifferenceKit/Algorithm.swift (in target 'StreamChatUI' from project 'StreamChat')
    cd /Users/alexmontesino/Documents/GYM-API-IOS/Gym_API/Gym_API.xcodeproj
    

SwiftCompile normal arm64 /Users/alexmontesino/Library/Developer/Xcode/DerivedData/Gym_API-gttvbppsiybwtpahvrbhortrptkr/SourcePackages/checkouts/stream-chat-swift/Sources/StreamChatUI/StreamDifferenceKit/AnyDifferentiable.swift (in target 'StreamChatUI' from project 'StreamChat')
    cd /Users/alexmontesino/Documents/GYM-API-IOS/Gym_API/Gym_API.xcodeproj
    

SwiftCompile normal arm64 /Users/alexmontesino/Library/Developer/Xcode/DerivedData/Gym_API-gttvbppsiybwtpahvrbhortrptkr/SourcePackages/checkouts/stream-chat-swift/Sources/StreamChatUI/StreamDifferenceKit/ArraySection.swift (in target 'StreamChatUI' from project 'StreamChat')
    cd /Users/alexmontesino/Documents/GYM-API-IOS/Gym_API/Gym_API.xcodeproj
    

SwiftCompile normal arm64 /Users/alexmontesino/Library/Developer/Xcode/DerivedData/Gym_API-gttvbppsiybwtpahvrbhortrptkr/SourcePackages/checkouts/stream-chat-swift/Sources/StreamChatUI/StreamDifferenceKit/Changeset.swift (in target 'StreamChatUI' from project 'StreamChat')
    cd /Users/alexmontesino/Documents/GYM-API-IOS/Gym_API/Gym_API.xcodeproj
    

SwiftCompile normal arm64 /Users/alexmontesino/Library/Developer/Xcode/DerivedData/Gym_API-gttvbppsiybwtpahvrbhortrptkr/SourcePackages/checkouts/stream-chat-swift/Sources/StreamChatUI/StreamDifferenceKit/ContentEquatable.swift (in target 'StreamChatUI' from project 'StreamChat')
    cd /Users/alexmontesino/Documents/GYM-API-IOS/Gym_API/Gym_API.xcodeproj
    

SwiftCompile normal arm64 /Users/alexmontesino/Library/Developer/Xcode/DerivedData/Gym_API-gttvbppsiybwtpahvrbhortrptkr/SourcePackages/checkouts/stream-chat-swift/Sources/StreamChatUI/StreamDifferenceKit/ContentIdentifiable.swift (in target 'StreamChatUI' from project 'StreamChat')
    cd /Users/alexmontesino/Documents/GYM-API-IOS/Gym_API/Gym_API.xcodeproj
    

SwiftCompile normal arm64 /Users/alexmontesino/Library/Developer/Xcode/DerivedData/Gym_API-gttvbppsiybwtpahvrbhortrptkr/SourcePackages/checkouts/stream-chat-swift/Sources/StreamChatUI/StreamDifferenceKit/Differentiable.swift (in target 'StreamChatUI' from project 'StreamChat')
    cd /Users/alexmontesino/Documents/GYM-API-IOS/Gym_API/Gym_API.xcodeproj
    

SwiftCompile normal arm64 /Users/alexmontesino/Library/Developer/Xcode/DerivedData/Gym_API-gttvbppsiybwtpahvrbhortrptkr/SourcePackages/checkouts/stream-chat-swift/Sources/StreamChatUI/StreamDifferenceKit/DifferentiableSection.swift (in target 'StreamChatUI' from project 'StreamChat')
    cd /Users/alexmontesino/Documents/GYM-API-IOS/Gym_API/Gym_API.xcodeproj
    

SwiftCompile normal arm64 /Users/alexmontesino/Library/Developer/Xcode/DerivedData/Gym_API-gttvbppsiybwtpahvrbhortrptkr/SourcePackages/checkouts/stream-chat-swift/Sources/StreamChatUI/StreamDifferenceKit/ElementPath.swift (in target 'StreamChatUI' from project 'StreamChat')
    cd /Users/alexmontesino/Documents/GYM-API-IOS/Gym_API/Gym_API.xcodeproj
    

SwiftCompile normal arm64 /Users/alexmontesino/Library/Developer/Xcode/DerivedData/Gym_API-gttvbppsiybwtpahvrbhortrptkr/SourcePackages/checkouts/stream-chat-swift/Sources/StreamChatUI/StreamDifferenceKit/Extensions/AppKitExtension.swift (in target 'StreamChatUI' from project 'StreamChat')
    cd /Users/alexmontesino/Documents/GYM-API-IOS/Gym_API/Gym_API.xcodeproj
    

SwiftCompile normal arm64 /Users/alexmontesino/Library/Developer/Xcode/DerivedData/Gym_API-gttvbppsiybwtpahvrbhortrptkr/SourcePackages/checkouts/stream-chat-swift/Sources/StreamChatUI/StreamDifferenceKit/StagedChangeset.swift (in target 'StreamChatUI' from project 'StreamChat')
    cd /Users/alexmontesino/Documents/GYM-API-IOS/Gym_API/Gym_API.xcodeproj
    

SwiftCompile normal arm64 /Users/alexmontesino/Library/Developer/Xcode/DerivedData/Gym_API-gttvbppsiybwtpahvrbhortrptkr/SourcePackages/checkouts/stream-chat-swift/Sources/StreamChatUI/StreamNuke/Combine/ImagePublisher.swift (in target 'StreamChatUI' from project 'StreamChat')
    cd /Users/alexmontesino/Documents/GYM-API-IOS/Gym_API/Gym_API.xcodeproj
    

SwiftCompile normal arm64 /Users/alexmontesino/Library/Developer/Xcode/DerivedData/Gym_API-gttvbppsiybwtpahvrbhortrptkr/SourcePackages/checkouts/stream-chat-swift/Sources/StreamChatUI/StreamNuke/Core/DataCache.swift (in target 'StreamChatUI' from project 'StreamChat')
    cd /Users/alexmontesino/Documents/GYM-API-IOS/Gym_API/Gym_API.xcodeproj
    

SwiftCompile normal arm64 /Users/alexmontesino/Library/Developer/Xcode/DerivedData/Gym_API-gttvbppsiybwtpahvrbhortrptkr/SourcePackages/checkouts/stream-chat-swift/Sources/StreamChatUI/StreamNuke/Core/DataLoader.swift (in target 'StreamChatUI' from project 'StreamChat')
    cd /Users/alexmontesino/Documents/GYM-API-IOS/Gym_API/Gym_API.xcodeproj
    

SwiftCompile normal arm64 /Users/alexmontesino/Library/Developer/Xcode/DerivedData/Gym_API-gttvbppsiybwtpahvrbhortrptkr/SourcePackages/checkouts/stream-chat-swift/Sources/StreamChatUI/StreamNuke/Core/ImageCache.swift (in target 'StreamChatUI' from project 'StreamChat')
    cd /Users/alexmontesino/Documents/GYM-API-IOS/Gym_API/Gym_API.xcodeproj
    

SwiftCompile normal arm64 /Users/alexmontesino/Library/Developer/Xcode/DerivedData/Gym_API-gttvbppsiybwtpahvrbhortrptkr/SourcePackages/checkouts/stream-chat-swift/Sources/StreamChatUI/StreamNuke/Core/ImageDecoding.swift (in target 'StreamChatUI' from project 'StreamChat')
    cd /Users/alexmontesino/Documents/GYM-API-IOS/Gym_API/Gym_API.xcodeproj
    

SwiftCompile normal arm64 /Users/alexmontesino/Library/Developer/Xcode/DerivedData/Gym_API-gttvbppsiybwtpahvrbhortrptkr/SourcePackages/checkouts/stream-chat-swift/Sources/StreamChatUI/StreamNuke/Core/ImageEncoding.swift (in target 'StreamChatUI' from project 'StreamChat')
    cd /Users/alexmontesino/Documents/GYM-API-IOS/Gym_API/Gym_API.xcodeproj
    

SwiftCompile normal arm64 /Users/alexmontesino/Library/Developer/Xcode/DerivedData/Gym_API-gttvbppsiybwtpahvrbhortrptkr/SourcePackages/checkouts/stream-chat-swift/Sources/StreamChatUI/StreamNuke/Core/ImagePipeline.swift (in target 'StreamChatUI' from project 'StreamChat')
    cd /Users/alexmontesino/Documents/GYM-API-IOS/Gym_API/Gym_API.xcodeproj
    

SwiftCompile normal arm64 /Users/alexmontesino/Library/Developer/Xcode/DerivedData/Gym_API-gttvbppsiybwtpahvrbhortrptkr/SourcePackages/checkouts/stream-chat-swift/Sources/StreamChatUI/StreamNuke/Core/ImagePipelineCache.swift (in target 'StreamChatUI' from project 'StreamChat')
    cd /Users/alexmontesino/Documents/GYM-API-IOS/Gym_API/Gym_API.xcodeproj
    

SwiftCompile normal arm64 /Users/alexmontesino/Library/Developer/Xcode/DerivedData/Gym_API-gttvbppsiybwtpahvrbhortrptkr/SourcePackages/checkouts/stream-chat-swift/Sources/StreamChatUI/StreamNuke/Core/ImagePipelineConfiguration.swift (in target 'StreamChatUI' from project 'StreamChat')
    cd /Users/alexmontesino/Documents/GYM-API-IOS/Gym_API/Gym_API.xcodeproj
    

SwiftCompile normal arm64 /Users/alexmontesino/Library/Developer/Xcode/DerivedData/Gym_API-gttvbppsiybwtpahvrbhortrptkr/SourcePackages/checkouts/stream-chat-swift/Sources/StreamChatUI/StreamNuke/Core/ImagePipelineDelegate.swift (in target 'StreamChatUI' from project 'StreamChat')
    cd /Users/alexmontesino/Documents/GYM-API-IOS/Gym_API/Gym_API.xcodeproj
    

SwiftCompile normal arm64 /Users/alexmontesino/Library/Developer/Xcode/DerivedData/Gym_API-gttvbppsiybwtpahvrbhortrptkr/SourcePackages/checkouts/stream-chat-swift/Sources/StreamChatUI/StreamNuke/Core/ImagePrefetcher.swift (in target 'StreamChatUI' from project 'StreamChat')
    cd /Users/alexmontesino/Documents/GYM-API-IOS/Gym_API/Gym_API.xcodeproj
    

SwiftMergeGeneratedHeaders /Users/alexmontesino/Library/Developer/Xcode/DerivedData/Gym_API-gttvbppsiybwtpahvrbhortrptkr/Build/Intermediates.noindex/GeneratedModuleMaps-iphonesimulator/Auth0-Swift.h /Users/alexmontesino/Library/Developer/Xcode/DerivedData/Gym_API-gttvbppsiybwtpahvrbhortrptkr/Build/Intermediates.noindex/Auth0.build/Debug-iphonesimulator/Auth0.build/Objects-normal/arm64/Auth0-Swift.h (in target 'Auth0' from project 'Auth0')
    cd /Users/alexmontesino/Library/Developer/Xcode/DerivedData/Gym_API-gttvbppsiybwtpahvrbhortrptkr/SourcePackages/checkouts/Auth0.swift
    builtin-swiftHeaderTool -arch arm64 /Users/alexmontesino/Library/Developer/Xcode/DerivedData/Gym_API-gttvbppsiybwtpahvrbhortrptkr/Build/Intermediates.noindex/Auth0.build/Debug-iphonesimulator/Auth0.build/Objects-normal/arm64/Auth0-Swift.h -o /Users/alexmontesino/Library/Developer/Xcode/DerivedData/Gym_API-gttvbppsiybwtpahvrbhortrptkr/Build/Intermediates.noindex/GeneratedModuleMaps-iphonesimulator/Auth0-Swift.h

SwiftDriverJobDiscovery normal arm64 Compiling ImageViewExtensions.swift, NSImage+SwiftyGif.swift, NSImageView+SwiftyGif.swift, ObjcAssociatedWeakObject.swift, SwiftyGifManager.swift, UIImage+SwiftyGif.swift, UIImageView+SwiftyGif.swift, Animation.swift, Cache.swift, Cancellable.swift, ChatMessage+Extensions.swift, DateUtils.swift, Array+Extensions.swift, Array+SafeSubscript.swift, Bundle+Extensions.swift, CACornerMask+Extensions.swift, CALayer+Extensions.swift, CGPoint+Extensions.swift, CGRect+Extensions.swift, ChatChannelNamer.swift, DifferenceKit+Stream.swift, NSLayoutConstraint+Extensions.swift, Reusable+Extensions.swift (in target 'StreamChatUI' from project 'StreamChat')

Copy /Users/alexmontesino/Library/Developer/Xcode/DerivedData/Gym_API-gttvbppsiybwtpahvrbhortrptkr/Build/Products/Debug-iphonesimulator/Auth0.swiftmodule/arm64-apple-ios-simulator.swiftmodule /Users/alexmontesino/Library/Developer/Xcode/DerivedData/Gym_API-gttvbppsiybwtpahvrbhortrptkr/Build/Intermediates.noindex/Auth0.build/Debug-iphonesimulator/Auth0.build/Objects-normal/arm64/Auth0.swiftmodule (in target 'Auth0' from project 'Auth0')
    cd /Users/alexmontesino/Library/Developer/Xcode/DerivedData/Gym_API-gttvbppsiybwtpahvrbhortrptkr/SourcePackages/checkouts/Auth0.swift
    builtin-copy -exclude .DS_Store -exclude CVS -exclude .svn -exclude .git -exclude .hg -resolve-src-symlinks -rename /Users/alexmontesino/Library/Developer/Xcode/DerivedData/Gym_API-gttvbppsiybwtpahvrbhortrptkr/Build/Intermediates.noindex/Auth0.build/Debug-iphonesimulator/Auth0.build/Objects-normal/arm64/Auth0.swiftmodule /Users/alexmontesino/Library/Developer/Xcode/DerivedData/Gym_API-gttvbppsiybwtpahvrbhortrptkr/Build/Products/Debug-iphonesimulator/Auth0.swiftmodule/arm64-apple-ios-simulator.swiftmodule

Copy /Users/alexmontesino/Library/Developer/Xcode/DerivedData/Gym_API-gttvbppsiybwtpahvrbhortrptkr/Build/Products/Debug-iphonesimulator/Auth0.swiftmodule/arm64-apple-ios-simulator.swiftdoc /Users/alexmontesino/Library/Developer/Xcode/DerivedData/Gym_API-gttvbppsiybwtpahvrbhortrptkr/Build/Intermediates.noindex/Auth0.build/Debug-iphonesimulator/Auth0.build/Objects-normal/arm64/Auth0.swiftdoc (in target 'Auth0' from project 'Auth0')
    cd /Users/alexmontesino/Library/Developer/Xcode/DerivedData/Gym_API-gttvbppsiybwtpahvrbhortrptkr/SourcePackages/checkouts/Auth0.swift
    builtin-copy -exclude .DS_Store -exclude CVS -exclude .svn -exclude .git -exclude .hg -resolve-src-symlinks -rename /Users/alexmontesino/Library/Developer/Xcode/DerivedData/Gym_API-gttvbppsiybwtpahvrbhortrptkr/Build/Intermediates.noindex/Auth0.build/Debug-iphonesimulator/Auth0.build/Objects-normal/arm64/Auth0.swiftdoc /Users/alexmontesino/Library/Developer/Xcode/DerivedData/Gym_API-gttvbppsiybwtpahvrbhortrptkr/Build/Products/Debug-iphonesimulator/Auth0.swiftmodule/arm64-apple-ios-simulator.swiftdoc

Copy /Users/alexmontesino/Library/Developer/Xcode/DerivedData/Gym_API-gttvbppsiybwtpahvrbhortrptkr/Build/Products/Debug-iphonesimulator/Auth0.swiftmodule/arm64-apple-ios-simulator.abi.json /Users/alexmontesino/Library/Developer/Xcode/DerivedData/Gym_API-gttvbppsiybwtpahvrbhortrptkr/Build/Intermediates.noindex/Auth0.build/Debug-iphonesimulator/Auth0.build/Objects-normal/arm64/Auth0.abi.json (in target 'Auth0' from project 'Auth0')
    cd /Users/alexmontesino/Library/Developer/Xcode/DerivedData/Gym_API-gttvbppsiybwtpahvrbhortrptkr/SourcePackages/checkouts/Auth0.swift
    builtin-copy -exclude .DS_Store -exclude CVS -exclude .svn -exclude .git -exclude .hg -resolve-src-symlinks -rename /Users/alexmontesino/Library/Developer/Xcode/DerivedData/Gym_API-gttvbppsiybwtpahvrbhortrptkr/Build/Intermediates.noindex/Auth0.build/Debug-iphonesimulator/Auth0.build/Objects-normal/arm64/Auth0.abi.json /Users/alexmontesino/Library/Developer/Xcode/DerivedData/Gym_API-gttvbppsiybwtpahvrbhortrptkr/Build/Products/Debug-iphonesimulator/Auth0.swiftmodule/arm64-apple-ios-simulator.abi.json

Copy /Users/alexmontesino/Library/Developer/Xcode/DerivedData/Gym_API-gttvbppsiybwtpahvrbhortrptkr/Build/Products/Debug-iphonesimulator/Auth0.swiftmodule/Project/arm64-apple-ios-simulator.swiftsourceinfo /Users/alexmontesino/Library/Developer/Xcode/DerivedData/Gym_API-gttvbppsiybwtpahvrbhortrptkr/Build/Intermediates.noindex/Auth0.build/Debug-iphonesimulator/Auth0.build/Objects-normal/arm64/Auth0.swiftsourceinfo (in target 'Auth0' from project 'Auth0')
    cd /Users/alexmontesino/Library/Developer/Xcode/DerivedData/Gym_API-gttvbppsiybwtpahvrbhortrptkr/SourcePackages/checkouts/Auth0.swift
    builtin-copy -exclude .DS_Store -exclude CVS -exclude .svn -exclude .git -exclude .hg -resolve-src-symlinks -rename /Users/alexmontesino/Library/Developer/Xcode/DerivedData/Gym_API-gttvbppsiybwtpahvrbhortrptkr/Build/Intermediates.noindex/Auth0.build/Debug-iphonesimulator/Auth0.build/Objects-normal/arm64/Auth0.swiftsourceinfo /Users/alexmontesino/Library/Developer/Xcode/DerivedData/Gym_API-gttvbppsiybwtpahvrbhortrptkr/Build/Products/Debug-iphonesimulator/Auth0.swiftmodule/Project/arm64-apple-ios-simulator.swiftsourceinfo

SwiftCompile normal arm64 Compiling\ DefaultScrollViewKeyboardHandler.swift,\ KeyboardHandler.swift,\ SystemEnvironment.swift,\ TextViewMentionedUsersHandler.swift,\ UILabel+highlightText.swift,\ VideoLoading.swift,\ InvertedScrollViewPaginationHandler.swift,\ ScrollViewPaginationHandler.swift,\ StatefulScrollViewPaginationHandler.swift,\ ViewPaginationHandling.swift,\ ViewContainerBuilder.swift,\ AudioQueuePlayerNextItemProvider.swift,\ AudioSessionFeedbackGenerator.swift,\ BidirectionalPanGestureRecogniser.swift,\ AudioVisualizationView.swift,\ LiveRecordingView.swift,\ LockIndicatorView.swift,\ RecordingIndicatorView.swift,\ RecordingTipView.swift,\ SlideToCancelView.swift,\ WaveformView.swift,\ VoiceRecordingVC.swift,\ GeneratedAssetSymbols.swift /Users/alexmontesino/Library/Developer/Xcode/DerivedData/Gym_API-gttvbppsiybwtpahvrbhortrptkr/SourcePackages/checkouts/stream-chat-swift/Sources/StreamChatUI/Utils/KeyboardHandler/DefaultScrollViewKeyboardHandler.swift /Users/alexmontesino/Library/Developer/Xcode/DerivedData/Gym_API-gttvbppsiybwtpahvrbhortrptkr/SourcePackages/checkouts/stream-chat-swift/Sources/StreamChatUI/Utils/KeyboardHandler/KeyboardHandler.swift /Users/alexmontesino/Library/Developer/Xcode/DerivedData/Gym_API-gttvbppsiybwtpahvrbhortrptkr/SourcePackages/checkouts/stream-chat-swift/Sources/StreamChatUI/Utils/SystemEnvironment.swift /Users/alexmontesino/Library/Developer/Xcode/DerivedData/Gym_API-gttvbppsiybwtpahvrbhortrptkr/SourcePackages/checkouts/stream-chat-swift/Sources/StreamChatUI/Utils/TextViewMentionedUsersHandler.swift /Users/alexmontesino/Library/Developer/Xcode/DerivedData/Gym_API-gttvbppsiybwtpahvrbhortrptkr/SourcePackages/checkouts/stream-chat-swift/Sources/StreamChatUI/Utils/UILabel+highlightText.swift /Users/alexmontesino/Library/Developer/Xcode/DerivedData/Gym_API-gttvbppsiybwtpahvrbhortrptkr/SourcePackages/checkouts/stream-chat-swift/Sources/StreamChatUI/Utils/VideoLoading/VideoLoading.swift /Users/alexmontesino/Library/Developer/Xcode/DerivedData/Gym_API-gttvbppsiybwtpahvrbhortrptkr/SourcePackages/checkouts/stream-chat-swift/Sources/StreamChatUI/Utils/ViewPaginationHandling/InvertedScrollViewPaginationHandler.swift /Users/alexmontesino/Library/Developer/Xcode/DerivedData/Gym_API-gttvbppsiybwtpahvrbhortrptkr/SourcePackages/checkouts/stream-chat-swift/Sources/StreamChatUI/Utils/ViewPaginationHandling/ScrollViewPaginationHandler.swift /Users/alexmontesino/Library/Developer/Xcode/DerivedData/Gym_API-gttvbppsiybwtpahvrbhortrptkr/SourcePackages/checkouts/stream-chat-swift/Sources/StreamChatUI/Utils/ViewPaginationHandling/StatefulScrollViewPaginationHandler.swift /Users/alexmontesino/Library/Developer/Xcode/DerivedData/Gym_API-gttvbppsiybwtpahvrbhortrptkr/SourcePackages/checkouts/stream-chat-swift/Sources/StreamChatUI/Utils/ViewPaginationHandling/ViewPaginationHandling.swift /Users/alexmontesino/Library/Developer/Xcode/DerivedData/Gym_API-gttvbppsiybwtpahvrbhortrptkr/SourcePackages/checkouts/stream-chat-swift/Sources/StreamChatUI/ViewContainerBuilder/ViewContainerBuilder.swift /Users/alexmontesino/Library/Developer/Xcode/DerivedData/Gym_API-gttvbppsiybwtpahvrbhortrptkr/SourcePackages/checkouts/stream-chat-swift/Sources/StreamChatUI/VoiceRecording/Components/AudioQueuePlayerNextItemProvider.swift /Users/alexmontesino/Library/Developer/Xcode/DerivedData/Gym_API-gttvbppsiybwtpahvrbhortrptkr/SourcePackages/checkouts/stream-chat-swift/Sources/StreamChatUI/VoiceRecording/Components/AudioSessionFeedbackGenerator.swift /Users/alexmontesino/Library/Developer/Xcode/DerivedData/Gym_API-gttvbppsiybwtpahvrbhortrptkr/SourcePackages/checkouts/stream-chat-swift/Sources/StreamChatUI/VoiceRecording/Components/BidirectionalPanGestureRecogniser.swift /Users/alexmontesino/Library/Developer/Xcode/DerivedData/Gym_API-gttvbppsiybwtpahvrbhortrptkr/SourcePackages/checkouts/stream-chat-swift/Sources/StreamChatUI/VoiceRecording/Views/AudioVisualizationView.swift /Users/alexmontesino/Library/Developer/Xcode/DerivedData/Gym_API-gttvbppsiybwtpahvrbhortrptkr/SourcePackages/checkouts/stream-chat-swift/Sources/StreamChatUI/VoiceRecording/Views/LiveRecordingView.swift /Users/alexmontesino/Library/Developer/Xcode/DerivedData/Gym_API-gttvbppsiybwtpahvrbhortrptkr/SourcePackages/checkouts/stream-chat-swift/Sources/StreamChatUI/VoiceRecording/Views/LockIndicatorView.swift /Users/alexmontesino/Library/Developer/Xcode/DerivedData/Gym_API-gttvbppsiybwtpahvrbhortrptkr/SourcePackages/checkouts/stream-chat-swift/Sources/StreamChatUI/VoiceRecording/Views/RecordingIndicatorView.swift /Users/alexmontesino/Library/Developer/Xcode/DerivedData/Gym_API-gttvbppsiybwtpahvrbhortrptkr/SourcePackages/checkouts/stream-chat-swift/Sources/StreamChatUI/VoiceRecording/Views/RecordingTipView.swift /Users/alexmontesino/Library/Developer/Xcode/DerivedData/Gym_API-gttvbppsiybwtpahvrbhortrptkr/SourcePackages/checkouts/stream-chat-swift/Sources/StreamChatUI/VoiceRecording/Views/SlideToCancelView.swift /Users/alexmontesino/Library/Developer/Xcode/DerivedData/Gym_API-gttvbppsiybwtpahvrbhortrptkr/SourcePackages/checkouts/stream-chat-swift/Sources/StreamChatUI/VoiceRecording/Views/WaveformView.swift /Users/alexmontesino/Library/Developer/Xcode/DerivedData/Gym_API-gttvbppsiybwtpahvrbhortrptkr/SourcePackages/checkouts/stream-chat-swift/Sources/StreamChatUI/VoiceRecording/VoiceRecordingVC.swift /Users/alexmontesino/Library/Developer/Xcode/DerivedData/Gym_API-gttvbppsiybwtpahvrbhortrptkr/Build/Intermediates.noindex/StreamChat.build/Debug-iphonesimulator/StreamChatUI.build/DerivedSources/GeneratedAssetSymbols.swift (in target 'StreamChatUI' from project 'StreamChat')

SwiftCompile normal arm64 /Users/alexmontesino/Library/Developer/Xcode/DerivedData/Gym_API-gttvbppsiybwtpahvrbhortrptkr/SourcePackages/checkouts/stream-chat-swift/Sources/StreamChatUI/Utils/KeyboardHandler/DefaultScrollViewKeyboardHandler.swift (in target 'StreamChatUI' from project 'StreamChat')
    cd /Users/alexmontesino/Documents/GYM-API-IOS/Gym_API/Gym_API.xcodeproj
    

SwiftCompile normal arm64 /Users/alexmontesino/Library/Developer/Xcode/DerivedData/Gym_API-gttvbppsiybwtpahvrbhortrptkr/SourcePackages/checkouts/stream-chat-swift/Sources/StreamChatUI/Utils/KeyboardHandler/KeyboardHandler.swift (in target 'StreamChatUI' from project 'StreamChat')
    cd /Users/alexmontesino/Documents/GYM-API-IOS/Gym_API/Gym_API.xcodeproj
    

SwiftCompile normal arm64 /Users/alexmontesino/Library/Developer/Xcode/DerivedData/Gym_API-gttvbppsiybwtpahvrbhortrptkr/SourcePackages/checkouts/stream-chat-swift/Sources/StreamChatUI/Utils/SystemEnvironment.swift (in target 'StreamChatUI' from project 'StreamChat')
    cd /Users/alexmontesino/Documents/GYM-API-IOS/Gym_API/Gym_API.xcodeproj
    

SwiftCompile normal arm64 /Users/alexmontesino/Library/Developer/Xcode/DerivedData/Gym_API-gttvbppsiybwtpahvrbhortrptkr/SourcePackages/checkouts/stream-chat-swift/Sources/StreamChatUI/Utils/TextViewMentionedUsersHandler.swift (in target 'StreamChatUI' from project 'StreamChat')
    cd /Users/alexmontesino/Documents/GYM-API-IOS/Gym_API/Gym_API.xcodeproj
    

SwiftCompile normal arm64 /Users/alexmontesino/Library/Developer/Xcode/DerivedData/Gym_API-gttvbppsiybwtpahvrbhortrptkr/SourcePackages/checkouts/stream-chat-swift/Sources/StreamChatUI/Utils/UILabel+highlightText.swift (in target 'StreamChatUI' from project 'StreamChat')
    cd /Users/alexmontesino/Documents/GYM-API-IOS/Gym_API/Gym_API.xcodeproj
    

SwiftCompile normal arm64 /Users/alexmontesino/Library/Developer/Xcode/DerivedData/Gym_API-gttvbppsiybwtpahvrbhortrptkr/SourcePackages/checkouts/stream-chat-swift/Sources/StreamChatUI/Utils/VideoLoading/VideoLoading.swift (in target 'StreamChatUI' from project 'StreamChat')
    cd /Users/alexmontesino/Documents/GYM-API-IOS/Gym_API/Gym_API.xcodeproj
    

SwiftCompile normal arm64 /Users/alexmontesino/Library/Developer/Xcode/DerivedData/Gym_API-gttvbppsiybwtpahvrbhortrptkr/SourcePackages/checkouts/stream-chat-swift/Sources/StreamChatUI/Utils/ViewPaginationHandling/InvertedScrollViewPaginationHandler.swift (in target 'StreamChatUI' from project 'StreamChat')
    cd /Users/alexmontesino/Documents/GYM-API-IOS/Gym_API/Gym_API.xcodeproj
    

SwiftCompile normal arm64 /Users/alexmontesino/Library/Developer/Xcode/DerivedData/Gym_API-gttvbppsiybwtpahvrbhortrptkr/SourcePackages/checkouts/stream-chat-swift/Sources/StreamChatUI/Utils/ViewPaginationHandling/ScrollViewPaginationHandler.swift (in target 'StreamChatUI' from project 'StreamChat')
    cd /Users/alexmontesino/Documents/GYM-API-IOS/Gym_API/Gym_API.xcodeproj
    

SwiftCompile normal arm64 /Users/alexmontesino/Library/Developer/Xcode/DerivedData/Gym_API-gttvbppsiybwtpahvrbhortrptkr/SourcePackages/checkouts/stream-chat-swift/Sources/StreamChatUI/Utils/ViewPaginationHandling/StatefulScrollViewPaginationHandler.swift (in target 'StreamChatUI' from project 'StreamChat')
    cd /Users/alexmontesino/Documents/GYM-API-IOS/Gym_API/Gym_API.xcodeproj
    

SwiftCompile normal arm64 /Users/alexmontesino/Library/Developer/Xcode/DerivedData/Gym_API-gttvbppsiybwtpahvrbhortrptkr/SourcePackages/checkouts/stream-chat-swift/Sources/StreamChatUI/Utils/ViewPaginationHandling/ViewPaginationHandling.swift (in target 'StreamChatUI' from project 'StreamChat')
    cd /Users/alexmontesino/Documents/GYM-API-IOS/Gym_API/Gym_API.xcodeproj
    

SwiftCompile normal arm64 /Users/alexmontesino/Library/Developer/Xcode/DerivedData/Gym_API-gttvbppsiybwtpahvrbhortrptkr/SourcePackages/checkouts/stream-chat-swift/Sources/StreamChatUI/ViewContainerBuilder/ViewContainerBuilder.swift (in target 'StreamChatUI' from project 'StreamChat')
    cd /Users/alexmontesino/Documents/GYM-API-IOS/Gym_API/Gym_API.xcodeproj
    

SwiftCompile normal arm64 /Users/alexmontesino/Library/Developer/Xcode/DerivedData/Gym_API-gttvbppsiybwtpahvrbhortrptkr/SourcePackages/checkouts/stream-chat-swift/Sources/StreamChatUI/VoiceRecording/Components/AudioQueuePlayerNextItemProvider.swift (in target 'StreamChatUI' from project 'StreamChat')
    cd /Users/alexmontesino/Documents/GYM-API-IOS/Gym_API/Gym_API.xcodeproj
    

SwiftCompile normal arm64 /Users/alexmontesino/Library/Developer/Xcode/DerivedData/Gym_API-gttvbppsiybwtpahvrbhortrptkr/SourcePackages/checkouts/stream-chat-swift/Sources/StreamChatUI/VoiceRecording/Components/AudioSessionFeedbackGenerator.swift (in target 'StreamChatUI' from project 'StreamChat')
    cd /Users/alexmontesino/Documents/GYM-API-IOS/Gym_API/Gym_API.xcodeproj
    

SwiftCompile normal arm64 /Users/alexmontesino/Library/Developer/Xcode/DerivedData/Gym_API-gttvbppsiybwtpahvrbhortrptkr/SourcePackages/checkouts/stream-chat-swift/Sources/StreamChatUI/VoiceRecording/Components/BidirectionalPanGestureRecogniser.swift (in target 'StreamChatUI' from project 'StreamChat')
    cd /Users/alexmontesino/Documents/GYM-API-IOS/Gym_API/Gym_API.xcodeproj
    

SwiftCompile normal arm64 /Users/alexmontesino/Library/Developer/Xcode/DerivedData/Gym_API-gttvbppsiybwtpahvrbhortrptkr/SourcePackages/checkouts/stream-chat-swift/Sources/StreamChatUI/VoiceRecording/Views/AudioVisualizationView.swift (in target 'StreamChatUI' from project 'StreamChat')
    cd /Users/alexmontesino/Documents/GYM-API-IOS/Gym_API/Gym_API.xcodeproj
    

SwiftCompile normal arm64 /Users/alexmontesino/Library/Developer/Xcode/DerivedData/Gym_API-gttvbppsiybwtpahvrbhortrptkr/SourcePackages/checkouts/stream-chat-swift/Sources/StreamChatUI/VoiceRecording/Views/LiveRecordingView.swift (in target 'StreamChatUI' from project 'StreamChat')
    cd /Users/alexmontesino/Documents/GYM-API-IOS/Gym_API/Gym_API.xcodeproj
    

SwiftCompile normal arm64 /Users/alexmontesino/Library/Developer/Xcode/DerivedData/Gym_API-gttvbppsiybwtpahvrbhortrptkr/SourcePackages/checkouts/stream-chat-swift/Sources/StreamChatUI/VoiceRecording/Views/LockIndicatorView.swift (in target 'StreamChatUI' from project 'StreamChat')
    cd /Users/alexmontesino/Documents/GYM-API-IOS/Gym_API/Gym_API.xcodeproj
    

SwiftCompile normal arm64 /Users/alexmontesino/Library/Developer/Xcode/DerivedData/Gym_API-gttvbppsiybwtpahvrbhortrptkr/SourcePackages/checkouts/stream-chat-swift/Sources/StreamChatUI/VoiceRecording/Views/RecordingIndicatorView.swift (in target 'StreamChatUI' from project 'StreamChat')
    cd /Users/alexmontesino/Documents/GYM-API-IOS/Gym_API/Gym_API.xcodeproj
    

SwiftCompile normal arm64 /Users/alexmontesino/Library/Developer/Xcode/DerivedData/Gym_API-gttvbppsiybwtpahvrbhortrptkr/SourcePackages/checkouts/stream-chat-swift/Sources/StreamChatUI/VoiceRecording/Views/RecordingTipView.swift (in target 'StreamChatUI' from project 'StreamChat')
    cd /Users/alexmontesino/Documents/GYM-API-IOS/Gym_API/Gym_API.xcodeproj
    

SwiftCompile normal arm64 /Users/alexmontesino/Library/Developer/Xcode/DerivedData/Gym_API-gttvbppsiybwtpahvrbhortrptkr/SourcePackages/checkouts/stream-chat-swift/Sources/StreamChatUI/VoiceRecording/Views/SlideToCancelView.swift (in target 'StreamChatUI' from project 'StreamChat')
    cd /Users/alexmontesino/Documents/GYM-API-IOS/Gym_API/Gym_API.xcodeproj
    

SwiftCompile normal arm64 /Users/alexmontesino/Library/Developer/Xcode/DerivedData/Gym_API-gttvbppsiybwtpahvrbhortrptkr/SourcePackages/checkouts/stream-chat-swift/Sources/StreamChatUI/VoiceRecording/Views/WaveformView.swift (in target 'StreamChatUI' from project 'StreamChat')
    cd /Users/alexmontesino/Documents/GYM-API-IOS/Gym_API/Gym_API.xcodeproj
    

SwiftCompile normal arm64 /Users/alexmontesino/Library/Developer/Xcode/DerivedData/Gym_API-gttvbppsiybwtpahvrbhortrptkr/SourcePackages/checkouts/stream-chat-swift/Sources/StreamChatUI/VoiceRecording/VoiceRecordingVC.swift (in target 'StreamChatUI' from project 'StreamChat')
    cd /Users/alexmontesino/Documents/GYM-API-IOS/Gym_API/Gym_API.xcodeproj
    

SwiftCompile normal arm64 /Users/alexmontesino/Library/Developer/Xcode/DerivedData/Gym_API-gttvbppsiybwtpahvrbhortrptkr/Build/Intermediates.noindex/StreamChat.build/Debug-iphonesimulator/StreamChatUI.build/DerivedSources/GeneratedAssetSymbols.swift (in target 'StreamChatUI' from project 'StreamChat')
    cd /Users/alexmontesino/Documents/GYM-API-IOS/Gym_API/Gym_API.xcodeproj
    

SwiftCompile normal arm64 Compiling\ CellSeparatorView.swift,\ ListCollectionViewLayout.swift,\ OnlyLinkTappableTextView.swift,\ PlayerView.swift,\ QuotedChatMessageView+SwiftUI.swift,\ QuotedChatMessageView.swift,\ SkeletonLoadable.swift,\ StackedUserAvatarsView.swift,\ SwiftUIViewRepresentable.swift,\ TextFieldView.swift,\ TitleContainerView.swift,\ Components+SwiftUI.swift,\ Components.swift,\ ComponentsProvider.swift,\ ComposerLinkPreviewView.swift,\ ComposerVC.swift,\ ComposerView.swift,\ ChatCommandSuggestionCollectionViewCell.swift,\ ChatCommandSuggestionView.swift,\ ChatMentionSuggestionCollectionViewCell.swift,\ ChatMentionSuggestionView.swift,\ ChatSuggestionsCollectionReusableView.swift,\ ChatSuggestionsCollectionView.swift,\ ChatSuggestionsCollectionViewLayout.swift /Users/alexmontesino/Library/Developer/Xcode/DerivedData/Gym_API-gttvbppsiybwtpahvrbhortrptkr/SourcePackages/checkouts/stream-chat-swift/Sources/StreamChatUI/CommonViews/ListCollectionViewLayout/CellSeparatorView.swift /Users/alexmontesino/Library/Developer/Xcode/DerivedData/Gym_API-gttvbppsiybwtpahvrbhortrptkr/SourcePackages/checkouts/stream-chat-swift/Sources/StreamChatUI/CommonViews/ListCollectionViewLayout/ListCollectionViewLayout.swift /Users/alexmontesino/Library/Developer/Xcode/DerivedData/Gym_API-gttvbppsiybwtpahvrbhortrptkr/SourcePackages/checkouts/stream-chat-swift/Sources/StreamChatUI/CommonViews/OnlyLinkTappableTextView.swift /Users/alexmontesino/Library/Developer/Xcode/DerivedData/Gym_API-gttvbppsiybwtpahvrbhortrptkr/SourcePackages/checkouts/stream-chat-swift/Sources/StreamChatUI/CommonViews/PlayerView.swift /Users/alexmontesino/Library/Developer/Xcode/DerivedData/Gym_API-gttvbppsiybwtpahvrbhortrptkr/SourcePackages/checkouts/stream-chat-swift/Sources/StreamChatUI/CommonViews/QuotedChatMessageView/QuotedChatMessageView+SwiftUI.swift /Users/alexmontesino/Library/Developer/Xcode/DerivedData/Gym_API-gttvbppsiybwtpahvrbhortrptkr/SourcePackages/checkouts/stream-chat-swift/Sources/StreamChatUI/CommonViews/QuotedChatMessageView/QuotedChatMessageView.swift /Users/alexmontesino/Library/Developer/Xcode/DerivedData/Gym_API-gttvbppsiybwtpahvrbhortrptkr/SourcePackages/checkouts/stream-chat-swift/Sources/StreamChatUI/CommonViews/SkeletonLoadable.swift /Users/alexmontesino/Library/Developer/Xcode/DerivedData/Gym_API-gttvbppsiybwtpahvrbhortrptkr/SourcePackages/checkouts/stream-chat-swift/Sources/StreamChatUI/CommonViews/StackedUserAvatarsView.swift /Users/alexmontesino/Library/Developer/Xcode/DerivedData/Gym_API-gttvbppsiybwtpahvrbhortrptkr/SourcePackages/checkouts/stream-chat-swift/Sources/StreamChatUI/CommonViews/SwiftUIViewRepresentable.swift /Users/alexmontesino/Library/Developer/Xcode/DerivedData/Gym_API-gttvbppsiybwtpahvrbhortrptkr/SourcePackages/checkouts/stream-chat-swift/Sources/StreamChatUI/CommonViews/TextFieldView.swift /Users/alexmontesino/Library/Developer/Xcode/DerivedData/Gym_API-gttvbppsiybwtpahvrbhortrptkr/SourcePackages/checkouts/stream-chat-swift/Sources/StreamChatUI/CommonViews/TitleContainerView/TitleContainerView.swift /Users/alexmontesino/Library/Developer/Xcode/DerivedData/Gym_API-gttvbppsiybwtpahvrbhortrptkr/SourcePackages/checkouts/stream-chat-swift/Sources/StreamChatUI/Components+SwiftUI.swift /Users/alexmontesino/Library/Developer/Xcode/DerivedData/Gym_API-gttvbppsiybwtpahvrbhortrptkr/SourcePackages/checkouts/stream-chat-swift/Sources/StreamChatUI/Components.swift /Users/alexmontesino/Library/Developer/Xcode/DerivedData/Gym_API-gttvbppsiybwtpahvrbhortrptkr/SourcePackages/checkouts/stream-chat-swift/Sources/StreamChatUI/ComponentsProvider.swift /Users/alexmontesino/Library/Developer/Xcode/DerivedData/Gym_API-gttvbppsiybwtpahvrbhortrptkr/SourcePackages/checkouts/stream-chat-swift/Sources/StreamChatUI/Composer/ComposerLinkPreviewView.swift /Users/alexmontesino/Library/Developer/Xcode/DerivedData/Gym_API-gttvbppsiybwtpahvrbhortrptkr/SourcePackages/checkouts/stream-chat-swift/Sources/StreamChatUI/Composer/ComposerVC.swift /Users/alexmontesino/Library/Developer/Xcode/DerivedData/Gym_API-gttvbppsiybwtpahvrbhortrptkr/SourcePackages/checkouts/stream-chat-swift/Sources/StreamChatUI/Composer/ComposerView.swift /Users/alexmontesino/Library/Developer/Xcode/DerivedData/Gym_API-gttvbppsiybwtpahvrbhortrptkr/SourcePackages/checkouts/stream-chat-swift/Sources/StreamChatUI/Composer/Suggestions/ChatCommandSuggestionView/ChatCommandSuggestionCollectionViewCell.swift /Users/alexmontesino/Library/Developer/Xcode/DerivedData/Gym_API-gttvbppsiybwtpahvrbhortrptkr/SourcePackages/checkouts/stream-chat-swift/Sources/StreamChatUI/Composer/Suggestions/ChatCommandSuggestionView/ChatCommandSuggestionView.swift /Users/alexmontesino/Library/Developer/Xcode/DerivedData/Gym_API-gttvbppsiybwtpahvrbhortrptkr/SourcePackages/checkouts/stream-chat-swift/Sources/StreamChatUI/Composer/Suggestions/ChatMentionSuggestionView/ChatMentionSuggestionCollectionViewCell.swift /Users/alexmontesino/Library/Developer/Xcode/DerivedData/Gym_API-gttvbppsiybwtpahvrbhortrptkr/SourcePackages/checkouts/stream-chat-swift/Sources/StreamChatUI/Composer/Suggestions/ChatMentionSuggestionView/ChatMentionSuggestionView.swift /Users/alexmontesino/Library/Developer/Xcode/DerivedData/Gym_API-gttvbppsiybwtpahvrbhortrptkr/SourcePackages/checkouts/stream-chat-swift/Sources/StreamChatUI/Composer/Suggestions/ChatSuggestionsCollectionReusableView.swift /Users/alexmontesino/Library/Developer/Xcode/DerivedData/Gym_API-gttvbppsiybwtpahvrbhortrptkr/SourcePackages/checkouts/stream-chat-swift/Sources/StreamChatUI/Composer/Suggestions/ChatSuggestionsCollectionView.swift /Users/alexmontesino/Library/Developer/Xcode/DerivedData/Gym_API-gttvbppsiybwtpahvrbhortrptkr/SourcePackages/checkouts/stream-chat-swift/Sources/StreamChatUI/Composer/Suggestions/ChatSuggestionsCollectionViewLayout.swift (in target 'StreamChatUI' from project 'StreamChat')
SwiftCompile normal arm64 /Users/alexmontesino/Library/Developer/Xcode/DerivedData/Gym_API-gttvbppsiybwtpahvrbhortrptkr/SourcePackages/checkouts/stream-chat-swift/Sources/StreamChatUI/CommonViews/ListCollectionViewLayout/CellSeparatorView.swift (in target 'StreamChatUI' from project 'StreamChat')
    cd /Users/alexmontesino/Documents/GYM-API-IOS/Gym_API/Gym_API.xcodeproj
    

SwiftCompile normal arm64 /Users/alexmontesino/Library/Developer/Xcode/DerivedData/Gym_API-gttvbppsiybwtpahvrbhortrptkr/SourcePackages/checkouts/stream-chat-swift/Sources/StreamChatUI/CommonViews/ListCollectionViewLayout/ListCollectionViewLayout.swift (in target 'StreamChatUI' from project 'StreamChat')
    cd /Users/alexmontesino/Documents/GYM-API-IOS/Gym_API/Gym_API.xcodeproj
    

SwiftCompile normal arm64 /Users/alexmontesino/Library/Developer/Xcode/DerivedData/Gym_API-gttvbppsiybwtpahvrbhortrptkr/SourcePackages/checkouts/stream-chat-swift/Sources/StreamChatUI/CommonViews/OnlyLinkTappableTextView.swift (in target 'StreamChatUI' from project 'StreamChat')
    cd /Users/alexmontesino/Documents/GYM-API-IOS/Gym_API/Gym_API.xcodeproj
    

SwiftCompile normal arm64 /Users/alexmontesino/Library/Developer/Xcode/DerivedData/Gym_API-gttvbppsiybwtpahvrbhortrptkr/SourcePackages/checkouts/stream-chat-swift/Sources/StreamChatUI/CommonViews/PlayerView.swift (in target 'StreamChatUI' from project 'StreamChat')
    cd /Users/alexmontesino/Documents/GYM-API-IOS/Gym_API/Gym_API.xcodeproj
    

SwiftCompile normal arm64 /Users/alexmontesino/Library/Developer/Xcode/DerivedData/Gym_API-gttvbppsiybwtpahvrbhortrptkr/SourcePackages/checkouts/stream-chat-swift/Sources/StreamChatUI/CommonViews/QuotedChatMessageView/QuotedChatMessageView+SwiftUI.swift (in target 'StreamChatUI' from project 'StreamChat')
    cd /Users/alexmontesino/Documents/GYM-API-IOS/Gym_API/Gym_API.xcodeproj
    

SwiftCompile normal arm64 /Users/alexmontesino/Library/Developer/Xcode/DerivedData/Gym_API-gttvbppsiybwtpahvrbhortrptkr/SourcePackages/checkouts/stream-chat-swift/Sources/StreamChatUI/CommonViews/QuotedChatMessageView/QuotedChatMessageView.swift (in target 'StreamChatUI' from project 'StreamChat')
    cd /Users/alexmontesino/Documents/GYM-API-IOS/Gym_API/Gym_API.xcodeproj
    

SwiftCompile normal arm64 /Users/alexmontesino/Library/Developer/Xcode/DerivedData/Gym_API-gttvbppsiybwtpahvrbhortrptkr/SourcePackages/checkouts/stream-chat-swift/Sources/StreamChatUI/CommonViews/SkeletonLoadable.swift (in target 'StreamChatUI' from project 'StreamChat')
    cd /Users/alexmontesino/Documents/GYM-API-IOS/Gym_API/Gym_API.xcodeproj
    

SwiftCompile normal arm64 /Users/alexmontesino/Library/Developer/Xcode/DerivedData/Gym_API-gttvbppsiybwtpahvrbhortrptkr/SourcePackages/checkouts/stream-chat-swift/Sources/StreamChatUI/CommonViews/StackedUserAvatarsView.swift (in target 'StreamChatUI' from project 'StreamChat')
    cd /Users/alexmontesino/Documents/GYM-API-IOS/Gym_API/Gym_API.xcodeproj
    

SwiftCompile normal arm64 /Users/alexmontesino/Library/Developer/Xcode/DerivedData/Gym_API-gttvbppsiybwtpahvrbhortrptkr/SourcePackages/checkouts/stream-chat-swift/Sources/StreamChatUI/CommonViews/SwiftUIViewRepresentable.swift (in target 'StreamChatUI' from project 'StreamChat')
    cd /Users/alexmontesino/Documents/GYM-API-IOS/Gym_API/Gym_API.xcodeproj
    

SwiftCompile normal arm64 /Users/alexmontesino/Library/Developer/Xcode/DerivedData/Gym_API-gttvbppsiybwtpahvrbhortrptkr/SourcePackages/checkouts/stream-chat-swift/Sources/StreamChatUI/CommonViews/TextFieldView.swift (in target 'StreamChatUI' from project 'StreamChat')
    cd /Users/alexmontesino/Documents/GYM-API-IOS/Gym_API/Gym_API.xcodeproj
    

SwiftCompile normal arm64 /Users/alexmontesino/Library/Developer/Xcode/DerivedData/Gym_API-gttvbppsiybwtpahvrbhortrptkr/SourcePackages/checkouts/stream-chat-swift/Sources/StreamChatUI/CommonViews/TitleContainerView/TitleContainerView.swift (in target 'StreamChatUI' from project 'StreamChat')
    cd /Users/alexmontesino/Documents/GYM-API-IOS/Gym_API/Gym_API.xcodeproj
    

SwiftCompile normal arm64 /Users/alexmontesino/Library/Developer/Xcode/DerivedData/Gym_API-gttvbppsiybwtpahvrbhortrptkr/SourcePackages/checkouts/stream-chat-swift/Sources/StreamChatUI/Components+SwiftUI.swift (in target 'StreamChatUI' from project 'StreamChat')
    cd /Users/alexmontesino/Documents/GYM-API-IOS/Gym_API/Gym_API.xcodeproj
    

SwiftCompile normal arm64 /Users/alexmontesino/Library/Developer/Xcode/DerivedData/Gym_API-gttvbppsiybwtpahvrbhortrptkr/SourcePackages/checkouts/stream-chat-swift/Sources/StreamChatUI/Components.swift (in target 'StreamChatUI' from project 'StreamChat')
    cd /Users/alexmontesino/Documents/GYM-API-IOS/Gym_API/Gym_API.xcodeproj
    

SwiftCompile normal arm64 /Users/alexmontesino/Library/Developer/Xcode/DerivedData/Gym_API-gttvbppsiybwtpahvrbhortrptkr/SourcePackages/checkouts/stream-chat-swift/Sources/StreamChatUI/ComponentsProvider.swift (in target 'StreamChatUI' from project 'StreamChat')
    cd /Users/alexmontesino/Documents/GYM-API-IOS/Gym_API/Gym_API.xcodeproj
    

SwiftCompile normal arm64 /Users/alexmontesino/Library/Developer/Xcode/DerivedData/Gym_API-gttvbppsiybwtpahvrbhortrptkr/SourcePackages/checkouts/stream-chat-swift/Sources/StreamChatUI/Composer/ComposerLinkPreviewView.swift (in target 'StreamChatUI' from project 'StreamChat')
    cd /Users/alexmontesino/Documents/GYM-API-IOS/Gym_API/Gym_API.xcodeproj
    

SwiftCompile normal arm64 /Users/alexmontesino/Library/Developer/Xcode/DerivedData/Gym_API-gttvbppsiybwtpahvrbhortrptkr/SourcePackages/checkouts/stream-chat-swift/Sources/StreamChatUI/Composer/ComposerVC.swift (in target 'StreamChatUI' from project 'StreamChat')
    cd /Users/alexmontesino/Documents/GYM-API-IOS/Gym_API/Gym_API.xcodeproj
    

SwiftCompile normal arm64 /Users/alexmontesino/Library/Developer/Xcode/DerivedData/Gym_API-gttvbppsiybwtpahvrbhortrptkr/SourcePackages/checkouts/stream-chat-swift/Sources/StreamChatUI/Composer/ComposerView.swift (in target 'StreamChatUI' from project 'StreamChat')
    cd /Users/alexmontesino/Documents/GYM-API-IOS/Gym_API/Gym_API.xcodeproj
    

SwiftCompile normal arm64 /Users/alexmontesino/Library/Developer/Xcode/DerivedData/Gym_API-gttvbppsiybwtpahvrbhortrptkr/SourcePackages/checkouts/stream-chat-swift/Sources/StreamChatUI/Composer/Suggestions/ChatCommandSuggestionView/ChatCommandSuggestionCollectionViewCell.swift (in target 'StreamChatUI' from project 'StreamChat')
    cd /Users/alexmontesino/Documents/GYM-API-IOS/Gym_API/Gym_API.xcodeproj
    

SwiftCompile normal arm64 /Users/alexmontesino/Library/Developer/Xcode/DerivedData/Gym_API-gttvbppsiybwtpahvrbhortrptkr/SourcePackages/checkouts/stream-chat-swift/Sources/StreamChatUI/Composer/Suggestions/ChatCommandSuggestionView/ChatCommandSuggestionView.swift (in target 'StreamChatUI' from project 'StreamChat')
    cd /Users/alexmontesino/Documents/GYM-API-IOS/Gym_API/Gym_API.xcodeproj
    

SwiftCompile normal arm64 /Users/alexmontesino/Library/Developer/Xcode/DerivedData/Gym_API-gttvbppsiybwtpahvrbhortrptkr/SourcePackages/checkouts/stream-chat-swift/Sources/StreamChatUI/Composer/Suggestions/ChatMentionSuggestionView/ChatMentionSuggestionCollectionViewCell.swift (in target 'StreamChatUI' from project 'StreamChat')
    cd /Users/alexmontesino/Documents/GYM-API-IOS/Gym_API/Gym_API.xcodeproj
    

SwiftCompile normal arm64 /Users/alexmontesino/Library/Developer/Xcode/DerivedData/Gym_API-gttvbppsiybwtpahvrbhortrptkr/SourcePackages/checkouts/stream-chat-swift/Sources/StreamChatUI/Composer/Suggestions/ChatMentionSuggestionView/ChatMentionSuggestionView.swift (in target 'StreamChatUI' from project 'StreamChat')
    cd /Users/alexmontesino/Documents/GYM-API-IOS/Gym_API/Gym_API.xcodeproj
    

SwiftCompile normal arm64 /Users/alexmontesino/Library/Developer/Xcode/DerivedData/Gym_API-gttvbppsiybwtpahvrbhortrptkr/SourcePackages/checkouts/stream-chat-swift/Sources/StreamChatUI/Composer/Suggestions/ChatSuggestionsCollectionReusableView.swift (in target 'StreamChatUI' from project 'StreamChat')
    cd /Users/alexmontesino/Documents/GYM-API-IOS/Gym_API/Gym_API.xcodeproj
    

SwiftCompile normal arm64 /Users/alexmontesino/Library/Developer/Xcode/DerivedData/Gym_API-gttvbppsiybwtpahvrbhortrptkr/SourcePackages/checkouts/stream-chat-swift/Sources/StreamChatUI/Composer/Suggestions/ChatSuggestionsCollectionView.swift (in target 'StreamChatUI' from project 'StreamChat')
    cd /Users/alexmontesino/Documents/GYM-API-IOS/Gym_API/Gym_API.xcodeproj
    

SwiftCompile normal arm64 /Users/alexmontesino/Library/Developer/Xcode/DerivedData/Gym_API-gttvbppsiybwtpahvrbhortrptkr/SourcePackages/checkouts/stream-chat-swift/Sources/StreamChatUI/Composer/Suggestions/ChatSuggestionsCollectionViewLayout.swift (in target 'StreamChatUI' from project 'StreamChat')
    cd /Users/alexmontesino/Documents/GYM-API-IOS/Gym_API/Gym_API.xcodeproj
    

SwiftDriverJobDiscovery normal arm64 Compiling UserUpdateMiddleware.swift, UserWatchingEventMiddleware.swift, AITypingEvents.swift, ChannelEvents.swift, ConnectionEvents.swift, DraftEvents.swift, Event.swift, EventDecoder.swift, EventPayload.swift, EventType.swift, MemberEvents.swift, MessageEvents.swift, NotificationEvents.swift, PollsEvents.swift, ReactionEvents.swift, ReminderEvents.swift, ThreadEvents.swift, TypingEvent.swift, UserEvents.swift, RetryStrategy.swift, WebSocketClient.swift, WebSocketConnectPayload.swift, WebSocketPingController.swift (in target 'StreamChat' from project 'StreamChat')

SwiftCompile normal arm64 Compiling\ ImageProcessing.swift,\ ImageRequest.swift,\ ImageResponse.swift,\ ImageTask.swift,\ Allocations.swift,\ Combine.swift,\ Deprecated.swift,\ Extensions.swift,\ ImageRequestKeys.swift,\ LinkedList.swift,\ Log.swift,\ Operation.swift,\ RateLimiter.swift,\ ResumableData.swift,\ ImagePipelineTask.swift,\ OperationTask.swift,\ Task.swift,\ TaskFetchDecodedImage.swift,\ TaskFetchOriginalImageData.swift,\ TaskFetchWithPublisher.swift,\ TaskLoadData.swift,\ TaskLoadImage.swift,\ FetchImage.swift /Users/alexmontesino/Library/Developer/Xcode/DerivedData/Gym_API-gttvbppsiybwtpahvrbhortrptkr/SourcePackages/checkouts/stream-chat-swift/Sources/StreamChatUI/StreamNuke/Core/ImageProcessing.swift /Users/alexmontesino/Library/Developer/Xcode/DerivedData/Gym_API-gttvbppsiybwtpahvrbhortrptkr/SourcePackages/checkouts/stream-chat-swift/Sources/StreamChatUI/StreamNuke/Core/ImageRequest.swift /Users/alexmontesino/Library/Developer/Xcode/DerivedData/Gym_API-gttvbppsiybwtpahvrbhortrptkr/SourcePackages/checkouts/stream-chat-swift/Sources/StreamChatUI/StreamNuke/Core/ImageResponse.swift /Users/alexmontesino/Library/Developer/Xcode/DerivedData/Gym_API-gttvbppsiybwtpahvrbhortrptkr/SourcePackages/checkouts/stream-chat-swift/Sources/StreamChatUI/StreamNuke/Core/ImageTask.swift /Users/alexmontesino/Library/Developer/Xcode/DerivedData/Gym_API-gttvbppsiybwtpahvrbhortrptkr/SourcePackages/checkouts/stream-chat-swift/Sources/StreamChatUI/StreamNuke/Internal/Allocations.swift /Users/alexmontesino/Library/Developer/Xcode/DerivedData/Gym_API-gttvbppsiybwtpahvrbhortrptkr/SourcePackages/checkouts/stream-chat-swift/Sources/StreamChatUI/StreamNuke/Internal/Combine.swift /Users/alexmontesino/Library/Developer/Xcode/DerivedData/Gym_API-gttvbppsiybwtpahvrbhortrptkr/SourcePackages/checkouts/stream-chat-swift/Sources/StreamChatUI/StreamNuke/Internal/Deprecated.swift /Users/alexmontesino/Library/Developer/Xcode/DerivedData/Gym_API-gttvbppsiybwtpahvrbhortrptkr/SourcePackages/checkouts/stream-chat-swift/Sources/StreamChatUI/StreamNuke/Internal/Extensions.swift /Users/alexmontesino/Library/Developer/Xcode/DerivedData/Gym_API-gttvbppsiybwtpahvrbhortrptkr/SourcePackages/checkouts/stream-chat-swift/Sources/StreamChatUI/StreamNuke/Internal/ImageRequestKeys.swift /Users/alexmontesino/Library/Developer/Xcode/DerivedData/Gym_API-gttvbppsiybwtpahvrbhortrptkr/SourcePackages/checkouts/stream-chat-swift/Sources/StreamChatUI/StreamNuke/Internal/LinkedList.swift /Users/alexmontesino/Library/Developer/Xcode/DerivedData/Gym_API-gttvbppsiybwtpahvrbhortrptkr/SourcePackages/checkouts/stream-chat-swift/Sources/StreamChatUI/StreamNuke/Internal/Log.swift /Users/alexmontesino/Library/Developer/Xcode/DerivedData/Gym_API-gttvbppsiybwtpahvrbhortrptkr/SourcePackages/checkouts/stream-chat-swift/Sources/StreamChatUI/StreamNuke/Internal/Operation.swift /Users/alexmontesino/Library/Developer/Xcode/DerivedData/Gym_API-gttvbppsiybwtpahvrbhortrptkr/SourcePackages/checkouts/stream-chat-swift/Sources/StreamChatUI/StreamNuke/Internal/RateLimiter.swift /Users/alexmontesino/Library/Developer/Xcode/DerivedData/Gym_API-gttvbppsiybwtpahvrbhortrptkr/SourcePackages/checkouts/stream-chat-swift/Sources/StreamChatUI/StreamNuke/Internal/ResumableData.swift /Users/alexmontesino/Library/Developer/Xcode/DerivedData/Gym_API-gttvbppsiybwtpahvrbhortrptkr/SourcePackages/checkouts/stream-chat-swift/Sources/StreamChatUI/StreamNuke/Internal/Tasks/ImagePipelineTask.swift /Users/alexmontesino/Library/Developer/Xcode/DerivedData/Gym_API-gttvbppsiybwtpahvrbhortrptkr/SourcePackages/checkouts/stream-chat-swift/Sources/StreamChatUI/StreamNuke/Internal/Tasks/OperationTask.swift /Users/alexmontesino/Library/Developer/Xcode/DerivedData/Gym_API-gttvbppsiybwtpahvrbhortrptkr/SourcePackages/checkouts/stream-chat-swift/Sources/StreamChatUI/StreamNuke/Internal/Tasks/Task.swift /Users/alexmontesino/Library/Developer/Xcode/DerivedData/Gym_API-gttvbppsiybwtpahvrbhortrptkr/SourcePackages/checkouts/stream-chat-swift/Sources/StreamChatUI/StreamNuke/Internal/Tasks/TaskFetchDecodedImage.swift /Users/alexmontesino/Library/Developer/Xcode/DerivedData/Gym_API-gttvbppsiybwtpahvrbhortrptkr/SourcePackages/checkouts/stream-chat-swift/Sources/StreamChatUI/StreamNuke/Internal/Tasks/TaskFetchOriginalImageData.swift /Users/alexmontesino/Library/Developer/Xcode/DerivedData/Gym_API-gttvbppsiybwtpahvrbhortrptkr/SourcePackages/checkouts/stream-chat-swift/Sources/StreamChatUI/StreamNuke/Internal/Tasks/TaskFetchWithPublisher.swift /Users/alexmontesino/Library/Developer/Xcode/DerivedData/Gym_API-gttvbppsiybwtpahvrbhortrptkr/SourcePackages/checkouts/stream-chat-swift/Sources/StreamChatUI/StreamNuke/Internal/Tasks/TaskLoadData.swift /Users/alexmontesino/Library/Developer/Xcode/DerivedData/Gym_API-gttvbppsiybwtpahvrbhortrptkr/SourcePackages/checkouts/stream-chat-swift/Sources/StreamChatUI/StreamNuke/Internal/Tasks/TaskLoadImage.swift /Users/alexmontesino/Library/Developer/Xcode/DerivedData/Gym_API-gttvbppsiybwtpahvrbhortrptkr/SourcePackages/checkouts/stream-chat-swift/Sources/StreamChatUI/StreamNuke/UI/FetchImage.swift (in target 'StreamChatUI' from project 'StreamChat')

SwiftCompile normal arm64 /Users/alexmontesino/Library/Developer/Xcode/DerivedData/Gym_API-gttvbppsiybwtpahvrbhortrptkr/SourcePackages/checkouts/stream-chat-swift/Sources/StreamChatUI/StreamNuke/Core/ImageProcessing.swift (in target 'StreamChatUI' from project 'StreamChat')
    cd /Users/alexmontesino/Documents/GYM-API-IOS/Gym_API/Gym_API.xcodeproj
    

SwiftCompile normal arm64 /Users/alexmontesino/Library/Developer/Xcode/DerivedData/Gym_API-gttvbppsiybwtpahvrbhortrptkr/SourcePackages/checkouts/stream-chat-swift/Sources/StreamChatUI/StreamNuke/Core/ImageRequest.swift (in target 'StreamChatUI' from project 'StreamChat')
    cd /Users/alexmontesino/Documents/GYM-API-IOS/Gym_API/Gym_API.xcodeproj
    

SwiftCompile normal arm64 /Users/alexmontesino/Library/Developer/Xcode/DerivedData/Gym_API-gttvbppsiybwtpahvrbhortrptkr/SourcePackages/checkouts/stream-chat-swift/Sources/StreamChatUI/StreamNuke/Core/ImageResponse.swift (in target 'StreamChatUI' from project 'StreamChat')
    cd /Users/alexmontesino/Documents/GYM-API-IOS/Gym_API/Gym_API.xcodeproj
    

SwiftCompile normal arm64 /Users/alexmontesino/Library/Developer/Xcode/DerivedData/Gym_API-gttvbppsiybwtpahvrbhortrptkr/SourcePackages/checkouts/stream-chat-swift/Sources/StreamChatUI/StreamNuke/Core/ImageTask.swift (in target 'StreamChatUI' from project 'StreamChat')
    cd /Users/alexmontesino/Documents/GYM-API-IOS/Gym_API/Gym_API.xcodeproj
    

SwiftCompile normal arm64 /Users/alexmontesino/Library/Developer/Xcode/DerivedData/Gym_API-gttvbppsiybwtpahvrbhortrptkr/SourcePackages/checkouts/stream-chat-swift/Sources/StreamChatUI/StreamNuke/Internal/Allocations.swift (in target 'StreamChatUI' from project 'StreamChat')
    cd /Users/alexmontesino/Documents/GYM-API-IOS/Gym_API/Gym_API.xcodeproj
    

SwiftCompile normal arm64 /Users/alexmontesino/Library/Developer/Xcode/DerivedData/Gym_API-gttvbppsiybwtpahvrbhortrptkr/SourcePackages/checkouts/stream-chat-swift/Sources/StreamChatUI/StreamNuke/Internal/Combine.swift (in target 'StreamChatUI' from project 'StreamChat')
    cd /Users/alexmontesino/Documents/GYM-API-IOS/Gym_API/Gym_API.xcodeproj
    

SwiftCompile normal arm64 /Users/alexmontesino/Library/Developer/Xcode/DerivedData/Gym_API-gttvbppsiybwtpahvrbhortrptkr/SourcePackages/checkouts/stream-chat-swift/Sources/StreamChatUI/StreamNuke/Internal/Deprecated.swift (in target 'StreamChatUI' from project 'StreamChat')
    cd /Users/alexmontesino/Documents/GYM-API-IOS/Gym_API/Gym_API.xcodeproj
    

SwiftCompile normal arm64 /Users/alexmontesino/Library/Developer/Xcode/DerivedData/Gym_API-gttvbppsiybwtpahvrbhortrptkr/SourcePackages/checkouts/stream-chat-swift/Sources/StreamChatUI/StreamNuke/Internal/Extensions.swift (in target 'StreamChatUI' from project 'StreamChat')
    cd /Users/alexmontesino/Documents/GYM-API-IOS/Gym_API/Gym_API.xcodeproj
    

SwiftCompile normal arm64 /Users/alexmontesino/Library/Developer/Xcode/DerivedData/Gym_API-gttvbppsiybwtpahvrbhortrptkr/SourcePackages/checkouts/stream-chat-swift/Sources/StreamChatUI/StreamNuke/Internal/ImageRequestKeys.swift (in target 'StreamChatUI' from project 'StreamChat')
    cd /Users/alexmontesino/Documents/GYM-API-IOS/Gym_API/Gym_API.xcodeproj
    

SwiftCompile normal arm64 /Users/alexmontesino/Library/Developer/Xcode/DerivedData/Gym_API-gttvbppsiybwtpahvrbhortrptkr/SourcePackages/checkouts/stream-chat-swift/Sources/StreamChatUI/StreamNuke/Internal/LinkedList.swift (in target 'StreamChatUI' from project 'StreamChat')
    cd /Users/alexmontesino/Documents/GYM-API-IOS/Gym_API/Gym_API.xcodeproj
    

SwiftCompile normal arm64 /Users/alexmontesino/Library/Developer/Xcode/DerivedData/Gym_API-gttvbppsiybwtpahvrbhortrptkr/SourcePackages/checkouts/stream-chat-swift/Sources/StreamChatUI/StreamNuke/Internal/Log.swift (in target 'StreamChatUI' from project 'StreamChat')
    cd /Users/alexmontesino/Documents/GYM-API-IOS/Gym_API/Gym_API.xcodeproj
    

SwiftCompile normal arm64 /Users/alexmontesino/Library/Developer/Xcode/DerivedData/Gym_API-gttvbppsiybwtpahvrbhortrptkr/SourcePackages/checkouts/stream-chat-swift/Sources/StreamChatUI/StreamNuke/Internal/Operation.swift (in target 'StreamChatUI' from project 'StreamChat')
    cd /Users/alexmontesino/Documents/GYM-API-IOS/Gym_API/Gym_API.xcodeproj
    

SwiftCompile normal arm64 /Users/alexmontesino/Library/Developer/Xcode/DerivedData/Gym_API-gttvbppsiybwtpahvrbhortrptkr/SourcePackages/checkouts/stream-chat-swift/Sources/StreamChatUI/StreamNuke/Internal/RateLimiter.swift (in target 'StreamChatUI' from project 'StreamChat')
    cd /Users/alexmontesino/Documents/GYM-API-IOS/Gym_API/Gym_API.xcodeproj
    

SwiftCompile normal arm64 /Users/alexmontesino/Library/Developer/Xcode/DerivedData/Gym_API-gttvbppsiybwtpahvrbhortrptkr/SourcePackages/checkouts/stream-chat-swift/Sources/StreamChatUI/StreamNuke/Internal/ResumableData.swift (in target 'StreamChatUI' from project 'StreamChat')
    cd /Users/alexmontesino/Documents/GYM-API-IOS/Gym_API/Gym_API.xcodeproj
    

SwiftCompile normal arm64 /Users/alexmontesino/Library/Developer/Xcode/DerivedData/Gym_API-gttvbppsiybwtpahvrbhortrptkr/SourcePackages/checkouts/stream-chat-swift/Sources/StreamChatUI/StreamNuke/Internal/Tasks/ImagePipelineTask.swift (in target 'StreamChatUI' from project 'StreamChat')
    cd /Users/alexmontesino/Documents/GYM-API-IOS/Gym_API/Gym_API.xcodeproj
    

SwiftCompile normal arm64 /Users/alexmontesino/Library/Developer/Xcode/DerivedData/Gym_API-gttvbppsiybwtpahvrbhortrptkr/SourcePackages/checkouts/stream-chat-swift/Sources/StreamChatUI/StreamNuke/Internal/Tasks/OperationTask.swift (in target 'StreamChatUI' from project 'StreamChat')
    cd /Users/alexmontesino/Documents/GYM-API-IOS/Gym_API/Gym_API.xcodeproj
    

SwiftCompile normal arm64 /Users/alexmontesino/Library/Developer/Xcode/DerivedData/Gym_API-gttvbppsiybwtpahvrbhortrptkr/SourcePackages/checkouts/stream-chat-swift/Sources/StreamChatUI/StreamNuke/Internal/Tasks/Task.swift (in target 'StreamChatUI' from project 'StreamChat')
    cd /Users/alexmontesino/Documents/GYM-API-IOS/Gym_API/Gym_API.xcodeproj
    

SwiftCompile normal arm64 /Users/alexmontesino/Library/Developer/Xcode/DerivedData/Gym_API-gttvbppsiybwtpahvrbhortrptkr/SourcePackages/checkouts/stream-chat-swift/Sources/StreamChatUI/StreamNuke/Internal/Tasks/TaskFetchDecodedImage.swift (in target 'StreamChatUI' from project 'StreamChat')
    cd /Users/alexmontesino/Documents/GYM-API-IOS/Gym_API/Gym_API.xcodeproj
    

SwiftCompile normal arm64 /Users/alexmontesino/Library/Developer/Xcode/DerivedData/Gym_API-gttvbppsiybwtpahvrbhortrptkr/SourcePackages/checkouts/stream-chat-swift/Sources/StreamChatUI/StreamNuke/Internal/Tasks/TaskFetchOriginalImageData.swift (in target 'StreamChatUI' from project 'StreamChat')
    cd /Users/alexmontesino/Documents/GYM-API-IOS/Gym_API/Gym_API.xcodeproj
    

SwiftCompile normal arm64 /Users/alexmontesino/Library/Developer/Xcode/DerivedData/Gym_API-gttvbppsiybwtpahvrbhortrptkr/SourcePackages/checkouts/stream-chat-swift/Sources/StreamChatUI/StreamNuke/Internal/Tasks/TaskFetchWithPublisher.swift (in target 'StreamChatUI' from project 'StreamChat')
    cd /Users/alexmontesino/Documents/GYM-API-IOS/Gym_API/Gym_API.xcodeproj
    

SwiftCompile normal arm64 /Users/alexmontesino/Library/Developer/Xcode/DerivedData/Gym_API-gttvbppsiybwtpahvrbhortrptkr/SourcePackages/checkouts/stream-chat-swift/Sources/StreamChatUI/StreamNuke/Internal/Tasks/TaskLoadData.swift (in target 'StreamChatUI' from project 'StreamChat')
    cd /Users/alexmontesino/Documents/GYM-API-IOS/Gym_API/Gym_API.xcodeproj
    

SwiftCompile normal arm64 /Users/alexmontesino/Library/Developer/Xcode/DerivedData/Gym_API-gttvbppsiybwtpahvrbhortrptkr/SourcePackages/checkouts/stream-chat-swift/Sources/StreamChatUI/StreamNuke/Internal/Tasks/TaskLoadImage.swift (in target 'StreamChatUI' from project 'StreamChat')
    cd /Users/alexmontesino/Documents/GYM-API-IOS/Gym_API/Gym_API.xcodeproj
    

SwiftCompile normal arm64 /Users/alexmontesino/Library/Developer/Xcode/DerivedData/Gym_API-gttvbppsiybwtpahvrbhortrptkr/SourcePackages/checkouts/stream-chat-swift/Sources/StreamChatUI/StreamNuke/UI/FetchImage.swift (in target 'StreamChatUI' from project 'StreamChat')
    cd /Users/alexmontesino/Documents/GYM-API-IOS/Gym_API/Gym_API.xcodeproj
    

SwiftDriverJobDiscovery normal arm64 Emitting module for StreamChatUI (in target 'StreamChatUI' from project 'StreamChat')

SwiftDriverJobDiscovery normal arm64 Compiling JumpToUnreadMessagesButton.swift, ChatMessageDefaultReactionsBubbleView.swift, ChatMessageReactionAppearance.swift, ChatMessageReactionAuthorViewCell.swift, ChatMessageReactionAuthorsFlowLayout.swift, ChatMessageReactionAuthorsVC.swift, ChatMessageReactionItemView.swift, ChatMessageReactions+Types.swift, ChatMessageReactionsBubbleTail.swift, ChatMessageReactionsPickerVC.swift, ChatMessageReactionsView.swift, ChatReactionPickerBubbleView.swift, ChatReactionPickerReactionsView.swift, ScrollToBottomButton.swift, SwipeToReplyGestureHandler.swift, TypingAnimationView.swift, TypingIndicatorView.swift, ChatThreadHeaderView.swift, ChatThreadVC+SwiftUI.swift, ChatThreadVC.swift, ChatThreadListEmptyView.swift, ChatThreadListErrorView.swift, ChatThreadListHeaderBannerView.swift, ChatThreadListItemCell.swift (in target 'StreamChatUI' from project 'StreamChat')

SwiftDriver\ Compilation\ Requirements StreamChatUI normal arm64 com.apple.xcode.tools.swift.compiler (in target 'StreamChatUI' from project 'StreamChat')
    cd /Users/alexmontesino/Documents/GYM-API-IOS/Gym_API/Gym_API.xcodeproj
    builtin-Swift-Compilation-Requirements -- /Applications/Xcode.app/Contents/Developer/Toolchains/XcodeDefault.xctoolchain/usr/bin/swiftc -module-name StreamChatUI -Onone -enforce-exclusivity\=checked @/Users/alexmontesino/Library/Developer/Xcode/DerivedData/Gym_API-gttvbppsiybwtpahvrbhortrptkr/Build/Intermediates.noindex/StreamChat.build/Debug-iphonesimulator/StreamChatUI.build/Objects-normal/arm64/StreamChatUI.SwiftFileList -DSWIFT_PACKAGE -DDEBUG -DXcode -plugin-path /Applications/Xcode.app/Contents/Developer/Toolchains/XcodeDefault.xctoolchain/usr/lib/swift/host/plugins/testing -enable-experimental-feature DebugDescriptionMacro -sdk /Applications/Xcode.app/Contents/Developer/Platforms/iPhoneSimulator.platform/Developer/SDKs/iPhoneSimulator18.5.sdk -target arm64-apple-ios13.0-simulator -g -module-cache-path /Users/alexmontesino/Library/Developer/Xcode/DerivedData/ModuleCache.noindex -Xfrontend -serialize-debugging-options -profile-coverage-mapping -profile-generate -enable-testing -suppress-warnings -index-store-path /Users/alexmontesino/Library/Developer/Xcode/DerivedData/Gym_API-gttvbppsiybwtpahvrbhortrptkr/Index.noindex/DataStore -swift-version 5 -I /Users/alexmontesino/Library/Developer/Xcode/DerivedData/Gym_API-gttvbppsiybwtpahvrbhortrptkr/Build/Products/Debug-iphonesimulator -I /Applications/Xcode.app/Contents/Developer/Platforms/iPhoneSimulator.platform/Developer/usr/lib -F /Users/alexmontesino/Library/Developer/Xcode/DerivedData/Gym_API-gttvbppsiybwtpahvrbhortrptkr/Build/Products/Debug-iphonesimulator/PackageFrameworks -F /Users/alexmontesino/Library/Developer/Xcode/DerivedData/Gym_API-gttvbppsiybwtpahvrbhortrptkr/Build/Products/Debug-iphonesimulator -F /Applications/Xcode.app/Contents/Developer/Platforms/iPhoneSimulator.platform/Developer/Library/Frameworks -F /Applications/Xcode.app/Contents/Developer/Platforms/iPhoneSimulator.platform/Developer/SDKs/iPhoneSimulator18.5.sdk/Developer/Library/Frameworks -emit-localized-strings -emit-localized-strings-path /Users/alexmontesino/Library/Developer/Xcode/DerivedData/Gym_API-gttvbppsiybwtpahvrbhortrptkr/Build/Intermediates.noindex/StreamChat.build/Debug-iphonesimulator/StreamChatUI.build/Objects-normal/arm64 -c -j10 -enable-batch-mode -incremental -Xcc -ivfsstatcache -Xcc /Users/alexmontesino/Library/Developer/Xcode/DerivedData/SDKStatCaches.noindex/iphonesimulator18.5-22F76-d5fc8ad4295d2ef488fb7d0f804ce0c4.sdkstatcache -output-file-map /Users/alexmontesino/Library/Developer/Xcode/DerivedData/Gym_API-gttvbppsiybwtpahvrbhortrptkr/Build/Intermediates.noindex/StreamChat.build/Debug-iphonesimulator/StreamChatUI.build/Objects-normal/arm64/StreamChatUI-OutputFileMap.json -use-frontend-parseable-output -save-temps -no-color-diagnostics -serialize-diagnostics -emit-dependencies -emit-module -emit-module-path /Users/alexmontesino/Library/Developer/Xcode/DerivedData/Gym_API-gttvbppsiybwtpahvrbhortrptkr/Build/Intermediates.noindex/StreamChat.build/Debug-iphonesimulator/StreamChatUI.build/Objects-normal/arm64/StreamChatUI.swiftmodule -validate-clang-modules-once -clang-build-session-file /Users/alexmontesino/Library/Developer/Xcode/DerivedData/ModuleCache.noindex/Session.modulevalidation -Xcc -I/Users/alexmontesino/Library/Developer/Xcode/DerivedData/Gym_API-gttvbppsiybwtpahvrbhortrptkr/Build/Intermediates.noindex/StreamChat.build/Debug-iphonesimulator/StreamChatUI.build/swift-overrides.hmap -emit-const-values -Xfrontend -const-gather-protocols-file -Xfrontend /Users/alexmontesino/Library/Developer/Xcode/DerivedData/Gym_API-gttvbppsiybwtpahvrbhortrptkr/Build/Intermediates.noindex/StreamChat.build/Debug-iphonesimulator/StreamChatUI.build/Objects-normal/arm64/StreamChatUI_const_extract_protocols.json -Xcc -I/Users/alexmontesino/Library/Developer/Xcode/DerivedData/Gym_API-gttvbppsiybwtpahvrbhortrptkr/Build/Products/Debug-iphonesimulator/include -Xcc -I/Users/alexmontesino/Library/Developer/Xcode/DerivedData/Gym_API-gttvbppsiybwtpahvrbhortrptkr/Build/Intermediates.noindex/StreamChat.build/Debug-iphonesimulator/StreamChatUI.build/DerivedSources-normal/arm64 -Xcc -I/Users/alexmontesino/Library/Developer/Xcode/DerivedData/Gym_API-gttvbppsiybwtpahvrbhortrptkr/Build/Intermediates.noindex/StreamChat.build/Debug-iphonesimulator/StreamChatUI.build/DerivedSources/arm64 -Xcc -I/Users/alexmontesino/Library/Developer/Xcode/DerivedData/Gym_API-gttvbppsiybwtpahvrbhortrptkr/Build/Intermediates.noindex/StreamChat.build/Debug-iphonesimulator/StreamChatUI.build/DerivedSources -Xcc -DSWIFT_PACKAGE -Xcc -DDEBUG\=1 -emit-objc-header -emit-objc-header-path /Users/alexmontesino/Library/Developer/Xcode/DerivedData/Gym_API-gttvbppsiybwtpahvrbhortrptkr/Build/Intermediates.noindex/StreamChat.build/Debug-iphonesimulator/StreamChatUI.build/Objects-normal/arm64/StreamChatUI-Swift.h -working-directory /Users/alexmontesino/Documents/GYM-API-IOS/Gym_API/Gym_API.xcodeproj -experimental-emit-module-separately -disable-cmo

SwiftCompile normal arm64 Compiling\ resource_bundle_accessor.swift,\ Appearance+ColorPalette.swift,\ Appearance+Fonts.swift,\ Appearance+Formatters.swift,\ AudioPlaybackRateFormatter.swift,\ AudioRecordingNameFormatter.swift,\ Calendar+StreamCalendar.swift,\ ChannelListMessageTimestampFormatter.swift,\ ChannelNameFormatter.swift,\ MarkdownFormatter.swift,\ MessageDateSeparatorFormatter.swift,\ MessageTimestampFormatter.swift,\ PollTimestampFormatter.swift,\ UploadingProgressFormatter.swift,\ UserLastActivityFormatter.swift,\ VideoDurationFormatter.swift,\ Appearance+Images.swift,\ Appearance+SwiftUI.swift,\ Appearance.swift,\ AppearanceProvider.swift,\ ChatChannelHeaderView.swift,\ ChatChannelVC+SwiftUI.swift,\ ChatChannelVC.swift,\ StreamModalTransitioningDelegate.swift /Users/alexmontesino/Library/Developer/Xcode/DerivedData/Gym_API-gttvbppsiybwtpahvrbhortrptkr/Build/Intermediates.noindex/StreamChat.build/Debug-iphonesimulator/StreamChatUI.build/DerivedSources/resource_bundle_accessor.swift /Users/alexmontesino/Library/Developer/Xcode/DerivedData/Gym_API-gttvbppsiybwtpahvrbhortrptkr/SourcePackages/checkouts/stream-chat-swift/Sources/StreamChatUI/Appearance+ColorPalette.swift /Users/alexmontesino/Library/Developer/Xcode/DerivedData/Gym_API-gttvbppsiybwtpahvrbhortrptkr/SourcePackages/checkouts/stream-chat-swift/Sources/StreamChatUI/Appearance+Fonts.swift /Users/alexmontesino/Library/Developer/Xcode/DerivedData/Gym_API-gttvbppsiybwtpahvrbhortrptkr/SourcePackages/checkouts/stream-chat-swift/Sources/StreamChatUI/Appearance+Formatters/Appearance+Formatters.swift /Users/alexmontesino/Library/Developer/Xcode/DerivedData/Gym_API-gttvbppsiybwtpahvrbhortrptkr/SourcePackages/checkouts/stream-chat-swift/Sources/StreamChatUI/Appearance+Formatters/AudioPlaybackRateFormatter.swift /Users/alexmontesino/Library/Developer/Xcode/DerivedData/Gym_API-gttvbppsiybwtpahvrbhortrptkr/SourcePackages/checkouts/stream-chat-swift/Sources/StreamChatUI/Appearance+Formatters/AudioRecordingNameFormatter.swift /Users/alexmontesino/Library/Developer/Xcode/DerivedData/Gym_API-gttvbppsiybwtpahvrbhortrptkr/SourcePackages/checkouts/stream-chat-swift/Sources/StreamChatUI/Appearance+Formatters/Calendar+StreamCalendar.swift /Users/alexmontesino/Library/Developer/Xcode/DerivedData/Gym_API-gttvbppsiybwtpahvrbhortrptkr/SourcePackages/checkouts/stream-chat-swift/Sources/StreamChatUI/Appearance+Formatters/ChannelListMessageTimestampFormatter.swift /Users/alexmontesino/Library/Developer/Xcode/DerivedData/Gym_API-gttvbppsiybwtpahvrbhortrptkr/SourcePackages/checkouts/stream-chat-swift/Sources/StreamChatUI/Appearance+Formatters/ChannelNameFormatter.swift /Users/alexmontesino/Library/Developer/Xcode/DerivedData/Gym_API-gttvbppsiybwtpahvrbhortrptkr/SourcePackages/checkouts/stream-chat-swift/Sources/StreamChatUI/Appearance+Formatters/MarkdownFormatter.swift /Users/alexmontesino/Library/Developer/Xcode/DerivedData/Gym_API-gttvbppsiybwtpahvrbhortrptkr/SourcePackages/checkouts/stream-chat-swift/Sources/StreamChatUI/Appearance+Formatters/MessageDateSeparatorFormatter.swift /Users/alexmontesino/Library/Developer/Xcode/DerivedData/Gym_API-gttvbppsiybwtpahvrbhortrptkr/SourcePackages/checkouts/stream-chat-swift/Sources/StreamChatUI/Appearance+Formatters/MessageTimestampFormatter.swift /Users/alexmontesino/Library/Developer/Xcode/DerivedData/Gym_API-gttvbppsiybwtpahvrbhortrptkr/SourcePackages/checkouts/stream-chat-swift/Sources/StreamChatUI/Appearance+Formatters/PollTimestampFormatter.swift /Users/alexmontesino/Library/Developer/Xcode/DerivedData/Gym_API-gttvbppsiybwtpahvrbhortrptkr/SourcePackages/checkouts/stream-chat-swift/Sources/StreamChatUI/Appearance+Formatters/UploadingProgressFormatter.swift /Users/alexmontesino/Library/Developer/Xcode/DerivedData/Gym_API-gttvbppsiybwtpahvrbhortrptkr/SourcePackages/checkouts/stream-chat-swift/Sources/StreamChatUI/Appearance+Formatters/UserLastActivityFormatter.swift /Users/alexmontesino/Library/Developer/Xcode/DerivedData/Gym_API-gttvbppsiybwtpahvrbhortrptkr/SourcePackages/checkouts/stream-chat-swift/Sources/StreamChatUI/Appearance+Formatters/VideoDurationFormatter.swift /Users/alexmontesino/Library/Developer/Xcode/DerivedData/Gym_API-gttvbppsiybwtpahvrbhortrptkr/SourcePackages/checkouts/stream-chat-swift/Sources/StreamChatUI/Appearance+Images.swift /Users/alexmontesino/Library/Developer/Xcode/DerivedData/Gym_API-gttvbppsiybwtpahvrbhortrptkr/SourcePackages/checkouts/stream-chat-swift/Sources/StreamChatUI/Appearance+SwiftUI.swift /Users/alexmontesino/Library/Developer/Xcode/DerivedData/Gym_API-gttvbppsiybwtpahvrbhortrptkr/SourcePackages/checkouts/stream-chat-swift/Sources/StreamChatUI/Appearance.swift /Users/alexmontesino/Library/Developer/Xcode/DerivedData/Gym_API-gttvbppsiybwtpahvrbhortrptkr/SourcePackages/checkouts/stream-chat-swift/Sources/StreamChatUI/AppearanceProvider.swift /Users/alexmontesino/Library/Developer/Xcode/DerivedData/Gym_API-gttvbppsiybwtpahvrbhortrptkr/SourcePackages/checkouts/stream-chat-swift/Sources/StreamChatUI/ChatChannel/ChatChannelHeaderView.swift /Users/alexmontesino/Library/Developer/Xcode/DerivedData/Gym_API-gttvbppsiybwtpahvrbhortrptkr/SourcePackages/checkouts/stream-chat-swift/Sources/StreamChatUI/ChatChannel/ChatChannelVC+SwiftUI.swift /Users/alexmontesino/Library/Developer/Xcode/DerivedData/Gym_API-gttvbppsiybwtpahvrbhortrptkr/SourcePackages/checkouts/stream-chat-swift/Sources/StreamChatUI/ChatChannel/ChatChannelVC.swift /Users/alexmontesino/Library/Developer/Xcode/DerivedData/Gym_API-gttvbppsiybwtpahvrbhortrptkr/SourcePackages/checkouts/stream-chat-swift/Sources/StreamChatUI/ChatChannel/StreamModalTransitioningDelegate.swift (in target 'StreamChatUI' from project 'StreamChat')

SwiftCompile normal arm64 /Users/alexmontesino/Library/Developer/Xcode/DerivedData/Gym_API-gttvbppsiybwtpahvrbhortrptkr/Build/Intermediates.noindex/StreamChat.build/Debug-iphonesimulator/StreamChatUI.build/DerivedSources/resource_bundle_accessor.swift (in target 'StreamChatUI' from project 'StreamChat')
    cd /Users/alexmontesino/Documents/GYM-API-IOS/Gym_API/Gym_API.xcodeproj
    

SwiftCompile normal arm64 /Users/alexmontesino/Library/Developer/Xcode/DerivedData/Gym_API-gttvbppsiybwtpahvrbhortrptkr/SourcePackages/checkouts/stream-chat-swift/Sources/StreamChatUI/Appearance+ColorPalette.swift (in target 'StreamChatUI' from project 'StreamChat')
    cd /Users/alexmontesino/Documents/GYM-API-IOS/Gym_API/Gym_API.xcodeproj
    

SwiftCompile normal arm64 /Users/alexmontesino/Library/Developer/Xcode/DerivedData/Gym_API-gttvbppsiybwtpahvrbhortrptkr/SourcePackages/checkouts/stream-chat-swift/Sources/StreamChatUI/Appearance+Fonts.swift (in target 'StreamChatUI' from project 'StreamChat')
    cd /Users/alexmontesino/Documents/GYM-API-IOS/Gym_API/Gym_API.xcodeproj
    

SwiftCompile normal arm64 /Users/alexmontesino/Library/Developer/Xcode/DerivedData/Gym_API-gttvbppsiybwtpahvrbhortrptkr/SourcePackages/checkouts/stream-chat-swift/Sources/StreamChatUI/Appearance+Formatters/Appearance+Formatters.swift (in target 'StreamChatUI' from project 'StreamChat')
    cd /Users/alexmontesino/Documents/GYM-API-IOS/Gym_API/Gym_API.xcodeproj
    

SwiftCompile normal arm64 /Users/alexmontesino/Library/Developer/Xcode/DerivedData/Gym_API-gttvbppsiybwtpahvrbhortrptkr/SourcePackages/checkouts/stream-chat-swift/Sources/StreamChatUI/Appearance+Formatters/AudioPlaybackRateFormatter.swift (in target 'StreamChatUI' from project 'StreamChat')
    cd /Users/alexmontesino/Documents/GYM-API-IOS/Gym_API/Gym_API.xcodeproj
    

SwiftCompile normal arm64 /Users/alexmontesino/Library/Developer/Xcode/DerivedData/Gym_API-gttvbppsiybwtpahvrbhortrptkr/SourcePackages/checkouts/stream-chat-swift/Sources/StreamChatUI/Appearance+Formatters/AudioRecordingNameFormatter.swift (in target 'StreamChatUI' from project 'StreamChat')
    cd /Users/alexmontesino/Documents/GYM-API-IOS/Gym_API/Gym_API.xcodeproj
    

SwiftCompile normal arm64 /Users/alexmontesino/Library/Developer/Xcode/DerivedData/Gym_API-gttvbppsiybwtpahvrbhortrptkr/SourcePackages/checkouts/stream-chat-swift/Sources/StreamChatUI/Appearance+Formatters/Calendar+StreamCalendar.swift (in target 'StreamChatUI' from project 'StreamChat')
    cd /Users/alexmontesino/Documents/GYM-API-IOS/Gym_API/Gym_API.xcodeproj
    

SwiftCompile normal arm64 /Users/alexmontesino/Library/Developer/Xcode/DerivedData/Gym_API-gttvbppsiybwtpahvrbhortrptkr/SourcePackages/checkouts/stream-chat-swift/Sources/StreamChatUI/Appearance+Formatters/ChannelListMessageTimestampFormatter.swift (in target 'StreamChatUI' from project 'StreamChat')
    cd /Users/alexmontesino/Documents/GYM-API-IOS/Gym_API/Gym_API.xcodeproj
    

SwiftCompile normal arm64 /Users/alexmontesino/Library/Developer/Xcode/DerivedData/Gym_API-gttvbppsiybwtpahvrbhortrptkr/SourcePackages/checkouts/stream-chat-swift/Sources/StreamChatUI/Appearance+Formatters/ChannelNameFormatter.swift (in target 'StreamChatUI' from project 'StreamChat')
    cd /Users/alexmontesino/Documents/GYM-API-IOS/Gym_API/Gym_API.xcodeproj
    

SwiftCompile normal arm64 /Users/alexmontesino/Library/Developer/Xcode/DerivedData/Gym_API-gttvbppsiybwtpahvrbhortrptkr/SourcePackages/checkouts/stream-chat-swift/Sources/StreamChatUI/Appearance+Formatters/MarkdownFormatter.swift (in target 'StreamChatUI' from project 'StreamChat')
    cd /Users/alexmontesino/Documents/GYM-API-IOS/Gym_API/Gym_API.xcodeproj
    

SwiftCompile normal arm64 /Users/alexmontesino/Library/Developer/Xcode/DerivedData/Gym_API-gttvbppsiybwtpahvrbhortrptkr/SourcePackages/checkouts/stream-chat-swift/Sources/StreamChatUI/Appearance+Formatters/MessageDateSeparatorFormatter.swift (in target 'StreamChatUI' from project 'StreamChat')
    cd /Users/alexmontesino/Documents/GYM-API-IOS/Gym_API/Gym_API.xcodeproj
    

SwiftCompile normal arm64 /Users/alexmontesino/Library/Developer/Xcode/DerivedData/Gym_API-gttvbppsiybwtpahvrbhortrptkr/SourcePackages/checkouts/stream-chat-swift/Sources/StreamChatUI/Appearance+Formatters/MessageTimestampFormatter.swift (in target 'StreamChatUI' from project 'StreamChat')
    cd /Users/alexmontesino/Documents/GYM-API-IOS/Gym_API/Gym_API.xcodeproj
    

SwiftCompile normal arm64 /Users/alexmontesino/Library/Developer/Xcode/DerivedData/Gym_API-gttvbppsiybwtpahvrbhortrptkr/SourcePackages/checkouts/stream-chat-swift/Sources/StreamChatUI/Appearance+Formatters/PollTimestampFormatter.swift (in target 'StreamChatUI' from project 'StreamChat')
    cd /Users/alexmontesino/Documents/GYM-API-IOS/Gym_API/Gym_API.xcodeproj
    

SwiftCompile normal arm64 /Users/alexmontesino/Library/Developer/Xcode/DerivedData/Gym_API-gttvbppsiybwtpahvrbhortrptkr/SourcePackages/checkouts/stream-chat-swift/Sources/StreamChatUI/Appearance+Formatters/UploadingProgressFormatter.swift (in target 'StreamChatUI' from project 'StreamChat')
    cd /Users/alexmontesino/Documents/GYM-API-IOS/Gym_API/Gym_API.xcodeproj
    

SwiftCompile normal arm64 /Users/alexmontesino/Library/Developer/Xcode/DerivedData/Gym_API-gttvbppsiybwtpahvrbhortrptkr/SourcePackages/checkouts/stream-chat-swift/Sources/StreamChatUI/Appearance+Formatters/UserLastActivityFormatter.swift (in target 'StreamChatUI' from project 'StreamChat')
    cd /Users/alexmontesino/Documents/GYM-API-IOS/Gym_API/Gym_API.xcodeproj
    

SwiftCompile normal arm64 /Users/alexmontesino/Library/Developer/Xcode/DerivedData/Gym_API-gttvbppsiybwtpahvrbhortrptkr/SourcePackages/checkouts/stream-chat-swift/Sources/StreamChatUI/Appearance+Formatters/VideoDurationFormatter.swift (in target 'StreamChatUI' from project 'StreamChat')
    cd /Users/alexmontesino/Documents/GYM-API-IOS/Gym_API/Gym_API.xcodeproj
    

SwiftCompile normal arm64 /Users/alexmontesino/Library/Developer/Xcode/DerivedData/Gym_API-gttvbppsiybwtpahvrbhortrptkr/SourcePackages/checkouts/stream-chat-swift/Sources/StreamChatUI/Appearance+Images.swift (in target 'StreamChatUI' from project 'StreamChat')
    cd /Users/alexmontesino/Documents/GYM-API-IOS/Gym_API/Gym_API.xcodeproj
    

SwiftCompile normal arm64 /Users/alexmontesino/Library/Developer/Xcode/DerivedData/Gym_API-gttvbppsiybwtpahvrbhortrptkr/SourcePackages/checkouts/stream-chat-swift/Sources/StreamChatUI/Appearance+SwiftUI.swift (in target 'StreamChatUI' from project 'StreamChat')
    cd /Users/alexmontesino/Documents/GYM-API-IOS/Gym_API/Gym_API.xcodeproj
    

SwiftCompile normal arm64 /Users/alexmontesino/Library/Developer/Xcode/DerivedData/Gym_API-gttvbppsiybwtpahvrbhortrptkr/SourcePackages/checkouts/stream-chat-swift/Sources/StreamChatUI/Appearance.swift (in target 'StreamChatUI' from project 'StreamChat')
    cd /Users/alexmontesino/Documents/GYM-API-IOS/Gym_API/Gym_API.xcodeproj
    

SwiftCompile normal arm64 /Users/alexmontesino/Library/Developer/Xcode/DerivedData/Gym_API-gttvbppsiybwtpahvrbhortrptkr/SourcePackages/checkouts/stream-chat-swift/Sources/StreamChatUI/AppearanceProvider.swift (in target 'StreamChatUI' from project 'StreamChat')
    cd /Users/alexmontesino/Documents/GYM-API-IOS/Gym_API/Gym_API.xcodeproj
    

SwiftCompile normal arm64 /Users/alexmontesino/Library/Developer/Xcode/DerivedData/Gym_API-gttvbppsiybwtpahvrbhortrptkr/SourcePackages/checkouts/stream-chat-swift/Sources/StreamChatUI/ChatChannel/ChatChannelHeaderView.swift (in target 'StreamChatUI' from project 'StreamChat')
    cd /Users/alexmontesino/Documents/GYM-API-IOS/Gym_API/Gym_API.xcodeproj
    

SwiftCompile normal arm64 /Users/alexmontesino/Library/Developer/Xcode/DerivedData/Gym_API-gttvbppsiybwtpahvrbhortrptkr/SourcePackages/checkouts/stream-chat-swift/Sources/StreamChatUI/ChatChannel/ChatChannelVC+SwiftUI.swift (in target 'StreamChatUI' from project 'StreamChat')
    cd /Users/alexmontesino/Documents/GYM-API-IOS/Gym_API/Gym_API.xcodeproj
    

SwiftCompile normal arm64 /Users/alexmontesino/Library/Developer/Xcode/DerivedData/Gym_API-gttvbppsiybwtpahvrbhortrptkr/SourcePackages/checkouts/stream-chat-swift/Sources/StreamChatUI/ChatChannel/ChatChannelVC.swift (in target 'StreamChatUI' from project 'StreamChat')
    cd /Users/alexmontesino/Documents/GYM-API-IOS/Gym_API/Gym_API.xcodeproj
    

SwiftCompile normal arm64 /Users/alexmontesino/Library/Developer/Xcode/DerivedData/Gym_API-gttvbppsiybwtpahvrbhortrptkr/SourcePackages/checkouts/stream-chat-swift/Sources/StreamChatUI/ChatChannel/StreamModalTransitioningDelegate.swift (in target 'StreamChatUI' from project 'StreamChat')
    cd /Users/alexmontesino/Documents/GYM-API-IOS/Gym_API/Gym_API.xcodeproj
    

SwiftMergeGeneratedHeaders /Users/alexmontesino/Library/Developer/Xcode/DerivedData/Gym_API-gttvbppsiybwtpahvrbhortrptkr/Build/Intermediates.noindex/GeneratedModuleMaps-iphonesimulator/StreamChatUI-Swift.h /Users/alexmontesino/Library/Developer/Xcode/DerivedData/Gym_API-gttvbppsiybwtpahvrbhortrptkr/Build/Intermediates.noindex/StreamChat.build/Debug-iphonesimulator/StreamChatUI.build/Objects-normal/arm64/StreamChatUI-Swift.h (in target 'StreamChatUI' from project 'StreamChat')
    cd /Users/alexmontesino/Library/Developer/Xcode/DerivedData/Gym_API-gttvbppsiybwtpahvrbhortrptkr/SourcePackages/checkouts/stream-chat-swift
    builtin-swiftHeaderTool -arch arm64 /Users/alexmontesino/Library/Developer/Xcode/DerivedData/Gym_API-gttvbppsiybwtpahvrbhortrptkr/Build/Intermediates.noindex/StreamChat.build/Debug-iphonesimulator/StreamChatUI.build/Objects-normal/arm64/StreamChatUI-Swift.h -o /Users/alexmontesino/Library/Developer/Xcode/DerivedData/Gym_API-gttvbppsiybwtpahvrbhortrptkr/Build/Intermediates.noindex/GeneratedModuleMaps-iphonesimulator/StreamChatUI-Swift.h

SwiftDriverJobDiscovery normal arm64 Compiling FileAttachmentViewInjector.swift, ChatMessageGalleryView.swift, ChatMessageImageGallery+ImagePreview.swift, GalleryAttachmentViewInjector.swift, VideoAttachmentGalleryPreview.swift, ChatMessageGiphyView+GiphyBadge.swift, ChatMessageGiphyView.swift, ChatMessageInteractiveAttachmentView+ActionButton.swift, ChatMessageInteractiveAttachmentView.swift, GiphyAttachmentViewInjector.swift, ChatMessageLinkPreviewView.swift, LinkAttachmentViewInjector.swift, MixedAttachmentViewInjector.swift, PollAllOptionsListItemCell.swift, PollAllOptionsListVC.swift, PollAttachmentOptionListItemView.swift, PollAttachmentOptionListView.swift, PollAttachmentView.swift, PollAttachmentViewInjector.swift, PollCommentListItemCell.swift, PollCommentListItemView.swift, PollCommentListSectionFooterView.swift, PollCommentListSectionHeaderView.swift, PollCommentListVC.swift (in target 'StreamChatUI' from project 'StreamChat')

Copy /Users/alexmontesino/Library/Developer/Xcode/DerivedData/Gym_API-gttvbppsiybwtpahvrbhortrptkr/Build/Products/Debug-iphonesimulator/StreamChatUI.swiftmodule/arm64-apple-ios-simulator.swiftmodule /Users/alexmontesino/Library/Developer/Xcode/DerivedData/Gym_API-gttvbppsiybwtpahvrbhortrptkr/Build/Intermediates.noindex/StreamChat.build/Debug-iphonesimulator/StreamChatUI.build/Objects-normal/arm64/StreamChatUI.swiftmodule (in target 'StreamChatUI' from project 'StreamChat')
    cd /Users/alexmontesino/Library/Developer/Xcode/DerivedData/Gym_API-gttvbppsiybwtpahvrbhortrptkr/SourcePackages/checkouts/stream-chat-swift
    builtin-copy -exclude .DS_Store -exclude CVS -exclude .svn -exclude .git -exclude .hg -resolve-src-symlinks -rename /Users/alexmontesino/Library/Developer/Xcode/DerivedData/Gym_API-gttvbppsiybwtpahvrbhortrptkr/Build/Intermediates.noindex/StreamChat.build/Debug-iphonesimulator/StreamChatUI.build/Objects-normal/arm64/StreamChatUI.swiftmodule /Users/alexmontesino/Library/Developer/Xcode/DerivedData/Gym_API-gttvbppsiybwtpahvrbhortrptkr/Build/Products/Debug-iphonesimulator/StreamChatUI.swiftmodule/arm64-apple-ios-simulator.swiftmodule

Copy /Users/alexmontesino/Library/Developer/Xcode/DerivedData/Gym_API-gttvbppsiybwtpahvrbhortrptkr/Build/Products/Debug-iphonesimulator/StreamChatUI.swiftmodule/arm64-apple-ios-simulator.swiftdoc /Users/alexmontesino/Library/Developer/Xcode/DerivedData/Gym_API-gttvbppsiybwtpahvrbhortrptkr/Build/Intermediates.noindex/StreamChat.build/Debug-iphonesimulator/StreamChatUI.build/Objects-normal/arm64/StreamChatUI.swiftdoc (in target 'StreamChatUI' from project 'StreamChat')
    cd /Users/alexmontesino/Library/Developer/Xcode/DerivedData/Gym_API-gttvbppsiybwtpahvrbhortrptkr/SourcePackages/checkouts/stream-chat-swift
    builtin-copy -exclude .DS_Store -exclude CVS -exclude .svn -exclude .git -exclude .hg -resolve-src-symlinks -rename /Users/alexmontesino/Library/Developer/Xcode/DerivedData/Gym_API-gttvbppsiybwtpahvrbhortrptkr/Build/Intermediates.noindex/StreamChat.build/Debug-iphonesimulator/StreamChatUI.build/Objects-normal/arm64/StreamChatUI.swiftdoc /Users/alexmontesino/Library/Developer/Xcode/DerivedData/Gym_API-gttvbppsiybwtpahvrbhortrptkr/Build/Products/Debug-iphonesimulator/StreamChatUI.swiftmodule/arm64-apple-ios-simulator.swiftdoc

Copy /Users/alexmontesino/Library/Developer/Xcode/DerivedData/Gym_API-gttvbppsiybwtpahvrbhortrptkr/Build/Products/Debug-iphonesimulator/StreamChatUI.swiftmodule/arm64-apple-ios-simulator.abi.json /Users/alexmontesino/Library/Developer/Xcode/DerivedData/Gym_API-gttvbppsiybwtpahvrbhortrptkr/Build/Intermediates.noindex/StreamChat.build/Debug-iphonesimulator/StreamChatUI.build/Objects-normal/arm64/StreamChatUI.abi.json (in target 'StreamChatUI' from project 'StreamChat')
    cd /Users/alexmontesino/Library/Developer/Xcode/DerivedData/Gym_API-gttvbppsiybwtpahvrbhortrptkr/SourcePackages/checkouts/stream-chat-swift
    builtin-copy -exclude .DS_Store -exclude CVS -exclude .svn -exclude .git -exclude .hg -resolve-src-symlinks -rename /Users/alexmontesino/Library/Developer/Xcode/DerivedData/Gym_API-gttvbppsiybwtpahvrbhortrptkr/Build/Intermediates.noindex/StreamChat.build/Debug-iphonesimulator/StreamChatUI.build/Objects-normal/arm64/StreamChatUI.abi.json /Users/alexmontesino/Library/Developer/Xcode/DerivedData/Gym_API-gttvbppsiybwtpahvrbhortrptkr/Build/Products/Debug-iphonesimulator/StreamChatUI.swiftmodule/arm64-apple-ios-simulator.abi.json

Copy /Users/alexmontesino/Library/Developer/Xcode/DerivedData/Gym_API-gttvbppsiybwtpahvrbhortrptkr/Build/Products/Debug-iphonesimulator/StreamChatUI.swiftmodule/Project/arm64-apple-ios-simulator.swiftsourceinfo /Users/alexmontesino/Library/Developer/Xcode/DerivedData/Gym_API-gttvbppsiybwtpahvrbhortrptkr/Build/Intermediates.noindex/StreamChat.build/Debug-iphonesimulator/StreamChatUI.build/Objects-normal/arm64/StreamChatUI.swiftsourceinfo (in target 'StreamChatUI' from project 'StreamChat')
    cd /Users/alexmontesino/Library/Developer/Xcode/DerivedData/Gym_API-gttvbppsiybwtpahvrbhortrptkr/SourcePackages/checkouts/stream-chat-swift
    builtin-copy -exclude .DS_Store -exclude CVS -exclude .svn -exclude .git -exclude .hg -resolve-src-symlinks -rename /Users/alexmontesino/Library/Developer/Xcode/DerivedData/Gym_API-gttvbppsiybwtpahvrbhortrptkr/Build/Intermediates.noindex/StreamChat.build/Debug-iphonesimulator/StreamChatUI.build/Objects-normal/arm64/StreamChatUI.swiftsourceinfo /Users/alexmontesino/Library/Developer/Xcode/DerivedData/Gym_API-gttvbppsiybwtpahvrbhortrptkr/Build/Products/Debug-iphonesimulator/StreamChatUI.swiftmodule/Project/arm64-apple-ios-simulator.swiftsourceinfo

SwiftCompile normal arm64 Compiling\ ChatSuggestionsHeaderView.swift,\ ChatSuggestionsVC.swift,\ TypingSuggester.swift,\ Deprecations.swift,\ GalleryCollectionViewCell.swift,\ ImageAttachmentGalleryCell.swift,\ VideoAttachmentGalleryCell.swift,\ GalleryVC.swift,\ VideoPlaybackControlView.swift,\ ZoomAnimator.swift,\ ZoomDismissalInteractionController.swift,\ ZoomTransitionController.swift,\ L10n.swift,\ ChatMessageActionControl.swift,\ ChatMessageActionItem.swift,\ ChatMessageActionsVC.swift,\ ChatMessagePopupVC.swift,\ MessageActionsTransitionController.swift,\ AlertsRouter.swift,\ ChatChannelListRouter.swift,\ ChatMessageListRouter.swift,\ ChatThreadListRouter.swift,\ NavigationRouter.swift,\ NavigationVC.swift /Users/alexmontesino/Library/Developer/Xcode/DerivedData/Gym_API-gttvbppsiybwtpahvrbhortrptkr/SourcePackages/checkouts/stream-chat-swift/Sources/StreamChatUI/Composer/Suggestions/ChatSuggestionsHeaderView.swift /Users/alexmontesino/Library/Developer/Xcode/DerivedData/Gym_API-gttvbppsiybwtpahvrbhortrptkr/SourcePackages/checkouts/stream-chat-swift/Sources/StreamChatUI/Composer/Suggestions/ChatSuggestionsVC.swift /Users/alexmontesino/Library/Developer/Xcode/DerivedData/Gym_API-gttvbppsiybwtpahvrbhortrptkr/SourcePackages/checkouts/stream-chat-swift/Sources/StreamChatUI/Composer/TypingSuggester.swift /Users/alexmontesino/Library/Developer/Xcode/DerivedData/Gym_API-gttvbppsiybwtpahvrbhortrptkr/SourcePackages/checkouts/stream-chat-swift/Sources/StreamChatUI/Deprecations.swift /Users/alexmontesino/Library/Developer/Xcode/DerivedData/Gym_API-gttvbppsiybwtpahvrbhortrptkr/SourcePackages/checkouts/stream-chat-swift/Sources/StreamChatUI/Gallery/Cells/GalleryCollectionViewCell.swift /Users/alexmontesino/Library/Developer/Xcode/DerivedData/Gym_API-gttvbppsiybwtpahvrbhortrptkr/SourcePackages/checkouts/stream-chat-swift/Sources/StreamChatUI/Gallery/Cells/ImageAttachmentGalleryCell.swift /Users/alexmontesino/Library/Developer/Xcode/DerivedData/Gym_API-gttvbppsiybwtpahvrbhortrptkr/SourcePackages/checkouts/stream-chat-swift/Sources/StreamChatUI/Gallery/Cells/VideoAttachmentGalleryCell.swift /Users/alexmontesino/Library/Developer/Xcode/DerivedData/Gym_API-gttvbppsiybwtpahvrbhortrptkr/SourcePackages/checkouts/stream-chat-swift/Sources/StreamChatUI/Gallery/GalleryVC.swift /Users/alexmontesino/Library/Developer/Xcode/DerivedData/Gym_API-gttvbppsiybwtpahvrbhortrptkr/SourcePackages/checkouts/stream-chat-swift/Sources/StreamChatUI/Gallery/VideoPlaybackControlView.swift /Users/alexmontesino/Library/Developer/Xcode/DerivedData/Gym_API-gttvbppsiybwtpahvrbhortrptkr/SourcePackages/checkouts/stream-chat-swift/Sources/StreamChatUI/Gallery/ZoomAnimator.swift /Users/alexmontesino/Library/Developer/Xcode/DerivedData/Gym_API-gttvbppsiybwtpahvrbhortrptkr/SourcePackages/checkouts/stream-chat-swift/Sources/StreamChatUI/Gallery/ZoomDismissalInteractionController.swift /Users/alexmontesino/Library/Developer/Xcode/DerivedData/Gym_API-gttvbppsiybwtpahvrbhortrptkr/SourcePackages/checkouts/stream-chat-swift/Sources/StreamChatUI/Gallery/ZoomTransitionController.swift /Users/alexmontesino/Library/Developer/Xcode/DerivedData/Gym_API-gttvbppsiybwtpahvrbhortrptkr/SourcePackages/checkouts/stream-chat-swift/Sources/StreamChatUI/Generated/L10n.swift /Users/alexmontesino/Library/Developer/Xcode/DerivedData/Gym_API-gttvbppsiybwtpahvrbhortrptkr/SourcePackages/checkouts/stream-chat-swift/Sources/StreamChatUI/MessageActionsPopup/ChatMessageActionControl.swift /Users/alexmontesino/Library/Developer/Xcode/DerivedData/Gym_API-gttvbppsiybwtpahvrbhortrptkr/SourcePackages/checkouts/stream-chat-swift/Sources/StreamChatUI/MessageActionsPopup/ChatMessageActionItem.swift /Users/alexmontesino/Library/Developer/Xcode/DerivedData/Gym_API-gttvbppsiybwtpahvrbhortrptkr/SourcePackages/checkouts/stream-chat-swift/Sources/StreamChatUI/MessageActionsPopup/ChatMessageActionsVC.swift /Users/alexmontesino/Library/Developer/Xcode/DerivedData/Gym_API-gttvbppsiybwtpahvrbhortrptkr/SourcePackages/checkouts/stream-chat-swift/Sources/StreamChatUI/MessageActionsPopup/ChatMessagePopupVC.swift /Users/alexmontesino/Library/Developer/Xcode/DerivedData/Gym_API-gttvbppsiybwtpahvrbhortrptkr/SourcePackages/checkouts/stream-chat-swift/Sources/StreamChatUI/MessageActionsPopup/MessageActionsTransitionController.swift /Users/alexmontesino/Library/Developer/Xcode/DerivedData/Gym_API-gttvbppsiybwtpahvrbhortrptkr/SourcePackages/checkouts/stream-chat-swift/Sources/StreamChatUI/Navigation/AlertsRouter.swift /Users/alexmontesino/Library/Developer/Xcode/DerivedData/Gym_API-gttvbppsiybwtpahvrbhortrptkr/SourcePackages/checkouts/stream-chat-swift/Sources/StreamChatUI/Navigation/ChatChannelListRouter.swift /Users/alexmontesino/Library/Developer/Xcode/DerivedData/Gym_API-gttvbppsiybwtpahvrbhortrptkr/SourcePackages/checkouts/stream-chat-swift/Sources/StreamChatUI/Navigation/ChatMessageListRouter.swift /Users/alexmontesino/Library/Developer/Xcode/DerivedData/Gym_API-gttvbppsiybwtpahvrbhortrptkr/SourcePackages/checkouts/stream-chat-swift/Sources/StreamChatUI/Navigation/ChatThreadListRouter.swift /Users/alexmontesino/Library/Developer/Xcode/DerivedData/Gym_API-gttvbppsiybwtpahvrbhortrptkr/SourcePackages/checkouts/stream-chat-swift/Sources/StreamChatUI/Navigation/NavigationRouter.swift /Users/alexmontesino/Library/Developer/Xcode/DerivedData/Gym_API-gttvbppsiybwtpahvrbhortrptkr/SourcePackages/checkouts/stream-chat-swift/Sources/StreamChatUI/Navigation/NavigationVC.swift (in target 'StreamChatUI' from project 'StreamChat')
SwiftCompile normal arm64 /Users/alexmontesino/Library/Developer/Xcode/DerivedData/Gym_API-gttvbppsiybwtpahvrbhortrptkr/SourcePackages/checkouts/stream-chat-swift/Sources/StreamChatUI/Composer/Suggestions/ChatSuggestionsHeaderView.swift (in target 'StreamChatUI' from project 'StreamChat')
    cd /Users/alexmontesino/Documents/GYM-API-IOS/Gym_API/Gym_API.xcodeproj
    

SwiftCompile normal arm64 /Users/alexmontesino/Library/Developer/Xcode/DerivedData/Gym_API-gttvbppsiybwtpahvrbhortrptkr/SourcePackages/checkouts/stream-chat-swift/Sources/StreamChatUI/Composer/Suggestions/ChatSuggestionsVC.swift (in target 'StreamChatUI' from project 'StreamChat')
    cd /Users/alexmontesino/Documents/GYM-API-IOS/Gym_API/Gym_API.xcodeproj
    

SwiftCompile normal arm64 /Users/alexmontesino/Library/Developer/Xcode/DerivedData/Gym_API-gttvbppsiybwtpahvrbhortrptkr/SourcePackages/checkouts/stream-chat-swift/Sources/StreamChatUI/Composer/TypingSuggester.swift (in target 'StreamChatUI' from project 'StreamChat')
    cd /Users/alexmontesino/Documents/GYM-API-IOS/Gym_API/Gym_API.xcodeproj
    

SwiftCompile normal arm64 /Users/alexmontesino/Library/Developer/Xcode/DerivedData/Gym_API-gttvbppsiybwtpahvrbhortrptkr/SourcePackages/checkouts/stream-chat-swift/Sources/StreamChatUI/Deprecations.swift (in target 'StreamChatUI' from project 'StreamChat')
    cd /Users/alexmontesino/Documents/GYM-API-IOS/Gym_API/Gym_API.xcodeproj
    

SwiftCompile normal arm64 /Users/alexmontesino/Library/Developer/Xcode/DerivedData/Gym_API-gttvbppsiybwtpahvrbhortrptkr/SourcePackages/checkouts/stream-chat-swift/Sources/StreamChatUI/Gallery/Cells/GalleryCollectionViewCell.swift (in target 'StreamChatUI' from project 'StreamChat')
    cd /Users/alexmontesino/Documents/GYM-API-IOS/Gym_API/Gym_API.xcodeproj
    

SwiftCompile normal arm64 /Users/alexmontesino/Library/Developer/Xcode/DerivedData/Gym_API-gttvbppsiybwtpahvrbhortrptkr/SourcePackages/checkouts/stream-chat-swift/Sources/StreamChatUI/Gallery/Cells/ImageAttachmentGalleryCell.swift (in target 'StreamChatUI' from project 'StreamChat')
    cd /Users/alexmontesino/Documents/GYM-API-IOS/Gym_API/Gym_API.xcodeproj
    

SwiftCompile normal arm64 /Users/alexmontesino/Library/Developer/Xcode/DerivedData/Gym_API-gttvbppsiybwtpahvrbhortrptkr/SourcePackages/checkouts/stream-chat-swift/Sources/StreamChatUI/Gallery/Cells/VideoAttachmentGalleryCell.swift (in target 'StreamChatUI' from project 'StreamChat')
    cd /Users/alexmontesino/Documents/GYM-API-IOS/Gym_API/Gym_API.xcodeproj
    

SwiftCompile normal arm64 /Users/alexmontesino/Library/Developer/Xcode/DerivedData/Gym_API-gttvbppsiybwtpahvrbhortrptkr/SourcePackages/checkouts/stream-chat-swift/Sources/StreamChatUI/Gallery/GalleryVC.swift (in target 'StreamChatUI' from project 'StreamChat')
    cd /Users/alexmontesino/Documents/GYM-API-IOS/Gym_API/Gym_API.xcodeproj
    

SwiftCompile normal arm64 /Users/alexmontesino/Library/Developer/Xcode/DerivedData/Gym_API-gttvbppsiybwtpahvrbhortrptkr/SourcePackages/checkouts/stream-chat-swift/Sources/StreamChatUI/Gallery/VideoPlaybackControlView.swift (in target 'StreamChatUI' from project 'StreamChat')
    cd /Users/alexmontesino/Documents/GYM-API-IOS/Gym_API/Gym_API.xcodeproj
    

SwiftCompile normal arm64 /Users/alexmontesino/Library/Developer/Xcode/DerivedData/Gym_API-gttvbppsiybwtpahvrbhortrptkr/SourcePackages/checkouts/stream-chat-swift/Sources/StreamChatUI/Gallery/ZoomAnimator.swift (in target 'StreamChatUI' from project 'StreamChat')
    cd /Users/alexmontesino/Documents/GYM-API-IOS/Gym_API/Gym_API.xcodeproj
    

SwiftCompile normal arm64 /Users/alexmontesino/Library/Developer/Xcode/DerivedData/Gym_API-gttvbppsiybwtpahvrbhortrptkr/SourcePackages/checkouts/stream-chat-swift/Sources/StreamChatUI/Gallery/ZoomDismissalInteractionController.swift (in target 'StreamChatUI' from project 'StreamChat')
    cd /Users/alexmontesino/Documents/GYM-API-IOS/Gym_API/Gym_API.xcodeproj
    

SwiftCompile normal arm64 /Users/alexmontesino/Library/Developer/Xcode/DerivedData/Gym_API-gttvbppsiybwtpahvrbhortrptkr/SourcePackages/checkouts/stream-chat-swift/Sources/StreamChatUI/Gallery/ZoomTransitionController.swift (in target 'StreamChatUI' from project 'StreamChat')
    cd /Users/alexmontesino/Documents/GYM-API-IOS/Gym_API/Gym_API.xcodeproj
    

SwiftCompile normal arm64 /Users/alexmontesino/Library/Developer/Xcode/DerivedData/Gym_API-gttvbppsiybwtpahvrbhortrptkr/SourcePackages/checkouts/stream-chat-swift/Sources/StreamChatUI/Generated/L10n.swift (in target 'StreamChatUI' from project 'StreamChat')
    cd /Users/alexmontesino/Documents/GYM-API-IOS/Gym_API/Gym_API.xcodeproj
    

SwiftCompile normal arm64 /Users/alexmontesino/Library/Developer/Xcode/DerivedData/Gym_API-gttvbppsiybwtpahvrbhortrptkr/SourcePackages/checkouts/stream-chat-swift/Sources/StreamChatUI/MessageActionsPopup/ChatMessageActionControl.swift (in target 'StreamChatUI' from project 'StreamChat')
    cd /Users/alexmontesino/Documents/GYM-API-IOS/Gym_API/Gym_API.xcodeproj
    

SwiftCompile normal arm64 /Users/alexmontesino/Library/Developer/Xcode/DerivedData/Gym_API-gttvbppsiybwtpahvrbhortrptkr/SourcePackages/checkouts/stream-chat-swift/Sources/StreamChatUI/MessageActionsPopup/ChatMessageActionItem.swift (in target 'StreamChatUI' from project 'StreamChat')
    cd /Users/alexmontesino/Documents/GYM-API-IOS/Gym_API/Gym_API.xcodeproj
    

SwiftCompile normal arm64 /Users/alexmontesino/Library/Developer/Xcode/DerivedData/Gym_API-gttvbppsiybwtpahvrbhortrptkr/SourcePackages/checkouts/stream-chat-swift/Sources/StreamChatUI/MessageActionsPopup/ChatMessageActionsVC.swift (in target 'StreamChatUI' from project 'StreamChat')
    cd /Users/alexmontesino/Documents/GYM-API-IOS/Gym_API/Gym_API.xcodeproj
    

SwiftCompile normal arm64 /Users/alexmontesino/Library/Developer/Xcode/DerivedData/Gym_API-gttvbppsiybwtpahvrbhortrptkr/SourcePackages/checkouts/stream-chat-swift/Sources/StreamChatUI/MessageActionsPopup/ChatMessagePopupVC.swift (in target 'StreamChatUI' from project 'StreamChat')
    cd /Users/alexmontesino/Documents/GYM-API-IOS/Gym_API/Gym_API.xcodeproj
    

SwiftCompile normal arm64 /Users/alexmontesino/Library/Developer/Xcode/DerivedData/Gym_API-gttvbppsiybwtpahvrbhortrptkr/SourcePackages/checkouts/stream-chat-swift/Sources/StreamChatUI/MessageActionsPopup/MessageActionsTransitionController.swift (in target 'StreamChatUI' from project 'StreamChat')
    cd /Users/alexmontesino/Documents/GYM-API-IOS/Gym_API/Gym_API.xcodeproj
    

SwiftCompile normal arm64 /Users/alexmontesino/Library/Developer/Xcode/DerivedData/Gym_API-gttvbppsiybwtpahvrbhortrptkr/SourcePackages/checkouts/stream-chat-swift/Sources/StreamChatUI/Navigation/AlertsRouter.swift (in target 'StreamChatUI' from project 'StreamChat')
    cd /Users/alexmontesino/Documents/GYM-API-IOS/Gym_API/Gym_API.xcodeproj
    

SwiftCompile normal arm64 /Users/alexmontesino/Library/Developer/Xcode/DerivedData/Gym_API-gttvbppsiybwtpahvrbhortrptkr/SourcePackages/checkouts/stream-chat-swift/Sources/StreamChatUI/Navigation/ChatChannelListRouter.swift (in target 'StreamChatUI' from project 'StreamChat')
    cd /Users/alexmontesino/Documents/GYM-API-IOS/Gym_API/Gym_API.xcodeproj
    

SwiftCompile normal arm64 /Users/alexmontesino/Library/Developer/Xcode/DerivedData/Gym_API-gttvbppsiybwtpahvrbhortrptkr/SourcePackages/checkouts/stream-chat-swift/Sources/StreamChatUI/Navigation/ChatMessageListRouter.swift (in target 'StreamChatUI' from project 'StreamChat')
    cd /Users/alexmontesino/Documents/GYM-API-IOS/Gym_API/Gym_API.xcodeproj
    

SwiftCompile normal arm64 /Users/alexmontesino/Library/Developer/Xcode/DerivedData/Gym_API-gttvbppsiybwtpahvrbhortrptkr/SourcePackages/checkouts/stream-chat-swift/Sources/StreamChatUI/Navigation/ChatThreadListRouter.swift (in target 'StreamChatUI' from project 'StreamChat')
    cd /Users/alexmontesino/Documents/GYM-API-IOS/Gym_API/Gym_API.xcodeproj
    

SwiftCompile normal arm64 /Users/alexmontesino/Library/Developer/Xcode/DerivedData/Gym_API-gttvbppsiybwtpahvrbhortrptkr/SourcePackages/checkouts/stream-chat-swift/Sources/StreamChatUI/Navigation/NavigationRouter.swift (in target 'StreamChatUI' from project 'StreamChat')
    cd /Users/alexmontesino/Documents/GYM-API-IOS/Gym_API/Gym_API.xcodeproj
    

SwiftCompile normal arm64 /Users/alexmontesino/Library/Developer/Xcode/DerivedData/Gym_API-gttvbppsiybwtpahvrbhortrptkr/SourcePackages/checkouts/stream-chat-swift/Sources/StreamChatUI/Navigation/NavigationVC.swift (in target 'StreamChatUI' from project 'StreamChat')
    cd /Users/alexmontesino/Documents/GYM-API-IOS/Gym_API/Gym_API.xcodeproj
    

SwiftCompile normal arm64 Compiling\ CellActionView.swift,\ ChatChannelListCollectionViewCell.swift,\ ChatChannelListCollectionViewDelegate.swift,\ ChatChannelListEmptyView.swift,\ ChatChannelListErrorView.swift,\ ChatChannelListItemView+SwiftUI.swift,\ ChatChannelListItemView.swift,\ ChatChannelListLoadingView.swift,\ ChatChannelListLoadingViewCell.swift,\ ChatChannelListLoadingViewCellContentView.swift,\ ChatChannelListVC+SwiftUI.swift,\ ChatChannelListVC.swift,\ ChatChannelUnreadCountView+SwiftUI.swift,\ ChatChannelUnreadCountView.swift,\ ChannelListSearchStrategy.swift,\ ChatChannelListSearchVC.swift,\ ChatChannelSearchVC.swift,\ ChatMessageSearchVC.swift,\ SwipeableView.swift,\ AttachmentViewCatalog.swift,\ AttachmentViewInjector.swift,\ ChatMessageAttachmentPreviewVC.swift,\ ChatFileAttachmentListView+ItemView.swift,\ ChatMessageFileAttachmentListView.swift /Users/alexmontesino/Library/Developer/Xcode/DerivedData/Gym_API-gttvbppsiybwtpahvrbhortrptkr/SourcePackages/checkouts/stream-chat-swift/Sources/StreamChatUI/ChatChannelList/CellActionView.swift /Users/alexmontesino/Library/Developer/Xcode/DerivedData/Gym_API-gttvbppsiybwtpahvrbhortrptkr/SourcePackages/checkouts/stream-chat-swift/Sources/StreamChatUI/ChatChannelList/ChatChannelListCollectionViewCell.swift /Users/alexmontesino/Library/Developer/Xcode/DerivedData/Gym_API-gttvbppsiybwtpahvrbhortrptkr/SourcePackages/checkouts/stream-chat-swift/Sources/StreamChatUI/ChatChannelList/ChatChannelListCollectionViewDelegate.swift /Users/alexmontesino/Library/Developer/Xcode/DerivedData/Gym_API-gttvbppsiybwtpahvrbhortrptkr/SourcePackages/checkouts/stream-chat-swift/Sources/StreamChatUI/ChatChannelList/ChatChannelListEmptyView.swift /Users/alexmontesino/Library/Developer/Xcode/DerivedData/Gym_API-gttvbppsiybwtpahvrbhortrptkr/SourcePackages/checkouts/stream-chat-swift/Sources/StreamChatUI/ChatChannelList/ChatChannelListErrorView.swift /Users/alexmontesino/Library/Developer/Xcode/DerivedData/Gym_API-gttvbppsiybwtpahvrbhortrptkr/SourcePackages/checkouts/stream-chat-swift/Sources/StreamChatUI/ChatChannelList/ChatChannelListItemView+SwiftUI.swift /Users/alexmontesino/Library/Developer/Xcode/DerivedData/Gym_API-gttvbppsiybwtpahvrbhortrptkr/SourcePackages/checkouts/stream-chat-swift/Sources/StreamChatUI/ChatChannelList/ChatChannelListItemView.swift /Users/alexmontesino/Library/Developer/Xcode/DerivedData/Gym_API-gttvbppsiybwtpahvrbhortrptkr/SourcePackages/checkouts/stream-chat-swift/Sources/StreamChatUI/ChatChannelList/ChatChannelListLoadingView.swift /Users/alexmontesino/Library/Developer/Xcode/DerivedData/Gym_API-gttvbppsiybwtpahvrbhortrptkr/SourcePackages/checkouts/stream-chat-swift/Sources/StreamChatUI/ChatChannelList/ChatChannelListLoadingViewCell.swift /Users/alexmontesino/Library/Developer/Xcode/DerivedData/Gym_API-gttvbppsiybwtpahvrbhortrptkr/SourcePackages/checkouts/stream-chat-swift/Sources/StreamChatUI/ChatChannelList/ChatChannelListLoadingViewCellContentView.swift /Users/alexmontesino/Library/Developer/Xcode/DerivedData/Gym_API-gttvbppsiybwtpahvrbhortrptkr/SourcePackages/checkouts/stream-chat-swift/Sources/StreamChatUI/ChatChannelList/ChatChannelListVC+SwiftUI.swift /Users/alexmontesino/Library/Developer/Xcode/DerivedData/Gym_API-gttvbppsiybwtpahvrbhortrptkr/SourcePackages/checkouts/stream-chat-swift/Sources/StreamChatUI/ChatChannelList/ChatChannelListVC.swift /Users/alexmontesino/Library/Developer/Xcode/DerivedData/Gym_API-gttvbppsiybwtpahvrbhortrptkr/SourcePackages/checkouts/stream-chat-swift/Sources/StreamChatUI/ChatChannelList/ChatChannelUnreadCountView+SwiftUI.swift /Users/alexmontesino/Library/Developer/Xcode/DerivedData/Gym_API-gttvbppsiybwtpahvrbhortrptkr/SourcePackages/checkouts/stream-chat-swift/Sources/StreamChatUI/ChatChannelList/ChatChannelUnreadCountView.swift /Users/alexmontesino/Library/Developer/Xcode/DerivedData/Gym_API-gttvbppsiybwtpahvrbhortrptkr/SourcePackages/checkouts/stream-chat-swift/Sources/StreamChatUI/ChatChannelList/Search/ChannelListSearchStrategy.swift /Users/alexmontesino/Library/Developer/Xcode/DerivedData/Gym_API-gttvbppsiybwtpahvrbhortrptkr/SourcePackages/checkouts/stream-chat-swift/Sources/StreamChatUI/ChatChannelList/Search/ChatChannelListSearchVC.swift /Users/alexmontesino/Library/Developer/Xcode/DerivedData/Gym_API-gttvbppsiybwtpahvrbhortrptkr/SourcePackages/checkouts/stream-chat-swift/Sources/StreamChatUI/ChatChannelList/Search/ChatChannelSearchVC.swift /Users/alexmontesino/Library/Developer/Xcode/DerivedData/Gym_API-gttvbppsiybwtpahvrbhortrptkr/SourcePackages/checkouts/stream-chat-swift/Sources/StreamChatUI/ChatChannelList/Search/ChatMessageSearchVC.swift /Users/alexmontesino/Library/Developer/Xcode/DerivedData/Gym_API-gttvbppsiybwtpahvrbhortrptkr/SourcePackages/checkouts/stream-chat-swift/Sources/StreamChatUI/ChatChannelList/SwipeableView.swift /Users/alexmontesino/Library/Developer/Xcode/DerivedData/Gym_API-gttvbppsiybwtpahvrbhortrptkr/SourcePackages/checkouts/stream-chat-swift/Sources/StreamChatUI/ChatMessageList/Attachments/AttachmentViewCatalog.swift /Users/alexmontesino/Library/Developer/Xcode/DerivedData/Gym_API-gttvbppsiybwtpahvrbhortrptkr/SourcePackages/checkouts/stream-chat-swift/Sources/StreamChatUI/ChatMessageList/Attachments/AttachmentViewInjector.swift /Users/alexmontesino/Library/Developer/Xcode/DerivedData/Gym_API-gttvbppsiybwtpahvrbhortrptkr/SourcePackages/checkouts/stream-chat-swift/Sources/StreamChatUI/ChatMessageList/Attachments/ChatMessageAttachmentPreviewVC.swift /Users/alexmontesino/Library/Developer/Xcode/DerivedData/Gym_API-gttvbppsiybwtpahvrbhortrptkr/SourcePackages/checkouts/stream-chat-swift/Sources/StreamChatUI/ChatMessageList/Attachments/File/ChatFileAttachmentListView+ItemView.swift /Users/alexmontesino/Library/Developer/Xcode/DerivedData/Gym_API-gttvbppsiybwtpahvrbhortrptkr/SourcePackages/checkouts/stream-chat-swift/Sources/StreamChatUI/ChatMessageList/Attachments/File/ChatMessageFileAttachmentListView.swift (in target 'StreamChatUI' from project 'StreamChat')

SwiftCompile normal arm64 /Users/alexmontesino/Library/Developer/Xcode/DerivedData/Gym_API-gttvbppsiybwtpahvrbhortrptkr/SourcePackages/checkouts/stream-chat-swift/Sources/StreamChatUI/ChatChannelList/CellActionView.swift (in target 'StreamChatUI' from project 'StreamChat')
    cd /Users/alexmontesino/Documents/GYM-API-IOS/Gym_API/Gym_API.xcodeproj
    

SwiftCompile normal arm64 /Users/alexmontesino/Library/Developer/Xcode/DerivedData/Gym_API-gttvbppsiybwtpahvrbhortrptkr/SourcePackages/checkouts/stream-chat-swift/Sources/StreamChatUI/ChatChannelList/ChatChannelListCollectionViewCell.swift (in target 'StreamChatUI' from project 'StreamChat')
    cd /Users/alexmontesino/Documents/GYM-API-IOS/Gym_API/Gym_API.xcodeproj
    

SwiftCompile normal arm64 /Users/alexmontesino/Library/Developer/Xcode/DerivedData/Gym_API-gttvbppsiybwtpahvrbhortrptkr/SourcePackages/checkouts/stream-chat-swift/Sources/StreamChatUI/ChatChannelList/ChatChannelListCollectionViewDelegate.swift (in target 'StreamChatUI' from project 'StreamChat')
    cd /Users/alexmontesino/Documents/GYM-API-IOS/Gym_API/Gym_API.xcodeproj
    

SwiftCompile normal arm64 /Users/alexmontesino/Library/Developer/Xcode/DerivedData/Gym_API-gttvbppsiybwtpahvrbhortrptkr/SourcePackages/checkouts/stream-chat-swift/Sources/StreamChatUI/ChatChannelList/ChatChannelListEmptyView.swift (in target 'StreamChatUI' from project 'StreamChat')
    cd /Users/alexmontesino/Documents/GYM-API-IOS/Gym_API/Gym_API.xcodeproj
    

SwiftCompile normal arm64 /Users/alexmontesino/Library/Developer/Xcode/DerivedData/Gym_API-gttvbppsiybwtpahvrbhortrptkr/SourcePackages/checkouts/stream-chat-swift/Sources/StreamChatUI/ChatChannelList/ChatChannelListErrorView.swift (in target 'StreamChatUI' from project 'StreamChat')
    cd /Users/alexmontesino/Documents/GYM-API-IOS/Gym_API/Gym_API.xcodeproj
    

SwiftCompile normal arm64 /Users/alexmontesino/Library/Developer/Xcode/DerivedData/Gym_API-gttvbppsiybwtpahvrbhortrptkr/SourcePackages/checkouts/stream-chat-swift/Sources/StreamChatUI/ChatChannelList/ChatChannelListItemView+SwiftUI.swift (in target 'StreamChatUI' from project 'StreamChat')
    cd /Users/alexmontesino/Documents/GYM-API-IOS/Gym_API/Gym_API.xcodeproj
    

SwiftCompile normal arm64 /Users/alexmontesino/Library/Developer/Xcode/DerivedData/Gym_API-gttvbppsiybwtpahvrbhortrptkr/SourcePackages/checkouts/stream-chat-swift/Sources/StreamChatUI/ChatChannelList/ChatChannelListItemView.swift (in target 'StreamChatUI' from project 'StreamChat')
    cd /Users/alexmontesino/Documents/GYM-API-IOS/Gym_API/Gym_API.xcodeproj
    

SwiftCompile normal arm64 /Users/alexmontesino/Library/Developer/Xcode/DerivedData/Gym_API-gttvbppsiybwtpahvrbhortrptkr/SourcePackages/checkouts/stream-chat-swift/Sources/StreamChatUI/ChatChannelList/ChatChannelListLoadingView.swift (in target 'StreamChatUI' from project 'StreamChat')
    cd /Users/alexmontesino/Documents/GYM-API-IOS/Gym_API/Gym_API.xcodeproj
    

SwiftCompile normal arm64 /Users/alexmontesino/Library/Developer/Xcode/DerivedData/Gym_API-gttvbppsiybwtpahvrbhortrptkr/SourcePackages/checkouts/stream-chat-swift/Sources/StreamChatUI/ChatChannelList/ChatChannelListLoadingViewCell.swift (in target 'StreamChatUI' from project 'StreamChat')
    cd /Users/alexmontesino/Documents/GYM-API-IOS/Gym_API/Gym_API.xcodeproj
    

SwiftCompile normal arm64 /Users/alexmontesino/Library/Developer/Xcode/DerivedData/Gym_API-gttvbppsiybwtpahvrbhortrptkr/SourcePackages/checkouts/stream-chat-swift/Sources/StreamChatUI/ChatChannelList/ChatChannelListLoadingViewCellContentView.swift (in target 'StreamChatUI' from project 'StreamChat')
    cd /Users/alexmontesino/Documents/GYM-API-IOS/Gym_API/Gym_API.xcodeproj
    

SwiftCompile normal arm64 /Users/alexmontesino/Library/Developer/Xcode/DerivedData/Gym_API-gttvbppsiybwtpahvrbhortrptkr/SourcePackages/checkouts/stream-chat-swift/Sources/StreamChatUI/ChatChannelList/ChatChannelListVC+SwiftUI.swift (in target 'StreamChatUI' from project 'StreamChat')
    cd /Users/alexmontesino/Documents/GYM-API-IOS/Gym_API/Gym_API.xcodeproj
    

SwiftCompile normal arm64 /Users/alexmontesino/Library/Developer/Xcode/DerivedData/Gym_API-gttvbppsiybwtpahvrbhortrptkr/SourcePackages/checkouts/stream-chat-swift/Sources/StreamChatUI/ChatChannelList/ChatChannelListVC.swift (in target 'StreamChatUI' from project 'StreamChat')
    cd /Users/alexmontesino/Documents/GYM-API-IOS/Gym_API/Gym_API.xcodeproj
    

SwiftCompile normal arm64 /Users/alexmontesino/Library/Developer/Xcode/DerivedData/Gym_API-gttvbppsiybwtpahvrbhortrptkr/SourcePackages/checkouts/stream-chat-swift/Sources/StreamChatUI/ChatChannelList/ChatChannelUnreadCountView+SwiftUI.swift (in target 'StreamChatUI' from project 'StreamChat')
    cd /Users/alexmontesino/Documents/GYM-API-IOS/Gym_API/Gym_API.xcodeproj
    

SwiftCompile normal arm64 /Users/alexmontesino/Library/Developer/Xcode/DerivedData/Gym_API-gttvbppsiybwtpahvrbhortrptkr/SourcePackages/checkouts/stream-chat-swift/Sources/StreamChatUI/ChatChannelList/ChatChannelUnreadCountView.swift (in target 'StreamChatUI' from project 'StreamChat')
    cd /Users/alexmontesino/Documents/GYM-API-IOS/Gym_API/Gym_API.xcodeproj
    

SwiftCompile normal arm64 /Users/alexmontesino/Library/Developer/Xcode/DerivedData/Gym_API-gttvbppsiybwtpahvrbhortrptkr/SourcePackages/checkouts/stream-chat-swift/Sources/StreamChatUI/ChatChannelList/Search/ChannelListSearchStrategy.swift (in target 'StreamChatUI' from project 'StreamChat')
    cd /Users/alexmontesino/Documents/GYM-API-IOS/Gym_API/Gym_API.xcodeproj
    

SwiftCompile normal arm64 /Users/alexmontesino/Library/Developer/Xcode/DerivedData/Gym_API-gttvbppsiybwtpahvrbhortrptkr/SourcePackages/checkouts/stream-chat-swift/Sources/StreamChatUI/ChatChannelList/Search/ChatChannelListSearchVC.swift (in target 'StreamChatUI' from project 'StreamChat')
    cd /Users/alexmontesino/Documents/GYM-API-IOS/Gym_API/Gym_API.xcodeproj
    

SwiftCompile normal arm64 /Users/alexmontesino/Library/Developer/Xcode/DerivedData/Gym_API-gttvbppsiybwtpahvrbhortrptkr/SourcePackages/checkouts/stream-chat-swift/Sources/StreamChatUI/ChatChannelList/Search/ChatChannelSearchVC.swift (in target 'StreamChatUI' from project 'StreamChat')
    cd /Users/alexmontesino/Documents/GYM-API-IOS/Gym_API/Gym_API.xcodeproj
    

SwiftCompile normal arm64 /Users/alexmontesino/Library/Developer/Xcode/DerivedData/Gym_API-gttvbppsiybwtpahvrbhortrptkr/SourcePackages/checkouts/stream-chat-swift/Sources/StreamChatUI/ChatChannelList/Search/ChatMessageSearchVC.swift (in target 'StreamChatUI' from project 'StreamChat')
    cd /Users/alexmontesino/Documents/GYM-API-IOS/Gym_API/Gym_API.xcodeproj
    

SwiftCompile normal arm64 /Users/alexmontesino/Library/Developer/Xcode/DerivedData/Gym_API-gttvbppsiybwtpahvrbhortrptkr/SourcePackages/checkouts/stream-chat-swift/Sources/StreamChatUI/ChatChannelList/SwipeableView.swift (in target 'StreamChatUI' from project 'StreamChat')
    cd /Users/alexmontesino/Documents/GYM-API-IOS/Gym_API/Gym_API.xcodeproj
    

SwiftCompile normal arm64 /Users/alexmontesino/Library/Developer/Xcode/DerivedData/Gym_API-gttvbppsiybwtpahvrbhortrptkr/SourcePackages/checkouts/stream-chat-swift/Sources/StreamChatUI/ChatMessageList/Attachments/AttachmentViewCatalog.swift (in target 'StreamChatUI' from project 'StreamChat')
    cd /Users/alexmontesino/Documents/GYM-API-IOS/Gym_API/Gym_API.xcodeproj
    

SwiftCompile normal arm64 /Users/alexmontesino/Library/Developer/Xcode/DerivedData/Gym_API-gttvbppsiybwtpahvrbhortrptkr/SourcePackages/checkouts/stream-chat-swift/Sources/StreamChatUI/ChatMessageList/Attachments/AttachmentViewInjector.swift (in target 'StreamChatUI' from project 'StreamChat')
    cd /Users/alexmontesino/Documents/GYM-API-IOS/Gym_API/Gym_API.xcodeproj
    

SwiftCompile normal arm64 /Users/alexmontesino/Library/Developer/Xcode/DerivedData/Gym_API-gttvbppsiybwtpahvrbhortrptkr/SourcePackages/checkouts/stream-chat-swift/Sources/StreamChatUI/ChatMessageList/Attachments/ChatMessageAttachmentPreviewVC.swift (in target 'StreamChatUI' from project 'StreamChat')
    cd /Users/alexmontesino/Documents/GYM-API-IOS/Gym_API/Gym_API.xcodeproj
    

SwiftCompile normal arm64 /Users/alexmontesino/Library/Developer/Xcode/DerivedData/Gym_API-gttvbppsiybwtpahvrbhortrptkr/SourcePackages/checkouts/stream-chat-swift/Sources/StreamChatUI/ChatMessageList/Attachments/File/ChatFileAttachmentListView+ItemView.swift (in target 'StreamChatUI' from project 'StreamChat')
    cd /Users/alexmontesino/Documents/GYM-API-IOS/Gym_API/Gym_API.xcodeproj
    

SwiftCompile normal arm64 /Users/alexmontesino/Library/Developer/Xcode/DerivedData/Gym_API-gttvbppsiybwtpahvrbhortrptkr/SourcePackages/checkouts/stream-chat-swift/Sources/StreamChatUI/ChatMessageList/Attachments/File/ChatMessageFileAttachmentListView.swift (in target 'StreamChatUI' from project 'StreamChat')
    cd /Users/alexmontesino/Documents/GYM-API-IOS/Gym_API/Gym_API.xcodeproj
    

SwiftDriverJobDiscovery normal arm64 Compiling PollCreationFeatureCell.swift, PollCreationFeatureSwitchView.swift, PollCreationMultipleVotesFeatureCell.swift, PollCreationNameCell.swift, PollCreationOptionCell.swift, PollCreationSectionHeaderView.swift, PollCreationTextFieldView.swift, PollCreationVC.swift, PollFeature.swift, PollResultsSectionFooterView.swift, PollResultsSectionHeaderView.swift, PollResultsTableHeaderView.swift, PollResultsVC.swift, PollResultsVoteItemCell.swift, PollResultsVoteItemView.swift, PollResultsVoteListVC.swift, PollsConfig.swift, UnsupportedAttachmentViewInjector.swift, UploadingOverlayView.swift, ChatMessageVoiceRecordingAttachmentListView+ItemView.swift, ChatMessageVoiceRecordingAttachmentListView+ItemViewPresenter.swift, ChatMessageVoiceRecordingAttachmentListView.swift, VoiceRecordingAttachmentViewInjector.swift, ChatMessageBubbleView.swift (in target 'StreamChatUI' from project 'StreamChat')

SwiftCompile normal arm64 Compiling\ AttachmentButton.swift,\ CheckboxButton.swift,\ CheckboxControl.swift,\ CircularCloseButton.swift,\ CloseButton.swift,\ CommandButton.swift,\ ConfirmButton.swift,\ MediaButton.swift,\ PillButton.swift,\ PlayPauseButton.swift,\ RecordButton.swift,\ SendButton.swift,\ ShareButton.swift,\ ShrinkInputButton.swift,\ ChatLoadingIndicator.swift,\ ChatNavigationBar.swift,\ ClampedView.swift,\ CommandLabelView.swift,\ ContainerStackView.swift,\ CooldownView.swift,\ GradientView.swift,\ GroupedSectionListStyling.swift,\ InputChatMessageView.swift,\ InputTextView.swift /Users/alexmontesino/Library/Developer/Xcode/DerivedData/Gym_API-gttvbppsiybwtpahvrbhortrptkr/SourcePackages/checkouts/stream-chat-swift/Sources/StreamChatUI/CommonViews/Buttons/AttachmentButton.swift /Users/alexmontesino/Library/Developer/Xcode/DerivedData/Gym_API-gttvbppsiybwtpahvrbhortrptkr/SourcePackages/checkouts/stream-chat-swift/Sources/StreamChatUI/CommonViews/Buttons/CheckboxButton.swift /Users/alexmontesino/Library/Developer/Xcode/DerivedData/Gym_API-gttvbppsiybwtpahvrbhortrptkr/SourcePackages/checkouts/stream-chat-swift/Sources/StreamChatUI/CommonViews/Buttons/CheckboxControl.swift /Users/alexmontesino/Library/Developer/Xcode/DerivedData/Gym_API-gttvbppsiybwtpahvrbhortrptkr/SourcePackages/checkouts/stream-chat-swift/Sources/StreamChatUI/CommonViews/Buttons/CircularCloseButton.swift /Users/alexmontesino/Library/Developer/Xcode/DerivedData/Gym_API-gttvbppsiybwtpahvrbhortrptkr/SourcePackages/checkouts/stream-chat-swift/Sources/StreamChatUI/CommonViews/Buttons/CloseButton.swift /Users/alexmontesino/Library/Developer/Xcode/DerivedData/Gym_API-gttvbppsiybwtpahvrbhortrptkr/SourcePackages/checkouts/stream-chat-swift/Sources/StreamChatUI/CommonViews/Buttons/CommandButton.swift /Users/alexmontesino/Library/Developer/Xcode/DerivedData/Gym_API-gttvbppsiybwtpahvrbhortrptkr/SourcePackages/checkouts/stream-chat-swift/Sources/StreamChatUI/CommonViews/Buttons/ConfirmButton.swift /Users/alexmontesino/Library/Developer/Xcode/DerivedData/Gym_API-gttvbppsiybwtpahvrbhortrptkr/SourcePackages/checkouts/stream-chat-swift/Sources/StreamChatUI/CommonViews/Buttons/MediaButton.swift /Users/alexmontesino/Library/Developer/Xcode/DerivedData/Gym_API-gttvbppsiybwtpahvrbhortrptkr/SourcePackages/checkouts/stream-chat-swift/Sources/StreamChatUI/CommonViews/Buttons/PillButton.swift /Users/alexmontesino/Library/Developer/Xcode/DerivedData/Gym_API-gttvbppsiybwtpahvrbhortrptkr/SourcePackages/checkouts/stream-chat-swift/Sources/StreamChatUI/CommonViews/Buttons/PlayPauseButton.swift /Users/alexmontesino/Library/Developer/Xcode/DerivedData/Gym_API-gttvbppsiybwtpahvrbhortrptkr/SourcePackages/checkouts/stream-chat-swift/Sources/StreamChatUI/CommonViews/Buttons/RecordButton.swift /Users/alexmontesino/Library/Developer/Xcode/DerivedData/Gym_API-gttvbppsiybwtpahvrbhortrptkr/SourcePackages/checkouts/stream-chat-swift/Sources/StreamChatUI/CommonViews/Buttons/SendButton.swift /Users/alexmontesino/Library/Developer/Xcode/DerivedData/Gym_API-gttvbppsiybwtpahvrbhortrptkr/SourcePackages/checkouts/stream-chat-swift/Sources/StreamChatUI/CommonViews/Buttons/ShareButton.swift /Users/alexmontesino/Library/Developer/Xcode/DerivedData/Gym_API-gttvbppsiybwtpahvrbhortrptkr/SourcePackages/checkouts/stream-chat-swift/Sources/StreamChatUI/CommonViews/Buttons/ShrinkInputButton.swift /Users/alexmontesino/Library/Developer/Xcode/DerivedData/Gym_API-gttvbppsiybwtpahvrbhortrptkr/SourcePackages/checkouts/stream-chat-swift/Sources/StreamChatUI/CommonViews/ChatLoadingIndicator.swift /Users/alexmontesino/Library/Developer/Xcode/DerivedData/Gym_API-gttvbppsiybwtpahvrbhortrptkr/SourcePackages/checkouts/stream-chat-swift/Sources/StreamChatUI/CommonViews/ChatNavigationBar.swift /Users/alexmontesino/Library/Developer/Xcode/DerivedData/Gym_API-gttvbppsiybwtpahvrbhortrptkr/SourcePackages/checkouts/stream-chat-swift/Sources/StreamChatUI/CommonViews/ClampedView.swift /Users/alexmontesino/Library/Developer/Xcode/DerivedData/Gym_API-gttvbppsiybwtpahvrbhortrptkr/SourcePackages/checkouts/stream-chat-swift/Sources/StreamChatUI/CommonViews/CommandLabelView.swift /Users/alexmontesino/Library/Developer/Xcode/DerivedData/Gym_API-gttvbppsiybwtpahvrbhortrptkr/SourcePackages/checkouts/stream-chat-swift/Sources/StreamChatUI/CommonViews/ContainerStackView.swift /Users/alexmontesino/Library/Developer/Xcode/DerivedData/Gym_API-gttvbppsiybwtpahvrbhortrptkr/SourcePackages/checkouts/stream-chat-swift/Sources/StreamChatUI/CommonViews/CooldownView.swift /Users/alexmontesino/Library/Developer/Xcode/DerivedData/Gym_API-gttvbppsiybwtpahvrbhortrptkr/SourcePackages/checkouts/stream-chat-swift/Sources/StreamChatUI/CommonViews/GradientView.swift /Users/alexmontesino/Library/Developer/Xcode/DerivedData/Gym_API-gttvbppsiybwtpahvrbhortrptkr/SourcePackages/checkouts/stream-chat-swift/Sources/StreamChatUI/CommonViews/GroupedSectionListStyling.swift /Users/alexmontesino/Library/Developer/Xcode/DerivedData/Gym_API-gttvbppsiybwtpahvrbhortrptkr/SourcePackages/checkouts/stream-chat-swift/Sources/StreamChatUI/CommonViews/InputChatMessageView/InputChatMessageView.swift /Users/alexmontesino/Library/Developer/Xcode/DerivedData/Gym_API-gttvbppsiybwtpahvrbhortrptkr/SourcePackages/checkouts/stream-chat-swift/Sources/StreamChatUI/CommonViews/InputTextView/InputTextView.swift (in target 'StreamChatUI' from project 'StreamChat')

SwiftCompile normal arm64 /Users/alexmontesino/Library/Developer/Xcode/DerivedData/Gym_API-gttvbppsiybwtpahvrbhortrptkr/SourcePackages/checkouts/stream-chat-swift/Sources/StreamChatUI/CommonViews/Buttons/AttachmentButton.swift (in target 'StreamChatUI' from project 'StreamChat')
    cd /Users/alexmontesino/Documents/GYM-API-IOS/Gym_API/Gym_API.xcodeproj
    

SwiftCompile normal arm64 /Users/alexmontesino/Library/Developer/Xcode/DerivedData/Gym_API-gttvbppsiybwtpahvrbhortrptkr/SourcePackages/checkouts/stream-chat-swift/Sources/StreamChatUI/CommonViews/Buttons/CheckboxButton.swift (in target 'StreamChatUI' from project 'StreamChat')
    cd /Users/alexmontesino/Documents/GYM-API-IOS/Gym_API/Gym_API.xcodeproj
    

SwiftCompile normal arm64 /Users/alexmontesino/Library/Developer/Xcode/DerivedData/Gym_API-gttvbppsiybwtpahvrbhortrptkr/SourcePackages/checkouts/stream-chat-swift/Sources/StreamChatUI/CommonViews/Buttons/CheckboxControl.swift (in target 'StreamChatUI' from project 'StreamChat')
    cd /Users/alexmontesino/Documents/GYM-API-IOS/Gym_API/Gym_API.xcodeproj
    

SwiftCompile normal arm64 /Users/alexmontesino/Library/Developer/Xcode/DerivedData/Gym_API-gttvbppsiybwtpahvrbhortrptkr/SourcePackages/checkouts/stream-chat-swift/Sources/StreamChatUI/CommonViews/Buttons/CircularCloseButton.swift (in target 'StreamChatUI' from project 'StreamChat')
    cd /Users/alexmontesino/Documents/GYM-API-IOS/Gym_API/Gym_API.xcodeproj
    

SwiftCompile normal arm64 /Users/alexmontesino/Library/Developer/Xcode/DerivedData/Gym_API-gttvbppsiybwtpahvrbhortrptkr/SourcePackages/checkouts/stream-chat-swift/Sources/StreamChatUI/CommonViews/Buttons/CloseButton.swift (in target 'StreamChatUI' from project 'StreamChat')
    cd /Users/alexmontesino/Documents/GYM-API-IOS/Gym_API/Gym_API.xcodeproj
    

SwiftCompile normal arm64 /Users/alexmontesino/Library/Developer/Xcode/DerivedData/Gym_API-gttvbppsiybwtpahvrbhortrptkr/SourcePackages/checkouts/stream-chat-swift/Sources/StreamChatUI/CommonViews/Buttons/CommandButton.swift (in target 'StreamChatUI' from project 'StreamChat')
    cd /Users/alexmontesino/Documents/GYM-API-IOS/Gym_API/Gym_API.xcodeproj
    

SwiftCompile normal arm64 /Users/alexmontesino/Library/Developer/Xcode/DerivedData/Gym_API-gttvbppsiybwtpahvrbhortrptkr/SourcePackages/checkouts/stream-chat-swift/Sources/StreamChatUI/CommonViews/Buttons/ConfirmButton.swift (in target 'StreamChatUI' from project 'StreamChat')
    cd /Users/alexmontesino/Documents/GYM-API-IOS/Gym_API/Gym_API.xcodeproj
    

SwiftCompile normal arm64 /Users/alexmontesino/Library/Developer/Xcode/DerivedData/Gym_API-gttvbppsiybwtpahvrbhortrptkr/SourcePackages/checkouts/stream-chat-swift/Sources/StreamChatUI/CommonViews/Buttons/MediaButton.swift (in target 'StreamChatUI' from project 'StreamChat')
    cd /Users/alexmontesino/Documents/GYM-API-IOS/Gym_API/Gym_API.xcodeproj
    

SwiftCompile normal arm64 /Users/alexmontesino/Library/Developer/Xcode/DerivedData/Gym_API-gttvbppsiybwtpahvrbhortrptkr/SourcePackages/checkouts/stream-chat-swift/Sources/StreamChatUI/CommonViews/Buttons/PillButton.swift (in target 'StreamChatUI' from project 'StreamChat')
    cd /Users/alexmontesino/Documents/GYM-API-IOS/Gym_API/Gym_API.xcodeproj
    

SwiftCompile normal arm64 /Users/alexmontesino/Library/Developer/Xcode/DerivedData/Gym_API-gttvbppsiybwtpahvrbhortrptkr/SourcePackages/checkouts/stream-chat-swift/Sources/StreamChatUI/CommonViews/Buttons/PlayPauseButton.swift (in target 'StreamChatUI' from project 'StreamChat')
    cd /Users/alexmontesino/Documents/GYM-API-IOS/Gym_API/Gym_API.xcodeproj
    

SwiftCompile normal arm64 /Users/alexmontesino/Library/Developer/Xcode/DerivedData/Gym_API-gttvbppsiybwtpahvrbhortrptkr/SourcePackages/checkouts/stream-chat-swift/Sources/StreamChatUI/CommonViews/Buttons/RecordButton.swift (in target 'StreamChatUI' from project 'StreamChat')
    cd /Users/alexmontesino/Documents/GYM-API-IOS/Gym_API/Gym_API.xcodeproj
    

SwiftCompile normal arm64 /Users/alexmontesino/Library/Developer/Xcode/DerivedData/Gym_API-gttvbppsiybwtpahvrbhortrptkr/SourcePackages/checkouts/stream-chat-swift/Sources/StreamChatUI/CommonViews/Buttons/SendButton.swift (in target 'StreamChatUI' from project 'StreamChat')
    cd /Users/alexmontesino/Documents/GYM-API-IOS/Gym_API/Gym_API.xcodeproj
    

SwiftCompile normal arm64 /Users/alexmontesino/Library/Developer/Xcode/DerivedData/Gym_API-gttvbppsiybwtpahvrbhortrptkr/SourcePackages/checkouts/stream-chat-swift/Sources/StreamChatUI/CommonViews/Buttons/ShareButton.swift (in target 'StreamChatUI' from project 'StreamChat')
    cd /Users/alexmontesino/Documents/GYM-API-IOS/Gym_API/Gym_API.xcodeproj
    

SwiftCompile normal arm64 /Users/alexmontesino/Library/Developer/Xcode/DerivedData/Gym_API-gttvbppsiybwtpahvrbhortrptkr/SourcePackages/checkouts/stream-chat-swift/Sources/StreamChatUI/CommonViews/Buttons/ShrinkInputButton.swift (in target 'StreamChatUI' from project 'StreamChat')
    cd /Users/alexmontesino/Documents/GYM-API-IOS/Gym_API/Gym_API.xcodeproj
    

SwiftCompile normal arm64 /Users/alexmontesino/Library/Developer/Xcode/DerivedData/Gym_API-gttvbppsiybwtpahvrbhortrptkr/SourcePackages/checkouts/stream-chat-swift/Sources/StreamChatUI/CommonViews/ChatLoadingIndicator.swift (in target 'StreamChatUI' from project 'StreamChat')
    cd /Users/alexmontesino/Documents/GYM-API-IOS/Gym_API/Gym_API.xcodeproj
    

SwiftCompile normal arm64 /Users/alexmontesino/Library/Developer/Xcode/DerivedData/Gym_API-gttvbppsiybwtpahvrbhortrptkr/SourcePackages/checkouts/stream-chat-swift/Sources/StreamChatUI/CommonViews/ChatNavigationBar.swift (in target 'StreamChatUI' from project 'StreamChat')
    cd /Users/alexmontesino/Documents/GYM-API-IOS/Gym_API/Gym_API.xcodeproj
    

SwiftCompile normal arm64 /Users/alexmontesino/Library/Developer/Xcode/DerivedData/Gym_API-gttvbppsiybwtpahvrbhortrptkr/SourcePackages/checkouts/stream-chat-swift/Sources/StreamChatUI/CommonViews/ClampedView.swift (in target 'StreamChatUI' from project 'StreamChat')
    cd /Users/alexmontesino/Documents/GYM-API-IOS/Gym_API/Gym_API.xcodeproj
    

SwiftCompile normal arm64 /Users/alexmontesino/Library/Developer/Xcode/DerivedData/Gym_API-gttvbppsiybwtpahvrbhortrptkr/SourcePackages/checkouts/stream-chat-swift/Sources/StreamChatUI/CommonViews/CommandLabelView.swift (in target 'StreamChatUI' from project 'StreamChat')
    cd /Users/alexmontesino/Documents/GYM-API-IOS/Gym_API/Gym_API.xcodeproj
    

SwiftCompile normal arm64 /Users/alexmontesino/Library/Developer/Xcode/DerivedData/Gym_API-gttvbppsiybwtpahvrbhortrptkr/SourcePackages/checkouts/stream-chat-swift/Sources/StreamChatUI/CommonViews/ContainerStackView.swift (in target 'StreamChatUI' from project 'StreamChat')
    cd /Users/alexmontesino/Documents/GYM-API-IOS/Gym_API/Gym_API.xcodeproj
    

SwiftCompile normal arm64 /Users/alexmontesino/Library/Developer/Xcode/DerivedData/Gym_API-gttvbppsiybwtpahvrbhortrptkr/SourcePackages/checkouts/stream-chat-swift/Sources/StreamChatUI/CommonViews/CooldownView.swift (in target 'StreamChatUI' from project 'StreamChat')
    cd /Users/alexmontesino/Documents/GYM-API-IOS/Gym_API/Gym_API.xcodeproj
    

SwiftCompile normal arm64 /Users/alexmontesino/Library/Developer/Xcode/DerivedData/Gym_API-gttvbppsiybwtpahvrbhortrptkr/SourcePackages/checkouts/stream-chat-swift/Sources/StreamChatUI/CommonViews/GradientView.swift (in target 'StreamChatUI' from project 'StreamChat')
    cd /Users/alexmontesino/Documents/GYM-API-IOS/Gym_API/Gym_API.xcodeproj
    

SwiftCompile normal arm64 /Users/alexmontesino/Library/Developer/Xcode/DerivedData/Gym_API-gttvbppsiybwtpahvrbhortrptkr/SourcePackages/checkouts/stream-chat-swift/Sources/StreamChatUI/CommonViews/GroupedSectionListStyling.swift (in target 'StreamChatUI' from project 'StreamChat')
    cd /Users/alexmontesino/Documents/GYM-API-IOS/Gym_API/Gym_API.xcodeproj
    

SwiftCompile normal arm64 /Users/alexmontesino/Library/Developer/Xcode/DerivedData/Gym_API-gttvbppsiybwtpahvrbhortrptkr/SourcePackages/checkouts/stream-chat-swift/Sources/StreamChatUI/CommonViews/InputChatMessageView/InputChatMessageView.swift (in target 'StreamChatUI' from project 'StreamChat')
    cd /Users/alexmontesino/Documents/GYM-API-IOS/Gym_API/Gym_API.xcodeproj
    

SwiftCompile normal arm64 /Users/alexmontesino/Library/Developer/Xcode/DerivedData/Gym_API-gttvbppsiybwtpahvrbhortrptkr/SourcePackages/checkouts/stream-chat-swift/Sources/StreamChatUI/CommonViews/InputTextView/InputTextView.swift (in target 'StreamChatUI' from project 'StreamChat')
    cd /Users/alexmontesino/Documents/GYM-API-IOS/Gym_API/Gym_API.xcodeproj
    

SwiftDriverJobDiscovery normal arm64 Compiling SDKIdentifier.swift, Algorithm.swift, AnyDifferentiable.swift, ArraySection.swift, Changeset.swift, ContentEquatable.swift, ContentIdentifiable.swift, Differentiable.swift, DifferentiableSection.swift, ElementPath.swift, AppKitExtension.swift, StagedChangeset.swift, ImagePublisher.swift, DataCache.swift, DataLoader.swift, ImageCache.swift, ImageDecoding.swift, ImageEncoding.swift, ImagePipeline.swift, ImagePipelineCache.swift, ImagePipelineConfiguration.swift, ImagePipelineDelegate.swift, ImagePrefetcher.swift (in target 'StreamChatUI' from project 'StreamChat')

SwiftCompile normal arm64 Compiling\ String+Extensions.swift,\ UIColor+Extensions.swift,\ UIFont+Extensions.swift,\ UIImage+Extensions.swift,\ UILabel+Extensions.swift,\ UIScrollView+Extensions.swift,\ UIStackView+Extensions.swift,\ UITextView+Extensions.swift,\ UIView+Extensions.swift,\ UIViewController+Extensions.swift,\ ImageCDN.swift,\ StreamCDN.swift,\ ImageDownloadOptions.swift,\ ImageDownloadRequest.swift,\ ImageLoaderOptions.swift,\ ImageLoading.swift,\ ImageMerger.swift,\ ImageResize.swift,\ ImageResultsMapper.swift,\ ImageSizeCalculator.swift,\ NukeImageLoader.swift,\ NukeImageProcessor.swift,\ ComposerKeyboardHandler.swift /Users/alexmontesino/Library/Developer/Xcode/DerivedData/Gym_API-gttvbppsiybwtpahvrbhortrptkr/SourcePackages/checkouts/stream-chat-swift/Sources/StreamChatUI/Utils/Extensions/String+Extensions.swift /Users/alexmontesino/Library/Developer/Xcode/DerivedData/Gym_API-gttvbppsiybwtpahvrbhortrptkr/SourcePackages/checkouts/stream-chat-swift/Sources/StreamChatUI/Utils/Extensions/UIColor+Extensions.swift /Users/alexmontesino/Library/Developer/Xcode/DerivedData/Gym_API-gttvbppsiybwtpahvrbhortrptkr/SourcePackages/checkouts/stream-chat-swift/Sources/StreamChatUI/Utils/Extensions/UIFont+Extensions.swift /Users/alexmontesino/Library/Developer/Xcode/DerivedData/Gym_API-gttvbppsiybwtpahvrbhortrptkr/SourcePackages/checkouts/stream-chat-swift/Sources/StreamChatUI/Utils/Extensions/UIImage+Extensions.swift /Users/alexmontesino/Library/Developer/Xcode/DerivedData/Gym_API-gttvbppsiybwtpahvrbhortrptkr/SourcePackages/checkouts/stream-chat-swift/Sources/StreamChatUI/Utils/Extensions/UILabel+Extensions.swift /Users/alexmontesino/Library/Developer/Xcode/DerivedData/Gym_API-gttvbppsiybwtpahvrbhortrptkr/SourcePackages/checkouts/stream-chat-swift/Sources/StreamChatUI/Utils/Extensions/UIScrollView+Extensions.swift /Users/alexmontesino/Library/Developer/Xcode/DerivedData/Gym_API-gttvbppsiybwtpahvrbhortrptkr/SourcePackages/checkouts/stream-chat-swift/Sources/StreamChatUI/Utils/Extensions/UIStackView+Extensions.swift /Users/alexmontesino/Library/Developer/Xcode/DerivedData/Gym_API-gttvbppsiybwtpahvrbhortrptkr/SourcePackages/checkouts/stream-chat-swift/Sources/StreamChatUI/Utils/Extensions/UITextView+Extensions.swift /Users/alexmontesino/Library/Developer/Xcode/DerivedData/Gym_API-gttvbppsiybwtpahvrbhortrptkr/SourcePackages/checkouts/stream-chat-swift/Sources/StreamChatUI/Utils/Extensions/UIView+Extensions.swift /Users/alexmontesino/Library/Developer/Xcode/DerivedData/Gym_API-gttvbppsiybwtpahvrbhortrptkr/SourcePackages/checkouts/stream-chat-swift/Sources/StreamChatUI/Utils/Extensions/UIViewController+Extensions.swift /Users/alexmontesino/Library/Developer/Xcode/DerivedData/Gym_API-gttvbppsiybwtpahvrbhortrptkr/SourcePackages/checkouts/stream-chat-swift/Sources/StreamChatUI/Utils/ImageLoading/ImageCDN/ImageCDN.swift /Users/alexmontesino/Library/Developer/Xcode/DerivedData/Gym_API-gttvbppsiybwtpahvrbhortrptkr/SourcePackages/checkouts/stream-chat-swift/Sources/StreamChatUI/Utils/ImageLoading/ImageCDN/StreamCDN.swift /Users/alexmontesino/Library/Developer/Xcode/DerivedData/Gym_API-gttvbppsiybwtpahvrbhortrptkr/SourcePackages/checkouts/stream-chat-swift/Sources/StreamChatUI/Utils/ImageLoading/ImageDownloadOptions.swift /Users/alexmontesino/Library/Developer/Xcode/DerivedData/Gym_API-gttvbppsiybwtpahvrbhortrptkr/SourcePackages/checkouts/stream-chat-swift/Sources/StreamChatUI/Utils/ImageLoading/ImageDownloadRequest.swift /Users/alexmontesino/Library/Developer/Xcode/DerivedData/Gym_API-gttvbppsiybwtpahvrbhortrptkr/SourcePackages/checkouts/stream-chat-swift/Sources/StreamChatUI/Utils/ImageLoading/ImageLoaderOptions.swift /Users/alexmontesino/Library/Developer/Xcode/DerivedData/Gym_API-gttvbppsiybwtpahvrbhortrptkr/SourcePackages/checkouts/stream-chat-swift/Sources/StreamChatUI/Utils/ImageLoading/ImageLoading.swift /Users/alexmontesino/Library/Developer/Xcode/DerivedData/Gym_API-gttvbppsiybwtpahvrbhortrptkr/SourcePackages/checkouts/stream-chat-swift/Sources/StreamChatUI/Utils/ImageLoading/ImageMerger.swift /Users/alexmontesino/Library/Developer/Xcode/DerivedData/Gym_API-gttvbppsiybwtpahvrbhortrptkr/SourcePackages/checkouts/stream-chat-swift/Sources/StreamChatUI/Utils/ImageLoading/ImageResize.swift /Users/alexmontesino/Library/Developer/Xcode/DerivedData/Gym_API-gttvbppsiybwtpahvrbhortrptkr/SourcePackages/checkouts/stream-chat-swift/Sources/StreamChatUI/Utils/ImageLoading/ImageResultsMapper.swift /Users/alexmontesino/Library/Developer/Xcode/DerivedData/Gym_API-gttvbppsiybwtpahvrbhortrptkr/SourcePackages/checkouts/stream-chat-swift/Sources/StreamChatUI/Utils/ImageLoading/ImageSizeCalculator.swift /Users/alexmontesino/Library/Developer/Xcode/DerivedData/Gym_API-gttvbppsiybwtpahvrbhortrptkr/SourcePackages/checkouts/stream-chat-swift/Sources/StreamChatUI/Utils/ImageLoading/NukeImageLoader.swift /Users/alexmontesino/Library/Developer/Xcode/DerivedData/Gym_API-gttvbppsiybwtpahvrbhortrptkr/SourcePackages/checkouts/stream-chat-swift/Sources/StreamChatUI/Utils/ImageProcessor/NukeImageProcessor.swift /Users/alexmontesino/Library/Developer/Xcode/DerivedData/Gym_API-gttvbppsiybwtpahvrbhortrptkr/SourcePackages/checkouts/stream-chat-swift/Sources/StreamChatUI/Utils/KeyboardHandler/ComposerKeyboardHandler.swift (in target 'StreamChatUI' from project 'StreamChat')

SwiftCompile normal arm64 /Users/alexmontesino/Library/Developer/Xcode/DerivedData/Gym_API-gttvbppsiybwtpahvrbhortrptkr/SourcePackages/checkouts/stream-chat-swift/Sources/StreamChatUI/Utils/Extensions/String+Extensions.swift (in target 'StreamChatUI' from project 'StreamChat')
    cd /Users/alexmontesino/Documents/GYM-API-IOS/Gym_API/Gym_API.xcodeproj
    

SwiftCompile normal arm64 /Users/alexmontesino/Library/Developer/Xcode/DerivedData/Gym_API-gttvbppsiybwtpahvrbhortrptkr/SourcePackages/checkouts/stream-chat-swift/Sources/StreamChatUI/Utils/Extensions/UIColor+Extensions.swift (in target 'StreamChatUI' from project 'StreamChat')
    cd /Users/alexmontesino/Documents/GYM-API-IOS/Gym_API/Gym_API.xcodeproj
    

SwiftCompile normal arm64 /Users/alexmontesino/Library/Developer/Xcode/DerivedData/Gym_API-gttvbppsiybwtpahvrbhortrptkr/SourcePackages/checkouts/stream-chat-swift/Sources/StreamChatUI/Utils/Extensions/UIFont+Extensions.swift (in target 'StreamChatUI' from project 'StreamChat')
    cd /Users/alexmontesino/Documents/GYM-API-IOS/Gym_API/Gym_API.xcodeproj
    

SwiftCompile normal arm64 /Users/alexmontesino/Library/Developer/Xcode/DerivedData/Gym_API-gttvbppsiybwtpahvrbhortrptkr/SourcePackages/checkouts/stream-chat-swift/Sources/StreamChatUI/Utils/Extensions/UIImage+Extensions.swift (in target 'StreamChatUI' from project 'StreamChat')
    cd /Users/alexmontesino/Documents/GYM-API-IOS/Gym_API/Gym_API.xcodeproj
    

SwiftCompile normal arm64 /Users/alexmontesino/Library/Developer/Xcode/DerivedData/Gym_API-gttvbppsiybwtpahvrbhortrptkr/SourcePackages/checkouts/stream-chat-swift/Sources/StreamChatUI/Utils/Extensions/UILabel+Extensions.swift (in target 'StreamChatUI' from project 'StreamChat')
    cd /Users/alexmontesino/Documents/GYM-API-IOS/Gym_API/Gym_API.xcodeproj
    

SwiftCompile normal arm64 /Users/alexmontesino/Library/Developer/Xcode/DerivedData/Gym_API-gttvbppsiybwtpahvrbhortrptkr/SourcePackages/checkouts/stream-chat-swift/Sources/StreamChatUI/Utils/Extensions/UIScrollView+Extensions.swift (in target 'StreamChatUI' from project 'StreamChat')
    cd /Users/alexmontesino/Documents/GYM-API-IOS/Gym_API/Gym_API.xcodeproj
    

SwiftCompile normal arm64 /Users/alexmontesino/Library/Developer/Xcode/DerivedData/Gym_API-gttvbppsiybwtpahvrbhortrptkr/SourcePackages/checkouts/stream-chat-swift/Sources/StreamChatUI/Utils/Extensions/UIStackView+Extensions.swift (in target 'StreamChatUI' from project 'StreamChat')
    cd /Users/alexmontesino/Documents/GYM-API-IOS/Gym_API/Gym_API.xcodeproj
    

SwiftCompile normal arm64 /Users/alexmontesino/Library/Developer/Xcode/DerivedData/Gym_API-gttvbppsiybwtpahvrbhortrptkr/SourcePackages/checkouts/stream-chat-swift/Sources/StreamChatUI/Utils/Extensions/UITextView+Extensions.swift (in target 'StreamChatUI' from project 'StreamChat')
    cd /Users/alexmontesino/Documents/GYM-API-IOS/Gym_API/Gym_API.xcodeproj
    

SwiftCompile normal arm64 /Users/alexmontesino/Library/Developer/Xcode/DerivedData/Gym_API-gttvbppsiybwtpahvrbhortrptkr/SourcePackages/checkouts/stream-chat-swift/Sources/StreamChatUI/Utils/Extensions/UIView+Extensions.swift (in target 'StreamChatUI' from project 'StreamChat')
    cd /Users/alexmontesino/Documents/GYM-API-IOS/Gym_API/Gym_API.xcodeproj
    

SwiftCompile normal arm64 /Users/alexmontesino/Library/Developer/Xcode/DerivedData/Gym_API-gttvbppsiybwtpahvrbhortrptkr/SourcePackages/checkouts/stream-chat-swift/Sources/StreamChatUI/Utils/Extensions/UIViewController+Extensions.swift (in target 'StreamChatUI' from project 'StreamChat')
    cd /Users/alexmontesino/Documents/GYM-API-IOS/Gym_API/Gym_API.xcodeproj
    

SwiftCompile normal arm64 /Users/alexmontesino/Library/Developer/Xcode/DerivedData/Gym_API-gttvbppsiybwtpahvrbhortrptkr/SourcePackages/checkouts/stream-chat-swift/Sources/StreamChatUI/Utils/ImageLoading/ImageCDN/ImageCDN.swift (in target 'StreamChatUI' from project 'StreamChat')
    cd /Users/alexmontesino/Documents/GYM-API-IOS/Gym_API/Gym_API.xcodeproj
    

SwiftCompile normal arm64 /Users/alexmontesino/Library/Developer/Xcode/DerivedData/Gym_API-gttvbppsiybwtpahvrbhortrptkr/SourcePackages/checkouts/stream-chat-swift/Sources/StreamChatUI/Utils/ImageLoading/ImageCDN/StreamCDN.swift (in target 'StreamChatUI' from project 'StreamChat')
    cd /Users/alexmontesino/Documents/GYM-API-IOS/Gym_API/Gym_API.xcodeproj
    

SwiftCompile normal arm64 /Users/alexmontesino/Library/Developer/Xcode/DerivedData/Gym_API-gttvbppsiybwtpahvrbhortrptkr/SourcePackages/checkouts/stream-chat-swift/Sources/StreamChatUI/Utils/ImageLoading/ImageDownloadOptions.swift (in target 'StreamChatUI' from project 'StreamChat')
    cd /Users/alexmontesino/Documents/GYM-API-IOS/Gym_API/Gym_API.xcodeproj
    

SwiftCompile normal arm64 /Users/alexmontesino/Library/Developer/Xcode/DerivedData/Gym_API-gttvbppsiybwtpahvrbhortrptkr/SourcePackages/checkouts/stream-chat-swift/Sources/StreamChatUI/Utils/ImageLoading/ImageDownloadRequest.swift (in target 'StreamChatUI' from project 'StreamChat')
    cd /Users/alexmontesino/Documents/GYM-API-IOS/Gym_API/Gym_API.xcodeproj
    

SwiftCompile normal arm64 /Users/alexmontesino/Library/Developer/Xcode/DerivedData/Gym_API-gttvbppsiybwtpahvrbhortrptkr/SourcePackages/checkouts/stream-chat-swift/Sources/StreamChatUI/Utils/ImageLoading/ImageLoaderOptions.swift (in target 'StreamChatUI' from project 'StreamChat')
    cd /Users/alexmontesino/Documents/GYM-API-IOS/Gym_API/Gym_API.xcodeproj
    

SwiftCompile normal arm64 /Users/alexmontesino/Library/Developer/Xcode/DerivedData/Gym_API-gttvbppsiybwtpahvrbhortrptkr/SourcePackages/checkouts/stream-chat-swift/Sources/StreamChatUI/Utils/ImageLoading/ImageLoading.swift (in target 'StreamChatUI' from project 'StreamChat')
    cd /Users/alexmontesino/Documents/GYM-API-IOS/Gym_API/Gym_API.xcodeproj
    

SwiftCompile normal arm64 /Users/alexmontesino/Library/Developer/Xcode/DerivedData/Gym_API-gttvbppsiybwtpahvrbhortrptkr/SourcePackages/checkouts/stream-chat-swift/Sources/StreamChatUI/Utils/ImageLoading/ImageMerger.swift (in target 'StreamChatUI' from project 'StreamChat')
    cd /Users/alexmontesino/Documents/GYM-API-IOS/Gym_API/Gym_API.xcodeproj
    

SwiftCompile normal arm64 /Users/alexmontesino/Library/Developer/Xcode/DerivedData/Gym_API-gttvbppsiybwtpahvrbhortrptkr/SourcePackages/checkouts/stream-chat-swift/Sources/StreamChatUI/Utils/ImageLoading/ImageResize.swift (in target 'StreamChatUI' from project 'StreamChat')
    cd /Users/alexmontesino/Documents/GYM-API-IOS/Gym_API/Gym_API.xcodeproj
    

SwiftCompile normal arm64 /Users/alexmontesino/Library/Developer/Xcode/DerivedData/Gym_API-gttvbppsiybwtpahvrbhortrptkr/SourcePackages/checkouts/stream-chat-swift/Sources/StreamChatUI/Utils/ImageLoading/ImageResultsMapper.swift (in target 'StreamChatUI' from project 'StreamChat')
    cd /Users/alexmontesino/Documents/GYM-API-IOS/Gym_API/Gym_API.xcodeproj
    

SwiftCompile normal arm64 /Users/alexmontesino/Library/Developer/Xcode/DerivedData/Gym_API-gttvbppsiybwtpahvrbhortrptkr/SourcePackages/checkouts/stream-chat-swift/Sources/StreamChatUI/Utils/ImageLoading/ImageSizeCalculator.swift (in target 'StreamChatUI' from project 'StreamChat')
    cd /Users/alexmontesino/Documents/GYM-API-IOS/Gym_API/Gym_API.xcodeproj
    

SwiftCompile normal arm64 /Users/alexmontesino/Library/Developer/Xcode/DerivedData/Gym_API-gttvbppsiybwtpahvrbhortrptkr/SourcePackages/checkouts/stream-chat-swift/Sources/StreamChatUI/Utils/ImageLoading/NukeImageLoader.swift (in target 'StreamChatUI' from project 'StreamChat')
    cd /Users/alexmontesino/Documents/GYM-API-IOS/Gym_API/Gym_API.xcodeproj
    

SwiftCompile normal arm64 /Users/alexmontesino/Library/Developer/Xcode/DerivedData/Gym_API-gttvbppsiybwtpahvrbhortrptkr/SourcePackages/checkouts/stream-chat-swift/Sources/StreamChatUI/Utils/ImageProcessor/NukeImageProcessor.swift (in target 'StreamChatUI' from project 'StreamChat')
    cd /Users/alexmontesino/Documents/GYM-API-IOS/Gym_API/Gym_API.xcodeproj
    

SwiftCompile normal arm64 /Users/alexmontesino/Library/Developer/Xcode/DerivedData/Gym_API-gttvbppsiybwtpahvrbhortrptkr/SourcePackages/checkouts/stream-chat-swift/Sources/StreamChatUI/Utils/KeyboardHandler/ComposerKeyboardHandler.swift (in target 'StreamChatUI' from project 'StreamChat')
    cd /Users/alexmontesino/Documents/GYM-API-IOS/Gym_API/Gym_API.xcodeproj
    

LinkAssetCatalog /Users/alexmontesino/Library/Developer/Xcode/DerivedData/Gym_API-gttvbppsiybwtpahvrbhortrptkr/SourcePackages/checkouts/stream-chat-swift/Sources/StreamChatUI/Resources/Assets.xcassets (in target 'StreamChat_StreamChatUI' from project 'StreamChat')
    cd /Users/alexmontesino/Library/Developer/Xcode/DerivedData/Gym_API-gttvbppsiybwtpahvrbhortrptkr/SourcePackages/checkouts/stream-chat-swift
    builtin-linkAssetCatalog --thinned /Users/alexmontesino/Library/Developer/Xcode/DerivedData/Gym_API-gttvbppsiybwtpahvrbhortrptkr/Build/Intermediates.noindex/StreamChat.build/Debug-iphonesimulator/StreamChat_StreamChatUI.build/assetcatalog_output/thinned --thinned-dependencies /Users/alexmontesino/Library/Developer/Xcode/DerivedData/Gym_API-gttvbppsiybwtpahvrbhortrptkr/Build/Intermediates.noindex/StreamChat.build/Debug-iphonesimulator/StreamChat_StreamChatUI.build/assetcatalog_dependencies_thinned --thinned-info-plist-content /Users/alexmontesino/Library/Developer/Xcode/DerivedData/Gym_API-gttvbppsiybwtpahvrbhortrptkr/Build/Intermediates.noindex/StreamChat.build/Debug-iphonesimulator/StreamChat_StreamChatUI.build/assetcatalog_generated_info.plist_thinned --unthinned /Users/alexmontesino/Library/Developer/Xcode/DerivedData/Gym_API-gttvbppsiybwtpahvrbhortrptkr/Build/Intermediates.noindex/StreamChat.build/Debug-iphonesimulator/StreamChat_StreamChatUI.build/assetcatalog_output/unthinned --unthinned-dependencies /Users/alexmontesino/Library/Developer/Xcode/DerivedData/Gym_API-gttvbppsiybwtpahvrbhortrptkr/Build/Intermediates.noindex/StreamChat.build/Debug-iphonesimulator/StreamChat_StreamChatUI.build/assetcatalog_dependencies_unthinned --unthinned-info-plist-content /Users/alexmontesino/Library/Developer/Xcode/DerivedData/Gym_API-gttvbppsiybwtpahvrbhortrptkr/Build/Intermediates.noindex/StreamChat.build/Debug-iphonesimulator/StreamChat_StreamChatUI.build/assetcatalog_generated_info.plist_unthinned --output /Users/alexmontesino/Library/Developer/Xcode/DerivedData/Gym_API-gttvbppsiybwtpahvrbhortrptkr/Build/Products/Debug-iphonesimulator/StreamChat_StreamChatUI.bundle --plist-output /Users/alexmontesino/Library/Developer/Xcode/DerivedData/Gym_API-gttvbppsiybwtpahvrbhortrptkr/Build/Intermediates.noindex/StreamChat.build/Debug-iphonesimulator/StreamChat_StreamChatUI.build/assetcatalog_generated_info.plist
note: Emplaced /Users/alexmontesino/Library/Developer/Xcode/DerivedData/Gym_API-gttvbppsiybwtpahvrbhortrptkr/Build/Products/Debug-iphonesimulator/StreamChat_StreamChatUI.bundle/Assets.car (in target 'StreamChat_StreamChatUI' from project 'StreamChat')

SwiftDriverJobDiscovery normal arm64 Compiling DefaultScrollViewKeyboardHandler.swift, KeyboardHandler.swift, SystemEnvironment.swift, TextViewMentionedUsersHandler.swift, UILabel+highlightText.swift, VideoLoading.swift, InvertedScrollViewPaginationHandler.swift, ScrollViewPaginationHandler.swift, StatefulScrollViewPaginationHandler.swift, ViewPaginationHandling.swift, ViewContainerBuilder.swift, AudioQueuePlayerNextItemProvider.swift, AudioSessionFeedbackGenerator.swift, BidirectionalPanGestureRecogniser.swift, AudioVisualizationView.swift, LiveRecordingView.swift, LockIndicatorView.swift, RecordingIndicatorView.swift, RecordingTipView.swift, SlideToCancelView.swift, WaveformView.swift, VoiceRecordingVC.swift, GeneratedAssetSymbols.swift (in target 'StreamChatUI' from project 'StreamChat')

SwiftDriver\ Compilation StreamChat normal arm64 com.apple.xcode.tools.swift.compiler (in target 'StreamChat' from project 'StreamChat')
    cd /Users/alexmontesino/Documents/GYM-API-IOS/Gym_API/Gym_API.xcodeproj
    builtin-Swift-Compilation -- /Applications/Xcode.app/Contents/Developer/Toolchains/XcodeDefault.xctoolchain/usr/bin/swiftc -module-name StreamChat -Onone -enforce-exclusivity\=checked @/Users/alexmontesino/Library/Developer/Xcode/DerivedData/Gym_API-gttvbppsiybwtpahvrbhortrptkr/Build/Intermediates.noindex/StreamChat.build/Debug-iphonesimulator/StreamChat.build/Objects-normal/arm64/StreamChat.SwiftFileList -DSWIFT_PACKAGE -DDEBUG -DXcode -plugin-path /Applications/Xcode.app/Contents/Developer/Toolchains/XcodeDefault.xctoolchain/usr/lib/swift/host/plugins/testing -enable-experimental-feature DebugDescriptionMacro -sdk /Applications/Xcode.app/Contents/Developer/Platforms/iPhoneSimulator.platform/Developer/SDKs/iPhoneSimulator18.5.sdk -target arm64-apple-ios13.0-simulator -g -module-cache-path /Users/alexmontesino/Library/Developer/Xcode/DerivedData/ModuleCache.noindex -Xfrontend -serialize-debugging-options -profile-coverage-mapping -profile-generate -enable-testing -suppress-warnings -index-store-path /Users/alexmontesino/Library/Developer/Xcode/DerivedData/Gym_API-gttvbppsiybwtpahvrbhortrptkr/Index.noindex/DataStore -swift-version 5 -I /Users/alexmontesino/Library/Developer/Xcode/DerivedData/Gym_API-gttvbppsiybwtpahvrbhortrptkr/Build/Products/Debug-iphonesimulator -I /Applications/Xcode.app/Contents/Developer/Platforms/iPhoneSimulator.platform/Developer/usr/lib -F /Users/alexmontesino/Library/Developer/Xcode/DerivedData/Gym_API-gttvbppsiybwtpahvrbhortrptkr/Build/Products/Debug-iphonesimulator -F /Applications/Xcode.app/Contents/Developer/Platforms/iPhoneSimulator.platform/Developer/Library/Frameworks -F /Applications/Xcode.app/Contents/Developer/Platforms/iPhoneSimulator.platform/Developer/SDKs/iPhoneSimulator18.5.sdk/Developer/Library/Frameworks -emit-localized-strings -emit-localized-strings-path /Users/alexmontesino/Library/Developer/Xcode/DerivedData/Gym_API-gttvbppsiybwtpahvrbhortrptkr/Build/Intermediates.noindex/StreamChat.build/Debug-iphonesimulator/StreamChat.build/Objects-normal/arm64 -c -j10 -enable-batch-mode -incremental -Xcc -ivfsstatcache -Xcc /Users/alexmontesino/Library/Developer/Xcode/DerivedData/SDKStatCaches.noindex/iphonesimulator18.5-22F76-d5fc8ad4295d2ef488fb7d0f804ce0c4.sdkstatcache -output-file-map /Users/alexmontesino/Library/Developer/Xcode/DerivedData/Gym_API-gttvbppsiybwtpahvrbhortrptkr/Build/Intermediates.noindex/StreamChat.build/Debug-iphonesimulator/StreamChat.build/Objects-normal/arm64/StreamChat-OutputFileMap.json -use-frontend-parseable-output -save-temps -no-color-diagnostics -serialize-diagnostics -emit-dependencies -emit-module -emit-module-path /Users/alexmontesino/Library/Developer/Xcode/DerivedData/Gym_API-gttvbppsiybwtpahvrbhortrptkr/Build/Intermediates.noindex/StreamChat.build/Debug-iphonesimulator/StreamChat.build/Objects-normal/arm64/StreamChat.swiftmodule -validate-clang-modules-once -clang-build-session-file /Users/alexmontesino/Library/Developer/Xcode/DerivedData/ModuleCache.noindex/Session.modulevalidation -Xcc -I/Users/alexmontesino/Library/Developer/Xcode/DerivedData/Gym_API-gttvbppsiybwtpahvrbhortrptkr/Build/Intermediates.noindex/StreamChat.build/Debug-iphonesimulator/StreamChat.build/swift-overrides.hmap -emit-const-values -Xfrontend -const-gather-protocols-file -Xfrontend /Users/alexmontesino/Library/Developer/Xcode/DerivedData/Gym_API-gttvbppsiybwtpahvrbhortrptkr/Build/Intermediates.noindex/StreamChat.build/Debug-iphonesimulator/StreamChat.build/Objects-normal/arm64/StreamChat_const_extract_protocols.json -Xcc -I/Users/alexmontesino/Library/Developer/Xcode/DerivedData/Gym_API-gttvbppsiybwtpahvrbhortrptkr/Build/Products/Debug-iphonesimulator/include -Xcc -I/Users/alexmontesino/Library/Developer/Xcode/DerivedData/Gym_API-gttvbppsiybwtpahvrbhortrptkr/Build/Intermediates.noindex/StreamChat.build/Debug-iphonesimulator/StreamChat.build/DerivedSources-normal/arm64 -Xcc -I/Users/alexmontesino/Library/Developer/Xcode/DerivedData/Gym_API-gttvbppsiybwtpahvrbhortrptkr/Build/Intermediates.noindex/StreamChat.build/Debug-iphonesimulator/StreamChat.build/DerivedSources/arm64 -Xcc -I/Users/alexmontesino/Library/Developer/Xcode/DerivedData/Gym_API-gttvbppsiybwtpahvrbhortrptkr/Build/Intermediates.noindex/StreamChat.build/Debug-iphonesimulator/StreamChat.build/DerivedSources -Xcc -DSWIFT_PACKAGE -Xcc -DDEBUG\=1 -emit-objc-header -emit-objc-header-path /Users/alexmontesino/Library/Developer/Xcode/DerivedData/Gym_API-gttvbppsiybwtpahvrbhortrptkr/Build/Intermediates.noindex/StreamChat.build/Debug-iphonesimulator/StreamChat.build/Objects-normal/arm64/StreamChat-Swift.h -working-directory /Users/alexmontesino/Documents/GYM-API-IOS/Gym_API/Gym_API.xcodeproj -experimental-emit-module-separately -disable-cmo

SwiftCompile normal arm64 Compiling\ Users.swift,\ Version.swift,\ WebAuth.swift,\ WebAuthError.swift,\ WebAuthUserAgent.swift,\ WebAuthentication.swift,\ WebViewProvider.swift /Users/alexmontesino/Library/Developer/Xcode/DerivedData/Gym_API-gttvbppsiybwtpahvrbhortrptkr/SourcePackages/checkouts/Auth0.swift/Auth0/Users.swift /Users/alexmontesino/Library/Developer/Xcode/DerivedData/Gym_API-gttvbppsiybwtpahvrbhortrptkr/SourcePackages/checkouts/Auth0.swift/Auth0/Version.swift /Users/alexmontesino/Library/Developer/Xcode/DerivedData/Gym_API-gttvbppsiybwtpahvrbhortrptkr/SourcePackages/checkouts/Auth0.swift/Auth0/WebAuth.swift /Users/alexmontesino/Library/Developer/Xcode/DerivedData/Gym_API-gttvbppsiybwtpahvrbhortrptkr/SourcePackages/checkouts/Auth0.swift/Auth0/WebAuthError.swift /Users/alexmontesino/Library/Developer/Xcode/DerivedData/Gym_API-gttvbppsiybwtpahvrbhortrptkr/SourcePackages/checkouts/Auth0.swift/Auth0/WebAuthUserAgent.swift /Users/alexmontesino/Library/Developer/Xcode/DerivedData/Gym_API-gttvbppsiybwtpahvrbhortrptkr/SourcePackages/checkouts/Auth0.swift/Auth0/WebAuthentication.swift /Users/alexmontesino/Library/Developer/Xcode/DerivedData/Gym_API-gttvbppsiybwtpahvrbhortrptkr/SourcePackages/checkouts/Auth0.swift/Auth0/WebViewProvider.swift (in target 'Auth0' from project 'Auth0')

SwiftCompile normal arm64 /Users/alexmontesino/Library/Developer/Xcode/DerivedData/Gym_API-gttvbppsiybwtpahvrbhortrptkr/SourcePackages/checkouts/Auth0.swift/Auth0/Users.swift (in target 'Auth0' from project 'Auth0')
    cd /Users/alexmontesino/Documents/GYM-API-IOS/Gym_API/Gym_API.xcodeproj
    

SwiftCompile normal arm64 /Users/alexmontesino/Library/Developer/Xcode/DerivedData/Gym_API-gttvbppsiybwtpahvrbhortrptkr/SourcePackages/checkouts/Auth0.swift/Auth0/Version.swift (in target 'Auth0' from project 'Auth0')
    cd /Users/alexmontesino/Documents/GYM-API-IOS/Gym_API/Gym_API.xcodeproj
    

SwiftCompile normal arm64 /Users/alexmontesino/Library/Developer/Xcode/DerivedData/Gym_API-gttvbppsiybwtpahvrbhortrptkr/SourcePackages/checkouts/Auth0.swift/Auth0/WebAuth.swift (in target 'Auth0' from project 'Auth0')
    cd /Users/alexmontesino/Documents/GYM-API-IOS/Gym_API/Gym_API.xcodeproj
    

SwiftCompile normal arm64 /Users/alexmontesino/Library/Developer/Xcode/DerivedData/Gym_API-gttvbppsiybwtpahvrbhortrptkr/SourcePackages/checkouts/Auth0.swift/Auth0/WebAuthError.swift (in target 'Auth0' from project 'Auth0')
    cd /Users/alexmontesino/Documents/GYM-API-IOS/Gym_API/Gym_API.xcodeproj
    

SwiftCompile normal arm64 /Users/alexmontesino/Library/Developer/Xcode/DerivedData/Gym_API-gttvbppsiybwtpahvrbhortrptkr/SourcePackages/checkouts/Auth0.swift/Auth0/WebAuthUserAgent.swift (in target 'Auth0' from project 'Auth0')
    cd /Users/alexmontesino/Documents/GYM-API-IOS/Gym_API/Gym_API.xcodeproj
    

SwiftCompile normal arm64 /Users/alexmontesino/Library/Developer/Xcode/DerivedData/Gym_API-gttvbppsiybwtpahvrbhortrptkr/SourcePackages/checkouts/Auth0.swift/Auth0/WebAuthentication.swift (in target 'Auth0' from project 'Auth0')
    cd /Users/alexmontesino/Documents/GYM-API-IOS/Gym_API/Gym_API.xcodeproj
    

SwiftCompile normal arm64 /Users/alexmontesino/Library/Developer/Xcode/DerivedData/Gym_API-gttvbppsiybwtpahvrbhortrptkr/SourcePackages/checkouts/Auth0.swift/Auth0/WebViewProvider.swift (in target 'Auth0' from project 'Auth0')
    cd /Users/alexmontesino/Documents/GYM-API-IOS/Gym_API/Gym_API.xcodeproj
    

SwiftCompile normal arm64 Compiling\ Loggable.swift,\ Logger.swift,\ LoginPasskey.swift,\ LoginTransaction.swift,\ Management.swift,\ ManagementError.swift,\ MobileWebAuth.swift,\ MultifactorChallenge.swift /Users/alexmontesino/Library/Developer/Xcode/DerivedData/Gym_API-gttvbppsiybwtpahvrbhortrptkr/SourcePackages/checkouts/Auth0.swift/Auth0/Loggable.swift /Users/alexmontesino/Library/Developer/Xcode/DerivedData/Gym_API-gttvbppsiybwtpahvrbhortrptkr/SourcePackages/checkouts/Auth0.swift/Auth0/Logger.swift /Users/alexmontesino/Library/Developer/Xcode/DerivedData/Gym_API-gttvbppsiybwtpahvrbhortrptkr/SourcePackages/checkouts/Auth0.swift/Auth0/LoginPasskey.swift /Users/alexmontesino/Library/Developer/Xcode/DerivedData/Gym_API-gttvbppsiybwtpahvrbhortrptkr/SourcePackages/checkouts/Auth0.swift/Auth0/LoginTransaction.swift /Users/alexmontesino/Library/Developer/Xcode/DerivedData/Gym_API-gttvbppsiybwtpahvrbhortrptkr/SourcePackages/checkouts/Auth0.swift/Auth0/Management.swift /Users/alexmontesino/Library/Developer/Xcode/DerivedData/Gym_API-gttvbppsiybwtpahvrbhortrptkr/SourcePackages/checkouts/Auth0.swift/Auth0/ManagementError.swift /Users/alexmontesino/Library/Developer/Xcode/DerivedData/Gym_API-gttvbppsiybwtpahvrbhortrptkr/SourcePackages/checkouts/Auth0.swift/Auth0/MobileWebAuth.swift /Users/alexmontesino/Library/Developer/Xcode/DerivedData/Gym_API-gttvbppsiybwtpahvrbhortrptkr/SourcePackages/checkouts/Auth0.swift/Auth0/MultifactorChallenge.swift (in target 'Auth0' from project 'Auth0')

SwiftCompile normal arm64 /Users/alexmontesino/Library/Developer/Xcode/DerivedData/Gym_API-gttvbppsiybwtpahvrbhortrptkr/SourcePackages/checkouts/Auth0.swift/Auth0/Loggable.swift (in target 'Auth0' from project 'Auth0')
    cd /Users/alexmontesino/Documents/GYM-API-IOS/Gym_API/Gym_API.xcodeproj
    

SwiftCompile normal arm64 /Users/alexmontesino/Library/Developer/Xcode/DerivedData/Gym_API-gttvbppsiybwtpahvrbhortrptkr/SourcePackages/checkouts/Auth0.swift/Auth0/Logger.swift (in target 'Auth0' from project 'Auth0')
    cd /Users/alexmontesino/Documents/GYM-API-IOS/Gym_API/Gym_API.xcodeproj
    

SwiftCompile normal arm64 /Users/alexmontesino/Library/Developer/Xcode/DerivedData/Gym_API-gttvbppsiybwtpahvrbhortrptkr/SourcePackages/checkouts/Auth0.swift/Auth0/LoginPasskey.swift (in target 'Auth0' from project 'Auth0')
    cd /Users/alexmontesino/Documents/GYM-API-IOS/Gym_API/Gym_API.xcodeproj
    

SwiftCompile normal arm64 /Users/alexmontesino/Library/Developer/Xcode/DerivedData/Gym_API-gttvbppsiybwtpahvrbhortrptkr/SourcePackages/checkouts/Auth0.swift/Auth0/LoginTransaction.swift (in target 'Auth0' from project 'Auth0')
    cd /Users/alexmontesino/Documents/GYM-API-IOS/Gym_API/Gym_API.xcodeproj
    

SwiftCompile normal arm64 /Users/alexmontesino/Library/Developer/Xcode/DerivedData/Gym_API-gttvbppsiybwtpahvrbhortrptkr/SourcePackages/checkouts/Auth0.swift/Auth0/Management.swift (in target 'Auth0' from project 'Auth0')
    cd /Users/alexmontesino/Documents/GYM-API-IOS/Gym_API/Gym_API.xcodeproj
    

SwiftCompile normal arm64 /Users/alexmontesino/Library/Developer/Xcode/DerivedData/Gym_API-gttvbppsiybwtpahvrbhortrptkr/SourcePackages/checkouts/Auth0.swift/Auth0/ManagementError.swift (in target 'Auth0' from project 'Auth0')
    cd /Users/alexmontesino/Documents/GYM-API-IOS/Gym_API/Gym_API.xcodeproj
    

SwiftCompile normal arm64 /Users/alexmontesino/Library/Developer/Xcode/DerivedData/Gym_API-gttvbppsiybwtpahvrbhortrptkr/SourcePackages/checkouts/Auth0.swift/Auth0/MobileWebAuth.swift (in target 'Auth0' from project 'Auth0')
    cd /Users/alexmontesino/Documents/GYM-API-IOS/Gym_API/Gym_API.xcodeproj
    

SwiftCompile normal arm64 /Users/alexmontesino/Library/Developer/Xcode/DerivedData/Gym_API-gttvbppsiybwtpahvrbhortrptkr/SourcePackages/checkouts/Auth0.swift/Auth0/MultifactorChallenge.swift (in target 'Auth0' from project 'Auth0')
    cd /Users/alexmontesino/Documents/GYM-API-IOS/Gym_API/Gym_API.xcodeproj
    

SwiftDriverJobDiscovery normal arm64 Compiling ChatThreadListItemView.swift, ChatThreadListLoadingView.swift, ChatThreadListVC.swift, ChatThreadUnreadCountView.swift, AttachmentPreviewContainer.swift, AttachmentPreviewProvider.swift, FileAttachmentView.swift, ImageAttachmentComposerPreview.swift, VideoAttachmentComposerPreview.swift, VoiceRecordingAttachmentComposerPreview.swift, VoiceRecordingAttachmentQuotedPreview.swift, AttachmentsPreviewVC.swift, DefaultAttachmentPreviewProvider.swift, ChatAvatarView.swift, ChatChannelAvatarView+SwiftUI.swift, ChatChannelAvatarView.swift, ChatPresenceAvatarView.swift, OnlineIndicatorView.swift, ChatUserAvatarView.swift, CurrentChatUserAvatarView.swift, BadgeView.swift, BannerView.swift, BaseViews.swift, AttachmentActionButton.swift (in target 'StreamChatUI' from project 'StreamChat')

ProcessInfoPlistFile /Users/alexmontesino/Library/Developer/Xcode/DerivedData/Gym_API-gttvbppsiybwtpahvrbhortrptkr/Build/Products/Debug-iphonesimulator/StreamChat_StreamChatUI.bundle/Info.plist /Users/alexmontesino/Library/Developer/Xcode/DerivedData/Gym_API-gttvbppsiybwtpahvrbhortrptkr/Build/Intermediates.noindex/StreamChat.build/Debug-iphonesimulator/StreamChat_StreamChatUI.build/empty-StreamChat_StreamChatUI.plist (in target 'StreamChat_StreamChatUI' from project 'StreamChat')
    cd /Users/alexmontesino/Library/Developer/Xcode/DerivedData/Gym_API-gttvbppsiybwtpahvrbhortrptkr/SourcePackages/checkouts/stream-chat-swift
    builtin-infoPlistUtility /Users/alexmontesino/Library/Developer/Xcode/DerivedData/Gym_API-gttvbppsiybwtpahvrbhortrptkr/Build/Intermediates.noindex/StreamChat.build/Debug-iphonesimulator/StreamChat_StreamChatUI.build/empty-StreamChat_StreamChatUI.plist -producttype com.apple.product-type.bundle -expandbuildsettings -format binary -platform iphonesimulator -additionalcontentfile /Users/alexmontesino/Library/Developer/Xcode/DerivedData/Gym_API-gttvbppsiybwtpahvrbhortrptkr/Build/Intermediates.noindex/StreamChat.build/Debug-iphonesimulator/StreamChat_StreamChatUI.build/assetcatalog_generated_info.plist -o /Users/alexmontesino/Library/Developer/Xcode/DerivedData/Gym_API-gttvbppsiybwtpahvrbhortrptkr/Build/Products/Debug-iphonesimulator/StreamChat_StreamChatUI.bundle/Info.plist

SwiftDriverJobDiscovery normal arm64 Compiling Loggable.swift, Logger.swift, LoginPasskey.swift, LoginTransaction.swift, Management.swift, ManagementError.swift, MobileWebAuth.swift, MultifactorChallenge.swift (in target 'Auth0' from project 'Auth0')

SwiftCompile normal arm64 Compiling\ resource_bundle_accessor.swift,\ APICredentials.swift,\ ASProvider.swift,\ Array+Encode.swift,\ Auth0.swift,\ Auth0APIError.swift,\ Auth0Authentication.swift,\ Auth0Error.swift /Users/alexmontesino/Library/Developer/Xcode/DerivedData/Gym_API-gttvbppsiybwtpahvrbhortrptkr/Build/Intermediates.noindex/Auth0.build/Debug-iphonesimulator/Auth0.build/DerivedSources/resource_bundle_accessor.swift /Users/alexmontesino/Library/Developer/Xcode/DerivedData/Gym_API-gttvbppsiybwtpahvrbhortrptkr/SourcePackages/checkouts/Auth0.swift/Auth0/APICredentials.swift /Users/alexmontesino/Library/Developer/Xcode/DerivedData/Gym_API-gttvbppsiybwtpahvrbhortrptkr/SourcePackages/checkouts/Auth0.swift/Auth0/ASProvider.swift /Users/alexmontesino/Library/Developer/Xcode/DerivedData/Gym_API-gttvbppsiybwtpahvrbhortrptkr/SourcePackages/checkouts/Auth0.swift/Auth0/Array+Encode.swift /Users/alexmontesino/Library/Developer/Xcode/DerivedData/Gym_API-gttvbppsiybwtpahvrbhortrptkr/SourcePackages/checkouts/Auth0.swift/Auth0/Auth0.swift /Users/alexmontesino/Library/Developer/Xcode/DerivedData/Gym_API-gttvbppsiybwtpahvrbhortrptkr/SourcePackages/checkouts/Auth0.swift/Auth0/Auth0APIError.swift /Users/alexmontesino/Library/Developer/Xcode/DerivedData/Gym_API-gttvbppsiybwtpahvrbhortrptkr/SourcePackages/checkouts/Auth0.swift/Auth0/Auth0Authentication.swift /Users/alexmontesino/Library/Developer/Xcode/DerivedData/Gym_API-gttvbppsiybwtpahvrbhortrptkr/SourcePackages/checkouts/Auth0.swift/Auth0/Auth0Error.swift (in target 'Auth0' from project 'Auth0')

SwiftCompile normal arm64 /Users/alexmontesino/Library/Developer/Xcode/DerivedData/Gym_API-gttvbppsiybwtpahvrbhortrptkr/Build/Intermediates.noindex/Auth0.build/Debug-iphonesimulator/Auth0.build/DerivedSources/resource_bundle_accessor.swift (in target 'Auth0' from project 'Auth0')
    cd /Users/alexmontesino/Documents/GYM-API-IOS/Gym_API/Gym_API.xcodeproj
    

SwiftCompile normal arm64 /Users/alexmontesino/Library/Developer/Xcode/DerivedData/Gym_API-gttvbppsiybwtpahvrbhortrptkr/SourcePackages/checkouts/Auth0.swift/Auth0/APICredentials.swift (in target 'Auth0' from project 'Auth0')
    cd /Users/alexmontesino/Documents/GYM-API-IOS/Gym_API/Gym_API.xcodeproj
    

SwiftCompile normal arm64 /Users/alexmontesino/Library/Developer/Xcode/DerivedData/Gym_API-gttvbppsiybwtpahvrbhortrptkr/SourcePackages/checkouts/Auth0.swift/Auth0/ASProvider.swift (in target 'Auth0' from project 'Auth0')
    cd /Users/alexmontesino/Documents/GYM-API-IOS/Gym_API/Gym_API.xcodeproj
    

SwiftCompile normal arm64 /Users/alexmontesino/Library/Developer/Xcode/DerivedData/Gym_API-gttvbppsiybwtpahvrbhortrptkr/SourcePackages/checkouts/Auth0.swift/Auth0/Array+Encode.swift (in target 'Auth0' from project 'Auth0')
    cd /Users/alexmontesino/Documents/GYM-API-IOS/Gym_API/Gym_API.xcodeproj
    

SwiftCompile normal arm64 /Users/alexmontesino/Library/Developer/Xcode/DerivedData/Gym_API-gttvbppsiybwtpahvrbhortrptkr/SourcePackages/checkouts/Auth0.swift/Auth0/Auth0.swift (in target 'Auth0' from project 'Auth0')
    cd /Users/alexmontesino/Documents/GYM-API-IOS/Gym_API/Gym_API.xcodeproj
    

SwiftCompile normal arm64 /Users/alexmontesino/Library/Developer/Xcode/DerivedData/Gym_API-gttvbppsiybwtpahvrbhortrptkr/SourcePackages/checkouts/Auth0.swift/Auth0/Auth0APIError.swift (in target 'Auth0' from project 'Auth0')
    cd /Users/alexmontesino/Documents/GYM-API-IOS/Gym_API/Gym_API.xcodeproj
    

SwiftCompile normal arm64 /Users/alexmontesino/Library/Developer/Xcode/DerivedData/Gym_API-gttvbppsiybwtpahvrbhortrptkr/SourcePackages/checkouts/Auth0.swift/Auth0/Auth0Authentication.swift (in target 'Auth0' from project 'Auth0')
    cd /Users/alexmontesino/Documents/GYM-API-IOS/Gym_API/Gym_API.xcodeproj
    

SwiftCompile normal arm64 /Users/alexmontesino/Library/Developer/Xcode/DerivedData/Gym_API-gttvbppsiybwtpahvrbhortrptkr/SourcePackages/checkouts/Auth0.swift/Auth0/Auth0Error.swift (in target 'Auth0' from project 'Auth0')
    cd /Users/alexmontesino/Documents/GYM-API-IOS/Gym_API/Gym_API.xcodeproj
    

SwiftCompile normal arm64 Compiling\ PasswordlessType.swift,\ PublicKeyCredentialCreationOptions.swift,\ PublicKeyCredentialRequestOptions.swift,\ Request.swift,\ Requestable.swift,\ Response.swift,\ SSOCredentials.swift,\ SafariProvider.swift /Users/alexmontesino/Library/Developer/Xcode/DerivedData/Gym_API-gttvbppsiybwtpahvrbhortrptkr/SourcePackages/checkouts/Auth0.swift/Auth0/PasswordlessType.swift /Users/alexmontesino/Library/Developer/Xcode/DerivedData/Gym_API-gttvbppsiybwtpahvrbhortrptkr/SourcePackages/checkouts/Auth0.swift/Auth0/PublicKeyCredentialCreationOptions.swift /Users/alexmontesino/Library/Developer/Xcode/DerivedData/Gym_API-gttvbppsiybwtpahvrbhortrptkr/SourcePackages/checkouts/Auth0.swift/Auth0/PublicKeyCredentialRequestOptions.swift /Users/alexmontesino/Library/Developer/Xcode/DerivedData/Gym_API-gttvbppsiybwtpahvrbhortrptkr/SourcePackages/checkouts/Auth0.swift/Auth0/Request.swift /Users/alexmontesino/Library/Developer/Xcode/DerivedData/Gym_API-gttvbppsiybwtpahvrbhortrptkr/SourcePackages/checkouts/Auth0.swift/Auth0/Requestable.swift /Users/alexmontesino/Library/Developer/Xcode/DerivedData/Gym_API-gttvbppsiybwtpahvrbhortrptkr/SourcePackages/checkouts/Auth0.swift/Auth0/Response.swift /Users/alexmontesino/Library/Developer/Xcode/DerivedData/Gym_API-gttvbppsiybwtpahvrbhortrptkr/SourcePackages/checkouts/Auth0.swift/Auth0/SSOCredentials.swift /Users/alexmontesino/Library/Developer/Xcode/DerivedData/Gym_API-gttvbppsiybwtpahvrbhortrptkr/SourcePackages/checkouts/Auth0.swift/Auth0/SafariProvider.swift (in target 'Auth0' from project 'Auth0')

SwiftCompile normal arm64 /Users/alexmontesino/Library/Developer/Xcode/DerivedData/Gym_API-gttvbppsiybwtpahvrbhortrptkr/SourcePackages/checkouts/Auth0.swift/Auth0/PasswordlessType.swift (in target 'Auth0' from project 'Auth0')
    cd /Users/alexmontesino/Documents/GYM-API-IOS/Gym_API/Gym_API.xcodeproj
    

SwiftCompile normal arm64 /Users/alexmontesino/Library/Developer/Xcode/DerivedData/Gym_API-gttvbppsiybwtpahvrbhortrptkr/SourcePackages/checkouts/Auth0.swift/Auth0/PublicKeyCredentialCreationOptions.swift (in target 'Auth0' from project 'Auth0')
    cd /Users/alexmontesino/Documents/GYM-API-IOS/Gym_API/Gym_API.xcodeproj
    

SwiftCompile normal arm64 /Users/alexmontesino/Library/Developer/Xcode/DerivedData/Gym_API-gttvbppsiybwtpahvrbhortrptkr/SourcePackages/checkouts/Auth0.swift/Auth0/PublicKeyCredentialRequestOptions.swift (in target 'Auth0' from project 'Auth0')
    cd /Users/alexmontesino/Documents/GYM-API-IOS/Gym_API/Gym_API.xcodeproj
    

SwiftCompile normal arm64 /Users/alexmontesino/Library/Developer/Xcode/DerivedData/Gym_API-gttvbppsiybwtpahvrbhortrptkr/SourcePackages/checkouts/Auth0.swift/Auth0/Request.swift (in target 'Auth0' from project 'Auth0')
    cd /Users/alexmontesino/Documents/GYM-API-IOS/Gym_API/Gym_API.xcodeproj
    

SwiftCompile normal arm64 /Users/alexmontesino/Library/Developer/Xcode/DerivedData/Gym_API-gttvbppsiybwtpahvrbhortrptkr/SourcePackages/checkouts/Auth0.swift/Auth0/Requestable.swift (in target 'Auth0' from project 'Auth0')
    cd /Users/alexmontesino/Documents/GYM-API-IOS/Gym_API/Gym_API.xcodeproj
    

SwiftCompile normal arm64 /Users/alexmontesino/Library/Developer/Xcode/DerivedData/Gym_API-gttvbppsiybwtpahvrbhortrptkr/SourcePackages/checkouts/Auth0.swift/Auth0/Response.swift (in target 'Auth0' from project 'Auth0')
    cd /Users/alexmontesino/Documents/GYM-API-IOS/Gym_API/Gym_API.xcodeproj
    

SwiftCompile normal arm64 /Users/alexmontesino/Library/Developer/Xcode/DerivedData/Gym_API-gttvbppsiybwtpahvrbhortrptkr/SourcePackages/checkouts/Auth0.swift/Auth0/SSOCredentials.swift (in target 'Auth0' from project 'Auth0')
    cd /Users/alexmontesino/Documents/GYM-API-IOS/Gym_API/Gym_API.xcodeproj
    

SwiftCompile normal arm64 /Users/alexmontesino/Library/Developer/Xcode/DerivedData/Gym_API-gttvbppsiybwtpahvrbhortrptkr/SourcePackages/checkouts/Auth0.swift/Auth0/SafariProvider.swift (in target 'Auth0' from project 'Auth0')
    cd /Users/alexmontesino/Documents/GYM-API-IOS/Gym_API/Gym_API.xcodeproj
    

SwiftDriverJobDiscovery normal arm64 Compiling Users.swift, Version.swift, WebAuth.swift, WebAuthError.swift, WebAuthUserAgent.swift, WebAuthentication.swift, WebViewProvider.swift (in target 'Auth0' from project 'Auth0')

SwiftCompile normal arm64 Compiling\ Auth0MyAccount.swift,\ Auth0MyAccountAuthenticationMethods.swift,\ MyAccountAuthenticationMethods.swift,\ PasskeyAuthenticationMethod.swift,\ PasskeyEnrollmentChallenge.swift,\ MyAccount.swift,\ MyAccountError.swift,\ MyAccountHandlers.swift /Users/alexmontesino/Library/Developer/Xcode/DerivedData/Gym_API-gttvbppsiybwtpahvrbhortrptkr/SourcePackages/checkouts/Auth0.swift/Auth0/MyAccount/Auth0MyAccount.swift /Users/alexmontesino/Library/Developer/Xcode/DerivedData/Gym_API-gttvbppsiybwtpahvrbhortrptkr/SourcePackages/checkouts/Auth0.swift/Auth0/MyAccount/AuthenticationMethods/Auth0MyAccountAuthenticationMethods.swift /Users/alexmontesino/Library/Developer/Xcode/DerivedData/Gym_API-gttvbppsiybwtpahvrbhortrptkr/SourcePackages/checkouts/Auth0.swift/Auth0/MyAccount/AuthenticationMethods/MyAccountAuthenticationMethods.swift /Users/alexmontesino/Library/Developer/Xcode/DerivedData/Gym_API-gttvbppsiybwtpahvrbhortrptkr/SourcePackages/checkouts/Auth0.swift/Auth0/MyAccount/AuthenticationMethods/PasskeyAuthenticationMethod.swift /Users/alexmontesino/Library/Developer/Xcode/DerivedData/Gym_API-gttvbppsiybwtpahvrbhortrptkr/SourcePackages/checkouts/Auth0.swift/Auth0/MyAccount/AuthenticationMethods/PasskeyEnrollmentChallenge.swift /Users/alexmontesino/Library/Developer/Xcode/DerivedData/Gym_API-gttvbppsiybwtpahvrbhortrptkr/SourcePackages/checkouts/Auth0.swift/Auth0/MyAccount/MyAccount.swift /Users/alexmontesino/Library/Developer/Xcode/DerivedData/Gym_API-gttvbppsiybwtpahvrbhortrptkr/SourcePackages/checkouts/Auth0.swift/Auth0/MyAccount/MyAccountError.swift /Users/alexmontesino/Library/Developer/Xcode/DerivedData/Gym_API-gttvbppsiybwtpahvrbhortrptkr/SourcePackages/checkouts/Auth0.swift/Auth0/MyAccount/MyAccountHandlers.swift (in target 'Auth0' from project 'Auth0')

SwiftCompile normal arm64 /Users/alexmontesino/Library/Developer/Xcode/DerivedData/Gym_API-gttvbppsiybwtpahvrbhortrptkr/SourcePackages/checkouts/Auth0.swift/Auth0/MyAccount/Auth0MyAccount.swift (in target 'Auth0' from project 'Auth0')
    cd /Users/alexmontesino/Documents/GYM-API-IOS/Gym_API/Gym_API.xcodeproj
    

SwiftCompile normal arm64 /Users/alexmontesino/Library/Developer/Xcode/DerivedData/Gym_API-gttvbppsiybwtpahvrbhortrptkr/SourcePackages/checkouts/Auth0.swift/Auth0/MyAccount/AuthenticationMethods/Auth0MyAccountAuthenticationMethods.swift (in target 'Auth0' from project 'Auth0')
    cd /Users/alexmontesino/Documents/GYM-API-IOS/Gym_API/Gym_API.xcodeproj
    

SwiftCompile normal arm64 /Users/alexmontesino/Library/Developer/Xcode/DerivedData/Gym_API-gttvbppsiybwtpahvrbhortrptkr/SourcePackages/checkouts/Auth0.swift/Auth0/MyAccount/AuthenticationMethods/MyAccountAuthenticationMethods.swift (in target 'Auth0' from project 'Auth0')
    cd /Users/alexmontesino/Documents/GYM-API-IOS/Gym_API/Gym_API.xcodeproj
    

SwiftCompile normal arm64 /Users/alexmontesino/Library/Developer/Xcode/DerivedData/Gym_API-gttvbppsiybwtpahvrbhortrptkr/SourcePackages/checkouts/Auth0.swift/Auth0/MyAccount/AuthenticationMethods/PasskeyAuthenticationMethod.swift (in target 'Auth0' from project 'Auth0')
    cd /Users/alexmontesino/Documents/GYM-API-IOS/Gym_API/Gym_API.xcodeproj
    

SwiftCompile normal arm64 /Users/alexmontesino/Library/Developer/Xcode/DerivedData/Gym_API-gttvbppsiybwtpahvrbhortrptkr/SourcePackages/checkouts/Auth0.swift/Auth0/MyAccount/AuthenticationMethods/PasskeyEnrollmentChallenge.swift (in target 'Auth0' from project 'Auth0')
    cd /Users/alexmontesino/Documents/GYM-API-IOS/Gym_API/Gym_API.xcodeproj
    

SwiftCompile normal arm64 /Users/alexmontesino/Library/Developer/Xcode/DerivedData/Gym_API-gttvbppsiybwtpahvrbhortrptkr/SourcePackages/checkouts/Auth0.swift/Auth0/MyAccount/MyAccount.swift (in target 'Auth0' from project 'Auth0')
    cd /Users/alexmontesino/Documents/GYM-API-IOS/Gym_API/Gym_API.xcodeproj
    

SwiftCompile normal arm64 /Users/alexmontesino/Library/Developer/Xcode/DerivedData/Gym_API-gttvbppsiybwtpahvrbhortrptkr/SourcePackages/checkouts/Auth0.swift/Auth0/MyAccount/MyAccountError.swift (in target 'Auth0' from project 'Auth0')
    cd /Users/alexmontesino/Documents/GYM-API-IOS/Gym_API/Gym_API.xcodeproj
    

SwiftCompile normal arm64 /Users/alexmontesino/Library/Developer/Xcode/DerivedData/Gym_API-gttvbppsiybwtpahvrbhortrptkr/SourcePackages/checkouts/Auth0.swift/Auth0/MyAccount/MyAccountHandlers.swift (in target 'Auth0' from project 'Auth0')
    cd /Users/alexmontesino/Documents/GYM-API-IOS/Gym_API/Gym_API.xcodeproj
    

SwiftDriverJobDiscovery normal arm64 Compiling String+Extensions.swift, UIColor+Extensions.swift, UIFont+Extensions.swift, UIImage+Extensions.swift, UILabel+Extensions.swift, UIScrollView+Extensions.swift, UIStackView+Extensions.swift, UITextView+Extensions.swift, UIView+Extensions.swift, UIViewController+Extensions.swift, ImageCDN.swift, StreamCDN.swift, ImageDownloadOptions.swift, ImageDownloadRequest.swift, ImageLoaderOptions.swift, ImageLoading.swift, ImageMerger.swift, ImageResize.swift, ImageResultsMapper.swift, ImageSizeCalculator.swift, NukeImageLoader.swift, NukeImageProcessor.swift, ComposerKeyboardHandler.swift (in target 'StreamChatUI' from project 'StreamChat')

SwiftCompile normal arm64 Compiling\ ClaimValidators.swift,\ ClearSessionTransaction.swift,\ Credentials.swift,\ CredentialsManager.swift,\ CredentialsManagerError.swift,\ CredentialsStorage.swift,\ DesktopWebAuth.swift,\ Helpers.swift /Users/alexmontesino/Library/Developer/Xcode/DerivedData/Gym_API-gttvbppsiybwtpahvrbhortrptkr/SourcePackages/checkouts/Auth0.swift/Auth0/ClaimValidators.swift /Users/alexmontesino/Library/Developer/Xcode/DerivedData/Gym_API-gttvbppsiybwtpahvrbhortrptkr/SourcePackages/checkouts/Auth0.swift/Auth0/ClearSessionTransaction.swift /Users/alexmontesino/Library/Developer/Xcode/DerivedData/Gym_API-gttvbppsiybwtpahvrbhortrptkr/SourcePackages/checkouts/Auth0.swift/Auth0/Credentials.swift /Users/alexmontesino/Library/Developer/Xcode/DerivedData/Gym_API-gttvbppsiybwtpahvrbhortrptkr/SourcePackages/checkouts/Auth0.swift/Auth0/CredentialsManager.swift /Users/alexmontesino/Library/Developer/Xcode/DerivedData/Gym_API-gttvbppsiybwtpahvrbhortrptkr/SourcePackages/checkouts/Auth0.swift/Auth0/CredentialsManagerError.swift /Users/alexmontesino/Library/Developer/Xcode/DerivedData/Gym_API-gttvbppsiybwtpahvrbhortrptkr/SourcePackages/checkouts/Auth0.swift/Auth0/CredentialsStorage.swift /Users/alexmontesino/Library/Developer/Xcode/DerivedData/Gym_API-gttvbppsiybwtpahvrbhortrptkr/SourcePackages/checkouts/Auth0.swift/Auth0/DesktopWebAuth.swift /Users/alexmontesino/Library/Developer/Xcode/DerivedData/Gym_API-gttvbppsiybwtpahvrbhortrptkr/SourcePackages/checkouts/Auth0.swift/Auth0/Helpers.swift (in target 'Auth0' from project 'Auth0')

SwiftCompile normal arm64 /Users/alexmontesino/Library/Developer/Xcode/DerivedData/Gym_API-gttvbppsiybwtpahvrbhortrptkr/SourcePackages/checkouts/Auth0.swift/Auth0/ClaimValidators.swift (in target 'Auth0' from project 'Auth0')
    cd /Users/alexmontesino/Documents/GYM-API-IOS/Gym_API/Gym_API.xcodeproj
    

SwiftCompile normal arm64 /Users/alexmontesino/Library/Developer/Xcode/DerivedData/Gym_API-gttvbppsiybwtpahvrbhortrptkr/SourcePackages/checkouts/Auth0.swift/Auth0/ClearSessionTransaction.swift (in target 'Auth0' from project 'Auth0')
    cd /Users/alexmontesino/Documents/GYM-API-IOS/Gym_API/Gym_API.xcodeproj
    

SwiftCompile normal arm64 /Users/alexmontesino/Library/Developer/Xcode/DerivedData/Gym_API-gttvbppsiybwtpahvrbhortrptkr/SourcePackages/checkouts/Auth0.swift/Auth0/Credentials.swift (in target 'Auth0' from project 'Auth0')
    cd /Users/alexmontesino/Documents/GYM-API-IOS/Gym_API/Gym_API.xcodeproj
    

SwiftCompile normal arm64 /Users/alexmontesino/Library/Developer/Xcode/DerivedData/Gym_API-gttvbppsiybwtpahvrbhortrptkr/SourcePackages/checkouts/Auth0.swift/Auth0/CredentialsManager.swift (in target 'Auth0' from project 'Auth0')
    cd /Users/alexmontesino/Documents/GYM-API-IOS/Gym_API/Gym_API.xcodeproj
    

SwiftCompile normal arm64 /Users/alexmontesino/Library/Developer/Xcode/DerivedData/Gym_API-gttvbppsiybwtpahvrbhortrptkr/SourcePackages/checkouts/Auth0.swift/Auth0/CredentialsManagerError.swift (in target 'Auth0' from project 'Auth0')
    cd /Users/alexmontesino/Documents/GYM-API-IOS/Gym_API/Gym_API.xcodeproj
    

SwiftCompile normal arm64 /Users/alexmontesino/Library/Developer/Xcode/DerivedData/Gym_API-gttvbppsiybwtpahvrbhortrptkr/SourcePackages/checkouts/Auth0.swift/Auth0/CredentialsStorage.swift (in target 'Auth0' from project 'Auth0')
    cd /Users/alexmontesino/Documents/GYM-API-IOS/Gym_API/Gym_API.xcodeproj
    

SwiftCompile normal arm64 /Users/alexmontesino/Library/Developer/Xcode/DerivedData/Gym_API-gttvbppsiybwtpahvrbhortrptkr/SourcePackages/checkouts/Auth0.swift/Auth0/DesktopWebAuth.swift (in target 'Auth0' from project 'Auth0')
    cd /Users/alexmontesino/Documents/GYM-API-IOS/Gym_API/Gym_API.xcodeproj
    

SwiftCompile normal arm64 /Users/alexmontesino/Library/Developer/Xcode/DerivedData/Gym_API-gttvbppsiybwtpahvrbhortrptkr/SourcePackages/checkouts/Auth0.swift/Auth0/Helpers.swift (in target 'Auth0' from project 'Auth0')
    cd /Users/alexmontesino/Documents/GYM-API-IOS/Gym_API/Gym_API.xcodeproj
    

SwiftDriverJobDiscovery normal arm64 Compiling PasswordlessType.swift, PublicKeyCredentialCreationOptions.swift, PublicKeyCredentialRequestOptions.swift, Request.swift, Requestable.swift, Response.swift, SSOCredentials.swift, SafariProvider.swift (in target 'Auth0' from project 'Auth0')

SwiftCompile normal arm64 Compiling\ SignupPasskey.swift,\ String+URLSafe.swift,\ Telemetry.swift,\ TransactionStore.swift,\ UIWindow+TopViewController.swift,\ UserInfo.swift,\ UserPatchAttributes.swift /Users/alexmontesino/Library/Developer/Xcode/DerivedData/Gym_API-gttvbppsiybwtpahvrbhortrptkr/SourcePackages/checkouts/Auth0.swift/Auth0/SignupPasskey.swift /Users/alexmontesino/Library/Developer/Xcode/DerivedData/Gym_API-gttvbppsiybwtpahvrbhortrptkr/SourcePackages/checkouts/Auth0.swift/Auth0/String+URLSafe.swift /Users/alexmontesino/Library/Developer/Xcode/DerivedData/Gym_API-gttvbppsiybwtpahvrbhortrptkr/SourcePackages/checkouts/Auth0.swift/Auth0/Telemetry.swift /Users/alexmontesino/Library/Developer/Xcode/DerivedData/Gym_API-gttvbppsiybwtpahvrbhortrptkr/SourcePackages/checkouts/Auth0.swift/Auth0/TransactionStore.swift /Users/alexmontesino/Library/Developer/Xcode/DerivedData/Gym_API-gttvbppsiybwtpahvrbhortrptkr/SourcePackages/checkouts/Auth0.swift/Auth0/UIWindow+TopViewController.swift /Users/alexmontesino/Library/Developer/Xcode/DerivedData/Gym_API-gttvbppsiybwtpahvrbhortrptkr/SourcePackages/checkouts/Auth0.swift/Auth0/UserInfo.swift /Users/alexmontesino/Library/Developer/Xcode/DerivedData/Gym_API-gttvbppsiybwtpahvrbhortrptkr/SourcePackages/checkouts/Auth0.swift/Auth0/UserPatchAttributes.swift (in target 'Auth0' from project 'Auth0')

SwiftCompile normal arm64 /Users/alexmontesino/Library/Developer/Xcode/DerivedData/Gym_API-gttvbppsiybwtpahvrbhortrptkr/SourcePackages/checkouts/Auth0.swift/Auth0/SignupPasskey.swift (in target 'Auth0' from project 'Auth0')
    cd /Users/alexmontesino/Documents/GYM-API-IOS/Gym_API/Gym_API.xcodeproj
    

SwiftCompile normal arm64 /Users/alexmontesino/Library/Developer/Xcode/DerivedData/Gym_API-gttvbppsiybwtpahvrbhortrptkr/SourcePackages/checkouts/Auth0.swift/Auth0/String+URLSafe.swift (in target 'Auth0' from project 'Auth0')
    cd /Users/alexmontesino/Documents/GYM-API-IOS/Gym_API/Gym_API.xcodeproj
    

SwiftCompile normal arm64 /Users/alexmontesino/Library/Developer/Xcode/DerivedData/Gym_API-gttvbppsiybwtpahvrbhortrptkr/SourcePackages/checkouts/Auth0.swift/Auth0/Telemetry.swift (in target 'Auth0' from project 'Auth0')
    cd /Users/alexmontesino/Documents/GYM-API-IOS/Gym_API/Gym_API.xcodeproj
    

SwiftCompile normal arm64 /Users/alexmontesino/Library/Developer/Xcode/DerivedData/Gym_API-gttvbppsiybwtpahvrbhortrptkr/SourcePackages/checkouts/Auth0.swift/Auth0/TransactionStore.swift (in target 'Auth0' from project 'Auth0')
    cd /Users/alexmontesino/Documents/GYM-API-IOS/Gym_API/Gym_API.xcodeproj
    

SwiftCompile normal arm64 /Users/alexmontesino/Library/Developer/Xcode/DerivedData/Gym_API-gttvbppsiybwtpahvrbhortrptkr/SourcePackages/checkouts/Auth0.swift/Auth0/UIWindow+TopViewController.swift (in target 'Auth0' from project 'Auth0')
    cd /Users/alexmontesino/Documents/GYM-API-IOS/Gym_API/Gym_API.xcodeproj
    

SwiftCompile normal arm64 /Users/alexmontesino/Library/Developer/Xcode/DerivedData/Gym_API-gttvbppsiybwtpahvrbhortrptkr/SourcePackages/checkouts/Auth0.swift/Auth0/UserInfo.swift (in target 'Auth0' from project 'Auth0')
    cd /Users/alexmontesino/Documents/GYM-API-IOS/Gym_API/Gym_API.xcodeproj
    

SwiftCompile normal arm64 /Users/alexmontesino/Library/Developer/Xcode/DerivedData/Gym_API-gttvbppsiybwtpahvrbhortrptkr/SourcePackages/checkouts/Auth0.swift/Auth0/UserPatchAttributes.swift (in target 'Auth0' from project 'Auth0')
    cd /Users/alexmontesino/Documents/GYM-API-IOS/Gym_API/Gym_API.xcodeproj
    

SwiftDriverJobDiscovery normal arm64 Compiling resource_bundle_accessor.swift, APICredentials.swift, ASProvider.swift, Array+Encode.swift, Auth0.swift, Auth0APIError.swift, Auth0Authentication.swift, Auth0Error.swift (in target 'Auth0' from project 'Auth0')

SwiftCompile normal arm64 Compiling\ IDTokenSignatureValidator.swift,\ IDTokenValidator.swift,\ IDTokenValidatorContext.swift,\ JSONObjectPayload.swift,\ JWK+RSA.swift,\ JWKS.swift,\ JWT+Header.swift,\ JWTAlgorithm.swift /Users/alexmontesino/Library/Developer/Xcode/DerivedData/Gym_API-gttvbppsiybwtpahvrbhortrptkr/SourcePackages/checkouts/Auth0.swift/Auth0/IDTokenSignatureValidator.swift /Users/alexmontesino/Library/Developer/Xcode/DerivedData/Gym_API-gttvbppsiybwtpahvrbhortrptkr/SourcePackages/checkouts/Auth0.swift/Auth0/IDTokenValidator.swift /Users/alexmontesino/Library/Developer/Xcode/DerivedData/Gym_API-gttvbppsiybwtpahvrbhortrptkr/SourcePackages/checkouts/Auth0.swift/Auth0/IDTokenValidatorContext.swift /Users/alexmontesino/Library/Developer/Xcode/DerivedData/Gym_API-gttvbppsiybwtpahvrbhortrptkr/SourcePackages/checkouts/Auth0.swift/Auth0/JSONObjectPayload.swift /Users/alexmontesino/Library/Developer/Xcode/DerivedData/Gym_API-gttvbppsiybwtpahvrbhortrptkr/SourcePackages/checkouts/Auth0.swift/Auth0/JWK+RSA.swift /Users/alexmontesino/Library/Developer/Xcode/DerivedData/Gym_API-gttvbppsiybwtpahvrbhortrptkr/SourcePackages/checkouts/Auth0.swift/Auth0/JWKS.swift /Users/alexmontesino/Library/Developer/Xcode/DerivedData/Gym_API-gttvbppsiybwtpahvrbhortrptkr/SourcePackages/checkouts/Auth0.swift/Auth0/JWT+Header.swift /Users/alexmontesino/Library/Developer/Xcode/DerivedData/Gym_API-gttvbppsiybwtpahvrbhortrptkr/SourcePackages/checkouts/Auth0.swift/Auth0/JWTAlgorithm.swift (in target 'Auth0' from project 'Auth0')

SwiftCompile normal arm64 /Users/alexmontesino/Library/Developer/Xcode/DerivedData/Gym_API-gttvbppsiybwtpahvrbhortrptkr/SourcePackages/checkouts/Auth0.swift/Auth0/IDTokenSignatureValidator.swift (in target 'Auth0' from project 'Auth0')
    cd /Users/alexmontesino/Documents/GYM-API-IOS/Gym_API/Gym_API.xcodeproj
    

SwiftCompile normal arm64 /Users/alexmontesino/Library/Developer/Xcode/DerivedData/Gym_API-gttvbppsiybwtpahvrbhortrptkr/SourcePackages/checkouts/Auth0.swift/Auth0/IDTokenValidator.swift (in target 'Auth0' from project 'Auth0')
    cd /Users/alexmontesino/Documents/GYM-API-IOS/Gym_API/Gym_API.xcodeproj
    

SwiftCompile normal arm64 /Users/alexmontesino/Library/Developer/Xcode/DerivedData/Gym_API-gttvbppsiybwtpahvrbhortrptkr/SourcePackages/checkouts/Auth0.swift/Auth0/IDTokenValidatorContext.swift (in target 'Auth0' from project 'Auth0')
    cd /Users/alexmontesino/Documents/GYM-API-IOS/Gym_API/Gym_API.xcodeproj
    

SwiftCompile normal arm64 /Users/alexmontesino/Library/Developer/Xcode/DerivedData/Gym_API-gttvbppsiybwtpahvrbhortrptkr/SourcePackages/checkouts/Auth0.swift/Auth0/JSONObjectPayload.swift (in target 'Auth0' from project 'Auth0')
    cd /Users/alexmontesino/Documents/GYM-API-IOS/Gym_API/Gym_API.xcodeproj
    

SwiftCompile normal arm64 /Users/alexmontesino/Library/Developer/Xcode/DerivedData/Gym_API-gttvbppsiybwtpahvrbhortrptkr/SourcePackages/checkouts/Auth0.swift/Auth0/JWK+RSA.swift (in target 'Auth0' from project 'Auth0')
    cd /Users/alexmontesino/Documents/GYM-API-IOS/Gym_API/Gym_API.xcodeproj
    

SwiftCompile normal arm64 /Users/alexmontesino/Library/Developer/Xcode/DerivedData/Gym_API-gttvbppsiybwtpahvrbhortrptkr/SourcePackages/checkouts/Auth0.swift/Auth0/JWKS.swift (in target 'Auth0' from project 'Auth0')
    cd /Users/alexmontesino/Documents/GYM-API-IOS/Gym_API/Gym_API.xcodeproj
    

SwiftCompile normal arm64 /Users/alexmontesino/Library/Developer/Xcode/DerivedData/Gym_API-gttvbppsiybwtpahvrbhortrptkr/SourcePackages/checkouts/Auth0.swift/Auth0/JWT+Header.swift (in target 'Auth0' from project 'Auth0')
    cd /Users/alexmontesino/Documents/GYM-API-IOS/Gym_API/Gym_API.xcodeproj
    

SwiftCompile normal arm64 /Users/alexmontesino/Library/Developer/Xcode/DerivedData/Gym_API-gttvbppsiybwtpahvrbhortrptkr/SourcePackages/checkouts/Auth0.swift/Auth0/JWTAlgorithm.swift (in target 'Auth0' from project 'Auth0')
    cd /Users/alexmontesino/Documents/GYM-API-IOS/Gym_API/Gym_API.xcodeproj
    

SwiftDriverJobDiscovery normal arm64 Compiling ImageProcessing.swift, ImageRequest.swift, ImageResponse.swift, ImageTask.swift, Allocations.swift, Combine.swift, Deprecated.swift, Extensions.swift, ImageRequestKeys.swift, LinkedList.swift, Log.swift, Operation.swift, RateLimiter.swift, ResumableData.swift, ImagePipelineTask.swift, OperationTask.swift, Task.swift, TaskFetchDecodedImage.swift, TaskFetchOriginalImageData.swift, TaskFetchWithPublisher.swift, TaskLoadData.swift, TaskLoadImage.swift, FetchImage.swift (in target 'StreamChatUI' from project 'StreamChat')

SwiftCompile normal arm64 Compiling\ Auth0WebAuth.swift,\ AuthTransaction.swift,\ Authentication.swift,\ AuthenticationError.swift,\ AuthenticationHandlers.swift,\ Barrier.swift,\ BioAuthentication.swift,\ ChallengeGenerator.swift /Users/alexmontesino/Library/Developer/Xcode/DerivedData/Gym_API-gttvbppsiybwtpahvrbhortrptkr/SourcePackages/checkouts/Auth0.swift/Auth0/Auth0WebAuth.swift /Users/alexmontesino/Library/Developer/Xcode/DerivedData/Gym_API-gttvbppsiybwtpahvrbhortrptkr/SourcePackages/checkouts/Auth0.swift/Auth0/AuthTransaction.swift /Users/alexmontesino/Library/Developer/Xcode/DerivedData/Gym_API-gttvbppsiybwtpahvrbhortrptkr/SourcePackages/checkouts/Auth0.swift/Auth0/Authentication.swift /Users/alexmontesino/Library/Developer/Xcode/DerivedData/Gym_API-gttvbppsiybwtpahvrbhortrptkr/SourcePackages/checkouts/Auth0.swift/Auth0/AuthenticationError.swift /Users/alexmontesino/Library/Developer/Xcode/DerivedData/Gym_API-gttvbppsiybwtpahvrbhortrptkr/SourcePackages/checkouts/Auth0.swift/Auth0/AuthenticationHandlers.swift /Users/alexmontesino/Library/Developer/Xcode/DerivedData/Gym_API-gttvbppsiybwtpahvrbhortrptkr/SourcePackages/checkouts/Auth0.swift/Auth0/Barrier.swift /Users/alexmontesino/Library/Developer/Xcode/DerivedData/Gym_API-gttvbppsiybwtpahvrbhortrptkr/SourcePackages/checkouts/Auth0.swift/Auth0/BioAuthentication.swift /Users/alexmontesino/Library/Developer/Xcode/DerivedData/Gym_API-gttvbppsiybwtpahvrbhortrptkr/SourcePackages/checkouts/Auth0.swift/Auth0/ChallengeGenerator.swift (in target 'Auth0' from project 'Auth0')

SwiftCompile normal arm64 /Users/alexmontesino/Library/Developer/Xcode/DerivedData/Gym_API-gttvbppsiybwtpahvrbhortrptkr/SourcePackages/checkouts/Auth0.swift/Auth0/Auth0WebAuth.swift (in target 'Auth0' from project 'Auth0')
    cd /Users/alexmontesino/Documents/GYM-API-IOS/Gym_API/Gym_API.xcodeproj
    

SwiftCompile normal arm64 /Users/alexmontesino/Library/Developer/Xcode/DerivedData/Gym_API-gttvbppsiybwtpahvrbhortrptkr/SourcePackages/checkouts/Auth0.swift/Auth0/AuthTransaction.swift (in target 'Auth0' from project 'Auth0')
    cd /Users/alexmontesino/Documents/GYM-API-IOS/Gym_API/Gym_API.xcodeproj
    

SwiftCompile normal arm64 /Users/alexmontesino/Library/Developer/Xcode/DerivedData/Gym_API-gttvbppsiybwtpahvrbhortrptkr/SourcePackages/checkouts/Auth0.swift/Auth0/Authentication.swift (in target 'Auth0' from project 'Auth0')
    cd /Users/alexmontesino/Documents/GYM-API-IOS/Gym_API/Gym_API.xcodeproj
    

SwiftCompile normal arm64 /Users/alexmontesino/Library/Developer/Xcode/DerivedData/Gym_API-gttvbppsiybwtpahvrbhortrptkr/SourcePackages/checkouts/Auth0.swift/Auth0/AuthenticationError.swift (in target 'Auth0' from project 'Auth0')
    cd /Users/alexmontesino/Documents/GYM-API-IOS/Gym_API/Gym_API.xcodeproj
    

SwiftCompile normal arm64 /Users/alexmontesino/Library/Developer/Xcode/DerivedData/Gym_API-gttvbppsiybwtpahvrbhortrptkr/SourcePackages/checkouts/Auth0.swift/Auth0/AuthenticationHandlers.swift (in target 'Auth0' from project 'Auth0')
    cd /Users/alexmontesino/Documents/GYM-API-IOS/Gym_API/Gym_API.xcodeproj
    

SwiftCompile normal arm64 /Users/alexmontesino/Library/Developer/Xcode/DerivedData/Gym_API-gttvbppsiybwtpahvrbhortrptkr/SourcePackages/checkouts/Auth0.swift/Auth0/Barrier.swift (in target 'Auth0' from project 'Auth0')
    cd /Users/alexmontesino/Documents/GYM-API-IOS/Gym_API/Gym_API.xcodeproj
    

SwiftCompile normal arm64 /Users/alexmontesino/Library/Developer/Xcode/DerivedData/Gym_API-gttvbppsiybwtpahvrbhortrptkr/SourcePackages/checkouts/Auth0.swift/Auth0/BioAuthentication.swift (in target 'Auth0' from project 'Auth0')
    cd /Users/alexmontesino/Documents/GYM-API-IOS/Gym_API/Gym_API.xcodeproj
    

SwiftCompile normal arm64 /Users/alexmontesino/Library/Developer/Xcode/DerivedData/Gym_API-gttvbppsiybwtpahvrbhortrptkr/SourcePackages/checkouts/Auth0.swift/Auth0/ChallengeGenerator.swift (in target 'Auth0' from project 'Auth0')
    cd /Users/alexmontesino/Documents/GYM-API-IOS/Gym_API/Gym_API.xcodeproj
    

SwiftDriverJobDiscovery normal arm64 Compiling Auth0MyAccount.swift, Auth0MyAccountAuthenticationMethods.swift, MyAccountAuthenticationMethods.swift, PasskeyAuthenticationMethod.swift, PasskeyEnrollmentChallenge.swift, MyAccount.swift, MyAccountError.swift, MyAccountHandlers.swift (in target 'Auth0' from project 'Auth0')

SwiftDriverJobDiscovery normal arm64 Compiling ChatMessageCell.swift, ChatMessageContentView+SwiftUI.swift, ChatMessageContentView.swift, ChatMessageDeliveryStatusCheckmarkView.swift, ChatMessageDeliveryStatusView.swift, ChatMessageErrorIndicator.swift, ChatMessageLayoutOptions.swift, ChatMessageLayoutOptionsResolver.swift, ChatReactionsBubbleView.swift, ChatThreadArrowView.swift, ChatMessageDecorationView.swift, ChatMessageHeaderDecoratorView.swift, ChatMessagesCountDecorationView.swift, ChatThreadRepliesCountDecorationView.swift, ChatUnreadMessagesCountDecorationView.swift, ChatMessageListDateSeparatorView.swift, ChatMessageListScrollOverlayView.swift, ChatMessageListUnreadCountView.swift, ChatMessageListVC+DiffKit.swift, ChatMessageListVC.swift, ChatMessageListVCDataSource.swift, ChatMessageListVCDelegate.swift, ChatMessageListView+DiffKit.swift, ChatMessageListView.swift (in target 'StreamChatUI' from project 'StreamChat')

SwiftCompile normal arm64 Compiling\ NSData+URLSafe.swift,\ NSURL+Auth0.swift,\ NSURLComponents+OAuth2.swift,\ NewPasskey.swift,\ OAuth2Grant.swift,\ Optional+DebugDescription.swift,\ PasskeyLoginChallenge.swift,\ PasskeySignupChallenge.swift /Users/alexmontesino/Library/Developer/Xcode/DerivedData/Gym_API-gttvbppsiybwtpahvrbhortrptkr/SourcePackages/checkouts/Auth0.swift/Auth0/NSData+URLSafe.swift /Users/alexmontesino/Library/Developer/Xcode/DerivedData/Gym_API-gttvbppsiybwtpahvrbhortrptkr/SourcePackages/checkouts/Auth0.swift/Auth0/NSURL+Auth0.swift /Users/alexmontesino/Library/Developer/Xcode/DerivedData/Gym_API-gttvbppsiybwtpahvrbhortrptkr/SourcePackages/checkouts/Auth0.swift/Auth0/NSURLComponents+OAuth2.swift /Users/alexmontesino/Library/Developer/Xcode/DerivedData/Gym_API-gttvbppsiybwtpahvrbhortrptkr/SourcePackages/checkouts/Auth0.swift/Auth0/NewPasskey.swift /Users/alexmontesino/Library/Developer/Xcode/DerivedData/Gym_API-gttvbppsiybwtpahvrbhortrptkr/SourcePackages/checkouts/Auth0.swift/Auth0/OAuth2Grant.swift /Users/alexmontesino/Library/Developer/Xcode/DerivedData/Gym_API-gttvbppsiybwtpahvrbhortrptkr/SourcePackages/checkouts/Auth0.swift/Auth0/Optional+DebugDescription.swift /Users/alexmontesino/Library/Developer/Xcode/DerivedData/Gym_API-gttvbppsiybwtpahvrbhortrptkr/SourcePackages/checkouts/Auth0.swift/Auth0/PasskeyLoginChallenge.swift /Users/alexmontesino/Library/Developer/Xcode/DerivedData/Gym_API-gttvbppsiybwtpahvrbhortrptkr/SourcePackages/checkouts/Auth0.swift/Auth0/PasskeySignupChallenge.swift (in target 'Auth0' from project 'Auth0')

SwiftCompile normal arm64 /Users/alexmontesino/Library/Developer/Xcode/DerivedData/Gym_API-gttvbppsiybwtpahvrbhortrptkr/SourcePackages/checkouts/Auth0.swift/Auth0/NSData+URLSafe.swift (in target 'Auth0' from project 'Auth0')
    cd /Users/alexmontesino/Documents/GYM-API-IOS/Gym_API/Gym_API.xcodeproj
    

SwiftCompile normal arm64 /Users/alexmontesino/Library/Developer/Xcode/DerivedData/Gym_API-gttvbppsiybwtpahvrbhortrptkr/SourcePackages/checkouts/Auth0.swift/Auth0/NSURL+Auth0.swift (in target 'Auth0' from project 'Auth0')
    cd /Users/alexmontesino/Documents/GYM-API-IOS/Gym_API/Gym_API.xcodeproj
    

SwiftCompile normal arm64 /Users/alexmontesino/Library/Developer/Xcode/DerivedData/Gym_API-gttvbppsiybwtpahvrbhortrptkr/SourcePackages/checkouts/Auth0.swift/Auth0/NSURLComponents+OAuth2.swift (in target 'Auth0' from project 'Auth0')
    cd /Users/alexmontesino/Documents/GYM-API-IOS/Gym_API/Gym_API.xcodeproj
    

SwiftCompile normal arm64 /Users/alexmontesino/Library/Developer/Xcode/DerivedData/Gym_API-gttvbppsiybwtpahvrbhortrptkr/SourcePackages/checkouts/Auth0.swift/Auth0/NewPasskey.swift (in target 'Auth0' from project 'Auth0')
    cd /Users/alexmontesino/Documents/GYM-API-IOS/Gym_API/Gym_API.xcodeproj
    

SwiftCompile normal arm64 /Users/alexmontesino/Library/Developer/Xcode/DerivedData/Gym_API-gttvbppsiybwtpahvrbhortrptkr/SourcePackages/checkouts/Auth0.swift/Auth0/OAuth2Grant.swift (in target 'Auth0' from project 'Auth0')
    cd /Users/alexmontesino/Documents/GYM-API-IOS/Gym_API/Gym_API.xcodeproj
    

SwiftCompile normal arm64 /Users/alexmontesino/Library/Developer/Xcode/DerivedData/Gym_API-gttvbppsiybwtpahvrbhortrptkr/SourcePackages/checkouts/Auth0.swift/Auth0/Optional+DebugDescription.swift (in target 'Auth0' from project 'Auth0')
    cd /Users/alexmontesino/Documents/GYM-API-IOS/Gym_API/Gym_API.xcodeproj
    

SwiftCompile normal arm64 /Users/alexmontesino/Library/Developer/Xcode/DerivedData/Gym_API-gttvbppsiybwtpahvrbhortrptkr/SourcePackages/checkouts/Auth0.swift/Auth0/PasskeyLoginChallenge.swift (in target 'Auth0' from project 'Auth0')
    cd /Users/alexmontesino/Documents/GYM-API-IOS/Gym_API/Gym_API.xcodeproj
    

SwiftCompile normal arm64 /Users/alexmontesino/Library/Developer/Xcode/DerivedData/Gym_API-gttvbppsiybwtpahvrbhortrptkr/SourcePackages/checkouts/Auth0.swift/Auth0/PasskeySignupChallenge.swift (in target 'Auth0' from project 'Auth0')
    cd /Users/alexmontesino/Documents/GYM-API-IOS/Gym_API/Gym_API.xcodeproj
    

SwiftDriverJobDiscovery normal arm64 Compiling resource_bundle_accessor.swift, Appearance+ColorPalette.swift, Appearance+Fonts.swift, Appearance+Formatters.swift, AudioPlaybackRateFormatter.swift, AudioRecordingNameFormatter.swift, Calendar+StreamCalendar.swift, ChannelListMessageTimestampFormatter.swift, ChannelNameFormatter.swift, MarkdownFormatter.swift, MessageDateSeparatorFormatter.swift, MessageTimestampFormatter.swift, PollTimestampFormatter.swift, UploadingProgressFormatter.swift, UserLastActivityFormatter.swift, VideoDurationFormatter.swift, Appearance+Images.swift, Appearance+SwiftUI.swift, Appearance.swift, AppearanceProvider.swift, ChatChannelHeaderView.swift, ChatChannelVC+SwiftUI.swift, ChatChannelVC.swift, StreamModalTransitioningDelegate.swift (in target 'StreamChatUI' from project 'StreamChat')

SwiftDriverJobDiscovery normal arm64 Compiling AttachmentButton.swift, CheckboxButton.swift, CheckboxControl.swift, CircularCloseButton.swift, CloseButton.swift, CommandButton.swift, ConfirmButton.swift, MediaButton.swift, PillButton.swift, PlayPauseButton.swift, RecordButton.swift, SendButton.swift, ShareButton.swift, ShrinkInputButton.swift, ChatLoadingIndicator.swift, ChatNavigationBar.swift, ClampedView.swift, CommandLabelView.swift, ContainerStackView.swift, CooldownView.swift, GradientView.swift, GroupedSectionListStyling.swift, InputChatMessageView.swift, InputTextView.swift (in target 'StreamChatUI' from project 'StreamChat')

RegisterExecutionPolicyException /Users/alexmontesino/Library/Developer/Xcode/DerivedData/Gym_API-gttvbppsiybwtpahvrbhortrptkr/Build/Products/Debug-iphonesimulator/StreamChat_StreamChat.bundle (in target 'StreamChat_StreamChat' from project 'StreamChat')
    cd /Users/alexmontesino/Library/Developer/Xcode/DerivedData/Gym_API-gttvbppsiybwtpahvrbhortrptkr/SourcePackages/checkouts/stream-chat-swift
    builtin-RegisterExecutionPolicyException /Users/alexmontesino/Library/Developer/Xcode/DerivedData/Gym_API-gttvbppsiybwtpahvrbhortrptkr/Build/Products/Debug-iphonesimulator/StreamChat_StreamChat.bundle

RegisterExecutionPolicyException /Users/alexmontesino/Library/Developer/Xcode/DerivedData/Gym_API-gttvbppsiybwtpahvrbhortrptkr/Build/Products/Debug-iphonesimulator/JWTDecode.o (in target 'JWTDecode' from project 'JWTDecode')
    cd /Users/alexmontesino/Library/Developer/Xcode/DerivedData/Gym_API-gttvbppsiybwtpahvrbhortrptkr/SourcePackages/checkouts/JWTDecode.swift
    builtin-RegisterExecutionPolicyException /Users/alexmontesino/Library/Developer/Xcode/DerivedData/Gym_API-gttvbppsiybwtpahvrbhortrptkr/Build/Products/Debug-iphonesimulator/JWTDecode.o

SwiftDriverJobDiscovery normal arm64 Compiling SignupPasskey.swift, String+URLSafe.swift, Telemetry.swift, TransactionStore.swift, UIWindow+TopViewController.swift, UserInfo.swift, UserPatchAttributes.swift (in target 'Auth0' from project 'Auth0')

ProcessProductPackaging /Users/alexmontesino/Documents/GYM-API-IOS/Gym_API/Gym_API/Gym_API.entitlements /Users/alexmontesino/Library/Developer/Xcode/DerivedData/Gym_API-gttvbppsiybwtpahvrbhortrptkr/Build/Intermediates.noindex/Gym_API.build/Debug-iphonesimulator/Gym_API.build/Gym_API.app.xcent (in target 'Gym_API' from project 'Gym_API')
    cd /Users/alexmontesino/Documents/GYM-API-IOS/Gym_API
    
    Entitlements:
    
    {
}
    
    builtin-productPackagingUtility /Users/alexmontesino/Documents/GYM-API-IOS/Gym_API/Gym_API/Gym_API.entitlements -entitlements -format xml -o /Users/alexmontesino/Library/Developer/Xcode/DerivedData/Gym_API-gttvbppsiybwtpahvrbhortrptkr/Build/Intermediates.noindex/Gym_API.build/Debug-iphonesimulator/Gym_API.build/Gym_API.app.xcent

ProcessProductPackaging /Users/alexmontesino/Documents/GYM-API-IOS/Gym_API/Gym_API/Gym_API.entitlements /Users/alexmontesino/Library/Developer/Xcode/DerivedData/Gym_API-gttvbppsiybwtpahvrbhortrptkr/Build/Intermediates.noindex/Gym_API.build/Debug-iphonesimulator/Gym_API.build/Gym_API.app-Simulated.xcent (in target 'Gym_API' from project 'Gym_API')
    cd /Users/alexmontesino/Documents/GYM-API-IOS/Gym_API
    
    Entitlements:
    
    {
    "application-identifier" = "3N4T4H2H2F.com.alexmontesino.gymapi";
    "aps-environment" = development;
    "com.apple.developer.associated-domains" =     (
        "applinks:app.gymapi.com"
    );
}
    
    builtin-productPackagingUtility /Users/alexmontesino/Documents/GYM-API-IOS/Gym_API/Gym_API/Gym_API.entitlements -entitlements -format xml -o /Users/alexmontesino/Library/Developer/Xcode/DerivedData/Gym_API-gttvbppsiybwtpahvrbhortrptkr/Build/Intermediates.noindex/Gym_API.build/Debug-iphonesimulator/Gym_API.build/Gym_API.app-Simulated.xcent

ProcessProductPackagingDER /Users/alexmontesino/Library/Developer/Xcode/DerivedData/Gym_API-gttvbppsiybwtpahvrbhortrptkr/Build/Intermediates.noindex/Gym_API.build/Debug-iphonesimulator/Gym_API.build/Gym_API.app.xcent /Users/alexmontesino/Library/Developer/Xcode/DerivedData/Gym_API-gttvbppsiybwtpahvrbhortrptkr/Build/Intermediates.noindex/Gym_API.build/Debug-iphonesimulator/Gym_API.build/Gym_API.app.xcent.der (in target 'Gym_API' from project 'Gym_API')
    cd /Users/alexmontesino/Documents/GYM-API-IOS/Gym_API
    /usr/bin/derq query -f xml -i /Users/alexmontesino/Library/Developer/Xcode/DerivedData/Gym_API-gttvbppsiybwtpahvrbhortrptkr/Build/Intermediates.noindex/Gym_API.build/Debug-iphonesimulator/Gym_API.build/Gym_API.app.xcent -o /Users/alexmontesino/Library/Developer/Xcode/DerivedData/Gym_API-gttvbppsiybwtpahvrbhortrptkr/Build/Intermediates.noindex/Gym_API.build/Debug-iphonesimulator/Gym_API.build/Gym_API.app.xcent.der --raw

ProcessProductPackagingDER /Users/alexmontesino/Library/Developer/Xcode/DerivedData/Gym_API-gttvbppsiybwtpahvrbhortrptkr/Build/Intermediates.noindex/Gym_API.build/Debug-iphonesimulator/Gym_API.build/Gym_API.app-Simulated.xcent /Users/alexmontesino/Library/Developer/Xcode/DerivedData/Gym_API-gttvbppsiybwtpahvrbhortrptkr/Build/Intermediates.noindex/Gym_API.build/Debug-iphonesimulator/Gym_API.build/Gym_API.app-Simulated.xcent.der (in target 'Gym_API' from project 'Gym_API')
    cd /Users/alexmontesino/Documents/GYM-API-IOS/Gym_API
    /usr/bin/derq query -f xml -i /Users/alexmontesino/Library/Developer/Xcode/DerivedData/Gym_API-gttvbppsiybwtpahvrbhortrptkr/Build/Intermediates.noindex/Gym_API.build/Debug-iphonesimulator/Gym_API.build/Gym_API.app-Simulated.xcent -o /Users/alexmontesino/Library/Developer/Xcode/DerivedData/Gym_API-gttvbppsiybwtpahvrbhortrptkr/Build/Intermediates.noindex/Gym_API.build/Debug-iphonesimulator/Gym_API.build/Gym_API.app-Simulated.xcent.der --raw

RegisterExecutionPolicyException /Users/alexmontesino/Library/Developer/Xcode/DerivedData/Gym_API-gttvbppsiybwtpahvrbhortrptkr/Build/Products/Debug-iphonesimulator/SimpleKeychain.o (in target 'SimpleKeychain' from project 'SimpleKeychain')
    cd /Users/alexmontesino/Library/Developer/Xcode/DerivedData/Gym_API-gttvbppsiybwtpahvrbhortrptkr/SourcePackages/checkouts/SimpleKeychain
    builtin-RegisterExecutionPolicyException /Users/alexmontesino/Library/Developer/Xcode/DerivedData/Gym_API-gttvbppsiybwtpahvrbhortrptkr/Build/Products/Debug-iphonesimulator/SimpleKeychain.o

SwiftDriverJobDiscovery normal arm64 Compiling CellSeparatorView.swift, ListCollectionViewLayout.swift, OnlyLinkTappableTextView.swift, PlayerView.swift, QuotedChatMessageView+SwiftUI.swift, QuotedChatMessageView.swift, SkeletonLoadable.swift, StackedUserAvatarsView.swift, SwiftUIViewRepresentable.swift, TextFieldView.swift, TitleContainerView.swift, Components+SwiftUI.swift, Components.swift, ComponentsProvider.swift, ComposerLinkPreviewView.swift, ComposerVC.swift, ComposerView.swift, ChatCommandSuggestionCollectionViewCell.swift, ChatCommandSuggestionView.swift, ChatMentionSuggestionCollectionViewCell.swift, ChatMentionSuggestionView.swift, ChatSuggestionsCollectionReusableView.swift, ChatSuggestionsCollectionView.swift, ChatSuggestionsCollectionViewLayout.swift (in target 'StreamChatUI' from project 'StreamChat')

SwiftDriverJobDiscovery normal arm64 Compiling IDTokenSignatureValidator.swift, IDTokenValidator.swift, IDTokenValidatorContext.swift, JSONObjectPayload.swift, JWK+RSA.swift, JWKS.swift, JWT+Header.swift, JWTAlgorithm.swift (in target 'Auth0' from project 'Auth0')

Touch /Users/alexmontesino/Library/Developer/Xcode/DerivedData/Gym_API-gttvbppsiybwtpahvrbhortrptkr/Build/Products/Debug-iphonesimulator/StreamChat_StreamChat.bundle (in target 'StreamChat_StreamChat' from project 'StreamChat')
    cd /Users/alexmontesino/Library/Developer/Xcode/DerivedData/Gym_API-gttvbppsiybwtpahvrbhortrptkr/SourcePackages/checkouts/stream-chat-swift
    /usr/bin/touch -c /Users/alexmontesino/Library/Developer/Xcode/DerivedData/Gym_API-gttvbppsiybwtpahvrbhortrptkr/Build/Products/Debug-iphonesimulator/StreamChat_StreamChat.bundle

CodeSign /Users/alexmontesino/Library/Developer/Xcode/DerivedData/Gym_API-gttvbppsiybwtpahvrbhortrptkr/Build/Products/Debug-iphonesimulator/StreamChat_StreamChatUI.bundle (in target 'StreamChat_StreamChatUI' from project 'StreamChat')
    cd /Users/alexmontesino/Library/Developer/Xcode/DerivedData/Gym_API-gttvbppsiybwtpahvrbhortrptkr/SourcePackages/checkouts/stream-chat-swift
    
    Signing Identity:     "Sign to Run Locally"
    
    /usr/bin/codesign --force --sign - --timestamp\=none --generate-entitlement-der /Users/alexmontesino/Library/Developer/Xcode/DerivedData/Gym_API-gttvbppsiybwtpahvrbhortrptkr/Build/Products/Debug-iphonesimulator/StreamChat_StreamChatUI.bundle

RegisterExecutionPolicyException /Users/alexmontesino/Library/Developer/Xcode/DerivedData/Gym_API-gttvbppsiybwtpahvrbhortrptkr/Build/Products/Debug-iphonesimulator/OneSignalFrameworkWrapper.o (in target 'OneSignalFrameworkWrapper' from project 'OneSignalFramework')
    cd /Users/alexmontesino/Library/Developer/Xcode/DerivedData/Gym_API-gttvbppsiybwtpahvrbhortrptkr/SourcePackages/checkouts/OneSignal-iOS-SDK
    builtin-RegisterExecutionPolicyException /Users/alexmontesino/Library/Developer/Xcode/DerivedData/Gym_API-gttvbppsiybwtpahvrbhortrptkr/Build/Products/Debug-iphonesimulator/OneSignalFrameworkWrapper.o

MkDir /Users/alexmontesino/Library/Developer/Xcode/DerivedData/Gym_API-gttvbppsiybwtpahvrbhortrptkr/Build/Intermediates.noindex/Gym_API.build/Debug-iphonesimulator/Gym_API.build/assetcatalog_output/unthinned (in target 'Gym_API' from project 'Gym_API')
    cd /Users/alexmontesino/Documents/GYM-API-IOS/Gym_API
    /bin/mkdir -p /Users/alexmontesino/Library/Developer/Xcode/DerivedData/Gym_API-gttvbppsiybwtpahvrbhortrptkr/Build/Intermediates.noindex/Gym_API.build/Debug-iphonesimulator/Gym_API.build/assetcatalog_output/unthinned

MkDir /Users/alexmontesino/Library/Developer/Xcode/DerivedData/Gym_API-gttvbppsiybwtpahvrbhortrptkr/Build/Intermediates.noindex/Gym_API.build/Debug-iphonesimulator/Gym_API.build/assetcatalog_output/thinned (in target 'Gym_API' from project 'Gym_API')
    cd /Users/alexmontesino/Documents/GYM-API-IOS/Gym_API
    /bin/mkdir -p /Users/alexmontesino/Library/Developer/Xcode/DerivedData/Gym_API-gttvbppsiybwtpahvrbhortrptkr/Build/Intermediates.noindex/Gym_API.build/Debug-iphonesimulator/Gym_API.build/assetcatalog_output/thinned

GenerateAssetSymbols /Users/alexmontesino/Documents/GYM-API-IOS/Gym_API/Gym_API/Assets.xcassets (in target 'Gym_API' from project 'Gym_API')
    cd /Users/alexmontesino/Documents/GYM-API-IOS/Gym_API
    /Applications/Xcode.app/Contents/Developer/usr/bin/actool /Users/alexmontesino/Documents/GYM-API-IOS/Gym_API/Gym_API/Assets.xcassets --compile /Users/alexmontesino/Library/Developer/Xcode/DerivedData/Gym_API-gttvbppsiybwtpahvrbhortrptkr/Build/Products/Debug-iphonesimulator/Gym_API.app --output-format human-readable-text --notices --warnings --export-dependency-info /Users/alexmontesino/Library/Developer/Xcode/DerivedData/Gym_API-gttvbppsiybwtpahvrbhortrptkr/Build/Intermediates.noindex/Gym_API.build/Debug-iphonesimulator/Gym_API.build/assetcatalog_dependencies --output-partial-info-plist /Users/alexmontesino/Library/Developer/Xcode/DerivedData/Gym_API-gttvbppsiybwtpahvrbhortrptkr/Build/Intermediates.noindex/Gym_API.build/Debug-iphonesimulator/Gym_API.build/assetcatalog_generated_info.plist --app-icon AppIcon --accent-color AccentColor --compress-pngs --enable-on-demand-resources YES --development-region en --target-device iphone --target-device ipad --minimum-deployment-target 17.0 --platform iphonesimulator --bundle-identifier com.alexmontesino.gymapi --generate-swift-asset-symbols /Users/alexmontesino/Library/Developer/Xcode/DerivedData/Gym_API-gttvbppsiybwtpahvrbhortrptkr/Build/Intermediates.noindex/Gym_API.build/Debug-iphonesimulator/Gym_API.build/DerivedSources/GeneratedAssetSymbols.swift --generate-objc-asset-symbols /Users/alexmontesino/Library/Developer/Xcode/DerivedData/Gym_API-gttvbppsiybwtpahvrbhortrptkr/Build/Intermediates.noindex/Gym_API.build/Debug-iphonesimulator/Gym_API.build/DerivedSources/GeneratedAssetSymbols.h --generate-asset-symbol-index /Users/alexmontesino/Library/Developer/Xcode/DerivedData/Gym_API-gttvbppsiybwtpahvrbhortrptkr/Build/Intermediates.noindex/Gym_API.build/Debug-iphonesimulator/Gym_API.build/DerivedSources/GeneratedAssetSymbols-Index.plist
/* com.apple.actool.compilation-results */
/Users/alexmontesino/Library/Developer/Xcode/DerivedData/Gym_API-gttvbppsiybwtpahvrbhortrptkr/Build/Intermediates.noindex/Gym_API.build/Debug-iphonesimulator/Gym_API.build/DerivedSources/GeneratedAssetSymbols-Index.plist
/Users/alexmontesino/Library/Developer/Xcode/DerivedData/Gym_API-gttvbppsiybwtpahvrbhortrptkr/Build/Intermediates.noindex/Gym_API.build/Debug-iphonesimulator/Gym_API.build/DerivedSources/GeneratedAssetSymbols.h
/Users/alexmontesino/Library/Developer/Xcode/DerivedData/Gym_API-gttvbppsiybwtpahvrbhortrptkr/Build/Intermediates.noindex/Gym_API.build/Debug-iphonesimulator/Gym_API.build/DerivedSources/GeneratedAssetSymbols.swift


CompileAssetCatalogVariant thinned /Users/alexmontesino/Library/Developer/Xcode/DerivedData/Gym_API-gttvbppsiybwtpahvrbhortrptkr/Build/Products/Debug-iphonesimulator/Gym_API.app /Users/alexmontesino/Documents/GYM-API-IOS/Gym_API/Gym_API/Assets.xcassets (in target 'Gym_API' from project 'Gym_API')
    cd /Users/alexmontesino/Documents/GYM-API-IOS/Gym_API
    /Applications/Xcode.app/Contents/Developer/usr/bin/actool /Users/alexmontesino/Documents/GYM-API-IOS/Gym_API/Gym_API/Assets.xcassets --compile /Users/alexmontesino/Library/Developer/Xcode/DerivedData/Gym_API-gttvbppsiybwtpahvrbhortrptkr/Build/Intermediates.noindex/Gym_API.build/Debug-iphonesimulator/Gym_API.build/assetcatalog_output/thinned --output-format human-readable-text --notices --warnings --export-dependency-info /Users/alexmontesino/Library/Developer/Xcode/DerivedData/Gym_API-gttvbppsiybwtpahvrbhortrptkr/Build/Intermediates.noindex/Gym_API.build/Debug-iphonesimulator/Gym_API.build/assetcatalog_dependencies_thinned --output-partial-info-plist /Users/alexmontesino/Library/Developer/Xcode/DerivedData/Gym_API-gttvbppsiybwtpahvrbhortrptkr/Build/Intermediates.noindex/Gym_API.build/Debug-iphonesimulator/Gym_API.build/assetcatalog_generated_info.plist_thinned --app-icon AppIcon --accent-color AccentColor --compress-pngs --enable-on-demand-resources YES --filter-for-thinning-device-configuration iPhone16,1 --filter-for-device-os-version 17.0.1 --development-region en --target-device iphone --target-device ipad --minimum-deployment-target 17.0 --platform iphonesimulator
/* com.apple.actool.compilation-results */
/Users/alexmontesino/Library/Developer/Xcode/DerivedData/Gym_API-gttvbppsiybwtpahvrbhortrptkr/Build/Intermediates.noindex/Gym_API.build/Debug-iphonesimulator/Gym_API.build/assetcatalog_generated_info.plist_thinned
/Users/alexmontesino/Library/Developer/Xcode/DerivedData/Gym_API-gttvbppsiybwtpahvrbhortrptkr/Build/Intermediates.noindex/Gym_API.build/Debug-iphonesimulator/Gym_API.build/assetcatalog_output/thinned/AppIcon60x60@2x.png
/Users/alexmontesino/Library/Developer/Xcode/DerivedData/Gym_API-gttvbppsiybwtpahvrbhortrptkr/Build/Intermediates.noindex/Gym_API.build/Debug-iphonesimulator/Gym_API.build/assetcatalog_output/thinned/AppIcon76x76@2x~ipad.png
/Users/alexmontesino/Library/Developer/Xcode/DerivedData/Gym_API-gttvbppsiybwtpahvrbhortrptkr/Build/Intermediates.noindex/Gym_API.build/Debug-iphonesimulator/Gym_API.build/assetcatalog_output/thinned/Assets.car


Ld /Users/alexmontesino/Library/Developer/Xcode/DerivedData/Gym_API-gttvbppsiybwtpahvrbhortrptkr/Build/Products/Debug-iphonesimulator/StreamChat.o normal (in target 'StreamChat' from project 'StreamChat')
    cd /Users/alexmontesino/Library/Developer/Xcode/DerivedData/Gym_API-gttvbppsiybwtpahvrbhortrptkr/SourcePackages/checkouts/stream-chat-swift
    /Applications/Xcode.app/Contents/Developer/Toolchains/XcodeDefault.xctoolchain/usr/bin/clang -Xlinker -reproducible -target arm64-apple-ios13.0-simulator -r -isysroot /Applications/Xcode.app/Contents/Developer/Platforms/iPhoneSimulator.platform/Developer/SDKs/iPhoneSimulator18.5.sdk -O0 -w -L/Users/alexmontesino/Library/Developer/Xcode/DerivedData/Gym_API-gttvbppsiybwtpahvrbhortrptkr/Build/Intermediates.noindex/EagerLinkingTBDs/Debug-iphonesimulator -L/Users/alexmontesino/Library/Developer/Xcode/DerivedData/Gym_API-gttvbppsiybwtpahvrbhortrptkr/Build/Products/Debug-iphonesimulator -L/Applications/Xcode.app/Contents/Developer/Platforms/iPhoneSimulator.platform/Developer/usr/lib -F/Users/alexmontesino/Library/Developer/Xcode/DerivedData/Gym_API-gttvbppsiybwtpahvrbhortrptkr/Build/Intermediates.noindex/EagerLinkingTBDs/Debug-iphonesimulator -F/Users/alexmontesino/Library/Developer/Xcode/DerivedData/Gym_API-gttvbppsiybwtpahvrbhortrptkr/Build/Products/Debug-iphonesimulator -iframework /Applications/Xcode.app/Contents/Developer/Platforms/iPhoneSimulator.platform/Developer/Library/Frameworks -iframework /Applications/Xcode.app/Contents/Developer/Platforms/iPhoneSimulator.platform/Developer/SDKs/iPhoneSimulator18.5.sdk/Developer/Library/Frameworks -filelist /Users/alexmontesino/Library/Developer/Xcode/DerivedData/Gym_API-gttvbppsiybwtpahvrbhortrptkr/Build/Intermediates.noindex/StreamChat.build/Debug-iphonesimulator/StreamChat.build/Objects-normal/arm64/StreamChat.LinkFileList -nostdlib -Xlinker -object_path_lto -Xlinker /Users/alexmontesino/Library/Developer/Xcode/DerivedData/Gym_API-gttvbppsiybwtpahvrbhortrptkr/Build/Intermediates.noindex/StreamChat.build/Debug-iphonesimulator/StreamChat.build/Objects-normal/arm64/StreamChat_lto.o -rdynamic -Xlinker -no_deduplicate -Xlinker -objc_abi_version -Xlinker 2 -Xlinker -debug_variant -Xlinker -dependency_info -Xlinker /Users/alexmontesino/Library/Developer/Xcode/DerivedData/Gym_API-gttvbppsiybwtpahvrbhortrptkr/Build/Intermediates.noindex/StreamChat.build/Debug-iphonesimulator/StreamChat.build/Objects-normal/arm64/StreamChat_dependency_info.dat -fobjc-link-runtime -L/Applications/Xcode.app/Contents/Developer/Toolchains/XcodeDefault.xctoolchain/usr/lib/swift/iphonesimulator -L/usr/lib/swift -Xlinker -add_ast_path -Xlinker /Users/alexmontesino/Library/Developer/Xcode/DerivedData/Gym_API-gttvbppsiybwtpahvrbhortrptkr/Build/Intermediates.noindex/StreamChat.build/Debug-iphonesimulator/StreamChat.build/Objects-normal/arm64/StreamChat.swiftmodule -o /Users/alexmontesino/Library/Developer/Xcode/DerivedData/Gym_API-gttvbppsiybwtpahvrbhortrptkr/Build/Products/Debug-iphonesimulator/StreamChat.o

RegisterExecutionPolicyException /Users/alexmontesino/Library/Developer/Xcode/DerivedData/Gym_API-gttvbppsiybwtpahvrbhortrptkr/Build/Products/Debug-iphonesimulator/StreamChat_StreamChatUI.bundle (in target 'StreamChat_StreamChatUI' from project 'StreamChat')
    cd /Users/alexmontesino/Library/Developer/Xcode/DerivedData/Gym_API-gttvbppsiybwtpahvrbhortrptkr/SourcePackages/checkouts/stream-chat-swift
    builtin-RegisterExecutionPolicyException /Users/alexmontesino/Library/Developer/Xcode/DerivedData/Gym_API-gttvbppsiybwtpahvrbhortrptkr/Build/Products/Debug-iphonesimulator/StreamChat_StreamChatUI.bundle

Touch /Users/alexmontesino/Library/Developer/Xcode/DerivedData/Gym_API-gttvbppsiybwtpahvrbhortrptkr/Build/Products/Debug-iphonesimulator/StreamChat_StreamChatUI.bundle (in target 'StreamChat_StreamChatUI' from project 'StreamChat')
    cd /Users/alexmontesino/Library/Developer/Xcode/DerivedData/Gym_API-gttvbppsiybwtpahvrbhortrptkr/SourcePackages/checkouts/stream-chat-swift
    /usr/bin/touch -c /Users/alexmontesino/Library/Developer/Xcode/DerivedData/Gym_API-gttvbppsiybwtpahvrbhortrptkr/Build/Products/Debug-iphonesimulator/StreamChat_StreamChatUI.bundle

SwiftDriver Gym_API normal arm64 com.apple.xcode.tools.swift.compiler (in target 'Gym_API' from project 'Gym_API')
    cd /Users/alexmontesino/Documents/GYM-API-IOS/Gym_API
    builtin-SwiftDriver -- /Applications/Xcode.app/Contents/Developer/Toolchains/XcodeDefault.xctoolchain/usr/bin/swiftc -module-name Gym_API -Onone -enforce-exclusivity\=checked @/Users/alexmontesino/Library/Developer/Xcode/DerivedData/Gym_API-gttvbppsiybwtpahvrbhortrptkr/Build/Intermediates.noindex/Gym_API.build/Debug-iphonesimulator/Gym_API.build/Objects-normal/arm64/Gym_API.SwiftFileList -DDEBUG -Xcc -fmodule-map-file\=/Users/alexmontesino/Library/Developer/Xcode/DerivedData/Gym_API-gttvbppsiybwtpahvrbhortrptkr/Build/Intermediates.noindex/GeneratedModuleMaps-iphonesimulator/OneSignalFrameworkWrapper.modulemap -enable-bare-slash-regex -enable-experimental-feature DebugDescriptionMacro -sdk /Applications/Xcode.app/Contents/Developer/Platforms/iPhoneSimulator.platform/Developer/SDKs/iPhoneSimulator18.5.sdk -target arm64-apple-ios17.0-simulator -g -module-cache-path /Users/alexmontesino/Library/Developer/Xcode/DerivedData/ModuleCache.noindex -Xfrontend -serialize-debugging-options -profile-coverage-mapping -profile-generate -enable-testing -index-store-path /Users/alexmontesino/Library/Developer/Xcode/DerivedData/Gym_API-gttvbppsiybwtpahvrbhortrptkr/Index.noindex/DataStore -swift-version 5 -I /Users/alexmontesino/Library/Developer/Xcode/DerivedData/Gym_API-gttvbppsiybwtpahvrbhortrptkr/Build/Products/Debug-iphonesimulator -F /Users/alexmontesino/Library/Developer/Xcode/DerivedData/Gym_API-gttvbppsiybwtpahvrbhortrptkr/Build/Products/Debug-iphonesimulator/PackageFrameworks -F /Users/alexmontesino/Library/Developer/Xcode/DerivedData/Gym_API-gttvbppsiybwtpahvrbhortrptkr/Build/Products/Debug-iphonesimulator/PackageFrameworks -F /Users/alexmontesino/Library/Developer/Xcode/DerivedData/Gym_API-gttvbppsiybwtpahvrbhortrptkr/Build/Products/Debug-iphonesimulator/PackageFrameworks -F /Users/alexmontesino/Library/Developer/Xcode/DerivedData/Gym_API-gttvbppsiybwtpahvrbhortrptkr/Build/Products/Debug-iphonesimulator/PackageFrameworks -F /Users/alexmontesino/Library/Developer/Xcode/DerivedData/Gym_API-gttvbppsiybwtpahvrbhortrptkr/Build/Products/Debug-iphonesimulator/PackageFrameworks -F /Users/alexmontesino/Library/Developer/Xcode/DerivedData/Gym_API-gttvbppsiybwtpahvrbhortrptkr/Build/Products/Debug-iphonesimulator/PackageFrameworks -F /Users/alexmontesino/Library/Developer/Xcode/DerivedData/Gym_API-gttvbppsiybwtpahvrbhortrptkr/Build/Products/Debug-iphonesimulator -emit-localized-strings -emit-localized-strings-path /Users/alexmontesino/Library/Developer/Xcode/DerivedData/Gym_API-gttvbppsiybwtpahvrbhortrptkr/Build/Intermediates.noindex/Gym_API.build/Debug-iphonesimulator/Gym_API.build/Objects-normal/arm64 -c -j10 -enable-batch-mode -incremental -Xcc -ivfsstatcache -Xcc /Users/alexmontesino/Library/Developer/Xcode/DerivedData/SDKStatCaches.noindex/iphonesimulator18.5-22F76-d5fc8ad4295d2ef488fb7d0f804ce0c4.sdkstatcache -output-file-map /Users/alexmontesino/Library/Developer/Xcode/DerivedData/Gym_API-gttvbppsiybwtpahvrbhortrptkr/Build/Intermediates.noindex/Gym_API.build/Debug-iphonesimulator/Gym_API.build/Objects-normal/arm64/Gym_API-OutputFileMap.json -use-frontend-parseable-output -save-temps -no-color-diagnostics -serialize-diagnostics -emit-dependencies -emit-module -emit-module-path /Users/alexmontesino/Library/Developer/Xcode/DerivedData/Gym_API-gttvbppsiybwtpahvrbhortrptkr/Build/Intermediates.noindex/Gym_API.build/Debug-iphonesimulator/Gym_API.build/Objects-normal/arm64/Gym_API.swiftmodule -validate-clang-modules-once -clang-build-session-file /Users/alexmontesino/Library/Developer/Xcode/DerivedData/ModuleCache.noindex/Session.modulevalidation -Xcc -I/Users/alexmontesino/Library/Developer/Xcode/DerivedData/Gym_API-gttvbppsiybwtpahvrbhortrptkr/Build/Intermediates.noindex/Gym_API.build/Debug-iphonesimulator/Gym_API.build/swift-overrides.hmap -emit-const-values -Xfrontend -const-gather-protocols-file -Xfrontend /Users/alexmontesino/Library/Developer/Xcode/DerivedData/Gym_API-gttvbppsiybwtpahvrbhortrptkr/Build/Intermediates.noindex/Gym_API.build/Debug-iphonesimulator/Gym_API.build/Objects-normal/arm64/Gym_API_const_extract_protocols.json -Xcc -iquote -Xcc /Users/alexmontesino/Library/Developer/Xcode/DerivedData/Gym_API-gttvbppsiybwtpahvrbhortrptkr/Build/Intermediates.noindex/Gym_API.build/Debug-iphonesimulator/Gym_API.build/Gym_API-generated-files.hmap -Xcc -I/Users/alexmontesino/Library/Developer/Xcode/DerivedData/Gym_API-gttvbppsiybwtpahvrbhortrptkr/Build/Intermediates.noindex/Gym_API.build/Debug-iphonesimulator/Gym_API.build/Gym_API-own-target-headers.hmap -Xcc -I/Users/alexmontesino/Library/Developer/Xcode/DerivedData/Gym_API-gttvbppsiybwtpahvrbhortrptkr/Build/Intermediates.noindex/Gym_API.build/Debug-iphonesimulator/Gym_API.build/Gym_API-all-non-framework-target-headers.hmap -Xcc -ivfsoverlay -Xcc /Users/alexmontesino/Library/Developer/Xcode/DerivedData/Gym_API-gttvbppsiybwtpahvrbhortrptkr/Build/Intermediates.noindex/Gym_API.build/Debug-iphonesimulator/Gym_API-53347c6b55c8bacecf41c7425e043650-VFS-iphonesimulator/all-product-headers.yaml -Xcc -iquote -Xcc /Users/alexmontesino/Library/Developer/Xcode/DerivedData/Gym_API-gttvbppsiybwtpahvrbhortrptkr/Build/Intermediates.noindex/Gym_API.build/Debug-iphonesimulator/Gym_API.build/Gym_API-project-headers.hmap -Xcc -I/Users/alexmontesino/Library/Developer/Xcode/DerivedData/Gym_API-gttvbppsiybwtpahvrbhortrptkr/SourcePackages/checkouts/OneSignal-iOS-SDK/OneSignalFrameworkWrapper/include -Xcc -I/Users/alexmontesino/Library/Developer/Xcode/DerivedData/Gym_API-gttvbppsiybwtpahvrbhortrptkr/Build/Products/Debug-iphonesimulator/include -Xcc -I/Users/alexmontesino/Library/Developer/Xcode/DerivedData/Gym_API-gttvbppsiybwtpahvrbhortrptkr/Build/Intermediates.noindex/Gym_API.build/Debug-iphonesimulator/Gym_API.build/DerivedSources-normal/arm64 -Xcc -I/Users/alexmontesino/Library/Developer/Xcode/DerivedData/Gym_API-gttvbppsiybwtpahvrbhortrptkr/Build/Intermediates.noindex/Gym_API.build/Debug-iphonesimulator/Gym_API.build/DerivedSources/arm64 -Xcc -I/Users/alexmontesino/Library/Developer/Xcode/DerivedData/Gym_API-gttvbppsiybwtpahvrbhortrptkr/Build/Intermediates.noindex/Gym_API.build/Debug-iphonesimulator/Gym_API.build/DerivedSources -Xcc -DDEBUG\=1 -emit-objc-header -emit-objc-header-path /Users/alexmontesino/Library/Developer/Xcode/DerivedData/Gym_API-gttvbppsiybwtpahvrbhortrptkr/Build/Intermediates.noindex/Gym_API.build/Debug-iphonesimulator/Gym_API.build/Objects-normal/arm64/Gym_API-Swift.h -working-directory /Users/alexmontesino/Documents/GYM-API-IOS/Gym_API -experimental-emit-module-separately -disable-cmo

SwiftDriverJobDiscovery normal arm64 Compiling NSData+URLSafe.swift, NSURL+Auth0.swift, NSURLComponents+OAuth2.swift, NewPasskey.swift, OAuth2Grant.swift, Optional+DebugDescription.swift, PasskeyLoginChallenge.swift, PasskeySignupChallenge.swift (in target 'Auth0' from project 'Auth0')

SwiftCompile normal arm64 Compiling\ HomeViewSkeleton.swift,\ AppErrors.swift,\ GymDetail.swift,\ LazyLoadingHelpers.swift,\ SurveyResponseView.swift,\ ComebackMessage.swift,\ GymClassSimple.swift,\ ChatPerformanceMonitor.swift,\ ClassListSkeleton.swift,\ GymParticipant.swift,\ UserProfileService.swift,\ AccessibilityExtensions.swift,\ UserSelectorView.swift,\ MediaUploadService.swift,\ SimpleColorSettingsView.swift,\ PermissionsSetupView.swift,\ AvailableGymsView.swift,\ CreateEventView.swift /Users/alexmontesino/Documents/GYM-API-IOS/Gym_API/Gym_API/Views/Components/Home/HomeViewSkeleton.swift /Users/alexmontesino/Documents/GYM-API-IOS/Gym_API/Gym_API/Models/AppErrors.swift /Users/alexmontesino/Documents/GYM-API-IOS/Gym_API/Gym_API/Models/GymDetail.swift /Users/alexmontesino/Documents/GYM-API-IOS/Gym_API/Gym_API/Utils/LazyLoadingHelpers.swift /Users/alexmontesino/Documents/GYM-API-IOS/Gym_API/Gym_API/Views/Survey/SurveyResponseView.swift /Users/alexmontesino/Documents/GYM-API-IOS/Gym_API/Gym_API/Models/ComebackMessage.swift /Users/alexmontesino/Documents/GYM-API-IOS/Gym_API/Gym_API/Models/GymClassSimple.swift /Users/alexmontesino/Documents/GYM-API-IOS/Gym_API/Gym_API/Services/ChatPerformanceMonitor.swift /Users/alexmontesino/Documents/GYM-API-IOS/Gym_API/Gym_API/Views/Components/Classes/ClassListSkeleton.swift /Users/alexmontesino/Documents/GYM-API-IOS/Gym_API/Gym_API/Models/GymParticipant.swift /Users/alexmontesino/Documents/GYM-API-IOS/Gym_API/Gym_API/Services/UserProfileService.swift /Users/alexmontesino/Documents/GYM-API-IOS/Gym_API/Gym_API/Utils/AccessibilityExtensions.swift /Users/alexmontesino/Documents/GYM-API-IOS/Gym_API/Gym_API/Views/Components/Messages/UserSelectorView.swift /Users/alexmontesino/Documents/GYM-API-IOS/Gym_API/Gym_API/Services/MediaUploadService.swift /Users/alexmontesino/Documents/GYM-API-IOS/Gym_API/Gym_API/Views/Components/Profile/SimpleColorSettingsView.swift /Users/alexmontesino/Documents/GYM-API-IOS/Gym_API/Gym_API/Views/Onboarding/PermissionsSetupView.swift /Users/alexmontesino/Documents/GYM-API-IOS/Gym_API/Gym_API/Views/AvailableGymsView.swift /Users/alexmontesino/Documents/GYM-API-IOS/Gym_API/Gym_API/Views/CreateEventView.swift (in target 'Gym_API' from project 'Gym_API')
SwiftCompile normal arm64 /Users/alexmontesino/Documents/GYM-API-IOS/Gym_API/Gym_API/Views/Components/Home/HomeViewSkeleton.swift (in target 'Gym_API' from project 'Gym_API')
    cd /Users/alexmontesino/Documents/GYM-API-IOS/Gym_API
    

SwiftCompile normal arm64 /Users/alexmontesino/Documents/GYM-API-IOS/Gym_API/Gym_API/Models/AppErrors.swift (in target 'Gym_API' from project 'Gym_API')
    cd /Users/alexmontesino/Documents/GYM-API-IOS/Gym_API
    

SwiftCompile normal arm64 /Users/alexmontesino/Documents/GYM-API-IOS/Gym_API/Gym_API/Models/GymDetail.swift (in target 'Gym_API' from project 'Gym_API')
    cd /Users/alexmontesino/Documents/GYM-API-IOS/Gym_API
    

SwiftCompile normal arm64 /Users/alexmontesino/Documents/GYM-API-IOS/Gym_API/Gym_API/Utils/LazyLoadingHelpers.swift (in target 'Gym_API' from project 'Gym_API')
    cd /Users/alexmontesino/Documents/GYM-API-IOS/Gym_API
    

SwiftCompile normal arm64 /Users/alexmontesino/Documents/GYM-API-IOS/Gym_API/Gym_API/Views/Survey/SurveyResponseView.swift (in target 'Gym_API' from project 'Gym_API')
    cd /Users/alexmontesino/Documents/GYM-API-IOS/Gym_API
    

SwiftCompile normal arm64 /Users/alexmontesino/Documents/GYM-API-IOS/Gym_API/Gym_API/Models/ComebackMessage.swift (in target 'Gym_API' from project 'Gym_API')
    cd /Users/alexmontesino/Documents/GYM-API-IOS/Gym_API
    

SwiftCompile normal arm64 /Users/alexmontesino/Documents/GYM-API-IOS/Gym_API/Gym_API/Models/GymClassSimple.swift (in target 'Gym_API' from project 'Gym_API')
    cd /Users/alexmontesino/Documents/GYM-API-IOS/Gym_API
    

SwiftCompile normal arm64 /Users/alexmontesino/Documents/GYM-API-IOS/Gym_API/Gym_API/Services/ChatPerformanceMonitor.swift (in target 'Gym_API' from project 'Gym_API')
    cd /Users/alexmontesino/Documents/GYM-API-IOS/Gym_API
    

SwiftCompile normal arm64 /Users/alexmontesino/Documents/GYM-API-IOS/Gym_API/Gym_API/Views/Components/Classes/ClassListSkeleton.swift (in target 'Gym_API' from project 'Gym_API')
    cd /Users/alexmontesino/Documents/GYM-API-IOS/Gym_API
    

SwiftCompile normal arm64 /Users/alexmontesino/Documents/GYM-API-IOS/Gym_API/Gym_API/Models/GymParticipant.swift (in target 'Gym_API' from project 'Gym_API')
    cd /Users/alexmontesino/Documents/GYM-API-IOS/Gym_API
    

SwiftCompile normal arm64 /Users/alexmontesino/Documents/GYM-API-IOS/Gym_API/Gym_API/Services/UserProfileService.swift (in target 'Gym_API' from project 'Gym_API')
    cd /Users/alexmontesino/Documents/GYM-API-IOS/Gym_API
    

SwiftCompile normal arm64 /Users/alexmontesino/Documents/GYM-API-IOS/Gym_API/Gym_API/Utils/AccessibilityExtensions.swift (in target 'Gym_API' from project 'Gym_API')
    cd /Users/alexmontesino/Documents/GYM-API-IOS/Gym_API
    

SwiftCompile normal arm64 /Users/alexmontesino/Documents/GYM-API-IOS/Gym_API/Gym_API/Views/Components/Messages/UserSelectorView.swift (in target 'Gym_API' from project 'Gym_API')
    cd /Users/alexmontesino/Documents/GYM-API-IOS/Gym_API
    

SwiftCompile normal arm64 /Users/alexmontesino/Documents/GYM-API-IOS/Gym_API/Gym_API/Services/MediaUploadService.swift (in target 'Gym_API' from project 'Gym_API')
    cd /Users/alexmontesino/Documents/GYM-API-IOS/Gym_API
    

SwiftCompile normal arm64 /Users/alexmontesino/Documents/GYM-API-IOS/Gym_API/Gym_API/Views/Components/Profile/SimpleColorSettingsView.swift (in target 'Gym_API' from project 'Gym_API')
    cd /Users/alexmontesino/Documents/GYM-API-IOS/Gym_API
    

SwiftCompile normal arm64 /Users/alexmontesino/Documents/GYM-API-IOS/Gym_API/Gym_API/Views/Onboarding/PermissionsSetupView.swift (in target 'Gym_API' from project 'Gym_API')
    cd /Users/alexmontesino/Documents/GYM-API-IOS/Gym_API
    

SwiftCompile normal arm64 /Users/alexmontesino/Documents/GYM-API-IOS/Gym_API/Gym_API/Views/AvailableGymsView.swift (in target 'Gym_API' from project 'Gym_API')
    cd /Users/alexmontesino/Documents/GYM-API-IOS/Gym_API
    

SwiftCompile normal arm64 /Users/alexmontesino/Documents/GYM-API-IOS/Gym_API/Gym_API/Views/CreateEventView.swift (in target 'Gym_API' from project 'Gym_API')
    cd /Users/alexmontesino/Documents/GYM-API-IOS/Gym_API
    

SwiftCompile normal arm64 Compiling\ UnifiedImageService.swift,\ ClassActionState.swift,\ NetworkRetryService.swift,\ EventCard.swift,\ QuickAccessGrid.swift,\ EventChatView.swift,\ FirebaseChatProvider.swift,\ SurveyQuestionViews.swift,\ SurveyResponsesListView.swift,\ SurveyTemplatesView.swift,\ ChatProvider.swift,\ ImageLoaderService.swift,\ BackgroundTaskManager.swift,\ CoachSelectorView.swift,\ MyGymView.swift,\ SettingsView.swift,\ EventService.swift,\ AudioRecorderService.swift /Users/alexmontesino/Documents/GYM-API-IOS/Gym_API/Gym_API/Services/UnifiedImageService.swift /Users/alexmontesino/Documents/GYM-API-IOS/Gym_API/Gym_API/Views/Components/Classes/ClassActionState.swift /Users/alexmontesino/Documents/GYM-API-IOS/Gym_API/Gym_API/Services/NetworkRetryService.swift /Users/alexmontesino/Documents/GYM-API-IOS/Gym_API/Gym_API/Views/Components/Events/EventCard.swift /Users/alexmontesino/Documents/GYM-API-IOS/Gym_API/Gym_API/Views/Components/QuickAccess/QuickAccessGrid.swift /Users/alexmontesino/Documents/GYM-API-IOS/Gym_API/Gym_API/Views/EventChatView.swift /Users/alexmontesino/Documents/GYM-API-IOS/Gym_API/Gym_API/Services/ChatProvider/FirebaseChatProvider.swift /Users/alexmontesino/Documents/GYM-API-IOS/Gym_API/Gym_API/Views/Components/Survey/SurveyQuestionViews.swift /Users/alexmontesino/Documents/GYM-API-IOS/Gym_API/Gym_API/Views/Survey/Admin/SurveyResponsesListView.swift /Users/alexmontesino/Documents/GYM-API-IOS/Gym_API/Gym_API/Views/Survey/Admin/SurveyTemplatesView.swift /Users/alexmontesino/Documents/GYM-API-IOS/Gym_API/Gym_API/Services/ChatProvider/ChatProvider.swift /Users/alexmontesino/Documents/GYM-API-IOS/Gym_API/Gym_API/Services/ImageLoaderService.swift /Users/alexmontesino/Documents/GYM-API-IOS/Gym_API/Gym_API/Utils/BackgroundTaskManager.swift /Users/alexmontesino/Documents/GYM-API-IOS/Gym_API/Gym_API/Views/Chat/CoachSelectorView.swift /Users/alexmontesino/Documents/GYM-API-IOS/Gym_API/Gym_API/Views/MyGymView.swift /Users/alexmontesino/Documents/GYM-API-IOS/Gym_API/Gym_API/Views/SettingsView.swift /Users/alexmontesino/Documents/GYM-API-IOS/Gym_API/Gym_API/Services/EventService.swift /Users/alexmontesino/Documents/GYM-API-IOS/Gym_API/Gym_API/Services/AudioRecorderService.swift (in target 'Gym_API' from project 'Gym_API')
SwiftCompile normal arm64 /Users/alexmontesino/Documents/GYM-API-IOS/Gym_API/Gym_API/Services/UnifiedImageService.swift (in target 'Gym_API' from project 'Gym_API')
    cd /Users/alexmontesino/Documents/GYM-API-IOS/Gym_API
    

SwiftCompile normal arm64 /Users/alexmontesino/Documents/GYM-API-IOS/Gym_API/Gym_API/Views/Components/Classes/ClassActionState.swift (in target 'Gym_API' from project 'Gym_API')
    cd /Users/alexmontesino/Documents/GYM-API-IOS/Gym_API
    

SwiftCompile normal arm64 /Users/alexmontesino/Documents/GYM-API-IOS/Gym_API/Gym_API/Services/NetworkRetryService.swift (in target 'Gym_API' from project 'Gym_API')
    cd /Users/alexmontesino/Documents/GYM-API-IOS/Gym_API
    

SwiftCompile normal arm64 /Users/alexmontesino/Documents/GYM-API-IOS/Gym_API/Gym_API/Views/Components/Events/EventCard.swift (in target 'Gym_API' from project 'Gym_API')
    cd /Users/alexmontesino/Documents/GYM-API-IOS/Gym_API
    

SwiftCompile normal arm64 /Users/alexmontesino/Documents/GYM-API-IOS/Gym_API/Gym_API/Views/Components/QuickAccess/QuickAccessGrid.swift (in target 'Gym_API' from project 'Gym_API')
    cd /Users/alexmontesino/Documents/GYM-API-IOS/Gym_API
    

SwiftCompile normal arm64 /Users/alexmontesino/Documents/GYM-API-IOS/Gym_API/Gym_API/Views/EventChatView.swift (in target 'Gym_API' from project 'Gym_API')
    cd /Users/alexmontesino/Documents/GYM-API-IOS/Gym_API
    

SwiftCompile normal arm64 /Users/alexmontesino/Documents/GYM-API-IOS/Gym_API/Gym_API/Services/ChatProvider/FirebaseChatProvider.swift (in target 'Gym_API' from project 'Gym_API')
    cd /Users/alexmontesino/Documents/GYM-API-IOS/Gym_API
    

SwiftCompile normal arm64 /Users/alexmontesino/Documents/GYM-API-IOS/Gym_API/Gym_API/Views/Components/Survey/SurveyQuestionViews.swift (in target 'Gym_API' from project 'Gym_API')
    cd /Users/alexmontesino/Documents/GYM-API-IOS/Gym_API
    

SwiftCompile normal arm64 /Users/alexmontesino/Documents/GYM-API-IOS/Gym_API/Gym_API/Views/Survey/Admin/SurveyResponsesListView.swift (in target 'Gym_API' from project 'Gym_API')
    cd /Users/alexmontesino/Documents/GYM-API-IOS/Gym_API
    

SwiftCompile normal arm64 /Users/alexmontesino/Documents/GYM-API-IOS/Gym_API/Gym_API/Views/Survey/Admin/SurveyTemplatesView.swift (in target 'Gym_API' from project 'Gym_API')
    cd /Users/alexmontesino/Documents/GYM-API-IOS/Gym_API
    

SwiftCompile normal arm64 /Users/alexmontesino/Documents/GYM-API-IOS/Gym_API/Gym_API/Services/ChatProvider/ChatProvider.swift (in target 'Gym_API' from project 'Gym_API')
    cd /Users/alexmontesino/Documents/GYM-API-IOS/Gym_API
    

SwiftCompile normal arm64 /Users/alexmontesino/Documents/GYM-API-IOS/Gym_API/Gym_API/Services/ImageLoaderService.swift (in target 'Gym_API' from project 'Gym_API')
    cd /Users/alexmontesino/Documents/GYM-API-IOS/Gym_API
    

SwiftCompile normal arm64 /Users/alexmontesino/Documents/GYM-API-IOS/Gym_API/Gym_API/Utils/BackgroundTaskManager.swift (in target 'Gym_API' from project 'Gym_API')
    cd /Users/alexmontesino/Documents/GYM-API-IOS/Gym_API
    

SwiftCompile normal arm64 /Users/alexmontesino/Documents/GYM-API-IOS/Gym_API/Gym_API/Views/Chat/CoachSelectorView.swift (in target 'Gym_API' from project 'Gym_API')
    cd /Users/alexmontesino/Documents/GYM-API-IOS/Gym_API
    

SwiftCompile normal arm64 /Users/alexmontesino/Documents/GYM-API-IOS/Gym_API/Gym_API/Views/MyGymView.swift (in target 'Gym_API' from project 'Gym_API')
    cd /Users/alexmontesino/Documents/GYM-API-IOS/Gym_API
    

SwiftCompile normal arm64 /Users/alexmontesino/Documents/GYM-API-IOS/Gym_API/Gym_API/Views/SettingsView.swift (in target 'Gym_API' from project 'Gym_API')
    cd /Users/alexmontesino/Documents/GYM-API-IOS/Gym_API
    

SwiftCompile normal arm64 /Users/alexmontesino/Documents/GYM-API-IOS/Gym_API/Gym_API/Services/EventService.swift (in target 'Gym_API' from project 'Gym_API')
    cd /Users/alexmontesino/Documents/GYM-API-IOS/Gym_API
    

SwiftCompile normal arm64 /Users/alexmontesino/Documents/GYM-API-IOS/Gym_API/Gym_API/Services/AudioRecorderService.swift (in target 'Gym_API' from project 'Gym_API')
    cd /Users/alexmontesino/Documents/GYM-API-IOS/Gym_API
    

SwiftCompile normal arm64 Compiling\ OptimizedAsyncImage.swift,\ CircularImageCropperView.swift,\ ClassCard.swift,\ ImprovedClassActionButton.swift,\ WelcomeAnimationOverlay.swift,\ ProfileOptionsSheet.swift,\ CreateSessionView.swift,\ ServiceContainerLazy.swift,\ WeeklyDateSelector.swift,\ MembershipService.swift,\ ProfileMetricsContainer.swift,\ SurveyListView.swift,\ ImagePicker.swift,\ GymClass.swift,\ ContextualActions.swift,\ AnimatedTabTransition.swift,\ SurveyCreatorView.swift,\ SurveyManagementView.swift /Users/alexmontesino/Documents/GYM-API-IOS/Gym_API/Gym_API/Views/Components/OptimizedAsyncImage.swift /Users/alexmontesino/Documents/GYM-API-IOS/Gym_API/Gym_API/Views/Components/CircularImageCropperView.swift /Users/alexmontesino/Documents/GYM-API-IOS/Gym_API/Gym_API/Views/Components/Home/ClassCard.swift /Users/alexmontesino/Documents/GYM-API-IOS/Gym_API/Gym_API/Views/Components/Home/ImprovedClassActionButton.swift /Users/alexmontesino/Documents/GYM-API-IOS/Gym_API/Gym_API/Views/Components/WelcomeAnimationOverlay.swift /Users/alexmontesino/Documents/GYM-API-IOS/Gym_API/Gym_API/Views/Components/Profile/ProfileOptionsSheet.swift /Users/alexmontesino/Documents/GYM-API-IOS/Gym_API/Gym_API/Views/CreateSessionView.swift /Users/alexmontesino/Documents/GYM-API-IOS/Gym_API/Gym_API/Services/ServiceContainerLazy.swift /Users/alexmontesino/Documents/GYM-API-IOS/Gym_API/Gym_API/Views/Components/Classes/WeeklyDateSelector.swift /Users/alexmontesino/Documents/GYM-API-IOS/Gym_API/Gym_API/Services/MembershipService.swift /Users/alexmontesino/Documents/GYM-API-IOS/Gym_API/Gym_API/Views/Components/Profile/ProfileMetricsContainer.swift /Users/alexmontesino/Documents/GYM-API-IOS/Gym_API/Gym_API/Views/Survey/SurveyListView.swift /Users/alexmontesino/Documents/GYM-API-IOS/Gym_API/Gym_API/Views/Components/ImagePicker.swift /Users/alexmontesino/Documents/GYM-API-IOS/Gym_API/Gym_API/Models/GymClass.swift /Users/alexmontesino/Documents/GYM-API-IOS/Gym_API/Gym_API/Views/Components/ContextualActions.swift /Users/alexmontesino/Documents/GYM-API-IOS/Gym_API/Gym_API/Views/Components/AnimatedTabTransition.swift /Users/alexmontesino/Documents/GYM-API-IOS/Gym_API/Gym_API/Views/Survey/Admin/SurveyCreatorView.swift /Users/alexmontesino/Documents/GYM-API-IOS/Gym_API/Gym_API/Views/Survey/Admin/SurveyManagementView.swift (in target 'Gym_API' from project 'Gym_API')

SwiftCompile normal arm64 /Users/alexmontesino/Documents/GYM-API-IOS/Gym_API/Gym_API/Views/Components/OptimizedAsyncImage.swift (in target 'Gym_API' from project 'Gym_API')
    cd /Users/alexmontesino/Documents/GYM-API-IOS/Gym_API
    

SwiftCompile normal arm64 /Users/alexmontesino/Documents/GYM-API-IOS/Gym_API/Gym_API/Views/Components/CircularImageCropperView.swift (in target 'Gym_API' from project 'Gym_API')
    cd /Users/alexmontesino/Documents/GYM-API-IOS/Gym_API
    

SwiftCompile normal arm64 /Users/alexmontesino/Documents/GYM-API-IOS/Gym_API/Gym_API/Views/Components/Home/ClassCard.swift (in target 'Gym_API' from project 'Gym_API')
    cd /Users/alexmontesino/Documents/GYM-API-IOS/Gym_API
    

SwiftCompile normal arm64 /Users/alexmontesino/Documents/GYM-API-IOS/Gym_API/Gym_API/Views/Components/Home/ImprovedClassActionButton.swift (in target 'Gym_API' from project 'Gym_API')
    cd /Users/alexmontesino/Documents/GYM-API-IOS/Gym_API
    

SwiftCompile normal arm64 /Users/alexmontesino/Documents/GYM-API-IOS/Gym_API/Gym_API/Views/Components/WelcomeAnimationOverlay.swift (in target 'Gym_API' from project 'Gym_API')
    cd /Users/alexmontesino/Documents/GYM-API-IOS/Gym_API
    

SwiftCompile normal arm64 /Users/alexmontesino/Documents/GYM-API-IOS/Gym_API/Gym_API/Views/Components/Profile/ProfileOptionsSheet.swift (in target 'Gym_API' from project 'Gym_API')
    cd /Users/alexmontesino/Documents/GYM-API-IOS/Gym_API
    

SwiftCompile normal arm64 /Users/alexmontesino/Documents/GYM-API-IOS/Gym_API/Gym_API/Views/CreateSessionView.swift (in target 'Gym_API' from project 'Gym_API')
    cd /Users/alexmontesino/Documents/GYM-API-IOS/Gym_API
    

SwiftCompile normal arm64 /Users/alexmontesino/Documents/GYM-API-IOS/Gym_API/Gym_API/Services/ServiceContainerLazy.swift (in target 'Gym_API' from project 'Gym_API')
    cd /Users/alexmontesino/Documents/GYM-API-IOS/Gym_API
    

SwiftCompile normal arm64 /Users/alexmontesino/Documents/GYM-API-IOS/Gym_API/Gym_API/Views/Components/Classes/WeeklyDateSelector.swift (in target 'Gym_API' from project 'Gym_API')
    cd /Users/alexmontesino/Documents/GYM-API-IOS/Gym_API
    

SwiftCompile normal arm64 /Users/alexmontesino/Documents/GYM-API-IOS/Gym_API/Gym_API/Services/MembershipService.swift (in target 'Gym_API' from project 'Gym_API')
    cd /Users/alexmontesino/Documents/GYM-API-IOS/Gym_API
    

SwiftCompile normal arm64 /Users/alexmontesino/Documents/GYM-API-IOS/Gym_API/Gym_API/Views/Components/Profile/ProfileMetricsContainer.swift (in target 'Gym_API' from project 'Gym_API')
    cd /Users/alexmontesino/Documents/GYM-API-IOS/Gym_API
    

SwiftCompile normal arm64 /Users/alexmontesino/Documents/GYM-API-IOS/Gym_API/Gym_API/Views/Survey/SurveyListView.swift (in target 'Gym_API' from project 'Gym_API')
    cd /Users/alexmontesino/Documents/GYM-API-IOS/Gym_API
    

SwiftCompile normal arm64 /Users/alexmontesino/Documents/GYM-API-IOS/Gym_API/Gym_API/Views/Components/ImagePicker.swift (in target 'Gym_API' from project 'Gym_API')
    cd /Users/alexmontesino/Documents/GYM-API-IOS/Gym_API
    

SwiftCompile normal arm64 /Users/alexmontesino/Documents/GYM-API-IOS/Gym_API/Gym_API/Models/GymClass.swift (in target 'Gym_API' from project 'Gym_API')
    cd /Users/alexmontesino/Documents/GYM-API-IOS/Gym_API
    

SwiftCompile normal arm64 /Users/alexmontesino/Documents/GYM-API-IOS/Gym_API/Gym_API/Views/Components/ContextualActions.swift (in target 'Gym_API' from project 'Gym_API')
    cd /Users/alexmontesino/Documents/GYM-API-IOS/Gym_API
    

SwiftCompile normal arm64 /Users/alexmontesino/Documents/GYM-API-IOS/Gym_API/Gym_API/Views/Components/AnimatedTabTransition.swift (in target 'Gym_API' from project 'Gym_API')
    cd /Users/alexmontesino/Documents/GYM-API-IOS/Gym_API
    

SwiftCompile normal arm64 /Users/alexmontesino/Documents/GYM-API-IOS/Gym_API/Gym_API/Views/Survey/Admin/SurveyCreatorView.swift (in target 'Gym_API' from project 'Gym_API')
    cd /Users/alexmontesino/Documents/GYM-API-IOS/Gym_API
    

SwiftCompile normal arm64 /Users/alexmontesino/Documents/GYM-API-IOS/Gym_API/Gym_API/Views/Survey/Admin/SurveyManagementView.swift (in target 'Gym_API' from project 'Gym_API')
    cd /Users/alexmontesino/Documents/GYM-API-IOS/Gym_API
    

SwiftCompile normal arm64 Compiling\ LoadingAnimations.swift,\ ComebackMessageProvider.swift,\ BackendImageView.swift,\ StreamConfig.swift,\ BulkRegistrationView.swift,\ ProfileCompletionView.swift,\ ProfileSetupView.swift,\ SurveyHomeCard.swift,\ UserSelectorComponents.swift,\ SwipeableConversationRow.swift,\ ThemeModifiers.swift,\ CreateEventRequest.swift,\ GymHours.swift,\ OptimizedChatView.swift,\ QuestionEditorView.swift,\ AuthUser.swift,\ ThemeSettingsView.swift,\ SurveyService.swift /Users/alexmontesino/Documents/GYM-API-IOS/Gym_API/Gym_API/Views/Components/LoadingAnimations.swift /Users/alexmontesino/Documents/GYM-API-IOS/Gym_API/Gym_API/Services/ComebackMessageProvider.swift /Users/alexmontesino/Documents/GYM-API-IOS/Gym_API/Gym_API/Views/Components/BackendImageView.swift /Users/alexmontesino/Documents/GYM-API-IOS/Gym_API/Gym_API/Config/StreamConfig.swift /Users/alexmontesino/Documents/GYM-API-IOS/Gym_API/Gym_API/Views/Components/Events/BulkRegistrationView.swift /Users/alexmontesino/Documents/GYM-API-IOS/Gym_API/Gym_API/Views/Onboarding/ProfileCompletionView.swift /Users/alexmontesino/Documents/GYM-API-IOS/Gym_API/Gym_API/Views/Onboarding/ProfileSetupView.swift /Users/alexmontesino/Documents/GYM-API-IOS/Gym_API/Gym_API/Views/Components/Survey/SurveyHomeCard.swift /Users/alexmontesino/Documents/GYM-API-IOS/Gym_API/Gym_API/Views/Components/Messages/UserSelectorComponents.swift /Users/alexmontesino/Documents/GYM-API-IOS/Gym_API/Gym_API/Views/Components/SwipeableConversationRow.swift /Users/alexmontesino/Documents/GYM-API-IOS/Gym_API/Gym_API/Views/Components/ThemeModifiers.swift /Users/alexmontesino/Documents/GYM-API-IOS/Gym_API/Gym_API/Models/CreateEventRequest.swift /Users/alexmontesino/Documents/GYM-API-IOS/Gym_API/Gym_API/Models/GymHours.swift /Users/alexmontesino/Documents/GYM-API-IOS/Gym_API/Gym_API/Views/Chat/OptimizedChatView.swift /Users/alexmontesino/Documents/GYM-API-IOS/Gym_API/Gym_API/Views/Survey/Admin/QuestionEditorView.swift /Users/alexmontesino/Documents/GYM-API-IOS/Gym_API/Gym_API/Models/AuthUser.swift /Users/alexmontesino/Documents/GYM-API-IOS/Gym_API/Gym_API/Views/ThemeSettingsView.swift /Users/alexmontesino/Documents/GYM-API-IOS/Gym_API/Gym_API/Services/SurveyService.swift (in target 'Gym_API' from project 'Gym_API')

SwiftCompile normal arm64 /Users/alexmontesino/Documents/GYM-API-IOS/Gym_API/Gym_API/Views/Components/LoadingAnimations.swift (in target 'Gym_API' from project 'Gym_API')
    cd /Users/alexmontesino/Documents/GYM-API-IOS/Gym_API
    

SwiftCompile normal arm64 /Users/alexmontesino/Documents/GYM-API-IOS/Gym_API/Gym_API/Services/ComebackMessageProvider.swift (in target 'Gym_API' from project 'Gym_API')
    cd /Users/alexmontesino/Documents/GYM-API-IOS/Gym_API
    

SwiftCompile normal arm64 /Users/alexmontesino/Documents/GYM-API-IOS/Gym_API/Gym_API/Views/Components/BackendImageView.swift (in target 'Gym_API' from project 'Gym_API')
    cd /Users/alexmontesino/Documents/GYM-API-IOS/Gym_API
    

SwiftCompile normal arm64 /Users/alexmontesino/Documents/GYM-API-IOS/Gym_API/Gym_API/Config/StreamConfig.swift (in target 'Gym_API' from project 'Gym_API')
    cd /Users/alexmontesino/Documents/GYM-API-IOS/Gym_API
    

SwiftCompile normal arm64 /Users/alexmontesino/Documents/GYM-API-IOS/Gym_API/Gym_API/Views/Components/Events/BulkRegistrationView.swift (in target 'Gym_API' from project 'Gym_API')
    cd /Users/alexmontesino/Documents/GYM-API-IOS/Gym_API
    

SwiftCompile normal arm64 /Users/alexmontesino/Documents/GYM-API-IOS/Gym_API/Gym_API/Views/Onboarding/ProfileCompletionView.swift (in target 'Gym_API' from project 'Gym_API')
    cd /Users/alexmontesino/Documents/GYM-API-IOS/Gym_API
    

SwiftCompile normal arm64 /Users/alexmontesino/Documents/GYM-API-IOS/Gym_API/Gym_API/Views/Onboarding/ProfileSetupView.swift (in target 'Gym_API' from project 'Gym_API')
    cd /Users/alexmontesino/Documents/GYM-API-IOS/Gym_API
    

SwiftCompile normal arm64 /Users/alexmontesino/Documents/GYM-API-IOS/Gym_API/Gym_API/Views/Components/Survey/SurveyHomeCard.swift (in target 'Gym_API' from project 'Gym_API')
    cd /Users/alexmontesino/Documents/GYM-API-IOS/Gym_API
    

SwiftCompile normal arm64 /Users/alexmontesino/Documents/GYM-API-IOS/Gym_API/Gym_API/Views/Components/Messages/UserSelectorComponents.swift (in target 'Gym_API' from project 'Gym_API')
    cd /Users/alexmontesino/Documents/GYM-API-IOS/Gym_API
    

SwiftCompile normal arm64 /Users/alexmontesino/Documents/GYM-API-IOS/Gym_API/Gym_API/Views/Components/SwipeableConversationRow.swift (in target 'Gym_API' from project 'Gym_API')
    cd /Users/alexmontesino/Documents/GYM-API-IOS/Gym_API
    

SwiftCompile normal arm64 /Users/alexmontesino/Documents/GYM-API-IOS/Gym_API/Gym_API/Views/Components/ThemeModifiers.swift (in target 'Gym_API' from project 'Gym_API')
    cd /Users/alexmontesino/Documents/GYM-API-IOS/Gym_API
    

SwiftCompile normal arm64 /Users/alexmontesino/Documents/GYM-API-IOS/Gym_API/Gym_API/Models/CreateEventRequest.swift (in target 'Gym_API' from project 'Gym_API')
    cd /Users/alexmontesino/Documents/GYM-API-IOS/Gym_API
    

SwiftCompile normal arm64 /Users/alexmontesino/Documents/GYM-API-IOS/Gym_API/Gym_API/Models/GymHours.swift (in target 'Gym_API' from project 'Gym_API')
    cd /Users/alexmontesino/Documents/GYM-API-IOS/Gym_API
    

SwiftCompile normal arm64 /Users/alexmontesino/Documents/GYM-API-IOS/Gym_API/Gym_API/Views/Chat/OptimizedChatView.swift (in target 'Gym_API' from project 'Gym_API')
    cd /Users/alexmontesino/Documents/GYM-API-IOS/Gym_API
    

SwiftCompile normal arm64 /Users/alexmontesino/Documents/GYM-API-IOS/Gym_API/Gym_API/Views/Survey/Admin/QuestionEditorView.swift (in target 'Gym_API' from project 'Gym_API')
    cd /Users/alexmontesino/Documents/GYM-API-IOS/Gym_API
    

SwiftCompile normal arm64 /Users/alexmontesino/Documents/GYM-API-IOS/Gym_API/Gym_API/Models/AuthUser.swift (in target 'Gym_API' from project 'Gym_API')
    cd /Users/alexmontesino/Documents/GYM-API-IOS/Gym_API
    

SwiftCompile normal arm64 /Users/alexmontesino/Documents/GYM-API-IOS/Gym_API/Gym_API/Views/ThemeSettingsView.swift (in target 'Gym_API' from project 'Gym_API')
    cd /Users/alexmontesino/Documents/GYM-API-IOS/Gym_API
    

SwiftCompile normal arm64 /Users/alexmontesino/Documents/GYM-API-IOS/Gym_API/Gym_API/Services/SurveyService.swift (in target 'Gym_API' from project 'Gym_API')
    cd /Users/alexmontesino/Documents/GYM-API-IOS/Gym_API
    

SwiftEmitModule normal arm64 Emitting\ module\ for\ Gym_API (in target 'Gym_API' from project 'Gym_API')
Failed frontend command:
/Applications/Xcode.app/Contents/Developer/Toolchains/XcodeDefault.xctoolchain/usr/bin/swift-frontend -frontend -emit-module -experimental-skip-non-inlinable-function-bodies-without-types /Users/alexmontesino/Documents/GYM-API-IOS/Gym_API/Gym_API/Components/FloatingActionButton.swift /Users/alexmontesino/Documents/GYM-API-IOS/Gym_API/Gym_API/Views/Components/Profile/ModernProfileComponents.swift /Users/alexmontesino/Documents/GYM-API-IOS/Gym_API/Gym_API/Views/Components/Authentication/AuthStateIndicator.swift /Users/alexmontesino/Documents/GYM-API-IOS/Gym_API/Gym_API/Views/Components/AsyncProfileImage.swift /Users/alexmontesino/Documents/GYM-API-IOS/Gym_API/Gym_API/Views/Onboarding/MainOnboardingView.swift /Users/alexmontesino/Documents/GYM-API-IOS/Gym_API/Gym_API/Views/Chat/UnifiedChatView.swift /Users/alexmontesino/Documents/GYM-API-IOS/Gym_API/Gym_API/Models/Gym.swift /Users/alexmontesino/Documents/GYM-API-IOS/Gym_API/Gym_API/Models/MessageCacheModels.swift /Users/alexmontesino/Documents/GYM-API-IOS/Gym_API/Gym_API/Config/Auth0Config.swift /Users/alexmontesino/Documents/GYM-API-IOS/Gym_API/Gym_API/Services/NotificationManager.swift /Users/alexmontesino/Documents/GYM-API-IOS/Gym_API/Gym_API/Services/OnboardingManager.swift /Users/alexmontesino/Documents/GYM-API-IOS/Gym_API/Gym_API/Services/OneSignalService.swift /Users/alexmontesino/Documents/GYM-API-IOS/Gym_API/Gym_API/Views/Components/Events/EventListSkeleton.swift /Users/alexmontesino/Documents/GYM-API-IOS/Gym_API/Gym_API/Views/Survey/Admin/ExportOptionsView.swift /Users/alexmontesino/Documents/GYM-API-IOS/Gym_API/Gym_API/Utils/Logging.swift /Users/alexmontesino/Documents/GYM-API-IOS/Gym_API/Gym_API/Views/Tabs/ClassesView.swift /Users/alexmontesino/Documents/GYM-API-IOS/Gym_API/Gym_API/Views/Tabs/EventsView.swift /Users/alexmontesino/Documents/GYM-API-IOS/Gym_API/Gym_API/Views/Components/MembershipStatusWidget.swift /Users/alexmontesino/Documents/GYM-API-IOS/Gym_API/Gym_API/Services/UnifiedImageService.swift /Users/alexmontesino/Documents/GYM-API-IOS/Gym_API/Gym_API/Views/Components/Classes/ClassActionState.swift /Users/alexmontesino/Documents/GYM-API-IOS/Gym_API/Gym_API/Services/NetworkRetryService.swift /Users/alexmontesino/Documents/GYM-API-IOS/Gym_API/Gym_API/Views/Components/Events/EventCard.swift /Users/alexmontesino/Documents/GYM-API-IOS/Gym_API/Gym_API/Views/Components/QuickAccess/QuickAccessGrid.swift /Users/alexmontesino/Documents/GYM-API-IOS/Gym_API/Gym_API/Views/EventChatView.swift /Users/alexmontesino/Documents/GYM-API-IOS/Gym_API/Gym_API/Services/ChatProvider/FirebaseChatProvider.swift /Users/alexmontesino/Documents/GYM-API-IOS/Gym_API/Gym_API/Views/Components/Survey/SurveyQuestionViews.swift /Users/alexmontesino/Documents/GYM-API-IOS/Gym_API/Gym_API/Views/Survey/Admin/SurveyResponsesListView.swift /Users/alexmontesino/Documents/GYM-API-IOS/Gym_API/Gym_API/Views/Survey/Admin/SurveyTemplatesView.swift /Users/alexmontesino/Documents/GYM-API-IOS/Gym_API/Gym_API/Services/ChatProvider/ChatProvider.swift /Users/alexmontesino/Documents/GYM-API-IOS/Gym_API/Gym_API/Services/ImageLoaderService.swift /Users/alexmontesino/Documents/GYM-API-IOS/Gym_API/Gym_API/Utils/BackgroundTaskManager.swift /Users/alexmontesino/Documents/GYM-API-IOS/Gym_API/Gym_API/Views/Chat/CoachSelectorView.swift /Users/alexmontesino/Documents/GYM-API-IOS/Gym_API/Gym_API/Views/MyGymView.swift /Users/alexmontesino/Documents/GYM-API-IOS/Gym_API/Gym_API/Views/SettingsView.swift /Users/alexmontesino/Documents/GYM-API-IOS/Gym_API/Gym_API/Services/EventService.swift /Users/alexmontesino/Documents/GYM-API-IOS/Gym_API/Gym_API/Services/AudioRecorderService.swift /Users/alexmontesino/Documents/GYM-API-IOS/Gym_API/Gym_API/Services/AuthServiceDirect.swift /Users/alexmontesino/Documents/GYM-API-IOS/Gym_API/Gym_API/Views/MainTabView.swift /Users/alexmontesino/Documents/GYM-API-IOS/Gym_API/Gym_API/Views/ModernProfileView.swift /Users/alexmontesino/Documents/GYM-API-IOS/Gym_API/Gym_API/Views/Onboarding/SplashView.swift /Users/alexmontesino/Documents/GYM-API-IOS/Gym_API/Gym_API/Views/Onboarding/UserTypeSelectionView.swift /Users/alexmontesino/Documents/GYM-API-IOS/Gym_API/Gym_API/Utils/RolePermissions.swift /Users/alexmontesino/Documents/GYM-API-IOS/Gym_API/Gym_API/Services/ProfileImageService.swift /Users/alexmontesino/Documents/GYM-API-IOS/Gym_API/Gym_API/Services/ScheduledActivityService.swift /Users/alexmontesino/Documents/GYM-API-IOS/Gym_API/Gym_API/Services/ServiceContainer.swift /Users/alexmontesino/Documents/GYM-API-IOS/Gym_API/Gym_API/Services/CacheManager.swift /Users/alexmontesino/Documents/GYM-API-IOS/Gym_API/Gym_API/Views/Components/Home/StreakIndicator.swift /Users/alexmontesino/Documents/GYM-API-IOS/Gym_API/Gym_API/Views/Components/ProfileAvatar.swift /Users/alexmontesino/Documents/GYM-API-IOS/Gym_API/Gym_API/Services/ClassService.swift /Users/alexmontesino/Documents/GYM-API-IOS/Gym_API/Gym_API/Views/Components/Home/NextClassCard.swift /Users/alexmontesino/Documents/GYM-API-IOS/Gym_API/Gym_API/Config/Environment.swift /Users/alexmontesino/Documents/GYM-API-IOS/Gym_API/Gym_API/Models/GymInfo.swift /Users/alexmontesino/Documents/GYM-API-IOS/Gym_API/Gym_API/Services/PreloadService.swift /Users/alexmontesino/Documents/GYM-API-IOS/Gym_API/Gym_API/Utils/DesignSystem.swift /Users/alexmontesino/Documents/GYM-API-IOS/Gym_API/Gym_API/Views/Survey/Admin/SurveyStatisticsView.swift /Users/alexmontesino/Documents/GYM-API-IOS/Gym_API/Gym_API/Utils/DateDecoding.swift /Users/alexmontesino/Documents/GYM-API-IOS/Gym_API/Gym_API/CoreData/CachedMessageEntity.swift /Users/alexmontesino/Documents/GYM-API-IOS/Gym_API/Gym_API/CoreData/CoreDataManager.swift /Users/alexmontesino/Documents/GYM-API-IOS/Gym_API/Gym_API/Views/Tabs/UnifiedMessagesView.swift /Users/alexmontesino/Documents/GYM-API-IOS/Gym_API/Gym_API/Components/RoleRestrictedView.swift /Users/alexmontesino/Documents/GYM-API-IOS/Gym_API/Gym_API/Services/UserDataCacheService.swift /Users/alexmontesino/Documents/GYM-API-IOS/Gym_API/Gym_API/Views/Components/Comeback/ComebackHeroSection.swift /Users/alexmontesino/Documents/GYM-API-IOS/Gym_API/Gym_API/Services/GymService.swift /Users/alexmontesino/Documents/GYM-API-IOS/Gym_API/Gym_API/Views/Components/Comeback/ComebackCompactCard.swift /Users/alexmontesino/Documents/GYM-API-IOS/Gym_API/Gym_API/Views/Chat/StreamConnectionTestView.swift /Users/alexmontesino/Documents/GYM-API-IOS/Gym_API/Gym_API/Services/ChatProvider/GetStreamChatProvider.swift /Users/alexmontesino/Documents/GYM-API-IOS/Gym_API/Gym_API/Views/Components/SectionHeaderView.swift /Users/alexmontesino/Documents/GYM-API-IOS/Gym_API/Gym_API/Services/ColorCustomizationManager.swift /Users/alexmontesino/Documents/GYM-API-IOS/Gym_API/Gym_API/Services/KeychainService.swift /Users/alexmontesino/Documents/GYM-API-IOS/Gym_API/Gym_API/Views/Components/Comeback/ComebackCTASection.swift /Users/alexmontesino/Documents/GYM-API-IOS/Gym_API/Gym_API/Views/Components/Profile/ProfileColorPicker.swift /Users/alexmontesino/Documents/GYM-API-IOS/Gym_API/Gym_API/Views/Components/Home/ClassCardView.swift /Users/alexmontesino/Documents/GYM-API-IOS/Gym_API/Gym_API/Views/Components/OptimizedAsyncImage.swift /Users/alexmontesino/Documents/GYM-API-IOS/Gym_API/Gym_API/Views/Components/CircularImageCropperView.swift /Users/alexmontesino/Documents/GYM-API-IOS/Gym_API/Gym_API/Views/Components/Home/ClassCard.swift /Users/alexmontesino/Documents/GYM-API-IOS/Gym_API/Gym_API/Views/Components/Home/ImprovedClassActionButton.swift /Users/alexmontesino/Documents/GYM-API-IOS/Gym_API/Gym_API/Views/Components/WelcomeAnimationOverlay.swift /Users/alexmontesino/Documents/GYM-API-IOS/Gym_API/Gym_API/Views/Components/Profile/ProfileOptionsSheet.swift /Users/alexmontesino/Documents/GYM-API-IOS/Gym_API/Gym_API/Views/CreateSessionView.swift /Users/alexmontesino/Documents/GYM-API-IOS/Gym_API/Gym_API/Services/ServiceContainerLazy.swift /Users/alexmontesino/Documents/GYM-API-IOS/Gym_API/Gym_API/Views/Components/Classes/WeeklyDateSelector.swift /Users/alexmontesino/Documents/GYM-API-IOS/Gym_API/Gym_API/Services/MembershipService.swift /Users/alexmontesino/Documents/GYM-API-IOS/Gym_API/Gym_API/Views/Components/Profile/ProfileMetricsContainer.swift /Users/alexmontesino/Documents/GYM-API-IOS/Gym_API/Gym_API/Views/Survey/SurveyListView.swift /Users/alexmontesino/Documents/GYM-API-IOS/Gym_API/Gym_API/Views/Components/ImagePicker.swift /Users/alexmontesino/Documents/GYM-API-IOS/Gym_API/Gym_API/Models/GymClass.swift /Users/alexmontesino/Documents/GYM-API-IOS/Gym_API/Gym_API/Views/Components/ContextualActions.swift /Users/alexmontesino/Documents/GYM-API-IOS/Gym_API/Gym_API/Views/Components/AnimatedTabTransition.swift /Users/alexmontesino/Documents/GYM-API-IOS/Gym_API/Gym_API/Views/Survey/Admin/SurveyCreatorView.swift /Users/alexmontesino/Documents/GYM-API-IOS/Gym_API/Gym_API/Views/Survey/Admin/SurveyManagementView.swift /Users/alexmontesino/Documents/GYM-API-IOS/Gym_API/Gym_API/Views/Components/Home/HomeViewSkeleton.swift /Users/alexmontesino/Documents/GYM-API-IOS/Gym_API/Gym_API/Models/AppErrors.swift /Users/alexmontesino/Documents/GYM-API-IOS/Gym_API/Gym_API/Models/GymDetail.swift /Users/alexmontesino/Documents/GYM-API-IOS/Gym_API/Gym_API/Utils/LazyLoadingHelpers.swift /Users/alexmontesino/Documents/GYM-API-IOS/Gym_API/Gym_API/Views/Survey/SurveyResponseView.swift /Users/alexmontesino/Documents/GYM-API-IOS/Gym_API/Gym_API/Models/ComebackMessage.swift /Users/alexmontesino/Documents/GYM-API-IOS/Gym_API/Gym_API/Models/GymClassSimple.swift /Users/alexmontesino/Documents/GYM-API-IOS/Gym_API/Gym_API/Services/ChatPerformanceMonitor.swift /Users/alexmontesino/Documents/GYM-API-IOS/Gym_API/Gym_API/Views/Components/Classes/ClassListSkeleton.swift /Users/alexmontesino/Documents/GYM-API-IOS/Gym_API/Gym_API/Models/GymParticipant.swift /Users/alexmontesino/Documents/GYM-API-IOS/Gym_API/Gym_API/Services/UserProfileService.swift /Users/alexmontesino/Documents/GYM-API-IOS/Gym_API/Gym_API/Utils/AccessibilityExtensions.swift /Users/alexmontesino/Documents/GYM-API-IOS/Gym_API/Gym_API/Views/Components/Messages/UserSelectorView.swift /Users/alexmontesino/Documents/GYM-API-IOS/Gym_API/Gym_API/Services/MediaUploadService.swift /Users/alexmontesino/Documents/GYM-API-IOS/Gym_API/Gym_API/Views/Components/Profile/SimpleColorSettingsView.swift /Users/alexmontesino/Documents/GYM-API-IOS/Gym_API/Gym_API/Views/Onboarding/PermissionsSetupView.swift /Users/alexmontesino/Documents/GYM-API-IOS/Gym_API/Gym_API/Views/AvailableGymsView.swift /Users/alexmontesino/Documents/GYM-API-IOS/Gym_API/Gym_API/Views/CreateEventView.swift /Users/alexmontesino/Documents/GYM-API-IOS/Gym_API/Gym_API/Views/Components/LoadingAnimations.swift /Users/alexmontesino/Documents/GYM-API-IOS/Gym_API/Gym_API/Services/ComebackMessageProvider.swift /Users/alexmontesino/Documents/GYM-API-IOS/Gym_API/Gym_API/Views/Components/BackendImageView.swift /Users/alexmontesino/Documents/GYM-API-IOS/Gym_API/Gym_API/Config/StreamConfig.swift /Users/alexmontesino/Documents/GYM-API-IOS/Gym_API/Gym_API/Views/Components/Events/BulkRegistrationView.swift /Users/alexmontesino/Documents/GYM-API-IOS/Gym_API/Gym_API/Views/Onboarding/ProfileCompletionView.swift /Users/alexmontesino/Documents/GYM-API-IOS/Gym_API/Gym_API/Views/Onboarding/ProfileSetupView.swift /Users/alexmontesino/Documents/GYM-API-IOS/Gym_API/Gym_API/Views/Components/Survey/SurveyHomeCard.swift /Users/alexmontesino/Documents/GYM-API-IOS/Gym_API/Gym_API/Views/Components/Messages/UserSelectorComponents.swift /Users/alexmontesino/Documents/GYM-API-IOS/Gym_API/Gym_API/Views/Components/SwipeableConversationRow.swift /Users/alexmontesino/Documents/GYM-API-IOS/Gym_API/Gym_API/Views/Components/ThemeModifiers.swift /Users/alexmontesino/Documents/GYM-API-IOS/Gym_API/Gym_API/Models/CreateEventRequest.swift /Users/alexmontesino/Documents/GYM-API-IOS/Gym_API/Gym_API/Models/GymHours.swift /Users/alexmontesino/Documents/GYM-API-IOS/Gym_API/Gym_API/Views/Chat/OptimizedChatView.swift /Users/alexmontesino/Documents/GYM-API-IOS/Gym_API/Gym_API/Views/Survey/Admin/QuestionEditorView.swift /Users/alexmontesino/Documents/GYM-API-IOS/Gym_API/Gym_API/Models/AuthUser.swift /Users/alexmontesino/Documents/GYM-API-IOS/Gym_API/Gym_API/Views/ThemeSettingsView.swift /Users/alexmontesino/Documents/GYM-API-IOS/Gym_API/Gym_API/Services/SurveyService.swift /Users/alexmontesino/Documents/GYM-API-IOS/Gym_API/Gym_API/Views/Components/Classes/ClassComponents.swift /Users/alexmontesino/Documents/GYM-API-IOS/Gym_API/Gym_API/Services/MessageCacheManager.swift /Users/alexmontesino/Documents/GYM-API-IOS/Gym_API/Gym_API/Models/Survey.swift /Users/alexmontesino/Documents/GYM-API-IOS/Gym_API/Gym_API/Models/UserStats.swift /Users/alexmontesino/Documents/GYM-API-IOS/Gym_API/Gym_API/Views/Components/Survey/SurveyUIComponents.swift /Users/alexmontesino/Documents/GYM-API-IOS/Gym_API/Gym_API/Views/TrainersView.swift /Users/alexmontesino/Documents/GYM-API-IOS/Gym_API/Gym_API/Views/Components/Home/RecentActivitySection.swift /Users/alexmontesino/Documents/GYM-API-IOS/Gym_API/Gym_API/Views/Components/Home/RecentActivityCard.swift /Users/alexmontesino/Documents/GYM-API-IOS/Gym_API/Gym_API/Views/Onboarding/BenefitsCarouselView.swift /Users/alexmontesino/Documents/GYM-API-IOS/Gym_API/Gym_API/Services/ChatService.swift /Users/alexmontesino/Documents/GYM-API-IOS/Gym_API/Gym_API/Views/AuthenticatedView.swift /Users/alexmontesino/Documents/GYM-API-IOS/Gym_API/Gym_API/Gym_APIApp.swift /Users/alexmontesino/Documents/GYM-API-IOS/Gym_API/Gym_API/Services/UserStatsService.swift /Users/alexmontesino/Documents/GYM-API-IOS/Gym_API/Gym_API/Views/GymSelectionView.swift /Users/alexmontesino/Documents/GYM-API-IOS/Gym_API/Gym_API/Views/Chat/E2EInfoView.swift /Users/alexmontesino/Documents/GYM-API-IOS/Gym_API/Gym_API/Utils/AnimationThrottle.swift /Users/alexmontesino/Documents/GYM-API-IOS/Gym_API/Gym_API/Utils/AppNotifications.swift /Users/alexmontesino/Documents/GYM-API-IOS/Gym_API/Gym_API/Views/Components/Events/EventFilterSheet.swift /Users/alexmontesino/Documents/GYM-API-IOS/Gym_API/Gym_API/Services/DirectMessageService.swift /Users/alexmontesino/Documents/GYM-API-IOS/Gym_API/Gym_API/Config/ThemeManager.swift /Users/alexmontesino/Documents/GYM-API-IOS/Gym_API/Gym_API/Views/Components/ProgressDashboard.swift /Users/alexmontesino/Documents/GYM-API-IOS/Gym_API/Gym_API/Views/Survey/Admin/SurveyAdminCard.swift /Users/alexmontesino/Documents/GYM-API-IOS/Gym_API/Gym_API/Views/Chat/CoachRowView.swift /Users/alexmontesino/Documents/GYM-API-IOS/Gym_API/Gym_API/Views/Components/Classes/ClassCardViewRefactored.swift /Users/alexmontesino/Documents/GYM-API-IOS/Gym_API/Gym_API/Views/Components/Comeback/LastActivityCard.swift /Users/alexmontesino/Documents/GYM-API-IOS/Gym_API/Gym_API/Views/Components/SmartActionsSection.swift /Users/alexmontesino/Documents/GYM-API-IOS/Gym_API/Gym_API/Views/Components/MicroInteractions.swift /Users/alexmontesino/Documents/GYM-API-IOS/Gym_API/Gym_API/Views/Components/Profile/AnimatedProfileMetric.swift /Users/alexmontesino/Documents/GYM-API-IOS/Gym_API/Gym_API/Views/LoginViewDirect.swift /Users/alexmontesino/Documents/GYM-API-IOS/Gym_API/Gym_API/Models/ChatModels.swift /Users/alexmontesino/Documents/GYM-API-IOS/Gym_API/Gym_API/Services/UnifiedChatService.swift /Users/alexmontesino/Documents/GYM-API-IOS/Gym_API/Gym_API/Views/Components/SkeletonView.swift /Users/alexmontesino/Documents/GYM-API-IOS/Gym_API/Gym_API/Services/Encryption/E2EEncryptionService.swift /Users/alexmontesino/Documents/GYM-API-IOS/Gym_API/Gym_API/Services/NetworkRetryManager.swift /Users/alexmontesino/Documents/GYM-API-IOS/Gym_API/Gym_API/Views/Components/Comeback/ComebackView.swift /Users/alexmontesino/Documents/GYM-API-IOS/Gym_API/Gym_API/Utils/Logger.swift /Users/alexmontesino/Documents/GYM-API-IOS/Gym_API/Gym_API/Views/EventDetailView.swift /Users/alexmontesino/Documents/GYM-API-IOS/Gym_API/Gym_API/Views/GymScheduleView.swift /Users/alexmontesino/Documents/GYM-API-IOS/Gym_API/Gym_API/Views/Components/Profile/ProfileCompletionCelebration.swift /Users/alexmontesino/Documents/GYM-API-IOS/Gym_API/Gym_API/Models/Event.swift /Users/alexmontesino/Documents/GYM-API-IOS/Gym_API/Gym_API/Views/Components/ErrorStateView.swift /Users/alexmontesino/Documents/GYM-API-IOS/Gym_API/Gym_API/Views/Components/OptimizedList.swift /Users/alexmontesino/Documents/GYM-API-IOS/Gym_API/Gym_API/Views/Components/ConfettiView.swift /Users/alexmontesino/Documents/GYM-API-IOS/Gym_API/Gym_API/Services/GymUserService.swift /Users/alexmontesino/Documents/GYM-API-IOS/Gym_API/Gym_API/Services/HTTPClient.swift /Users/alexmontesino/Documents/GYM-API-IOS/Gym_API/Gym_API/Views/EditSessionView.swift /Users/alexmontesino/Documents/GYM-API-IOS/Gym_API/Gym_API/Views/Chat/MediaPickerView.swift /Users/alexmontesino/Documents/GYM-API-IOS/Gym_API/Gym_API/Views/Tabs/EventsViewOptimized.swift /Users/alexmontesino/Documents/GYM-API-IOS/Gym_API/Gym_API/Views/Tabs/HomeView.swift /Users/alexmontesino/Documents/GYM-API-IOS/Gym_API/Gym_API/Views/Components/Profile/ProfileStatsSkeleton.swift /Users/alexmontesino/Documents/GYM-API-IOS/Gym_API/Gym_API/Views/EditEventView.swift /Users/alexmontesino/Documents/GYM-API-IOS/Gym_API/Gym_API/Views/EditProfileSheet.swift /Users/alexmontesino/Documents/GYM-API-IOS/Gym_API/Gym_API/Services/LocationService.swift /Users/alexmontesino/Library/Developer/Xcode/DerivedData/Gym_API-gttvbppsiybwtpahvrbhortrptkr/Build/Intermediates.noindex/Gym_API.build/Debug-iphonesimulator/Gym_API.build/DerivedSources/GeneratedAssetSymbols.swift -target arm64-apple-ios17.0-simulator -Xllvm -aarch64-use-tbi -enable-objc-interop -sdk /Applications/Xcode.app/Contents/Developer/Platforms/iPhoneSimulator.platform/Developer/SDKs/iPhoneSimulator18.5.sdk -I /Users/alexmontesino/Library/Developer/Xcode/DerivedData/Gym_API-gttvbppsiybwtpahvrbhortrptkr/Build/Products/Debug-iphonesimulator -F /Users/alexmontesino/Library/Developer/Xcode/DerivedData/Gym_API-gttvbppsiybwtpahvrbhortrptkr/Build/Products/Debug-iphonesimulator/PackageFrameworks -F /Users/alexmontesino/Library/Developer/Xcode/DerivedData/Gym_API-gttvbppsiybwtpahvrbhortrptkr/Build/Products/Debug-iphonesimulator/PackageFrameworks -F /Users/alexmontesino/Library/Developer/Xcode/DerivedData/Gym_API-gttvbppsiybwtpahvrbhortrptkr/Build/Products/Debug-iphonesimulator/PackageFrameworks -F /Users/alexmontesino/Library/Developer/Xcode/DerivedData/Gym_API-gttvbppsiybwtpahvrbhortrptkr/Build/Products/Debug-iphonesimulator/PackageFrameworks -F /Users/alexmontesino/Library/Developer/Xcode/DerivedData/Gym_API-gttvbppsiybwtpahvrbhortrptkr/Build/Products/Debug-iphonesimulator/PackageFrameworks -F /Users/alexmontesino/Library/Developer/Xcode/DerivedData/Gym_API-gttvbppsiybwtpahvrbhortrptkr/Build/Products/Debug-iphonesimulator/PackageFrameworks -F /Users/alexmontesino/Library/Developer/Xcode/DerivedData/Gym_API-gttvbppsiybwtpahvrbhortrptkr/Build/Products/Debug-iphonesimulator -no-color-diagnostics -enable-testing -g -debug-info-format\=dwarf -dwarf-version\=4 -module-cache-path /Users/alexmontesino/Library/Developer/Xcode/DerivedData/ModuleCache.noindex -profile-generate -profile-coverage-mapping -swift-version 5 -enforce-exclusivity\=checked -Onone -D DEBUG -serialize-debugging-options -const-gather-protocols-file /Users/alexmontesino/Library/Developer/Xcode/DerivedData/Gym_API-gttvbppsiybwtpahvrbhortrptkr/Build/Intermediates.noindex/Gym_API.build/Debug-iphonesimulator/Gym_API.build/Objects-normal/arm64/Gym_API_const_extract_protocols.json -enable-experimental-feature DebugDescriptionMacro -enable-bare-slash-regex -empty-abi-descriptor -validate-clang-modules-once -clang-build-session-file /Users/alexmontesino/Library/Developer/Xcode/DerivedData/ModuleCache.noindex/Session.modulevalidation -Xcc -working-directory -Xcc /Users/alexmontesino/Documents/GYM-API-IOS/Gym_API -resource-dir /Applications/Xcode.app/Contents/Developer/Toolchains/XcodeDefault.xctoolchain/usr/lib/swift -enable-anonymous-context-mangled-names -file-compilation-dir /Users/alexmontesino/Documents/GYM-API-IOS/Gym_API -Xcc -fmodule-map-file\=/Users/alexmontesino/Library/Developer/Xcode/DerivedData/Gym_API-gttvbppsiybwtpahvrbhortrptkr/Build/Intermediates.noindex/GeneratedModuleMaps-iphonesimulator/OneSignalFrameworkWrapper.modulemap -Xcc -ivfsstatcache -Xcc /Users/alexmontesino/Library/Developer/Xcode/DerivedData/SDKStatCaches.noindex/iphonesimulator18.5-22F76-d5fc8ad4295d2ef488fb7d0f804ce0c4.sdkstatcache -Xcc -I/Users/alexmontesino/Library/Developer/Xcode/DerivedData/Gym_API-gttvbppsiybwtpahvrbhortrptkr/Build/Intermediates.noindex/Gym_API.build/Debug-iphonesimulator/Gym_API.build/swift-overrides.hmap -Xcc -iquote -Xcc /Users/alexmontesino/Library/Developer/Xcode/DerivedData/Gym_API-gttvbppsiybwtpahvrbhortrptkr/Build/Intermediates.noindex/Gym_API.build/Debug-iphonesimulator/Gym_API.build/Gym_API-generated-files.hmap -Xcc -I/Users/alexmontesino/Library/Developer/Xcode/DerivedData/Gym_API-gttvbppsiybwtpahvrbhortrptkr/Build/Intermediates.noindex/Gym_API.build/Debug-iphonesimulator/Gym_API.build/Gym_API-own-target-headers.hmap -Xcc -I/Users/alexmontesino/Library/Developer/Xcode/DerivedData/Gym_API-gttvbppsiybwtpahvrbhortrptkr/Build/Intermediates.noindex/Gym_API.build/Debug-iphonesimulator/Gym_API.build/Gym_API-all-non-framework-target-headers.hmap -Xcc -ivfsoverlay -Xcc /Users/alexmontesino/Library/Developer/Xcode/DerivedData/Gym_API-gttvbppsiybwtpahvrbhortrptkr/Build/Intermediates.noindex/Gym_API.build/Debug-iphonesimulator/Gym_API-53347c6b55c8bacecf41c7425e043650-VFS-iphonesimulator/all-product-headers.yaml -Xcc -iquote -Xcc /Users/alexmontesino/Library/Developer/Xcode/DerivedData/Gym_API-gttvbppsiybwtpahvrbhortrptkr/Build/Intermediates.noindex/Gym_API.build/Debug-iphonesimulator/Gym_API.build/Gym_API-project-headers.hmap -Xcc -I/Users/alexmontesino/Library/Developer/Xcode/DerivedData/Gym_API-gttvbppsiybwtpahvrbhortrptkr/SourcePackages/checkouts/OneSignal-iOS-SDK/OneSignalFrameworkWrapper/include -Xcc -I/Users/alexmontesino/Library/Developer/Xcode/DerivedData/Gym_API-gttvbppsiybwtpahvrbhortrptkr/Build/Products/Debug-iphonesimulator/include -Xcc -I/Users/alexmontesino/Library/Developer/Xcode/DerivedData/Gym_API-gttvbppsiybwtpahvrbhortrptkr/Build/Intermediates.noindex/Gym_API.build/Debug-iphonesimulator/Gym_API.build/DerivedSources-normal/arm64 -Xcc -I/Users/alexmontesino/Library/Developer/Xcode/DerivedData/Gym_API-gttvbppsiybwtpahvrbhortrptkr/Build/Intermediates.noindex/Gym_API.build/Debug-iphonesimulator/Gym_API.build/DerivedSources/arm64 -Xcc -I/Users/alexmontesino/Library/Developer/Xcode/DerivedData/Gym_API-gttvbppsiybwtpahvrbhortrptkr/Build/Intermediates.noindex/Gym_API.build/Debug-iphonesimulator/Gym_API.build/DerivedSources -Xcc -DDEBUG\=1 -module-name Gym_API -frontend-parseable-output -disable-clang-spi -target-sdk-version 18.5 -target-sdk-name iphonesimulator18.5 -external-plugin-path /Applications/Xcode.app/Contents/Developer/Platforms/iPhoneOS.platform/Developer/usr/lib/swift/host/plugins\#/Applications/Xcode.app/Contents/Developer/Platforms/iPhoneOS.platform/Developer/usr/bin/swift-plugin-server -external-plugin-path /Applications/Xcode.app/Contents/Developer/Platforms/iPhoneOS.platform/Developer/usr/local/lib/swift/host/plugins\#/Applications/Xcode.app/Contents/Developer/Platforms/iPhoneOS.platform/Developer/usr/bin/swift-plugin-server -in-process-plugin-server-path /Applications/Xcode.app/Contents/Developer/Toolchains/XcodeDefault.xctoolchain/usr/lib/swift/host/libSwiftInProcPluginServer.dylib -plugin-path /Applications/Xcode.app/Contents/Developer/Toolchains/XcodeDefault.xctoolchain/usr/lib/swift/host/plugins -plugin-path /Applications/Xcode.app/Contents/Developer/Toolchains/XcodeDefault.xctoolchain/usr/local/lib/swift/host/plugins -emit-module-doc-path /Users/alexmontesino/Library/Developer/Xcode/DerivedData/Gym_API-gttvbppsiybwtpahvrbhortrptkr/Build/Intermediates.noindex/Gym_API.build/Debug-iphonesimulator/Gym_API.build/Objects-normal/arm64/Gym_API.swiftdoc -emit-module-source-info-path /Users/alexmontesino/Library/Developer/Xcode/DerivedData/Gym_API-gttvbppsiybwtpahvrbhortrptkr/Build/Intermediates.noindex/Gym_API.build/Debug-iphonesimulator/Gym_API.build/Objects-normal/arm64/Gym_API.swiftsourceinfo -emit-objc-header-path /Users/alexmontesino/Library/Developer/Xcode/DerivedData/Gym_API-gttvbppsiybwtpahvrbhortrptkr/Build/Intermediates.noindex/Gym_API.build/Debug-iphonesimulator/Gym_API.build/Objects-normal/arm64/Gym_API-Swift.h -serialize-diagnostics-path /Users/alexmontesino/Library/Developer/Xcode/DerivedData/Gym_API-gttvbppsiybwtpahvrbhortrptkr/Build/Intermediates.noindex/Gym_API.build/Debug-iphonesimulator/Gym_API.build/Objects-normal/arm64/Gym_API-master-emit-module.dia -emit-dependencies-path /Users/alexmontesino/Library/Developer/Xcode/DerivedData/Gym_API-gttvbppsiybwtpahvrbhortrptkr/Build/Intermediates.noindex/Gym_API.build/Debug-iphonesimulator/Gym_API.build/Objects-normal/arm64/Gym_API-master-emit-module.d -o /Users/alexmontesino/Library/Developer/Xcode/DerivedData/Gym_API-gttvbppsiybwtpahvrbhortrptkr/Build/Intermediates.noindex/Gym_API.build/Debug-iphonesimulator/Gym_API.build/Objects-normal/arm64/Gym_API.swiftmodule -emit-abi-descriptor-path /Users/alexmontesino/Library/Developer/Xcode/DerivedData/Gym_API-gttvbppsiybwtpahvrbhortrptkr/Build/Intermediates.noindex/Gym_API.build/Debug-iphonesimulator/Gym_API.build/Objects-normal/arm64/Gym_API.abi.json

EmitSwiftModule normal arm64 (in target 'Gym_API' from project 'Gym_API')
    cd /Users/alexmontesino/Documents/GYM-API-IOS/Gym_API
    
/Users/alexmontesino/Documents/GYM-API-IOS/Gym_API/Gym_API/Components/FloatingActionButton.swift:11:8: error: invalid redeclaration of 'FloatingActionButton'
struct FloatingActionButton: View {
       ^
/Users/alexmontesino/Documents/GYM-API-IOS/Gym_API/Gym_API/Utils/DesignSystem.swift:470:8: note: 'FloatingActionButton' previously declared here
struct FloatingActionButton: View {
       ^
/Users/alexmontesino/Documents/GYM-API-IOS/Gym_API/Gym_API/Utils/DesignSystem.swift:470:8: note: 'FloatingActionButton' previously declared here
struct FloatingActionButton: View {
       ^
/Users/alexmontesino/Documents/GYM-API-IOS/Gym_API/Gym_API/Components/FloatingActionButton.swift:311:31: error: extra argument 'themeManager' in call
                themeManager: ThemeManager(),
~~~~~~~~~~~~~~~~~~~~~~~~~~~~~~^~~~~~~~~~~~~~~
/Users/alexmontesino/Documents/GYM-API-IOS/Gym_API/Gym_API/Services/NotificationManager.swift:421:51: warning: main actor-isolated static property 'shared' can not be referenced from a nonisolated context; this is an error in the Swift 6 language mode
    static let defaultValue = NotificationManager.shared
                                                  ^
/Users/alexmontesino/Documents/GYM-API-IOS/Gym_API/Gym_API/Services/NotificationManager.swift:21:16: note: static property declared here
    static let shared = NotificationManager()
               ^
/Users/alexmontesino/Documents/GYM-API-IOS/Gym_API/Gym_API/Views/Components/Classes/ClassActionState.swift:11:6: error: invalid redeclaration of 'ClassActionState'
enum ClassActionState: Equatable {
     ^
/Users/alexmontesino/Documents/GYM-API-IOS/Gym_API/Gym_API/Views/Components/Home/ClassCardView.swift:6:6: note: 'ClassActionState' previously declared here
enum ClassActionState: Equatable {
     ^
/Users/alexmontesino/Documents/GYM-API-IOS/Gym_API/Gym_API/Views/Components/Home/ClassCardView.swift:6:6: note: 'ClassActionState' previously declared here
enum ClassActionState: Equatable {
     ^
/Users/alexmontesino/Documents/GYM-API-IOS/Gym_API/Gym_API/Services/ServiceContainer.swift:222:27: warning: main actor-isolated static property 'defaultValue' cannot be used to satisfy nonisolated requirement from protocol 'EnvironmentKey'; this is an error in the Swift 6 language mode
    @MainActor static let defaultValue = ServiceContainer.shared
                          ^
/Users/alexmontesino/Documents/GYM-API-IOS/Gym_API/Gym_API/Services/ServiceContainer.swift:221:40: note: add '@preconcurrency' to the 'EnvironmentKey' conformance to defer isolation checking to run time
struct ServiceContainerEnvironmentKey: EnvironmentKey {
                                       ^
                                       @preconcurrency 
/Users/alexmontesino/Documents/GYM-API-IOS/Gym_API/Gym_API/Services/ClassService.swift:59:50: warning: main actor-isolated static property 'shared' can not be referenced from a nonisolated context; this is an error in the Swift 6 language mode
    private let userCache = UserDataCacheService.shared
                                                 ^
/Users/alexmontesino/Documents/GYM-API-IOS/Gym_API/Gym_API/Services/UserDataCacheService.swift:19:16: note: static property declared here
    static let shared = UserDataCacheService()
               ^
/Users/alexmontesino/Documents/GYM-API-IOS/Gym_API/Gym_API/Utils/DesignSystem.swift:69:58: error: type 'ThemeManager' has no member 'shared'
    @StateObject private var themeManager = ThemeManager.shared
                                            ~~~~~~~~~~~~ ^~~~~~
/Users/alexmontesino/Documents/GYM-API-IOS/Gym_API/Gym_API/Utils/DesignSystem.swift:89:58: error: type 'ThemeManager' has no member 'shared'
    @StateObject private var themeManager = ThemeManager.shared
                                            ~~~~~~~~~~~~ ^~~~~~
/Users/alexmontesino/Documents/GYM-API-IOS/Gym_API/Gym_API/Utils/DesignSystem.swift:117:58: error: type 'ThemeManager' has no member 'shared'
    @StateObject private var themeManager = ThemeManager.shared
                                            ~~~~~~~~~~~~ ^~~~~~
/Users/alexmontesino/Documents/GYM-API-IOS/Gym_API/Gym_API/Utils/DesignSystem.swift:139:58: error: type 'ThemeManager' has no member 'shared'
    @StateObject private var themeManager = ThemeManager.shared
                                            ~~~~~~~~~~~~ ^~~~~~
/Users/alexmontesino/Documents/GYM-API-IOS/Gym_API/Gym_API/Utils/DesignSystem.swift:168:58: error: type 'ThemeManager' has no member 'shared'
    @StateObject private var themeManager = ThemeManager.shared
                                            ~~~~~~~~~~~~ ^~~~~~
/Users/alexmontesino/Documents/GYM-API-IOS/Gym_API/Gym_API/Utils/DesignSystem.swift:195:58: error: type 'ThemeManager' has no member 'shared'
    @StateObject private var themeManager = ThemeManager.shared
                                            ~~~~~~~~~~~~ ^~~~~~
/Users/alexmontesino/Documents/GYM-API-IOS/Gym_API/Gym_API/Utils/DesignSystem.swift:219:58: error: type 'ThemeManager' has no member 'shared'
    @StateObject private var themeManager = ThemeManager.shared
                                            ~~~~~~~~~~~~ ^~~~~~
/Users/alexmontesino/Documents/GYM-API-IOS/Gym_API/Gym_API/Utils/DesignSystem.swift:218:8: error: invalid redeclaration of 'CustomTextFieldStyle'
struct CustomTextFieldStyle: TextFieldStyle {
       ^
/Users/alexmontesino/Documents/GYM-API-IOS/Gym_API/Gym_API/Views/CreateEventView.swift:466:8: note: 'CustomTextFieldStyle' previously declared here
struct CustomTextFieldStyle: TextFieldStyle {
       ^
/Users/alexmontesino/Documents/GYM-API-IOS/Gym_API/Gym_API/Views/CreateEventView.swift:466:8: note: 'CustomTextFieldStyle' previously declared here
struct CustomTextFieldStyle: TextFieldStyle {
       ^
/Users/alexmontesino/Documents/GYM-API-IOS/Gym_API/Gym_API/Utils/DesignSystem.swift:236:58: error: type 'ThemeManager' has no member 'shared'
    @StateObject private var themeManager = ThemeManager.shared
                                            ~~~~~~~~~~~~ ^~~~~~
/Users/alexmontesino/Documents/GYM-API-IOS/Gym_API/Gym_API/Utils/DesignSystem.swift:297:58: error: type 'ThemeManager' has no member 'shared'
    @StateObject private var themeManager = ThemeManager.shared
                                            ~~~~~~~~~~~~ ^~~~~~
/Users/alexmontesino/Documents/GYM-API-IOS/Gym_API/Gym_API/Utils/DesignSystem.swift:318:58: error: type 'ThemeManager' has no member 'shared'
    @StateObject private var themeManager = ThemeManager.shared
                                            ~~~~~~~~~~~~ ^~~~~~
/Users/alexmontesino/Documents/GYM-API-IOS/Gym_API/Gym_API/Utils/DesignSystem.swift:339:58: error: type 'ThemeManager' has no member 'shared'
    @StateObject private var themeManager = ThemeManager.shared
                                            ~~~~~~~~~~~~ ^~~~~~
/Users/alexmontesino/Documents/GYM-API-IOS/Gym_API/Gym_API/Utils/DesignSystem.swift:338:8: error: invalid redeclaration of 'EmptyStateView'
struct EmptyStateView: View {
       ^
/Users/alexmontesino/Documents/GYM-API-IOS/Gym_API/Gym_API/Views/Survey/SurveyListView.swift:255:8: note: 'EmptyStateView' previously declared here
struct EmptyStateView: View {
       ^
/Users/alexmontesino/Documents/GYM-API-IOS/Gym_API/Gym_API/Views/Survey/SurveyListView.swift:255:8: note: 'EmptyStateView' previously declared here
struct EmptyStateView: View {
       ^
/Users/alexmontesino/Documents/GYM-API-IOS/Gym_API/Gym_API/Utils/DesignSystem.swift:378:58: error: type 'ThemeManager' has no member 'shared'
    @StateObject private var themeManager = ThemeManager.shared
                                            ~~~~~~~~~~~~ ^~~~~~
/Users/alexmontesino/Documents/GYM-API-IOS/Gym_API/Gym_API/Utils/DesignSystem.swift:377:8: error: invalid redeclaration of 'SectionHeaderView'
struct SectionHeaderView: View {
       ^
/Users/alexmontesino/Documents/GYM-API-IOS/Gym_API/Gym_API/Views/Components/SectionHeaderView.swift:3:8: note: 'SectionHeaderView' previously declared here
struct SectionHeaderView: View {
       ^
/Users/alexmontesino/Documents/GYM-API-IOS/Gym_API/Gym_API/Views/Components/SectionHeaderView.swift:3:8: note: 'SectionHeaderView' previously declared here
struct SectionHeaderView: View {
       ^
/Users/alexmontesino/Documents/GYM-API-IOS/Gym_API/Gym_API/Utils/DesignSystem.swift:411:58: error: type 'ThemeManager' has no member 'shared'
    @StateObject private var themeManager = ThemeManager.shared
                                            ~~~~~~~~~~~~ ^~~~~~
/Users/alexmontesino/Documents/GYM-API-IOS/Gym_API/Gym_API/Utils/DesignSystem.swift:446:58: error: type 'ThemeManager' has no member 'shared'
    @StateObject private var themeManager = ThemeManager.shared
                                            ~~~~~~~~~~~~ ^~~~~~
/Users/alexmontesino/Documents/GYM-API-IOS/Gym_API/Gym_API/Utils/DesignSystem.swift:471:58: error: type 'ThemeManager' has no member 'shared'
    @StateObject private var themeManager = ThemeManager.shared
                                            ~~~~~~~~~~~~ ^~~~~~
/Users/alexmontesino/Documents/GYM-API-IOS/Gym_API/Gym_API/Utils/DesignSystem.swift:497:58: error: type 'ThemeManager' has no member 'shared'
    @StateObject private var themeManager = ThemeManager.shared
                                            ~~~~~~~~~~~~ ^~~~~~
/Users/alexmontesino/Documents/GYM-API-IOS/Gym_API/Gym_API/Utils/DesignSystem.swift:530:58: error: type 'ThemeManager' has no member 'shared'
    @StateObject private var themeManager = ThemeManager.shared
                                            ~~~~~~~~~~~~ ^~~~~~
/Users/alexmontesino/Documents/GYM-API-IOS/Gym_API/Gym_API/Views/Components/Home/ClassCardView.swift:101:8: error: invalid redeclaration of 'StatsPill'
struct StatsPill: View {
       ^
/Users/alexmontesino/Documents/GYM-API-IOS/Gym_API/Gym_API/Views/Components/Classes/ClassComponents.swift:11:8: note: 'StatsPill' previously declared here
struct StatsPill: View {
       ^
/Users/alexmontesino/Documents/GYM-API-IOS/Gym_API/Gym_API/Views/Components/Classes/ClassComponents.swift:11:8: note: 'StatsPill' previously declared here
struct StatsPill: View {
       ^
/Users/alexmontesino/Documents/GYM-API-IOS/Gym_API/Gym_API/Views/Components/Home/ClassCardView.swift:138:8: error: invalid redeclaration of 'LiveIndicator'
struct LiveIndicator: View {
       ^
/Users/alexmontesino/Documents/GYM-API-IOS/Gym_API/Gym_API/Views/Components/Classes/ClassComponents.swift:40:8: note: 'LiveIndicator' previously declared here
struct LiveIndicator: View {
       ^
/Users/alexmontesino/Documents/GYM-API-IOS/Gym_API/Gym_API/Views/Components/Classes/ClassComponents.swift:40:8: note: 'LiveIndicator' previously declared here
struct LiveIndicator: View {
       ^
/Users/alexmontesino/Documents/GYM-API-IOS/Gym_API/Gym_API/Views/Components/Home/ClassCardView.swift:162:8: error: invalid redeclaration of 'ClassTypeIcon'
struct ClassTypeIcon: View {
       ^
/Users/alexmontesino/Documents/GYM-API-IOS/Gym_API/Gym_API/Views/Components/Classes/ClassComponents.swift:64:8: note: 'ClassTypeIcon' previously declared here
struct ClassTypeIcon: View {
       ^
/Users/alexmontesino/Documents/GYM-API-IOS/Gym_API/Gym_API/Views/Components/Classes/ClassComponents.swift:64:8: note: 'ClassTypeIcon' previously declared here
struct ClassTypeIcon: View {
       ^
/Users/alexmontesino/Documents/GYM-API-IOS/Gym_API/Gym_API/Views/Components/Home/ClassCardView.swift:201:23: error: 'ClassActionState' is ambiguous for type lookup in this context
    let currentState: ClassActionState
                      ^~~~~~~~~~~~~~~~
/Users/alexmontesino/Documents/GYM-API-IOS/Gym_API/Gym_API/Views/Components/Classes/ClassActionState.swift:11:6: note: found this candidate
enum ClassActionState: Equatable {
     ^
/Users/alexmontesino/Documents/GYM-API-IOS/Gym_API/Gym_API/Views/Components/Home/ClassCardView.swift:6:6: note: found this candidate
enum ClassActionState: Equatable {
     ^
/Users/alexmontesino/Documents/GYM-API-IOS/Gym_API/Gym_API/Views/Components/Home/ClassCardView.swift:504:23: error: 'ClassActionState' is ambiguous for type lookup in this context
    let currentState: ClassActionState
                      ^~~~~~~~~~~~~~~~
/Users/alexmontesino/Documents/GYM-API-IOS/Gym_API/Gym_API/Views/Components/Classes/ClassActionState.swift:11:6: note: found this candidate
enum ClassActionState: Equatable {
     ^
/Users/alexmontesino/Documents/GYM-API-IOS/Gym_API/Gym_API/Views/Components/Home/ClassCardView.swift:6:6: note: found this candidate
enum ClassActionState: Equatable {
     ^
/Users/alexmontesino/Documents/GYM-API-IOS/Gym_API/Gym_API/Views/Components/Home/ClassCardView.swift:522:23: error: 'ClassActionState' is ambiguous for type lookup in this context
    let currentState: ClassActionState
                      ^~~~~~~~~~~~~~~~
/Users/alexmontesino/Documents/GYM-API-IOS/Gym_API/Gym_API/Views/Components/Classes/ClassActionState.swift:11:6: note: found this candidate
enum ClassActionState: Equatable {
     ^
/Users/alexmontesino/Documents/GYM-API-IOS/Gym_API/Gym_API/Views/Components/Home/ClassCardView.swift:6:6: note: found this candidate
enum ClassActionState: Equatable {
     ^
/Users/alexmontesino/Documents/GYM-API-IOS/Gym_API/Gym_API/Views/Components/Home/ClassCardView.swift:542:48: error: 'ClassActionState' is ambiguous for type lookup in this context
    private func handleStateChange(_ newState: ClassActionState) {
                                               ^~~~~~~~~~~~~~~~
/Users/alexmontesino/Documents/GYM-API-IOS/Gym_API/Gym_API/Views/Components/Classes/ClassActionState.swift:11:6: note: found this candidate
enum ClassActionState: Equatable {
     ^
/Users/alexmontesino/Documents/GYM-API-IOS/Gym_API/Gym_API/Views/Components/Home/ClassCardView.swift:6:6: note: found this candidate
enum ClassActionState: Equatable {
     ^
/Users/alexmontesino/Documents/GYM-API-IOS/Gym_API/Gym_API/Views/Components/Home/ClassCardView.swift:941:43: error: 'ClassActionState' is ambiguous for type lookup in this context
    @State private var cachedActionState: ClassActionState = .available
                                          ^~~~~~~~~~~~~~~~
/Users/alexmontesino/Documents/GYM-API-IOS/Gym_API/Gym_API/Views/Components/Classes/ClassActionState.swift:11:6: note: found this candidate
enum ClassActionState: Equatable {
     ^
/Users/alexmontesino/Documents/GYM-API-IOS/Gym_API/Gym_API/Views/Components/Home/ClassCardView.swift:6:6: note: found this candidate
enum ClassActionState: Equatable {
     ^
/Users/alexmontesino/Documents/GYM-API-IOS/Gym_API/Gym_API/Views/Components/Home/ClassCardView.swift:1608:37: error: 'ClassActionState' is ambiguous for type lookup in this context
    private var currentActionState: ClassActionState {
                                    ^~~~~~~~~~~~~~~~
/Users/alexmontesino/Documents/GYM-API-IOS/Gym_API/Gym_API/Views/Components/Classes/ClassActionState.swift:11:6: note: found this candidate
enum ClassActionState: Equatable {
     ^
/Users/alexmontesino/Documents/GYM-API-IOS/Gym_API/Gym_API/Views/Components/Home/ClassCardView.swift:6:6: note: found this candidate
enum ClassActionState: Equatable {
     ^
/Users/alexmontesino/Documents/GYM-API-IOS/Gym_API/Gym_API/Views/Components/Home/ClassCardView.swift:1627:44: error: 'ClassActionState' is ambiguous for type lookup in this context
    private func calculateActionState() -> ClassActionState {
                                           ^~~~~~~~~~~~~~~~
/Users/alexmontesino/Documents/GYM-API-IOS/Gym_API/Gym_API/Views/Components/Classes/ClassActionState.swift:11:6: note: found this candidate
enum ClassActionState: Equatable {
     ^
/Users/alexmontesino/Documents/GYM-API-IOS/Gym_API/Gym_API/Views/Components/Home/ClassCardView.swift:6:6: note: found this candidate
enum ClassActionState: Equatable {
     ^
/Users/alexmontesino/Documents/GYM-API-IOS/Gym_API/Gym_API/Views/Components/Home/ImprovedClassActionButton.swift:4:11: error: 'ClassActionState' is ambiguous for type lookup in this context
extension ClassActionState {
          ^~~~~~~~~~~~~~~~
/Users/alexmontesino/Documents/GYM-API-IOS/Gym_API/Gym_API/Views/Components/Classes/ClassActionState.swift:11:6: note: found this candidate
enum ClassActionState: Equatable {
     ^
/Users/alexmontesino/Documents/GYM-API-IOS/Gym_API/Gym_API/Views/Components/Home/ClassCardView.swift:6:6: note: found this candidate
enum ClassActionState: Equatable {
     ^
/Users/alexmontesino/Documents/GYM-API-IOS/Gym_API/Gym_API/Utils/LazyLoadingHelpers.swift:124:8: error: invalid redeclaration of 'OptimizedList'
struct OptimizedList<Content: View>: View {
       ^
/Users/alexmontesino/Documents/GYM-API-IOS/Gym_API/Gym_API/Views/Components/OptimizedList.swift:12:8: note: 'OptimizedList' previously declared here
struct OptimizedList<Item: Identifiable, Content: View>: View {
       ^
/Users/alexmontesino/Documents/GYM-API-IOS/Gym_API/Gym_API/Views/Components/OptimizedList.swift:12:8: note: 'OptimizedList' previously declared here
struct OptimizedList<Item: Identifiable, Content: View>: View {
       ^
/Users/alexmontesino/Documents/GYM-API-IOS/Gym_API/Gym_API/Utils/LazyLoadingHelpers.swift:192:8: error: invalid redeclaration of 'PaginatedList'
struct PaginatedList<Item: Identifiable, Content: View>: View {
       ^
/Users/alexmontesino/Documents/GYM-API-IOS/Gym_API/Gym_API/Views/Components/OptimizedList.swift:131:8: note: 'PaginatedList' previously declared here
struct PaginatedList<Item: Identifiable, Content: View>: View {
       ^
/Users/alexmontesino/Documents/GYM-API-IOS/Gym_API/Gym_API/Views/Components/OptimizedList.swift:131:8: note: 'PaginatedList' previously declared here
struct PaginatedList<Item: Identifiable, Content: View>: View {
       ^
/Users/alexmontesino/Documents/GYM-API-IOS/Gym_API/Gym_API/Views/Components/Classes/ClassComponents.swift:41:58: error: type 'ThemeManager' has no member 'shared'
    @StateObject private var themeManager = ThemeManager.shared
                                            ~~~~~~~~~~~~ ^~~~~~
/Users/alexmontesino/Documents/GYM-API-IOS/Gym_API/Gym_API/Views/Components/Classes/ClassComponents.swift:66:58: error: type 'ThemeManager' has no member 'shared'
    @StateObject private var themeManager = ThemeManager.shared
                                            ~~~~~~~~~~~~ ^~~~~~
/Users/alexmontesino/Documents/GYM-API-IOS/Gym_API/Gym_API/Views/Components/Classes/ClassComponents.swift:105:58: error: type 'ThemeManager' has no member 'shared'
    @StateObject private var themeManager = ThemeManager.shared
                                            ~~~~~~~~~~~~ ^~~~~~
/Users/alexmontesino/Documents/GYM-API-IOS/Gym_API/Gym_API/Views/Components/Classes/ClassComponents.swift:149:58: error: type 'ThemeManager' has no member 'shared'
    @StateObject private var themeManager = ThemeManager.shared
                                            ~~~~~~~~~~~~ ^~~~~~
/Users/alexmontesino/Documents/GYM-API-IOS/Gym_API/Gym_API/Views/Components/Classes/ClassComponents.swift:175:58: error: type 'ThemeManager' has no member 'shared'
    @StateObject private var themeManager = ThemeManager.shared
                                            ~~~~~~~~~~~~ ^~~~~~
/Users/alexmontesino/Documents/GYM-API-IOS/Gym_API/Gym_API/Views/Components/Classes/ClassComponents.swift:216:58: error: type 'ThemeManager' has no member 'shared'
    @StateObject private var themeManager = ThemeManager.shared
                                            ~~~~~~~~~~~~ ^~~~~~
/Users/alexmontesino/Documents/GYM-API-IOS/Gym_API/Gym_API/Views/Components/Classes/ClassComponents.swift:250:58: error: type 'ThemeManager' has no member 'shared'
    @StateObject private var themeManager = ThemeManager.shared
                                            ~~~~~~~~~~~~ ^~~~~~
/Users/alexmontesino/Documents/GYM-API-IOS/Gym_API/Gym_API/Views/Components/Classes/ClassComponents.swift:247:16: error: 'ClassActionState' is ambiguous for type lookup in this context
    let state: ClassActionState
               ^~~~~~~~~~~~~~~~
/Users/alexmontesino/Documents/GYM-API-IOS/Gym_API/Gym_API/Views/Components/Classes/ClassActionState.swift:11:6: note: found this candidate
enum ClassActionState: Equatable {
     ^
/Users/alexmontesino/Documents/GYM-API-IOS/Gym_API/Gym_API/Views/Components/Home/ClassCardView.swift:6:6: note: found this candidate
enum ClassActionState: Equatable {
     ^
/Users/alexmontesino/Documents/GYM-API-IOS/Gym_API/Gym_API/Views/Components/Classes/ClassComponents.swift:291:58: error: type 'ThemeManager' has no member 'shared'
    @StateObject private var themeManager = ThemeManager.shared
                                            ~~~~~~~~~~~~ ^~~~~~
/Users/alexmontesino/Documents/GYM-API-IOS/Gym_API/Gym_API/Views/Components/Classes/ClassCardViewRefactored.swift:26:44: error: 'ClassActionState' is ambiguous for type lookup in this context
    @State private var currentActionState: ClassActionState = .available
                                           ^~~~~~~~~~~~~~~~
/Users/alexmontesino/Documents/GYM-API-IOS/Gym_API/Gym_API/Views/Components/Classes/ClassActionState.swift:11:6: note: found this candidate
enum ClassActionState: Equatable {
     ^
/Users/alexmontesino/Documents/GYM-API-IOS/Gym_API/Gym_API/Views/Components/Home/ClassCardView.swift:6:6: note: found this candidate
enum ClassActionState: Equatable {
     ^
/Users/alexmontesino/Documents/GYM-API-IOS/Gym_API/Gym_API/Views/Components/OptimizedList.swift:24:58: error: type 'ThemeManager' has no member 'shared'
    @StateObject private var themeManager = ThemeManager.shared
                                            ~~~~~~~~~~~~ ^~~~~~
/Users/alexmontesino/Documents/GYM-API-IOS/Gym_API/Gym_API/Views/Components/OptimizedList.swift:141:58: error: type 'ThemeManager' has no member 'shared'
    @StateObject private var themeManager = ThemeManager.shared
                                            ~~~~~~~~~~~~ ^~~~~~
/Users/alexmontesino/Documents/GYM-API-IOS/Gym_API/Gym_API/Views/Components/OptimizedList.swift:258:58: error: type 'ThemeManager' has no member 'shared'
    @StateObject private var themeManager = ThemeManager.shared
                                            ~~~~~~~~~~~~ ^~~~~~
/Users/alexmontesino/Documents/GYM-API-IOS/Gym_API/Gym_API/Views/Components/OptimizedList.swift:338:58: error: type 'ThemeManager' has no member 'shared'
    @StateObject private var themeManager = ThemeManager.shared
                                            ~~~~~~~~~~~~ ^~~~~~

SwiftDriverJobDiscovery normal arm64 Compiling ClaimValidators.swift, ClearSessionTransaction.swift, Credentials.swift, CredentialsManager.swift, CredentialsManagerError.swift, CredentialsStorage.swift, DesktopWebAuth.swift, Helpers.swift (in target 'Auth0' from project 'Auth0')

SwiftCompile normal arm64 Compiling\ AuthServiceDirect.swift,\ MainTabView.swift,\ ModernProfileView.swift,\ SplashView.swift,\ UserTypeSelectionView.swift,\ RolePermissions.swift,\ ProfileImageService.swift,\ ScheduledActivityService.swift,\ ServiceContainer.swift,\ CacheManager.swift,\ StreakIndicator.swift,\ ProfileAvatar.swift,\ ClassService.swift,\ NextClassCard.swift,\ Environment.swift,\ GymInfo.swift,\ PreloadService.swift,\ DesignSystem.swift /Users/alexmontesino/Documents/GYM-API-IOS/Gym_API/Gym_API/Services/AuthServiceDirect.swift /Users/alexmontesino/Documents/GYM-API-IOS/Gym_API/Gym_API/Views/MainTabView.swift /Users/alexmontesino/Documents/GYM-API-IOS/Gym_API/Gym_API/Views/ModernProfileView.swift /Users/alexmontesino/Documents/GYM-API-IOS/Gym_API/Gym_API/Views/Onboarding/SplashView.swift /Users/alexmontesino/Documents/GYM-API-IOS/Gym_API/Gym_API/Views/Onboarding/UserTypeSelectionView.swift /Users/alexmontesino/Documents/GYM-API-IOS/Gym_API/Gym_API/Utils/RolePermissions.swift /Users/alexmontesino/Documents/GYM-API-IOS/Gym_API/Gym_API/Services/ProfileImageService.swift /Users/alexmontesino/Documents/GYM-API-IOS/Gym_API/Gym_API/Services/ScheduledActivityService.swift /Users/alexmontesino/Documents/GYM-API-IOS/Gym_API/Gym_API/Services/ServiceContainer.swift /Users/alexmontesino/Documents/GYM-API-IOS/Gym_API/Gym_API/Services/CacheManager.swift /Users/alexmontesino/Documents/GYM-API-IOS/Gym_API/Gym_API/Views/Components/Home/StreakIndicator.swift /Users/alexmontesino/Documents/GYM-API-IOS/Gym_API/Gym_API/Views/Components/ProfileAvatar.swift /Users/alexmontesino/Documents/GYM-API-IOS/Gym_API/Gym_API/Services/ClassService.swift /Users/alexmontesino/Documents/GYM-API-IOS/Gym_API/Gym_API/Views/Components/Home/NextClassCard.swift /Users/alexmontesino/Documents/GYM-API-IOS/Gym_API/Gym_API/Config/Environment.swift /Users/alexmontesino/Documents/GYM-API-IOS/Gym_API/Gym_API/Models/GymInfo.swift /Users/alexmontesino/Documents/GYM-API-IOS/Gym_API/Gym_API/Services/PreloadService.swift /Users/alexmontesino/Documents/GYM-API-IOS/Gym_API/Gym_API/Utils/DesignSystem.swift (in target 'Gym_API' from project 'Gym_API')

SwiftCompile normal arm64 /Users/alexmontesino/Documents/GYM-API-IOS/Gym_API/Gym_API/Services/AuthServiceDirect.swift (in target 'Gym_API' from project 'Gym_API')
    cd /Users/alexmontesino/Documents/GYM-API-IOS/Gym_API
    

SwiftCompile normal arm64 /Users/alexmontesino/Documents/GYM-API-IOS/Gym_API/Gym_API/Views/MainTabView.swift (in target 'Gym_API' from project 'Gym_API')
    cd /Users/alexmontesino/Documents/GYM-API-IOS/Gym_API
    

SwiftCompile normal arm64 /Users/alexmontesino/Documents/GYM-API-IOS/Gym_API/Gym_API/Views/ModernProfileView.swift (in target 'Gym_API' from project 'Gym_API')
    cd /Users/alexmontesino/Documents/GYM-API-IOS/Gym_API
    

SwiftCompile normal arm64 /Users/alexmontesino/Documents/GYM-API-IOS/Gym_API/Gym_API/Views/Onboarding/SplashView.swift (in target 'Gym_API' from project 'Gym_API')
    cd /Users/alexmontesino/Documents/GYM-API-IOS/Gym_API
    

SwiftCompile normal arm64 /Users/alexmontesino/Documents/GYM-API-IOS/Gym_API/Gym_API/Views/Onboarding/UserTypeSelectionView.swift (in target 'Gym_API' from project 'Gym_API')
    cd /Users/alexmontesino/Documents/GYM-API-IOS/Gym_API
    

SwiftCompile normal arm64 /Users/alexmontesino/Documents/GYM-API-IOS/Gym_API/Gym_API/Utils/RolePermissions.swift (in target 'Gym_API' from project 'Gym_API')
    cd /Users/alexmontesino/Documents/GYM-API-IOS/Gym_API
    

SwiftCompile normal arm64 /Users/alexmontesino/Documents/GYM-API-IOS/Gym_API/Gym_API/Services/ProfileImageService.swift (in target 'Gym_API' from project 'Gym_API')
    cd /Users/alexmontesino/Documents/GYM-API-IOS/Gym_API
    

SwiftCompile normal arm64 /Users/alexmontesino/Documents/GYM-API-IOS/Gym_API/Gym_API/Services/ScheduledActivityService.swift (in target 'Gym_API' from project 'Gym_API')
    cd /Users/alexmontesino/Documents/GYM-API-IOS/Gym_API
    

SwiftCompile normal arm64 /Users/alexmontesino/Documents/GYM-API-IOS/Gym_API/Gym_API/Services/ServiceContainer.swift (in target 'Gym_API' from project 'Gym_API')
    cd /Users/alexmontesino/Documents/GYM-API-IOS/Gym_API
    

SwiftCompile normal arm64 /Users/alexmontesino/Documents/GYM-API-IOS/Gym_API/Gym_API/Services/CacheManager.swift (in target 'Gym_API' from project 'Gym_API')
    cd /Users/alexmontesino/Documents/GYM-API-IOS/Gym_API
    

SwiftCompile normal arm64 /Users/alexmontesino/Documents/GYM-API-IOS/Gym_API/Gym_API/Views/Components/Home/StreakIndicator.swift (in target 'Gym_API' from project 'Gym_API')
    cd /Users/alexmontesino/Documents/GYM-API-IOS/Gym_API
    

SwiftCompile normal arm64 /Users/alexmontesino/Documents/GYM-API-IOS/Gym_API/Gym_API/Views/Components/ProfileAvatar.swift (in target 'Gym_API' from project 'Gym_API')
    cd /Users/alexmontesino/Documents/GYM-API-IOS/Gym_API
    

SwiftCompile normal arm64 /Users/alexmontesino/Documents/GYM-API-IOS/Gym_API/Gym_API/Services/ClassService.swift (in target 'Gym_API' from project 'Gym_API')
    cd /Users/alexmontesino/Documents/GYM-API-IOS/Gym_API
    

SwiftCompile normal arm64 /Users/alexmontesino/Documents/GYM-API-IOS/Gym_API/Gym_API/Views/Components/Home/NextClassCard.swift (in target 'Gym_API' from project 'Gym_API')
    cd /Users/alexmontesino/Documents/GYM-API-IOS/Gym_API
    

SwiftCompile normal arm64 /Users/alexmontesino/Documents/GYM-API-IOS/Gym_API/Gym_API/Config/Environment.swift (in target 'Gym_API' from project 'Gym_API')
    cd /Users/alexmontesino/Documents/GYM-API-IOS/Gym_API
    

SwiftCompile normal arm64 /Users/alexmontesino/Documents/GYM-API-IOS/Gym_API/Gym_API/Models/GymInfo.swift (in target 'Gym_API' from project 'Gym_API')
    cd /Users/alexmontesino/Documents/GYM-API-IOS/Gym_API
    

SwiftCompile normal arm64 /Users/alexmontesino/Documents/GYM-API-IOS/Gym_API/Gym_API/Services/PreloadService.swift (in target 'Gym_API' from project 'Gym_API')
    cd /Users/alexmontesino/Documents/GYM-API-IOS/Gym_API
    

SwiftCompile normal arm64 /Users/alexmontesino/Documents/GYM-API-IOS/Gym_API/Gym_API/Utils/DesignSystem.swift (in target 'Gym_API' from project 'Gym_API')
    cd /Users/alexmontesino/Documents/GYM-API-IOS/Gym_API
    

SwiftDriverJobDiscovery normal arm64 Compiling Auth0WebAuth.swift, AuthTransaction.swift, Authentication.swift, AuthenticationError.swift, AuthenticationHandlers.swift, Barrier.swift, BioAuthentication.swift, ChallengeGenerator.swift (in target 'Auth0' from project 'Auth0')

SwiftCompile normal arm64 Compiling\ FloatingActionButton.swift,\ ModernProfileComponents.swift,\ AuthStateIndicator.swift,\ AsyncProfileImage.swift,\ MainOnboardingView.swift,\ UnifiedChatView.swift,\ Gym.swift,\ MessageCacheModels.swift,\ Auth0Config.swift,\ NotificationManager.swift,\ OnboardingManager.swift,\ OneSignalService.swift,\ EventListSkeleton.swift,\ ExportOptionsView.swift,\ Logging.swift,\ ClassesView.swift,\ EventsView.swift,\ MembershipStatusWidget.swift /Users/alexmontesino/Documents/GYM-API-IOS/Gym_API/Gym_API/Components/FloatingActionButton.swift /Users/alexmontesino/Documents/GYM-API-IOS/Gym_API/Gym_API/Views/Components/Profile/ModernProfileComponents.swift /Users/alexmontesino/Documents/GYM-API-IOS/Gym_API/Gym_API/Views/Components/Authentication/AuthStateIndicator.swift /Users/alexmontesino/Documents/GYM-API-IOS/Gym_API/Gym_API/Views/Components/AsyncProfileImage.swift /Users/alexmontesino/Documents/GYM-API-IOS/Gym_API/Gym_API/Views/Onboarding/MainOnboardingView.swift /Users/alexmontesino/Documents/GYM-API-IOS/Gym_API/Gym_API/Views/Chat/UnifiedChatView.swift /Users/alexmontesino/Documents/GYM-API-IOS/Gym_API/Gym_API/Models/Gym.swift /Users/alexmontesino/Documents/GYM-API-IOS/Gym_API/Gym_API/Models/MessageCacheModels.swift /Users/alexmontesino/Documents/GYM-API-IOS/Gym_API/Gym_API/Config/Auth0Config.swift /Users/alexmontesino/Documents/GYM-API-IOS/Gym_API/Gym_API/Services/NotificationManager.swift /Users/alexmontesino/Documents/GYM-API-IOS/Gym_API/Gym_API/Services/OnboardingManager.swift /Users/alexmontesino/Documents/GYM-API-IOS/Gym_API/Gym_API/Services/OneSignalService.swift /Users/alexmontesino/Documents/GYM-API-IOS/Gym_API/Gym_API/Views/Components/Events/EventListSkeleton.swift /Users/alexmontesino/Documents/GYM-API-IOS/Gym_API/Gym_API/Views/Survey/Admin/ExportOptionsView.swift /Users/alexmontesino/Documents/GYM-API-IOS/Gym_API/Gym_API/Utils/Logging.swift /Users/alexmontesino/Documents/GYM-API-IOS/Gym_API/Gym_API/Views/Tabs/ClassesView.swift /Users/alexmontesino/Documents/GYM-API-IOS/Gym_API/Gym_API/Views/Tabs/EventsView.swift /Users/alexmontesino/Documents/GYM-API-IOS/Gym_API/Gym_API/Views/Components/MembershipStatusWidget.swift (in target 'Gym_API' from project 'Gym_API')

SwiftCompile normal arm64 /Users/alexmontesino/Documents/GYM-API-IOS/Gym_API/Gym_API/Components/FloatingActionButton.swift (in target 'Gym_API' from project 'Gym_API')
    cd /Users/alexmontesino/Documents/GYM-API-IOS/Gym_API
    

SwiftCompile normal arm64 /Users/alexmontesino/Documents/GYM-API-IOS/Gym_API/Gym_API/Views/Components/Profile/ModernProfileComponents.swift (in target 'Gym_API' from project 'Gym_API')
    cd /Users/alexmontesino/Documents/GYM-API-IOS/Gym_API
    

SwiftCompile normal arm64 /Users/alexmontesino/Documents/GYM-API-IOS/Gym_API/Gym_API/Views/Components/Authentication/AuthStateIndicator.swift (in target 'Gym_API' from project 'Gym_API')
    cd /Users/alexmontesino/Documents/GYM-API-IOS/Gym_API
    

SwiftCompile normal arm64 /Users/alexmontesino/Documents/GYM-API-IOS/Gym_API/Gym_API/Views/Components/AsyncProfileImage.swift (in target 'Gym_API' from project 'Gym_API')
    cd /Users/alexmontesino/Documents/GYM-API-IOS/Gym_API
    

SwiftCompile normal arm64 /Users/alexmontesino/Documents/GYM-API-IOS/Gym_API/Gym_API/Views/Onboarding/MainOnboardingView.swift (in target 'Gym_API' from project 'Gym_API')
    cd /Users/alexmontesino/Documents/GYM-API-IOS/Gym_API
    

SwiftCompile normal arm64 /Users/alexmontesino/Documents/GYM-API-IOS/Gym_API/Gym_API/Views/Chat/UnifiedChatView.swift (in target 'Gym_API' from project 'Gym_API')
    cd /Users/alexmontesino/Documents/GYM-API-IOS/Gym_API
    

SwiftCompile normal arm64 /Users/alexmontesino/Documents/GYM-API-IOS/Gym_API/Gym_API/Models/Gym.swift (in target 'Gym_API' from project 'Gym_API')
    cd /Users/alexmontesino/Documents/GYM-API-IOS/Gym_API
    

SwiftCompile normal arm64 /Users/alexmontesino/Documents/GYM-API-IOS/Gym_API/Gym_API/Models/MessageCacheModels.swift (in target 'Gym_API' from project 'Gym_API')
    cd /Users/alexmontesino/Documents/GYM-API-IOS/Gym_API
    

SwiftCompile normal arm64 /Users/alexmontesino/Documents/GYM-API-IOS/Gym_API/Gym_API/Config/Auth0Config.swift (in target 'Gym_API' from project 'Gym_API')
    cd /Users/alexmontesino/Documents/GYM-API-IOS/Gym_API
    

SwiftCompile normal arm64 /Users/alexmontesino/Documents/GYM-API-IOS/Gym_API/Gym_API/Services/NotificationManager.swift (in target 'Gym_API' from project 'Gym_API')
    cd /Users/alexmontesino/Documents/GYM-API-IOS/Gym_API
    

SwiftCompile normal arm64 /Users/alexmontesino/Documents/GYM-API-IOS/Gym_API/Gym_API/Services/OnboardingManager.swift (in target 'Gym_API' from project 'Gym_API')
    cd /Users/alexmontesino/Documents/GYM-API-IOS/Gym_API
    

SwiftCompile normal arm64 /Users/alexmontesino/Documents/GYM-API-IOS/Gym_API/Gym_API/Services/OneSignalService.swift (in target 'Gym_API' from project 'Gym_API')
    cd /Users/alexmontesino/Documents/GYM-API-IOS/Gym_API
    

SwiftCompile normal arm64 /Users/alexmontesino/Documents/GYM-API-IOS/Gym_API/Gym_API/Views/Components/Events/EventListSkeleton.swift (in target 'Gym_API' from project 'Gym_API')
    cd /Users/alexmontesino/Documents/GYM-API-IOS/Gym_API
    

SwiftCompile normal arm64 /Users/alexmontesino/Documents/GYM-API-IOS/Gym_API/Gym_API/Views/Survey/Admin/ExportOptionsView.swift (in target 'Gym_API' from project 'Gym_API')
    cd /Users/alexmontesino/Documents/GYM-API-IOS/Gym_API
    

SwiftCompile normal arm64 /Users/alexmontesino/Documents/GYM-API-IOS/Gym_API/Gym_API/Utils/Logging.swift (in target 'Gym_API' from project 'Gym_API')
    cd /Users/alexmontesino/Documents/GYM-API-IOS/Gym_API
    

SwiftCompile normal arm64 /Users/alexmontesino/Documents/GYM-API-IOS/Gym_API/Gym_API/Views/Tabs/ClassesView.swift (in target 'Gym_API' from project 'Gym_API')
    cd /Users/alexmontesino/Documents/GYM-API-IOS/Gym_API
    

SwiftCompile normal arm64 /Users/alexmontesino/Documents/GYM-API-IOS/Gym_API/Gym_API/Views/Tabs/EventsView.swift (in target 'Gym_API' from project 'Gym_API')
    cd /Users/alexmontesino/Documents/GYM-API-IOS/Gym_API
    

SwiftCompile normal arm64 /Users/alexmontesino/Documents/GYM-API-IOS/Gym_API/Gym_API/Views/Components/MembershipStatusWidget.swift (in target 'Gym_API' from project 'Gym_API')
    cd /Users/alexmontesino/Documents/GYM-API-IOS/Gym_API
    

SwiftCompile normal arm64 Compiling\ ClassComponents.swift,\ MessageCacheManager.swift,\ Survey.swift,\ UserStats.swift,\ SurveyUIComponents.swift,\ TrainersView.swift,\ RecentActivitySection.swift,\ RecentActivityCard.swift,\ BenefitsCarouselView.swift,\ ChatService.swift,\ AuthenticatedView.swift,\ Gym_APIApp.swift,\ UserStatsService.swift,\ GymSelectionView.swift,\ E2EInfoView.swift,\ AnimationThrottle.swift,\ AppNotifications.swift,\ EventFilterSheet.swift /Users/alexmontesino/Documents/GYM-API-IOS/Gym_API/Gym_API/Views/Components/Classes/ClassComponents.swift /Users/alexmontesino/Documents/GYM-API-IOS/Gym_API/Gym_API/Services/MessageCacheManager.swift /Users/alexmontesino/Documents/GYM-API-IOS/Gym_API/Gym_API/Models/Survey.swift /Users/alexmontesino/Documents/GYM-API-IOS/Gym_API/Gym_API/Models/UserStats.swift /Users/alexmontesino/Documents/GYM-API-IOS/Gym_API/Gym_API/Views/Components/Survey/SurveyUIComponents.swift /Users/alexmontesino/Documents/GYM-API-IOS/Gym_API/Gym_API/Views/TrainersView.swift /Users/alexmontesino/Documents/GYM-API-IOS/Gym_API/Gym_API/Views/Components/Home/RecentActivitySection.swift /Users/alexmontesino/Documents/GYM-API-IOS/Gym_API/Gym_API/Views/Components/Home/RecentActivityCard.swift /Users/alexmontesino/Documents/GYM-API-IOS/Gym_API/Gym_API/Views/Onboarding/BenefitsCarouselView.swift /Users/alexmontesino/Documents/GYM-API-IOS/Gym_API/Gym_API/Services/ChatService.swift /Users/alexmontesino/Documents/GYM-API-IOS/Gym_API/Gym_API/Views/AuthenticatedView.swift /Users/alexmontesino/Documents/GYM-API-IOS/Gym_API/Gym_API/Gym_APIApp.swift /Users/alexmontesino/Documents/GYM-API-IOS/Gym_API/Gym_API/Services/UserStatsService.swift /Users/alexmontesino/Documents/GYM-API-IOS/Gym_API/Gym_API/Views/GymSelectionView.swift /Users/alexmontesino/Documents/GYM-API-IOS/Gym_API/Gym_API/Views/Chat/E2EInfoView.swift /Users/alexmontesino/Documents/GYM-API-IOS/Gym_API/Gym_API/Utils/AnimationThrottle.swift /Users/alexmontesino/Documents/GYM-API-IOS/Gym_API/Gym_API/Utils/AppNotifications.swift /Users/alexmontesino/Documents/GYM-API-IOS/Gym_API/Gym_API/Views/Components/Events/EventFilterSheet.swift (in target 'Gym_API' from project 'Gym_API')

SwiftCompile normal arm64 /Users/alexmontesino/Documents/GYM-API-IOS/Gym_API/Gym_API/Views/Components/Classes/ClassComponents.swift (in target 'Gym_API' from project 'Gym_API')
    cd /Users/alexmontesino/Documents/GYM-API-IOS/Gym_API
    

SwiftCompile normal arm64 /Users/alexmontesino/Documents/GYM-API-IOS/Gym_API/Gym_API/Services/MessageCacheManager.swift (in target 'Gym_API' from project 'Gym_API')
    cd /Users/alexmontesino/Documents/GYM-API-IOS/Gym_API
    

SwiftCompile normal arm64 /Users/alexmontesino/Documents/GYM-API-IOS/Gym_API/Gym_API/Models/Survey.swift (in target 'Gym_API' from project 'Gym_API')
    cd /Users/alexmontesino/Documents/GYM-API-IOS/Gym_API
    

SwiftCompile normal arm64 /Users/alexmontesino/Documents/GYM-API-IOS/Gym_API/Gym_API/Models/UserStats.swift (in target 'Gym_API' from project 'Gym_API')
    cd /Users/alexmontesino/Documents/GYM-API-IOS/Gym_API
    

SwiftCompile normal arm64 /Users/alexmontesino/Documents/GYM-API-IOS/Gym_API/Gym_API/Views/Components/Survey/SurveyUIComponents.swift (in target 'Gym_API' from project 'Gym_API')
    cd /Users/alexmontesino/Documents/GYM-API-IOS/Gym_API
    

SwiftCompile normal arm64 /Users/alexmontesino/Documents/GYM-API-IOS/Gym_API/Gym_API/Views/TrainersView.swift (in target 'Gym_API' from project 'Gym_API')
    cd /Users/alexmontesino/Documents/GYM-API-IOS/Gym_API
    

SwiftCompile normal arm64 /Users/alexmontesino/Documents/GYM-API-IOS/Gym_API/Gym_API/Views/Components/Home/RecentActivitySection.swift (in target 'Gym_API' from project 'Gym_API')
    cd /Users/alexmontesino/Documents/GYM-API-IOS/Gym_API
    

SwiftCompile normal arm64 /Users/alexmontesino/Documents/GYM-API-IOS/Gym_API/Gym_API/Views/Components/Home/RecentActivityCard.swift (in target 'Gym_API' from project 'Gym_API')
    cd /Users/alexmontesino/Documents/GYM-API-IOS/Gym_API
    

SwiftCompile normal arm64 /Users/alexmontesino/Documents/GYM-API-IOS/Gym_API/Gym_API/Views/Onboarding/BenefitsCarouselView.swift (in target 'Gym_API' from project 'Gym_API')
    cd /Users/alexmontesino/Documents/GYM-API-IOS/Gym_API
    

SwiftCompile normal arm64 /Users/alexmontesino/Documents/GYM-API-IOS/Gym_API/Gym_API/Services/ChatService.swift (in target 'Gym_API' from project 'Gym_API')
    cd /Users/alexmontesino/Documents/GYM-API-IOS/Gym_API
    

SwiftCompile normal arm64 /Users/alexmontesino/Documents/GYM-API-IOS/Gym_API/Gym_API/Views/AuthenticatedView.swift (in target 'Gym_API' from project 'Gym_API')
    cd /Users/alexmontesino/Documents/GYM-API-IOS/Gym_API
    

SwiftCompile normal arm64 /Users/alexmontesino/Documents/GYM-API-IOS/Gym_API/Gym_API/Gym_APIApp.swift (in target 'Gym_API' from project 'Gym_API')
    cd /Users/alexmontesino/Documents/GYM-API-IOS/Gym_API
    

SwiftCompile normal arm64 /Users/alexmontesino/Documents/GYM-API-IOS/Gym_API/Gym_API/Services/UserStatsService.swift (in target 'Gym_API' from project 'Gym_API')
    cd /Users/alexmontesino/Documents/GYM-API-IOS/Gym_API
    

SwiftCompile normal arm64 /Users/alexmontesino/Documents/GYM-API-IOS/Gym_API/Gym_API/Views/GymSelectionView.swift (in target 'Gym_API' from project 'Gym_API')
    cd /Users/alexmontesino/Documents/GYM-API-IOS/Gym_API
    

SwiftCompile normal arm64 /Users/alexmontesino/Documents/GYM-API-IOS/Gym_API/Gym_API/Views/Chat/E2EInfoView.swift (in target 'Gym_API' from project 'Gym_API')
    cd /Users/alexmontesino/Documents/GYM-API-IOS/Gym_API
    

SwiftCompile normal arm64 /Users/alexmontesino/Documents/GYM-API-IOS/Gym_API/Gym_API/Utils/AnimationThrottle.swift (in target 'Gym_API' from project 'Gym_API')
    cd /Users/alexmontesino/Documents/GYM-API-IOS/Gym_API
    

SwiftCompile normal arm64 /Users/alexmontesino/Documents/GYM-API-IOS/Gym_API/Gym_API/Utils/AppNotifications.swift (in target 'Gym_API' from project 'Gym_API')
    cd /Users/alexmontesino/Documents/GYM-API-IOS/Gym_API
    

SwiftCompile normal arm64 /Users/alexmontesino/Documents/GYM-API-IOS/Gym_API/Gym_API/Views/Components/Events/EventFilterSheet.swift (in target 'Gym_API' from project 'Gym_API')
    cd /Users/alexmontesino/Documents/GYM-API-IOS/Gym_API
    

SwiftDriverJobDiscovery normal arm64 Compiling CellActionView.swift, ChatChannelListCollectionViewCell.swift, ChatChannelListCollectionViewDelegate.swift, ChatChannelListEmptyView.swift, ChatChannelListErrorView.swift, ChatChannelListItemView+SwiftUI.swift, ChatChannelListItemView.swift, ChatChannelListLoadingView.swift, ChatChannelListLoadingViewCell.swift, ChatChannelListLoadingViewCellContentView.swift, ChatChannelListVC+SwiftUI.swift, ChatChannelListVC.swift, ChatChannelUnreadCountView+SwiftUI.swift, ChatChannelUnreadCountView.swift, ChannelListSearchStrategy.swift, ChatChannelListSearchVC.swift, ChatChannelSearchVC.swift, ChatMessageSearchVC.swift, SwipeableView.swift, AttachmentViewCatalog.swift, AttachmentViewInjector.swift, ChatMessageAttachmentPreviewVC.swift, ChatFileAttachmentListView+ItemView.swift, ChatMessageFileAttachmentListView.swift (in target 'StreamChatUI' from project 'StreamChat')

SwiftCompile normal arm64 Compiling\ SurveyStatisticsView.swift,\ DateDecoding.swift,\ CachedMessageEntity.swift,\ CoreDataManager.swift,\ UnifiedMessagesView.swift,\ RoleRestrictedView.swift,\ UserDataCacheService.swift,\ ComebackHeroSection.swift,\ GymService.swift,\ ComebackCompactCard.swift,\ StreamConnectionTestView.swift,\ GetStreamChatProvider.swift,\ SectionHeaderView.swift,\ ColorCustomizationManager.swift,\ KeychainService.swift,\ ComebackCTASection.swift,\ ProfileColorPicker.swift,\ ClassCardView.swift /Users/alexmontesino/Documents/GYM-API-IOS/Gym_API/Gym_API/Views/Survey/Admin/SurveyStatisticsView.swift /Users/alexmontesino/Documents/GYM-API-IOS/Gym_API/Gym_API/Utils/DateDecoding.swift /Users/alexmontesino/Documents/GYM-API-IOS/Gym_API/Gym_API/CoreData/CachedMessageEntity.swift /Users/alexmontesino/Documents/GYM-API-IOS/Gym_API/Gym_API/CoreData/CoreDataManager.swift /Users/alexmontesino/Documents/GYM-API-IOS/Gym_API/Gym_API/Views/Tabs/UnifiedMessagesView.swift /Users/alexmontesino/Documents/GYM-API-IOS/Gym_API/Gym_API/Components/RoleRestrictedView.swift /Users/alexmontesino/Documents/GYM-API-IOS/Gym_API/Gym_API/Services/UserDataCacheService.swift /Users/alexmontesino/Documents/GYM-API-IOS/Gym_API/Gym_API/Views/Components/Comeback/ComebackHeroSection.swift /Users/alexmontesino/Documents/GYM-API-IOS/Gym_API/Gym_API/Services/GymService.swift /Users/alexmontesino/Documents/GYM-API-IOS/Gym_API/Gym_API/Views/Components/Comeback/ComebackCompactCard.swift /Users/alexmontesino/Documents/GYM-API-IOS/Gym_API/Gym_API/Views/Chat/StreamConnectionTestView.swift /Users/alexmontesino/Documents/GYM-API-IOS/Gym_API/Gym_API/Services/ChatProvider/GetStreamChatProvider.swift /Users/alexmontesino/Documents/GYM-API-IOS/Gym_API/Gym_API/Views/Components/SectionHeaderView.swift /Users/alexmontesino/Documents/GYM-API-IOS/Gym_API/Gym_API/Services/ColorCustomizationManager.swift /Users/alexmontesino/Documents/GYM-API-IOS/Gym_API/Gym_API/Services/KeychainService.swift /Users/alexmontesino/Documents/GYM-API-IOS/Gym_API/Gym_API/Views/Components/Comeback/ComebackCTASection.swift /Users/alexmontesino/Documents/GYM-API-IOS/Gym_API/Gym_API/Views/Components/Profile/ProfileColorPicker.swift /Users/alexmontesino/Documents/GYM-API-IOS/Gym_API/Gym_API/Views/Components/Home/ClassCardView.swift (in target 'Gym_API' from project 'Gym_API')

SwiftCompile normal arm64 /Users/alexmontesino/Documents/GYM-API-IOS/Gym_API/Gym_API/Views/Survey/Admin/SurveyStatisticsView.swift (in target 'Gym_API' from project 'Gym_API')
    cd /Users/alexmontesino/Documents/GYM-API-IOS/Gym_API
    

SwiftCompile normal arm64 /Users/alexmontesino/Documents/GYM-API-IOS/Gym_API/Gym_API/Utils/DateDecoding.swift (in target 'Gym_API' from project 'Gym_API')
    cd /Users/alexmontesino/Documents/GYM-API-IOS/Gym_API
    

SwiftCompile normal arm64 /Users/alexmontesino/Documents/GYM-API-IOS/Gym_API/Gym_API/CoreData/CachedMessageEntity.swift (in target 'Gym_API' from project 'Gym_API')
    cd /Users/alexmontesino/Documents/GYM-API-IOS/Gym_API
    

SwiftCompile normal arm64 /Users/alexmontesino/Documents/GYM-API-IOS/Gym_API/Gym_API/CoreData/CoreDataManager.swift (in target 'Gym_API' from project 'Gym_API')
    cd /Users/alexmontesino/Documents/GYM-API-IOS/Gym_API
    

SwiftCompile normal arm64 /Users/alexmontesino/Documents/GYM-API-IOS/Gym_API/Gym_API/Views/Tabs/UnifiedMessagesView.swift (in target 'Gym_API' from project 'Gym_API')
    cd /Users/alexmontesino/Documents/GYM-API-IOS/Gym_API
    

SwiftCompile normal arm64 /Users/alexmontesino/Documents/GYM-API-IOS/Gym_API/Gym_API/Components/RoleRestrictedView.swift (in target 'Gym_API' from project 'Gym_API')
    cd /Users/alexmontesino/Documents/GYM-API-IOS/Gym_API
    

SwiftCompile normal arm64 /Users/alexmontesino/Documents/GYM-API-IOS/Gym_API/Gym_API/Services/UserDataCacheService.swift (in target 'Gym_API' from project 'Gym_API')
    cd /Users/alexmontesino/Documents/GYM-API-IOS/Gym_API
    

SwiftCompile normal arm64 /Users/alexmontesino/Documents/GYM-API-IOS/Gym_API/Gym_API/Views/Components/Comeback/ComebackHeroSection.swift (in target 'Gym_API' from project 'Gym_API')
    cd /Users/alexmontesino/Documents/GYM-API-IOS/Gym_API
    

SwiftCompile normal arm64 /Users/alexmontesino/Documents/GYM-API-IOS/Gym_API/Gym_API/Services/GymService.swift (in target 'Gym_API' from project 'Gym_API')
    cd /Users/alexmontesino/Documents/GYM-API-IOS/Gym_API
    

SwiftCompile normal arm64 /Users/alexmontesino/Documents/GYM-API-IOS/Gym_API/Gym_API/Views/Components/Comeback/ComebackCompactCard.swift (in target 'Gym_API' from project 'Gym_API')
    cd /Users/alexmontesino/Documents/GYM-API-IOS/Gym_API
    

SwiftCompile normal arm64 /Users/alexmontesino/Documents/GYM-API-IOS/Gym_API/Gym_API/Views/Chat/StreamConnectionTestView.swift (in target 'Gym_API' from project 'Gym_API')
    cd /Users/alexmontesino/Documents/GYM-API-IOS/Gym_API
    

SwiftCompile normal arm64 /Users/alexmontesino/Documents/GYM-API-IOS/Gym_API/Gym_API/Services/ChatProvider/GetStreamChatProvider.swift (in target 'Gym_API' from project 'Gym_API')
    cd /Users/alexmontesino/Documents/GYM-API-IOS/Gym_API
    

SwiftCompile normal arm64 /Users/alexmontesino/Documents/GYM-API-IOS/Gym_API/Gym_API/Views/Components/SectionHeaderView.swift (in target 'Gym_API' from project 'Gym_API')
    cd /Users/alexmontesino/Documents/GYM-API-IOS/Gym_API
    

SwiftCompile normal arm64 /Users/alexmontesino/Documents/GYM-API-IOS/Gym_API/Gym_API/Services/ColorCustomizationManager.swift (in target 'Gym_API' from project 'Gym_API')
    cd /Users/alexmontesino/Documents/GYM-API-IOS/Gym_API
    

SwiftCompile normal arm64 /Users/alexmontesino/Documents/GYM-API-IOS/Gym_API/Gym_API/Services/KeychainService.swift (in target 'Gym_API' from project 'Gym_API')
    cd /Users/alexmontesino/Documents/GYM-API-IOS/Gym_API
    

SwiftCompile normal arm64 /Users/alexmontesino/Documents/GYM-API-IOS/Gym_API/Gym_API/Views/Components/Comeback/ComebackCTASection.swift (in target 'Gym_API' from project 'Gym_API')
    cd /Users/alexmontesino/Documents/GYM-API-IOS/Gym_API
    

SwiftCompile normal arm64 /Users/alexmontesino/Documents/GYM-API-IOS/Gym_API/Gym_API/Views/Components/Profile/ProfileColorPicker.swift (in target 'Gym_API' from project 'Gym_API')
    cd /Users/alexmontesino/Documents/GYM-API-IOS/Gym_API
    

SwiftCompile normal arm64 /Users/alexmontesino/Documents/GYM-API-IOS/Gym_API/Gym_API/Views/Components/Home/ClassCardView.swift (in target 'Gym_API' from project 'Gym_API')
    cd /Users/alexmontesino/Documents/GYM-API-IOS/Gym_API
    

SwiftDriverJobDiscovery normal arm64 Compiling ChatSuggestionsHeaderView.swift, ChatSuggestionsVC.swift, TypingSuggester.swift, Deprecations.swift, GalleryCollectionViewCell.swift, ImageAttachmentGalleryCell.swift, VideoAttachmentGalleryCell.swift, GalleryVC.swift, VideoPlaybackControlView.swift, ZoomAnimator.swift, ZoomDismissalInteractionController.swift, ZoomTransitionController.swift, L10n.swift, ChatMessageActionControl.swift, ChatMessageActionItem.swift, ChatMessageActionsVC.swift, ChatMessagePopupVC.swift, MessageActionsTransitionController.swift, AlertsRouter.swift, ChatChannelListRouter.swift, ChatMessageListRouter.swift, ChatThreadListRouter.swift, NavigationRouter.swift, NavigationVC.swift (in target 'StreamChatUI' from project 'StreamChat')

SwiftCompile normal arm64 Compiling\ EventDetailView.swift,\ GymScheduleView.swift,\ ProfileCompletionCelebration.swift,\ Event.swift,\ ErrorStateView.swift,\ OptimizedList.swift,\ ConfettiView.swift,\ GymUserService.swift,\ HTTPClient.swift,\ EditSessionView.swift,\ MediaPickerView.swift,\ EventsViewOptimized.swift,\ HomeView.swift,\ ProfileStatsSkeleton.swift,\ EditEventView.swift,\ EditProfileSheet.swift,\ LocationService.swift,\ GeneratedAssetSymbols.swift /Users/alexmontesino/Documents/GYM-API-IOS/Gym_API/Gym_API/Views/EventDetailView.swift /Users/alexmontesino/Documents/GYM-API-IOS/Gym_API/Gym_API/Views/GymScheduleView.swift /Users/alexmontesino/Documents/GYM-API-IOS/Gym_API/Gym_API/Views/Components/Profile/ProfileCompletionCelebration.swift /Users/alexmontesino/Documents/GYM-API-IOS/Gym_API/Gym_API/Models/Event.swift /Users/alexmontesino/Documents/GYM-API-IOS/Gym_API/Gym_API/Views/Components/ErrorStateView.swift /Users/alexmontesino/Documents/GYM-API-IOS/Gym_API/Gym_API/Views/Components/OptimizedList.swift /Users/alexmontesino/Documents/GYM-API-IOS/Gym_API/Gym_API/Views/Components/ConfettiView.swift /Users/alexmontesino/Documents/GYM-API-IOS/Gym_API/Gym_API/Services/GymUserService.swift /Users/alexmontesino/Documents/GYM-API-IOS/Gym_API/Gym_API/Services/HTTPClient.swift /Users/alexmontesino/Documents/GYM-API-IOS/Gym_API/Gym_API/Views/EditSessionView.swift /Users/alexmontesino/Documents/GYM-API-IOS/Gym_API/Gym_API/Views/Chat/MediaPickerView.swift /Users/alexmontesino/Documents/GYM-API-IOS/Gym_API/Gym_API/Views/Tabs/EventsViewOptimized.swift /Users/alexmontesino/Documents/GYM-API-IOS/Gym_API/Gym_API/Views/Tabs/HomeView.swift /Users/alexmontesino/Documents/GYM-API-IOS/Gym_API/Gym_API/Views/Components/Profile/ProfileStatsSkeleton.swift /Users/alexmontesino/Documents/GYM-API-IOS/Gym_API/Gym_API/Views/EditEventView.swift /Users/alexmontesino/Documents/GYM-API-IOS/Gym_API/Gym_API/Views/EditProfileSheet.swift /Users/alexmontesino/Documents/GYM-API-IOS/Gym_API/Gym_API/Services/LocationService.swift /Users/alexmontesino/Library/Developer/Xcode/DerivedData/Gym_API-gttvbppsiybwtpahvrbhortrptkr/Build/Intermediates.noindex/Gym_API.build/Debug-iphonesimulator/Gym_API.build/DerivedSources/GeneratedAssetSymbols.swift (in target 'Gym_API' from project 'Gym_API')

SwiftCompile normal arm64 /Users/alexmontesino/Documents/GYM-API-IOS/Gym_API/Gym_API/Views/EventDetailView.swift (in target 'Gym_API' from project 'Gym_API')
    cd /Users/alexmontesino/Documents/GYM-API-IOS/Gym_API
    

SwiftCompile normal arm64 /Users/alexmontesino/Documents/GYM-API-IOS/Gym_API/Gym_API/Views/GymScheduleView.swift (in target 'Gym_API' from project 'Gym_API')
    cd /Users/alexmontesino/Documents/GYM-API-IOS/Gym_API
    

SwiftCompile normal arm64 /Users/alexmontesino/Documents/GYM-API-IOS/Gym_API/Gym_API/Views/Components/Profile/ProfileCompletionCelebration.swift (in target 'Gym_API' from project 'Gym_API')
    cd /Users/alexmontesino/Documents/GYM-API-IOS/Gym_API
    

SwiftCompile normal arm64 /Users/alexmontesino/Documents/GYM-API-IOS/Gym_API/Gym_API/Models/Event.swift (in target 'Gym_API' from project 'Gym_API')
    cd /Users/alexmontesino/Documents/GYM-API-IOS/Gym_API
    

SwiftCompile normal arm64 /Users/alexmontesino/Documents/GYM-API-IOS/Gym_API/Gym_API/Views/Components/ErrorStateView.swift (in target 'Gym_API' from project 'Gym_API')
    cd /Users/alexmontesino/Documents/GYM-API-IOS/Gym_API
    

SwiftCompile normal arm64 /Users/alexmontesino/Documents/GYM-API-IOS/Gym_API/Gym_API/Views/Components/OptimizedList.swift (in target 'Gym_API' from project 'Gym_API')
    cd /Users/alexmontesino/Documents/GYM-API-IOS/Gym_API
    

SwiftCompile normal arm64 /Users/alexmontesino/Documents/GYM-API-IOS/Gym_API/Gym_API/Views/Components/ConfettiView.swift (in target 'Gym_API' from project 'Gym_API')
    cd /Users/alexmontesino/Documents/GYM-API-IOS/Gym_API
    

SwiftCompile normal arm64 /Users/alexmontesino/Documents/GYM-API-IOS/Gym_API/Gym_API/Services/GymUserService.swift (in target 'Gym_API' from project 'Gym_API')
    cd /Users/alexmontesino/Documents/GYM-API-IOS/Gym_API
    

SwiftCompile normal arm64 /Users/alexmontesino/Documents/GYM-API-IOS/Gym_API/Gym_API/Services/HTTPClient.swift (in target 'Gym_API' from project 'Gym_API')
    cd /Users/alexmontesino/Documents/GYM-API-IOS/Gym_API
    

SwiftCompile normal arm64 /Users/alexmontesino/Documents/GYM-API-IOS/Gym_API/Gym_API/Views/EditSessionView.swift (in target 'Gym_API' from project 'Gym_API')
    cd /Users/alexmontesino/Documents/GYM-API-IOS/Gym_API
    

SwiftCompile normal arm64 /Users/alexmontesino/Documents/GYM-API-IOS/Gym_API/Gym_API/Views/Chat/MediaPickerView.swift (in target 'Gym_API' from project 'Gym_API')
    cd /Users/alexmontesino/Documents/GYM-API-IOS/Gym_API
    

SwiftCompile normal arm64 /Users/alexmontesino/Documents/GYM-API-IOS/Gym_API/Gym_API/Views/Tabs/EventsViewOptimized.swift (in target 'Gym_API' from project 'Gym_API')
    cd /Users/alexmontesino/Documents/GYM-API-IOS/Gym_API
    

SwiftCompile normal arm64 /Users/alexmontesino/Documents/GYM-API-IOS/Gym_API/Gym_API/Views/Tabs/HomeView.swift (in target 'Gym_API' from project 'Gym_API')
    cd /Users/alexmontesino/Documents/GYM-API-IOS/Gym_API
    

SwiftCompile normal arm64 /Users/alexmontesino/Documents/GYM-API-IOS/Gym_API/Gym_API/Views/Components/Profile/ProfileStatsSkeleton.swift (in target 'Gym_API' from project 'Gym_API')
    cd /Users/alexmontesino/Documents/GYM-API-IOS/Gym_API
    

SwiftCompile normal arm64 /Users/alexmontesino/Documents/GYM-API-IOS/Gym_API/Gym_API/Views/EditEventView.swift (in target 'Gym_API' from project 'Gym_API')
    cd /Users/alexmontesino/Documents/GYM-API-IOS/Gym_API
    

SwiftCompile normal arm64 /Users/alexmontesino/Documents/GYM-API-IOS/Gym_API/Gym_API/Views/EditProfileSheet.swift (in target 'Gym_API' from project 'Gym_API')
    cd /Users/alexmontesino/Documents/GYM-API-IOS/Gym_API
    

SwiftCompile normal arm64 /Users/alexmontesino/Documents/GYM-API-IOS/Gym_API/Gym_API/Services/LocationService.swift (in target 'Gym_API' from project 'Gym_API')
    cd /Users/alexmontesino/Documents/GYM-API-IOS/Gym_API
    

SwiftCompile normal arm64 /Users/alexmontesino/Library/Developer/Xcode/DerivedData/Gym_API-gttvbppsiybwtpahvrbhortrptkr/Build/Intermediates.noindex/Gym_API.build/Debug-iphonesimulator/Gym_API.build/DerivedSources/GeneratedAssetSymbols.swift (in target 'Gym_API' from project 'Gym_API')
    cd /Users/alexmontesino/Documents/GYM-API-IOS/Gym_API
    

SwiftDriver\ Compilation StreamChatUI normal arm64 com.apple.xcode.tools.swift.compiler (in target 'StreamChatUI' from project 'StreamChat')
    cd /Users/alexmontesino/Documents/GYM-API-IOS/Gym_API/Gym_API.xcodeproj
    builtin-Swift-Compilation -- /Applications/Xcode.app/Contents/Developer/Toolchains/XcodeDefault.xctoolchain/usr/bin/swiftc -module-name StreamChatUI -Onone -enforce-exclusivity\=checked @/Users/alexmontesino/Library/Developer/Xcode/DerivedData/Gym_API-gttvbppsiybwtpahvrbhortrptkr/Build/Intermediates.noindex/StreamChat.build/Debug-iphonesimulator/StreamChatUI.build/Objects-normal/arm64/StreamChatUI.SwiftFileList -DSWIFT_PACKAGE -DDEBUG -DXcode -plugin-path /Applications/Xcode.app/Contents/Developer/Toolchains/XcodeDefault.xctoolchain/usr/lib/swift/host/plugins/testing -enable-experimental-feature DebugDescriptionMacro -sdk /Applications/Xcode.app/Contents/Developer/Platforms/iPhoneSimulator.platform/Developer/SDKs/iPhoneSimulator18.5.sdk -target arm64-apple-ios13.0-simulator -g -module-cache-path /Users/alexmontesino/Library/Developer/Xcode/DerivedData/ModuleCache.noindex -Xfrontend -serialize-debugging-options -profile-coverage-mapping -profile-generate -enable-testing -suppress-warnings -index-store-path /Users/alexmontesino/Library/Developer/Xcode/DerivedData/Gym_API-gttvbppsiybwtpahvrbhortrptkr/Index.noindex/DataStore -swift-version 5 -I /Users/alexmontesino/Library/Developer/Xcode/DerivedData/Gym_API-gttvbppsiybwtpahvrbhortrptkr/Build/Products/Debug-iphonesimulator -I /Applications/Xcode.app/Contents/Developer/Platforms/iPhoneSimulator.platform/Developer/usr/lib -F /Users/alexmontesino/Library/Developer/Xcode/DerivedData/Gym_API-gttvbppsiybwtpahvrbhortrptkr/Build/Products/Debug-iphonesimulator/PackageFrameworks -F /Users/alexmontesino/Library/Developer/Xcode/DerivedData/Gym_API-gttvbppsiybwtpahvrbhortrptkr/Build/Products/Debug-iphonesimulator -F /Applications/Xcode.app/Contents/Developer/Platforms/iPhoneSimulator.platform/Developer/Library/Frameworks -F /Applications/Xcode.app/Contents/Developer/Platforms/iPhoneSimulator.platform/Developer/SDKs/iPhoneSimulator18.5.sdk/Developer/Library/Frameworks -emit-localized-strings -emit-localized-strings-path /Users/alexmontesino/Library/Developer/Xcode/DerivedData/Gym_API-gttvbppsiybwtpahvrbhortrptkr/Build/Intermediates.noindex/StreamChat.build/Debug-iphonesimulator/StreamChatUI.build/Objects-normal/arm64 -c -j10 -enable-batch-mode -incremental -Xcc -ivfsstatcache -Xcc /Users/alexmontesino/Library/Developer/Xcode/DerivedData/SDKStatCaches.noindex/iphonesimulator18.5-22F76-d5fc8ad4295d2ef488fb7d0f804ce0c4.sdkstatcache -output-file-map /Users/alexmontesino/Library/Developer/Xcode/DerivedData/Gym_API-gttvbppsiybwtpahvrbhortrptkr/Build/Intermediates.noindex/StreamChat.build/Debug-iphonesimulator/StreamChatUI.build/Objects-normal/arm64/StreamChatUI-OutputFileMap.json -use-frontend-parseable-output -save-temps -no-color-diagnostics -serialize-diagnostics -emit-dependencies -emit-module -emit-module-path /Users/alexmontesino/Library/Developer/Xcode/DerivedData/Gym_API-gttvbppsiybwtpahvrbhortrptkr/Build/Intermediates.noindex/StreamChat.build/Debug-iphonesimulator/StreamChatUI.build/Objects-normal/arm64/StreamChatUI.swiftmodule -validate-clang-modules-once -clang-build-session-file /Users/alexmontesino/Library/Developer/Xcode/DerivedData/ModuleCache.noindex/Session.modulevalidation -Xcc -I/Users/alexmontesino/Library/Developer/Xcode/DerivedData/Gym_API-gttvbppsiybwtpahvrbhortrptkr/Build/Intermediates.noindex/StreamChat.build/Debug-iphonesimulator/StreamChatUI.build/swift-overrides.hmap -emit-const-values -Xfrontend -const-gather-protocols-file -Xfrontend /Users/alexmontesino/Library/Developer/Xcode/DerivedData/Gym_API-gttvbppsiybwtpahvrbhortrptkr/Build/Intermediates.noindex/StreamChat.build/Debug-iphonesimulator/StreamChatUI.build/Objects-normal/arm64/StreamChatUI_const_extract_protocols.json -Xcc -I/Users/alexmontesino/Library/Developer/Xcode/DerivedData/Gym_API-gttvbppsiybwtpahvrbhortrptkr/Build/Products/Debug-iphonesimulator/include -Xcc -I/Users/alexmontesino/Library/Developer/Xcode/DerivedData/Gym_API-gttvbppsiybwtpahvrbhortrptkr/Build/Intermediates.noindex/StreamChat.build/Debug-iphonesimulator/StreamChatUI.build/DerivedSources-normal/arm64 -Xcc -I/Users/alexmontesino/Library/Developer/Xcode/DerivedData/Gym_API-gttvbppsiybwtpahvrbhortrptkr/Build/Intermediates.noindex/StreamChat.build/Debug-iphonesimulator/StreamChatUI.build/DerivedSources/arm64 -Xcc -I/Users/alexmontesino/Library/Developer/Xcode/DerivedData/Gym_API-gttvbppsiybwtpahvrbhortrptkr/Build/Intermediates.noindex/StreamChat.build/Debug-iphonesimulator/StreamChatUI.build/DerivedSources -Xcc -DSWIFT_PACKAGE -Xcc -DDEBUG\=1 -emit-objc-header -emit-objc-header-path /Users/alexmontesino/Library/Developer/Xcode/DerivedData/Gym_API-gttvbppsiybwtpahvrbhortrptkr/Build/Intermediates.noindex/StreamChat.build/Debug-iphonesimulator/StreamChatUI.build/Objects-normal/arm64/StreamChatUI-Swift.h -working-directory /Users/alexmontesino/Documents/GYM-API-IOS/Gym_API/Gym_API.xcodeproj -experimental-emit-module-separately -disable-cmo

** BUILD FAILED **


The following build commands failed:
	SwiftEmitModule normal arm64 Emitting\ module\ for\ Gym_API (in target 'Gym_API' from project 'Gym_API')
	EmitSwiftModule normal arm64 (in target 'Gym_API' from project 'Gym_API')
	Building project Gym_API with scheme Gym_API
(3 failures)
